Compiling 2 files with Solc 0.8.26
Solc 0.8.26 finished in 1.29s
Compiler run successful with warnings:
Warning (5667): Unused function parameter. Remove or comment out the variable name to silence this warning.
   --> src/RevertHook.sol:239:26:
    |
239 |     function _beforeSwap(address caller, PoolKey calldata key, SwapParams calldata params, bytes calldata)
    |                          ^^^^^^^^^^^^^^

Warning (5667): Unused function parameter. Remove or comment out the variable name to silence this warning.
   --> src/RevertHook.sol:344:9:
    |
344 |         int24 baseTick
    |         ^^^^^^^^^^^^^^

Warning (5667): Unused function parameter. Remove or comment out the variable name to silence this warning.
   --> src/RevertHook.sol:427:9:
    |
427 |         PoolKey calldata key,
    |         ^^^^^^^^^^^^^^^^^^^^

Warning (5667): Unused function parameter. Remove or comment out the variable name to silence this warning.
   --> src/RevertHook.sol:428:9:
    |
428 |         ModifyLiquidityParams calldata params,
    |         ^^^^^^^^^^^^^^^^^^^^^^^^^^^^^^^^^^^^^

Warning (5667): Unused function parameter. Remove or comment out the variable name to silence this warning.
   --> src/RevertHook.sol:443:9:
    |
443 |         BalanceDelta delta,
    |         ^^^^^^^^^^^^^^^^^^

Warning (5667): Unused function parameter. Remove or comment out the variable name to silence this warning.
   --> src/RevertHook.sol:629:30:
    |
629 |     function autoLendDeposit(PoolKey memory poolKey, PoolId poolId, uint256 tokenId, bool isUpper) public {
    |                              ^^^^^^^^^^^^^^^^^^^^^^

Warning (5667): Unused function parameter. Remove or comment out the variable name to silence this warning.
   --> src/RevertHook.sol:629:54:
    |
629 |     function autoLendDeposit(PoolKey memory poolKey, PoolId poolId, uint256 tokenId, bool isUpper) public {
    |                                                      ^^^^^^^^^^^^^

Warning (5667): Unused function parameter. Remove or comment out the variable name to silence this warning.
   --> src/RevertHook.sol:673:55:
    |
673 |     function autoLendWithdraw(PoolKey memory poolKey, PoolId poolId, uint256 tokenId, bool isUpper) public {
    |                                                       ^^^^^^^^^^^^^

Warning (5667): Unused function parameter. Remove or comment out the variable name to silence this warning.
   --> src/RevertHook.sol:673:87:
    |
673 |     function autoLendWithdraw(PoolKey memory poolKey, PoolId poolId, uint256 tokenId, bool isUpper) public {
    |                                                                                       ^^^^^^^^^^^^

Warning (2072): Unused local variable.
   --> test/RevertHook.t.sol:125:10:
    |
125 |         (uint256 amount0Expected, uint256 amount1Expected) = LiquidityAmounts.getAmountsForLiquidity(
    |          ^^^^^^^^^^^^^^^^^^^^^^^

Warning (2072): Unused local variable.
   --> test/RevertHook.t.sol:125:35:
    |
125 |         (uint256 amount0Expected, uint256 amount1Expected) = LiquidityAmounts.getAmountsForLiquidity(
    |                                   ^^^^^^^^^^^^^^^^^^^^^^^

Warning (2018): Function state mutability can be restricted to view
   --> src/RevertHook.sol:425:5:
    |
425 |     function _beforeAddLiquidity(
    |     ^ (Relevant source part starts here and spans across multiple lines).


Ran 1 test for test/RevertHook.t.sol:RevertHookTest
[FAIL: Position liquidity should increase after autolend withdraw: 0 <= 0] testBasicAutoLend() (gas: 1336755)
Logs:
  tickStart 0
  tokenId liquidity 100000000000000000000
  tick 0
  tickEnd -360
  AUTO_LEND trigger 5
  currentTick after swap -330
  tick -360
  tickEnd 60
  AUTO_LEND trigger 5

Traces:
  [22733101] RevertHookTest::setUp()
    ├─ [1832604] → new <unknown>@0xD511088942C4Ad3a2e3A1A7Ed47f1bA5Bf547325
    │   └─ ← [Return] 9152 bytes of code
    ├─ [0] VM::etch(Permit2: [0x000000000022D473030F116dDEE9F6B43aC78BA3], 0x6040608081526004908136101561001557600080fd5b600090813560e01c80630d58b1db1461126c578063137c29fe146110755780632a2d80d114610db75780632b67b57014610bde57806330f28b7a14610ade5780633644e51514610a9d57806336c7851614610a285780633ff9dcb1146109a85780634fe02b441461093f57806365d9723c146107ac57806387517c451461067a578063927da105146105c3578063cc53287f146104a3578063edd9444b1461033a5763fe8ec1a7146100c657600080fd5b346103365760c07ffffffffffffffffffffffffffffffffffffffffffffffffffffffffffffffffc3601126103365767ffffffffffffffff833581811161033257610114903690860161164b565b60243582811161032e5761012b903690870161161a565b6101336114e6565b9160843585811161032a5761014b9036908a016115c1565b98909560a43590811161032657610164913691016115c1565b969095815190610173826113ff565b606b82527f5065726d697442617463685769746e6573735472616e7366657246726f6d285460208301527f6f6b656e5065726d697373696f6e735b5d207065726d69747465642c61646472838301527f657373207370656e6465722c75696e74323536206e6f6e63652c75696e74323560608301527f3620646561646c696e652c000000000000000000000000000000000000000000608083015282519a8b9181610222602085018096611f93565b918237018a8152039961025b7fffffffffffffffffffffffffffffffffffffffffffffffffffffffffffffffe09b8c8101835282611437565b5190209085515161026b81611ebb565b908a5b8181106102f95750506102f6999a6102ed9183516102a081610294602082018095611f66565b03848101835282611437565b519020602089810151858b015195519182019687526040820192909252336060820152608081019190915260a081019390935260643560c08401528260e081015b03908101835282611437565b51902093611cf7565b80f35b8061031161030b610321938c5161175e565b51612054565b61031b828661175e565b52611f0a565b61026e565b8880fd5b8780fd5b8480fd5b8380fd5b5080fd5b5091346103365760807ffffffffffffffffffffffffffffffffffffffffffffffffffffffffffffffffc3601126103365767ffffffffffffffff9080358281116103325761038b903690830161164b565b60243583811161032e576103a2903690840161161a565b9390926103ad6114e6565b9160643590811161049f576103c4913691016115c1565b949093835151976103d489611ebb565b98885b81811061047d5750506102f697988151610425816103f9602082018095611f66565b037fffffffffffffffffffffffffffffffffffffffffffffffffffffffffffffffe08101835282611437565b5190206020860151828701519083519260208401947ffcf35f5ac6a2c28868dc44c302166470266239195f02b0ee408334829333b7668652840152336060840152608083015260a082015260a081526102ed8161141b565b808b61031b8261049461030b61049a968d5161175e565b9261175e565b6103d7565b8680fd5b5082346105bf57602090817ffffffffffffffffffffffffffffffffffffffffffffffffffffffffffffffffc3601126103325780359067ffffffffffffffff821161032e576104f49136910161161a565b929091845b848110610504578580f35b8061051a610515600193888861196c565b61197c565b61052f84610529848a8a61196c565b0161197c565b3389528385528589209173ffffffffffffffffffffffffffffffffffffffff80911692838b528652868a20911690818a5285528589207fffffffffffffffffffffffff000000000000000000000000000000000000000081541690558551918252848201527f89b1add15eff56b3dfe299ad94e01f2b52fbcb80ae1a3baea6ae8c04cb2b98a4853392a2016104f9565b8280fd5b50346103365760607ffffffffffffffffffffffffffffffffffffffffffffffffffffffffffffffffc36011261033657610676816105ff6114a0565b936106086114c3565b6106106114e6565b73ffffffffffffffffffffffffffffffffffffffff968716835260016020908152848420928816845291825283832090871683528152919020549251938316845260a083901c65ffffffffffff169084015260d09190911c604083015281906060820190565b0390f35b50346103365760807ffffffffffffffffffffffffffffffffffffffffffffffffffffffffffffffffc360112610336576106b26114a0565b906106bb6114c3565b916106c46114e6565b65ffffffffffff926064358481169081810361032a5779ffffffffffff0000000000000000000000000000000000000000947fda9fa7c1b00402c17d0161b249b1ab8bbec047c5a52207b9c112deffd817036b94338a5260016020527fffffffffffff0000000000000000000000000000000000000000000000000000858b209873ffffffffffffffffffffffffffffffffffffffff809416998a8d5260205283878d209b169a8b8d52602052868c209486156000146107a457504216925b8454921697889360a01b16911617179055815193845260208401523392a480f35b905092610783565b5082346105bf5760607ffffffffffffffffffffffffffffffffffffffffffffffffffffffffffffffffc3601126105bf576107e56114a0565b906107ee6114c3565b9265ffffffffffff604435818116939084810361032a57338852602091600183528489209673ffffffffffffffffffffffffffffffffffffffff80911697888b528452858a20981697888a5283528489205460d01c93848711156109175761ffff9085840316116108f05750907f55eb90d810e1700b35a8e7e25395ff7f2b2259abd7415ca2284dfb1c246418f393929133895260018252838920878a528252838920888a5282528389209079ffffffffffffffffffffffffffffffffffffffffffffffffffff7fffffffffffff000000000000000000000000000000000000000000000000000083549260d01b16911617905582519485528401523392a480f35b84517f24d35a26000000000000000000000000000000000000000000000000000000008152fd5b5084517f756688fe000000000000000000000000000000000000000000000000000000008152fd5b503461033657807ffffffffffffffffffffffffffffffffffffffffffffffffffffffffffffffffc360112610336578060209273ffffffffffffffffffffffffffffffffffffffff61098f6114a0565b1681528084528181206024358252845220549051908152f35b5082346105bf57817ffffffffffffffffffffffffffffffffffffffffffffffffffffffffffffffffc3601126105bf577f3704902f963766a4e561bbaab6e6cdc1b1dd12f6e9e99648da8843b3f46b918d90359160243533855284602052818520848652602052818520818154179055815193845260208401523392a280f35b8234610a9a5760807ffffffffffffffffffffffffffffffffffffffffffffffffffffffffffffffffc360112610a9a57610a606114a0565b610a686114c3565b610a706114e6565b6064359173ffffffffffffffffffffffffffffffffffffffff8316830361032e576102f6936117a1565b80fd5b503461033657817ffffffffffffffffffffffffffffffffffffffffffffffffffffffffffffffffc36011261033657602090610ad7611b1e565b9051908152f35b508290346105bf576101007ffffffffffffffffffffffffffffffffffffffffffffffffffffffffffffffffc3601126105bf57610b1a3661152a565b90807fffffffffffffffffffffffffffffffffffffffffffffffffffffffffffffff7c36011261033257610b4c611478565b9160e43567ffffffffffffffff8111610bda576102f694610b6f913691016115c1565b939092610b7c8351612054565b6020840151828501519083519260208401947f939c21a48a8dbe3a9a2404a1d46691e4d39f6583d6ec6b35714604c986d801068652840152336060840152608083015260a082015260a08152610bd18161141b565b51902091611c25565b8580fd5b509134610336576101007ffffffffffffffffffffffffffffffffffffffffffffffffffffffffffffffffc36011261033657610c186114a0565b7fffffffffffffffffffffffffffffffffffffffffffffffffffffffffffffffdc360160c08112610332576080855191610c51836113e3565b1261033257845190610c6282611398565b73ffffffffffffffffffffffffffffffffffffffff91602435838116810361049f578152604435838116810361049f57602082015265ffffffffffff606435818116810361032a5788830152608435908116810361049f576060820152815260a435938285168503610bda576020820194855260c4359087830182815260e43567ffffffffffffffff811161032657610cfe90369084016115c1565b929093804211610d88575050918591610d786102f6999a610d7e95610d238851611fbe565b90898c511690519083519260208401947ff3841cd1ff0085026a6327b620b67997ce40f282c88a8e905a7a5626e310f3d086528401526060830152608082015260808152610d70816113ff565b519020611bd9565b916120c7565b519251169161199d565b602492508a51917fcd21db4f000000000000000000000000000000000000000000000000000000008352820152fd5b5091346103365760607ffffffffffffffffffffffffffffffffffffffffffffffffffffffffffffffffc93818536011261033257610df36114a0565b9260249081359267ffffffffffffffff9788851161032a578590853603011261049f578051978589018981108282111761104a578252848301358181116103265785019036602383011215610326578382013591610e50836115ef565b90610e5d85519283611437565b838252602093878584019160071b83010191368311611046578801905b828210610fe9575050508a526044610e93868801611509565b96838c01978852013594838b0191868352604435908111610fe557610ebb90369087016115c1565b959096804211610fba575050508998995151610ed681611ebb565b908b5b818110610f9757505092889492610d7892610f6497958351610f02816103f98682018095611f66565b5190209073ffffffffffffffffffffffffffffffffffffffff9a8b8b51169151928551948501957faf1b0d30d2cab0380e68f0689007e3254993c596f2fdd0aaa7f4d04f794408638752850152830152608082015260808152610d70816113ff565b51169082515192845b848110610f78578580f35b80610f918585610f8b600195875161175e565b5161199d565b01610f6d565b80610311610fac8e9f9e93610fb2945161175e565b51611fbe565b9b9a9b610ed9565b8551917fcd21db4f000000000000000000000000000000000000000000000000000000008352820152fd5b8a80fd5b6080823603126110465785608091885161100281611398565b61100b85611509565b8152611018838601611509565b838201526110278a8601611607565b8a8201528d611037818701611607565b90820152815201910190610e7a565b8c80fd5b84896041867f4e487b7100000000000000000000000000000000000000000000000000000000835252fd5b5082346105bf576101407ffffffffffffffffffffffffffffffffffffffffffffffffffffffffffffffffc3601126105bf576110b03661152a565b91807fffffffffffffffffffffffffffffffffffffffffffffffffffffffffffffff7c360112610332576110e2611478565b67ffffffffffffffff93906101043585811161049f5761110590369086016115c1565b90936101243596871161032a57611125610bd1966102f6983691016115c1565b969095825190611134826113ff565b606482527f5065726d69745769746e6573735472616e7366657246726f6d28546f6b656e5060208301527f65726d697373696f6e73207065726d69747465642c6164647265737320737065848301527f6e6465722c75696e74323536206e6f6e63652c75696e7432353620646561646c60608301527f696e652c0000000000000000000000000000000000000000000000000000000060808301528351948591816111e3602085018096611f93565b918237018b8152039361121c7fffffffffffffffffffffffffffffffffffffffffffffffffffffffffffffffe095868101835282611437565b5190209261122a8651612054565b6020878101518589015195519182019687526040820192909252336060820152608081019190915260a081019390935260e43560c08401528260e081016102e1565b5082346105bf576020807ffffffffffffffffffffffffffffffffffffffffffffffffffffffffffffffffc36011261033257813567ffffffffffffffff92838211610bda5736602383011215610bda5781013592831161032e576024906007368386831b8401011161049f57865b8581106112e5578780f35b80821b83019060807fffffffffffffffffffffffffffffffffffffffffffffffffffffffffffffffdc83360301126103265761139288876001946060835161132c81611398565b611368608461133c8d8601611509565b9485845261134c60448201611509565b809785015261135d60648201611509565b809885015201611509565b918291015273ffffffffffffffffffffffffffffffffffffffff80808093169516931691166117a1565b016112da565b6080810190811067ffffffffffffffff8211176113b457604052565b7f4e487b7100000000000000000000000000000000000000000000000000000000600052604160045260246000fd5b6060810190811067ffffffffffffffff8211176113b457604052565b60a0810190811067ffffffffffffffff8211176113b457604052565b60c0810190811067ffffffffffffffff8211176113b457604052565b90601f7fffffffffffffffffffffffffffffffffffffffffffffffffffffffffffffffe0910116810190811067ffffffffffffffff8211176113b457604052565b60c4359073ffffffffffffffffffffffffffffffffffffffff8216820361149b57565b600080fd5b6004359073ffffffffffffffffffffffffffffffffffffffff8216820361149b57565b6024359073ffffffffffffffffffffffffffffffffffffffff8216820361149b57565b6044359073ffffffffffffffffffffffffffffffffffffffff8216820361149b57565b359073ffffffffffffffffffffffffffffffffffffffff8216820361149b57565b7ffffffffffffffffffffffffffffffffffffffffffffffffffffffffffffffffc01906080821261149b576040805190611563826113e3565b8082941261149b57805181810181811067ffffffffffffffff8211176113b457825260043573ffffffffffffffffffffffffffffffffffffffff8116810361149b578152602435602082015282526044356020830152606435910152565b9181601f8401121561149b5782359167ffffffffffffffff831161149b576020838186019501011161149b57565b67ffffffffffffffff81116113b45760051b60200190565b359065ffffffffffff8216820361149b57565b9181601f8401121561149b5782359167ffffffffffffffff831161149b576020808501948460061b01011161149b57565b91909160608184031261149b576040805191611666836113e3565b8294813567ffffffffffffffff9081811161149b57830182601f8201121561149b578035611693816115ef565b926116a087519485611437565b818452602094858086019360061b8501019381851161149b579086899897969594939201925b8484106116e3575050505050855280820135908501520135910152565b90919293949596978483031261149b578851908982019082821085831117611730578a928992845261171487611509565b81528287013583820152815201930191908897969594936116c6565b602460007f4e487b710000000000000000000000000000000000000000000000000000000081526041600452fd5b80518210156117725760209160051b010190565b7f4e487b7100000000000000000000000000000000000000000000000000000000600052603260045260246000fd5b92919273ffffffffffffffffffffffffffffffffffffffff604060008284168152600160205282828220961695868252602052818120338252602052209485549565ffffffffffff8760a01c16804211611884575082871696838803611812575b5050611810955016926118b5565b565b878484161160001461184f57602488604051907ff96fb0710000000000000000000000000000000000000000000000000000000082526004820152fd5b7fffffffffffffffffffffffff000000000000000000000000000000000000000084846118109a031691161790553880611802565b602490604051907fd81b2f2e0000000000000000000000000000000000000000000000000000000082526004820152fd5b9060006064926020958295604051947f23b872dd0000000000000000000000000000000000000000000000000000000086526004860152602485015260448401525af13d15601f3d116001600051141617161561190e57565b60646040517f08c379a000000000000000000000000000000000000000000000000000000000815260206004820152601460248201527f5452414e534645525f46524f4d5f4641494c45440000000000000000000000006044820152fd5b91908110156117725760061b0190565b3573ffffffffffffffffffffffffffffffffffffffff8116810361149b5790565b9065ffffffffffff908160608401511673ffffffffffffffffffffffffffffffffffffffff908185511694826020820151169280866040809401511695169560009187835260016020528383208984526020528383209916988983526020528282209184835460d01c03611af5579185611ace94927fc6a377bfc4eb120024a8ac08eef205be16b817020812c73223e81d1bdb9708ec98979694508715600014611ad35779ffffffffffff00000000000000000000000000000000000000009042165b60a01b167fffffffffffff00000000000000000000000000000000000000000000000000006001860160d01b1617179055519384938491604091949373ffffffffffffffffffffffffffffffffffffffff606085019616845265ffffffffffff809216602085015216910152565b0390a4565b5079ffffffffffff000000000000000000000000000000000000000087611a60565b600484517f756688fe000000000000000000000000000000000000000000000000000000008152fd5b467f0000000000000000000000000000000000000000000000000000000000007a6903611b69577fc9e55f645d2727650f8c179dc5e54f95ad090913d5b408941cea83c50fa69a1890565b60405160208101907f8cad95687ba82c2ce50e74f7b754645e5117c3a5bec8151c0726d5857980a86682527f9ac997416e8ff9d2ff6bebeb7149f65cdae5e32e2b90440b566bb3044041d36a604082015246606082015230608082015260808152611bd3816113ff565b51902090565b611be1611b1e565b906040519060208201927f190100000000000000000000000000000000000000000000000000000000000084526022830152604282015260428152611bd381611398565b9192909360a435936040840151804211611cc65750602084510151808611611c955750918591610d78611c6594611c60602088015186611e47565b611bd9565b73ffffffffffffffffffffffffffffffffffffffff809151511692608435918216820361149b57611810936118b5565b602490604051907f3728b83d0000000000000000000000000000000000000000000000000000000082526004820152fd5b602490604051907fcd21db4f0000000000000000000000000000000000000000000000000000000082526004820152fd5b959093958051519560409283830151804211611e175750848803611dee57611d2e918691610d7860209b611c608d88015186611e47565b60005b868110611d42575050505050505050565b611d4d81835161175e565b5188611d5a83878a61196c565b01359089810151808311611dbe575091818888886001968596611d84575b50505050505001611d31565b611db395611dad9273ffffffffffffffffffffffffffffffffffffffff6105159351169561196c565b916118b5565b803888888883611d78565b6024908651907f3728b83d0000000000000000000000000000000000000000000000000000000082526004820152fd5b600484517fff633a38000000000000000000000000000000000000000000000000000000008152fd5b6024908551907fcd21db4f0000000000000000000000000000000000000000000000000000000082526004820152fd5b9073ffffffffffffffffffffffffffffffffffffffff600160ff83161b9216600052600060205260406000209060081c6000526020526040600020818154188091551615611e9157565b60046040517f756688fe000000000000000000000000000000000000000000000000000000008152fd5b90611ec5826115ef565b611ed26040519182611437565b8281527fffffffffffffffffffffffffffffffffffffffffffffffffffffffffffffffe0611f0082946115ef565b0190602036910137565b7fffffffffffffffffffffffffffffffffffffffffffffffffffffffffffffffff8114611f375760010190565b7f4e487b7100000000000000000000000000000000000000000000000000000000600052601160045260246000fd5b805160208092019160005b828110611f7f575050505090565b835185529381019392810192600101611f71565b9081519160005b838110611fab575050016000815290565b8060208092840101518185015201611f9a565b60405160208101917f65626cad6cb96493bf6f5ebea28756c966f023ab9e8a83a7101849d5573b3678835273ffffffffffffffffffffffffffffffffffffffff8082511660408401526020820151166060830152606065ffffffffffff9182604082015116608085015201511660a082015260a0815260c0810181811067ffffffffffffffff8211176113b45760405251902090565b6040516020808201927f618358ac3db8dc274f0cd8829da7e234bd48cd73c4a740aede1adec9846d06a1845273ffffffffffffffffffffffffffffffffffffffff81511660408401520151606082015260608152611bd381611398565b919082604091031261149b576020823592013590565b6000843b61222e5750604182036121ac576120e4828201826120b1565b939092604010156117725760209360009360ff6040608095013560f81c5b60405194855216868401526040830152606082015282805260015afa156121a05773ffffffffffffffffffffffffffffffffffffffff806000511691821561217657160361214c57565b60046040517f815e1d64000000000000000000000000000000000000000000000000000000008152fd5b60046040517f8baa579f000000000000000000000000000000000000000000000000000000008152fd5b6040513d6000823e3d90fd5b60408203612204576121c0918101906120b1565b91601b7f7fffffffffffffffffffffffffffffffffffffffffffffffffffffffffffffff84169360ff1c019060ff8211611f375760209360009360ff608094612102565b60046040517f4be6321b000000000000000000000000000000000000000000000000000000008152fd5b929391601f928173ffffffffffffffffffffffffffffffffffffffff60646020957fffffffffffffffffffffffffffffffffffffffffffffffffffffffffffffffe0604051988997889687947f1626ba7e000000000000000000000000000000000000000000000000000000009e8f8752600487015260406024870152816044870152868601378b85828601015201168101030192165afa9081156123a857829161232a575b507fffffffff000000000000000000000000000000000000000000000000000000009150160361230057565b60046040517fb0669cbc000000000000000000000000000000000000000000000000000000008152fd5b90506020813d82116123a0575b8161234460209383611437565b810103126103365751907fffffffff0000000000000000000000000000000000000000000000000000000082168203610a9a57507fffffffff0000000000000000000000000000000000000000000000000000000090386122d4565b3d9150612337565b6040513d84823e3d90fdfea164736f6c6343000811000a)
    │   └─ ← [Return]
    ├─ [4831355] → new V4PoolManager@0x526cE215C3ba0e07c7503f9E744B869E6eaE402D
    │   ├─ emit OwnershipTransferred(previousOwner: 0x0000000000000000000000000000000000000000, newOwner: 0x0000000000000000000000000000000000004444)
    │   └─ ← [Return] 24009 bytes of code
    ├─ [4849717] → new V4PositionManager@0xBf7b2e60F266C6B17044D43C4b094611A6a95710
    │   └─ ← [Return] 23877 bytes of code
    ├─ [2065974] → new V4SwapRouter@0xC28C4FBD423E74d4AD56cCD86371C8B98891000b
    │   └─ ← [Return] 10317 bytes of code
    ├─ [0] VM::label(Permit2: [0x000000000022D473030F116dDEE9F6B43aC78BA3], "Permit2")
    │   └─ ← [Return]
    ├─ [0] VM::label(V4PoolManager: [0x526cE215C3ba0e07c7503f9E744B869E6eaE402D], "V4PoolManager")
    │   └─ ← [Return]
    ├─ [0] VM::label(V4PositionManager: [0xBf7b2e60F266C6B17044D43C4b094611A6a95710], "V4PositionManager")
    │   └─ ← [Return]
    ├─ [0] VM::label(V4SwapRouter: [0xC28C4FBD423E74d4AD56cCD86371C8B98891000b], "V4SwapRouter")
    │   └─ ← [Return]
    ├─ [743864] → new Currency1@0xc7183455a4C133Ae270771860664b6B7ec320bB1
    │   └─ ← [Return] 3482 bytes of code
    ├─ [46635] Currency1::mint(RevertHookTest: [0x7FA9385bE102ac3EAc297483Dd6233D62b3e1496], 10000000000000000000000000 [1e25])
    │   ├─ emit Transfer(from: 0x0000000000000000000000000000000000000000, to: RevertHookTest: [0x7FA9385bE102ac3EAc297483Dd6233D62b3e1496], value: 10000000000000000000000000 [1e25])
    │   └─ ← [Stop]
    ├─ [24519] Currency1::approve(Permit2: [0x000000000022D473030F116dDEE9F6B43aC78BA3], 115792089237316195423570985008687907853269984665640564039457584007913129639935 [1.157e77])
    │   ├─ emit Approval(owner: RevertHookTest: [0x7FA9385bE102ac3EAc297483Dd6233D62b3e1496], spender: Permit2: [0x000000000022D473030F116dDEE9F6B43aC78BA3], value: 115792089237316195423570985008687907853269984665640564039457584007913129639935 [1.157e77])
    │   └─ ← [Return] true
    ├─ [24519] Currency1::approve(V4SwapRouter: [0xC28C4FBD423E74d4AD56cCD86371C8B98891000b], 115792089237316195423570985008687907853269984665640564039457584007913129639935 [1.157e77])
    │   ├─ emit Approval(owner: RevertHookTest: [0x7FA9385bE102ac3EAc297483Dd6233D62b3e1496], spender: V4SwapRouter: [0xC28C4FBD423E74d4AD56cCD86371C8B98891000b], value: 115792089237316195423570985008687907853269984665640564039457584007913129639935 [1.157e77])
    │   └─ ← [Return] true
    ├─ [25450] Permit2::approve(Currency1: [0xc7183455a4C133Ae270771860664b6B7ec320bB1], V4PositionManager: [0xBf7b2e60F266C6B17044D43C4b094611A6a95710], 1461501637330902918203684832716283019655932542975 [1.461e48], 281474976710655 [2.814e14])
    │   ├─ emit Approval(owner: RevertHookTest: [0x7FA9385bE102ac3EAc297483Dd6233D62b3e1496], token: Currency1: [0xc7183455a4C133Ae270771860664b6B7ec320bB1], spender: V4PositionManager: [0xBf7b2e60F266C6B17044D43C4b094611A6a95710], amount: 1461501637330902918203684832716283019655932542975 [1.461e48], expiration: 281474976710655 [2.814e14])
    │   └─ ← [Return]
    ├─ [25450] Permit2::approve(Currency1: [0xc7183455a4C133Ae270771860664b6B7ec320bB1], V4PoolManager: [0x526cE215C3ba0e07c7503f9E744B869E6eaE402D], 1461501637330902918203684832716283019655932542975 [1.461e48], 281474976710655 [2.814e14])
    │   ├─ emit Approval(owner: RevertHookTest: [0x7FA9385bE102ac3EAc297483Dd6233D62b3e1496], token: Currency1: [0xc7183455a4C133Ae270771860664b6B7ec320bB1], spender: V4PoolManager: [0x526cE215C3ba0e07c7503f9E744B869E6eaE402D], amount: 1461501637330902918203684832716283019655932542975 [1.461e48], expiration: 281474976710655 [2.814e14])
    │   └─ ← [Return]
    ├─ [743864] → new Currency0@0xa0Cb889707d426A7A386870A03bc70d1b0697598
    │   └─ ← [Return] 3482 bytes of code
    ├─ [46635] Currency0::mint(RevertHookTest: [0x7FA9385bE102ac3EAc297483Dd6233D62b3e1496], 10000000000000000000000000 [1e25])
    │   ├─ emit Transfer(from: 0x0000000000000000000000000000000000000000, to: RevertHookTest: [0x7FA9385bE102ac3EAc297483Dd6233D62b3e1496], value: 10000000000000000000000000 [1e25])
    │   └─ ← [Stop]
    ├─ [24519] Currency0::approve(Permit2: [0x000000000022D473030F116dDEE9F6B43aC78BA3], 115792089237316195423570985008687907853269984665640564039457584007913129639935 [1.157e77])
    │   ├─ emit Approval(owner: RevertHookTest: [0x7FA9385bE102ac3EAc297483Dd6233D62b3e1496], spender: Permit2: [0x000000000022D473030F116dDEE9F6B43aC78BA3], value: 115792089237316195423570985008687907853269984665640564039457584007913129639935 [1.157e77])
    │   └─ ← [Return] true
    ├─ [24519] Currency0::approve(V4SwapRouter: [0xC28C4FBD423E74d4AD56cCD86371C8B98891000b], 115792089237316195423570985008687907853269984665640564039457584007913129639935 [1.157e77])
    │   ├─ emit Approval(owner: RevertHookTest: [0x7FA9385bE102ac3EAc297483Dd6233D62b3e1496], spender: V4SwapRouter: [0xC28C4FBD423E74d4AD56cCD86371C8B98891000b], value: 115792089237316195423570985008687907853269984665640564039457584007913129639935 [1.157e77])
    │   └─ ← [Return] true
    ├─ [25450] Permit2::approve(Currency0: [0xa0Cb889707d426A7A386870A03bc70d1b0697598], V4PositionManager: [0xBf7b2e60F266C6B17044D43C4b094611A6a95710], 1461501637330902918203684832716283019655932542975 [1.461e48], 281474976710655 [2.814e14])
    │   ├─ emit Approval(owner: RevertHookTest: [0x7FA9385bE102ac3EAc297483Dd6233D62b3e1496], token: Currency0: [0xa0Cb889707d426A7A386870A03bc70d1b0697598], spender: V4PositionManager: [0xBf7b2e60F266C6B17044D43C4b094611A6a95710], amount: 1461501637330902918203684832716283019655932542975 [1.461e48], expiration: 281474976710655 [2.814e14])
    │   └─ ← [Return]
    ├─ [25450] Permit2::approve(Currency0: [0xa0Cb889707d426A7A386870A03bc70d1b0697598], V4PoolManager: [0x526cE215C3ba0e07c7503f9E744B869E6eaE402D], 1461501637330902918203684832716283019655932542975 [1.461e48], 281474976710655 [2.814e14])
    │   ├─ emit Approval(owner: RevertHookTest: [0x7FA9385bE102ac3EAc297483Dd6233D62b3e1496], token: Currency0: [0xa0Cb889707d426A7A386870A03bc70d1b0697598], spender: V4PoolManager: [0x526cE215C3ba0e07c7503f9E744B869E6eaE402D], amount: 1461501637330902918203684832716283019655932542975 [1.461e48], expiration: 281474976710655 [2.814e14])
    │   └─ ← [Return]
    ├─ [0] VM::label(Currency0: [0xa0Cb889707d426A7A386870A03bc70d1b0697598], "Currency0")
    │   └─ ← [Return]
    ├─ [0] VM::label(Currency1: [0xc7183455a4C133Ae270771860664b6B7ec320bB1], "Currency1")
    │   └─ ← [Return]
    ├─ [2378095] → new V4Oracle@0x1d1499e622D69689cdf9004d05Ec547d650Ff211
    │   ├─ emit OwnershipTransferred(previousOwner: 0x0000000000000000000000000000000000000000, newOwner: RevertHookTest: [0x7FA9385bE102ac3EAc297483Dd6233D62b3e1496])
    │   ├─ [945] V4PositionManager::poolManager() [staticcall]
    │   │   └─ ← [Return] V4PoolManager: [0x526cE215C3ba0e07c7503f9E744B869E6eaE402D]
    │   ├─ [248] Currency0::decimals() [staticcall]
    │   │   └─ ← [Return] 18
    │   └─ ← [Return] 11734 bytes of code
    ├─ [0] VM::getCode("RevertHook.sol:RevertHook") [staticcall]
    │   └─ ← [Return] 0x610100604052600a80546001600160501b0319166864006400640064006417905534801561002b575f80fd5b5060405161b1d038038061b1d083398101604081905261004a9161046e565b806001600160a01b031663dc4c90d36040518163ffffffff1660e01b8152600401602060405180830381865afa158015610086573d5f803e3d5ffd5b505050506040513d601f19601f820116820180604052508101906100aa91906104b8565b33806100cf57604051631e4fbdf760e01b81525f600482015260240160405180910390fd5b6100d881610197565b506001600160a01b0381166080526100ef306101b3565b50806001600160a01b031663791b98bc6040518163ffffffff1660e01b8152600401602060405180830381865afa15801561012c573d5f803e3d5ffd5b505050506040513d601f19601f8201168201806040525081019061015091906104b8565b6001600160a01b0390811660c052600a80549482166a010000000000000000000002600160501b600160f01b03199095169490941790935590821660a0521660e0526104da565b600180546001600160a01b03191690556101b0816102a6565b50565b6101b0816102a1604080516101c0810182525f80825260208201819052918101829052606081018290526080810182905260a0810182905260c0810182905260e08101829052610100810182905261012081018290526101408101829052610160810182905261018081018290526101a081019190915250604080516101c0810182525f808252600160208301819052928201839052606082018390526080820181905260a0820183905260c0820183905260e0820192909252610100810182905261012081018290526101408101829052610160810182905261018081018290526101a081019190915290565b6102f5565b5f80546001600160a01b038381166001600160a01b0319831681178455604051919092169283917f8be0079c531659141344cd1fd0a4f28419497f9722a3daafe3b4186f6b6457e09190a35050565b80511515612000831615151415806103195750602081015115156110008316151514155b806103305750604081015115156108008316151514155b806103475750606081015115156104008316151514155b8061035e5750608081015115156102008316151514155b80610375575060a081015115156101008316151514155b8061038b575060c0810151151560808316151514155b806103a1575060e0810151151560408316151514155b806103b85750610100810151151560208316151514155b806103cf5750610120810151151560108316151514155b806103e65750610140810151151560088316151514155b806103fd5750610160810151151560048316151514155b806104145750610180810151151560028316151514155b8061042b57506101a0810151151560018316151514155b1561044157610441630732d7b560e51b83610445565b5050565b815f526001600160a01b03811660045260245ffd5b6001600160a01b03811681146101b0575f80fd5b5f805f60608486031215610480575f80fd5b835161048b8161045a565b602085015190935061049c8161045a565b60408501519092506104ad8161045a565b809150509250925092565b5f602082840312156104c8575f80fd5b81516104d38161045a565b9392505050565b60805160a05160c05160e05161ab506106805f395f61046001525f818161065b01528181610b3001528181610ce301528181611e1d01528181612220015281816126b10152818161293401528181612a5001528181612c9601528181612d5901528181612f7401528181613520015281816138a10152818161394f01528181613bd901528181613d43015281816147c501528181614fa20152616b9501525f81816102e1015281816137e301526138df01525f818161090001528181610a0401528181610a8001528181610aef01528181610ca20152818161149e0152818161157c0152818161168301528181611706015281816117f6015281816118d201528181611968015281816119e901528181611a64015281816123ed015281816124b10152818161295b015281816132570152818161365001528181613718015281816139fd01528181614dcc015281816151c901528181615232015281816152c8015281816152ef015281816153c301528181615478015281816154e1015281816155770152818161559e015281816156720152818161637f01526167c5015261ab505ff3fe608060405234801561000f575f80fd5b50600436106102d8575f3560e01c80638da5cb5b11610187578063cad2f878116100dd578063e30c397811610093578063f1df96191161006e578063f1df961914610989578063f2fde38b1461099c578063f72f1908146109af575f80fd5b8063e30c397814610952578063e86be67814610963578063ecd4b17c14610976575f80fd5b8063dc98354e116100c3578063dc98354e14610922578063e1b4af6914610783578063e276464414610935575f80fd5b8063cad2f878146108e8578063dc4c90d3146108fb575f80fd5b8063b47b2fb11161013d578063c46cf43d11610118578063c46cf43d146107a9578063c4e833ce146107bc578063c53b81aa146108b3575f80fd5b8063b47b2fb114610735578063b6a8b0fa14610783578063b7f48a4114610796575f80fd5b80639f063efc1161016d5780639f063efc146106dd578063a622ee7c146106f0578063a958b2e114610722575f80fd5b80638da5cb5b146106ad57806391dd7346146106bd575f80fd5b80635c4573ad1161023c578063715018a6116101f2578063791b98bc116101cd578063791b98bc1461065657806379ba50971461067d5780638c444b4714610685575f80fd5b8063715018a61461051457806372063fe01461051c5780637865da6214610544575f80fd5b80636817031b116102225780636817031b146104a35780636c2bbe7e146104b65780636fe7e6eb14610501575f80fd5b80635c4573ad1461045b57806364df049e14610482575f80fd5b806333afbba711610291578063521cbfdc11610277578063521cbfdc146103df57806356587939146103f2578063575e24b414610405575f80fd5b806333afbba7146103b75780634fe07221146103cc575f80fd5b806321d0ee70116102c157806321d0ee701461034157806322ee705c14610385578063259982e5146103a4575f80fd5b806312261ee7146102dc5780631822b1ef14610320575b5f80fd5b6103037f000000000000000000000000000000000000000000000000000000000000000081565b6040516001600160a01b0390911681526020015b60405180910390f35b61033361032e366004618f2f565b6109c2565b604051908152602001610317565b61035461034f366004618fe3565b6109f8565b6040517fffffffff000000000000000000000000000000000000000000000000000000009091168152602001610317565b61033361039336600461905a565b600c6020525f908152604090205481565b6103546103b2366004618fe3565b610a74565b6103ca6103c53660046191d3565b610ae4565b005b6103ca6103da36600461922f565b610c97565b6103336103ed366004618f2f565b611328565b6103ca610400366004619276565b61134b565b610418610413366004619327565b61156e565b604080517fffffffff000000000000000000000000000000000000000000000000000000009094168452602084019290925262ffffff1690820152606001610317565b6103037f000000000000000000000000000000000000000000000000000000000000000081565b600a54610303906a010000000000000000000090046001600160a01b031681565b6103ca6104b1366004619381565b6115f1565b6104c96104c436600461939c565b611676565b604080517fffffffff000000000000000000000000000000000000000000000000000000009093168352602083019190915201610317565b61035461050f366004619427565b6116fa565b6103ca611774565b61030361052a36600461905a565b600d6020525f90815260409020546001600160a01b031681565b61063e61055236600461905a565b600b6020525f90815260409020805460019091015460ff808316926101008104600290810b936401000000008304820b9367010000000000000084048116936801000000000000000081049091169269010000000000000000008204810b926c010000000000000000000000008304820b926f010000000000000000000000000000008104830b9272010000000000000000000000000000000000008204810b9262ffffff7501000000000000000000000000000000000000000000840416927801000000000000000000000000000000000000000000000000900490910b906001600160a01b03168c565b6040516103179c9b9a999897969594939291906194db565b6103037f000000000000000000000000000000000000000000000000000000000000000081565b6103ca611787565b610303610693366004619381565b60086020525f90815260409020546001600160a01b031681565b5f546001600160a01b0316610303565b6106d06106cb366004619580565b6117e9565b60405161031791906195ed565b6104c96106eb36600461939c565b6118c5565b6107126106fe366004619381565b60026020525f908152604090205460ff1681565b6040519015158152602001610317565b610333610730366004618f2f565b611938565b6107486107433660046195ff565b61195b565b604080517fffffffff000000000000000000000000000000000000000000000000000000009093168352600f9190910b602083015201610317565b610354610791366004619680565b6119dd565b6103ca6107a43660046196da565b611a59565b6103ca6107b7366004619716565b611d98565b6108a6604080516101c0810182525f80825260208201819052918101829052606081018290526080810182905260a0810182905260c0810182905260e08101829052610100810182905261012081018290526101408101829052610160810182905261018081018290526101a081019190915250604080516101c0810182525f808252600160208301819052928201839052606082018390526080820181905260a0820183905260c0820183905260e0820192909252610100810182905261012081018290526101408101829052610160810182905261018081018290526101a081019190915290565b604051610317919061974d565b6108d56108c136600461905a565b60096020525f908152604090205460020b81565b60405160029190910b8152602001610317565b6103ca6108f636600461905a565b612178565b6103037f000000000000000000000000000000000000000000000000000000000000000081565b61035461093036600461986e565b6123e1565b61093d606481565b60405163ffffffff9091168152602001610317565b6001546001600160a01b0316610303565b6103ca6109713660046198b5565b612459565b6103ca6109843660046196da565b6124a6565b610333610997366004618f2f565b61283c565b6103ca6109aa366004619381565b61285f565b6103ca6109bd3660046198ec565b6128e7565b6007602052825f5260405f20602052815f5260405f2081815481106109e5575f80fd5b905f5260205f20015f9250925050505481565b5f336001600160a01b037f00000000000000000000000000000000000000000000000000000000000000001614610a5b576040517fae18210a00000000000000000000000000000000000000000000000000000000815260040160405180910390fd5b610a688686868686612a1a565b90505b95945050505050565b5f336001600160a01b037f00000000000000000000000000000000000000000000000000000000000000001614610ad7576040517fae18210a00000000000000000000000000000000000000000000000000000000815260040160405180910390fd5b610a688686868686612a4d565b336001600160a01b037f00000000000000000000000000000000000000000000000000000000000000001614610b8c57335f9081526002602052604090205460ff1615610b5a57610b557f000000000000000000000000000000000000000000000000000000000000000084612afb565b610b8c565b6040517f82b4290000000000000000000000000000000000000000000000000000000000815260040160405180910390fd5b5f805f80610b9a875f612c8f565b93509350935093508415610be9575f8615610bb55781610bb7565b825b90505f610bc4898c61307e565b90505f610bd3828a15856131e6565b9050610be0818686613369565b90955093505050505b600a54610c2590889086908690869086906601000000000000810461ffff16906a010000000000000000000090046001600160a01b031661341d565b610c39878585610c348b6134ef565b613591565b604080516001600160a01b038087168252851660208201529081018390526060810182905287907e0c76c08669f4bbeb0902f33cdeabafb8d146b435f29b90959df2fe84ddc0d89060800160405180910390a2505050505050505050565b336001600160a01b037f00000000000000000000000000000000000000000000000000000000000000001614610d0857335f9081526002602052604090205460ff1615610b5a57610d087f000000000000000000000000000000000000000000000000000000000000000083612afb565b5f805f80610d16865f612c8f565b5f8a8152600b6020526040812054949850929650909450925090610d50906f01000000000000000000000000000000900460020b8761993c565b5f888152600b602052604081205491925090610d85907201000000000000000000000000000000000000900460020b8861993c565b9050610d96888b8b85858989613640565b600a54919550935061271090610dbd90869068010000000000000000900461ffff1661997d565b610dc791906199c1565b610dd190856199d4565b600a546fffffffffffffffffffffffffffffffff91909116945061271090610e0a90859068010000000000000000900461ffff1661997d565b610e1491906199c1565b610e1e90846199d4565b6fffffffffffffffffffffffffffffffff1692505f610e3c896134ef565b9050610e4887866137a0565b610e5286856137a0565b5f610e618c858589898761393b565b600a546fffffffffffffffffffffffffffffffff928316995091169650909150610ebc908b908a908a908a908a9068010000000000000000810461ffff16906a010000000000000000000090046001600160a01b031661341d565b610ec88a898985613591565b5f8a8152600b602052604080822083835291208154815460ff9091169082907fffffffffffffffffffffffffffffffffffffffffffffffffffffffffffffff00166001836004811115610f1d57610f1d619475565b02179055505f820160019054906101000a900460020b815f0160016101000a81548162ffffff021916908360020b62ffffff1602179055505f820160049054906101000a900460020b815f0160046101000a81548162ffffff021916908360020b62ffffff1602179055505f820160079054906101000a900460ff16815f0160076101000a81548160ff0219169083151502179055505f820160089054906101000a900460ff16815f0160086101000a81548160ff0219169083151502179055505f820160099054906101000a900460020b815f0160096101000a81548162ffffff021916908360020b62ffffff1602179055505f8201600c9054906101000a900460020b815f01600c6101000a81548162ffffff021916908360020b62ffffff1602179055505f8201600f9054906101000a900460020b815f01600f6101000a81548162ffffff021916908360020b62ffffff1602179055505f820160129054906101000a900460020b815f0160126101000a81548162ffffff021916908360020b62ffffff1602179055505f820160159054906101000a900462ffffff16815f0160156101000a81548162ffffff021916908362ffffff1602179055505f820160189054906101000a900460020b815f0160186101000a81548162ffffff021916908360020b62ffffff160217905550600182015f9054906101000a90046001600160a01b0316816001015f6101000a8154816001600160a01b0302191690836001600160a01b031602179055509050506112bc8185858f600b5f8781526020019081526020015f20604051806101800160405290815f82015f9054906101000a900460ff16600481111561119657611196619475565b60048111156111a7576111a7619475565b81528154610100808204600290810b60208501526401000000008304810b604085015260ff6701000000000000008404811615156060860152680100000000000000008404161515608085015269010000000000000000008304810b60a08501526c010000000000000000000000008304810b60c08501526f010000000000000000000000000000008304810b60e085015272010000000000000000000000000000000000008304810b9184019190915262ffffff75010000000000000000000000000000000000000000008304166101208401527801000000000000000000000000000000000000000000000000909104900b6101408201526001909101546001600160a01b031661016090910152613d01565b604080518281526001600160a01b03808b16602083015289169181019190915260608101879052608081018690528a907f5b7ca1743f2d310e99c71901d0b841063d5aa867c061fcccd6928196ecf59e9c9060a0015b60405180910390a2505050505050505050505050565b6004602052825f5260405f20602052815f5260405f2081815481106109e5575f80fd5b80515f5b81811015611569575f83828151811061136a5761136a6199e7565b602002602001015190505f61137e826134ef565b6001600160a01b0381165f9081526002602052604090205490915060ff161561149c5760408051602481018490523360448083019190915282518083039091018152606490910182526020810180517bffffffffffffffffffffffffffffffffffffffffffffffffffffffff167ff72f19080000000000000000000000000000000000000000000000000000000017905290517f78cc76440000000000000000000000000000000000000000000000000000000081526001600160a01b038316916378cc764491611456918691309190600401619a14565b6020604051808303815f875af1158015611472573d5f803e3d5ffd5b505050506040513d601f19601f820116820180604052508101906114969190619a3b565b5061155f565b7f00000000000000000000000000000000000000000000000000000000000000006001600160a01b03166348c8949183336040516020016114f09291909182526001600160a01b0316602082015260400190565b6040516020818303038152906040526040518263ffffffff1660e01b815260040161151b91906195ed565b5f604051808303815f875af1158015611536573d5f803e3d5ffd5b505050506040513d5f823e601f3d908101601f1916820160405261155d9190810190619a52565b505b505060010161134f565b505050565b5f8080336001600160a01b037f000000000000000000000000000000000000000000000000000000000000000016146115d3576040517fae18210a00000000000000000000000000000000000000000000000000000000815260040160405180910390fd5b6115e08888888888614335565b925092509250955095509592505050565b6115f96145a2565b6040516001600160a01b03821681527fe7ae49f883c825b05681b3e00e8be6fdea9ed2a8a45e4c6ecb9390fc44cce6159060200160405180910390a16001600160a01b03165f90815260026020526040902080547fffffffffffffffffffffffffffffffffffffffffffffffffffffffffffffff00166001179055565b5f80336001600160a01b037f000000000000000000000000000000000000000000000000000000000000000016146116da576040517fae18210a00000000000000000000000000000000000000000000000000000000815260040160405180910390fd5b6116e9898989898989896145e7565b915091505b97509795505050505050565b5f336001600160a01b037f0000000000000000000000000000000000000000000000000000000000000000161461175d576040517fae18210a00000000000000000000000000000000000000000000000000000000815260040160405180910390fd5b611769858585856146ba565b90505b949350505050565b61177c6145a2565b6117855f614759565b565b60015433906001600160a01b031681146117dd576040517f118cdaa70000000000000000000000000000000000000000000000000000000081526001600160a01b03821660048201526024015b60405180910390fd5b6117e681614759565b50565b6060336001600160a01b037f0000000000000000000000000000000000000000000000000000000000000000161461184d576040517f82b4290000000000000000000000000000000000000000000000000000000000815260040160405180910390fd5b5f8061185b848601866198ec565b909250905060015f838152600b602052604090205460ff16600481111561188457611884619475565b146118a15760405180602001604052805f815250925050506118bf565b6118ab828261478a565b60405180602001604052805f815250925050505b92915050565b5f80336001600160a01b037f00000000000000000000000000000000000000000000000000000000000000001614611929576040517fae18210a00000000000000000000000000000000000000000000000000000000815260040160405180910390fd5b6116e9898989898989896149c1565b6005602052825f5260405f20602052815f5260405f2081815481106109e5575f80fd5b5f80336001600160a01b037f000000000000000000000000000000000000000000000000000000000000000016146119bf576040517fae18210a00000000000000000000000000000000000000000000000000000000815260040160405180910390fd5b6119cd888888888888614a44565b915091505b965096945050505050565b5f336001600160a01b037f00000000000000000000000000000000000000000000000000000000000000001614611a40576040517fae18210a00000000000000000000000000000000000000000000000000000000815260040160405180910390fd5b611a4e878787878787612a1a565b979650505050505050565b336001600160a01b037f00000000000000000000000000000000000000000000000000000000000000001614611abb576040517f82b4290000000000000000000000000000000000000000000000000000000000815260040160405180910390fd5b5f828152600c60205260408120549003611d92575f805f80611add865f612c8f565b93509350935093505f85611af15784611af3565b835b9050805f87611b025784611b04565b835b600a5490915061271090611b2490640100000000900461ffff168361997d565b611b2e91906199c1565b611b3890826199d4565b6001600160a01b038084165f90815260086020526040902054919250611b619184911683614c84565b6001600160a01b038281165f90815260086020526040908190205490517f6e553f6500000000000000000000000000000000000000000000000000000000815260048101849052306024820152911690636e553f65906044016020604051808303815f875af1925050508015611bf4575060408051601f3d908101601f19168201909252611bf191810190619a3b565b60015b611c64573d808015611c21576040519150601f19603f3d011682016040523d82523d5f602084013e611c26565b606091505b507f462ad9b5184105cc4f3f1f6042303b2eda55d731ac3e74c155239593b9cdb18081604051611c5691906195ed565b60405180910390a150611d63565b5f8a8152600c60209081526040808320849055600d909152902080547fffffffffffffffffffffffff0000000000000000000000000000000000000000166001600160a01b038516179055611cfc8a89898c15611cc1575f611cc3565b855b8d611cce575f611cd0565b865b600a54640100000000810461ffff16906a010000000000000000000090046001600160a01b031661341d565b5f611d068b6134ef565b9050611d148b8a8a84613591565b604080516001600160a01b0387168152602081018590529081018390528b907f21299a7c5f0997b7be935980a90a8478af8e68b5f0dfed94f93cefbfd8744aca9060600160405180910390a250505b6001600160a01b038083165f90815260086020526040812054611d8a928592911690614c84565b505050505050505b50505050565b33611da2836134ef565b6001600160a01b031614611de2576040517f82b4290000000000000000000000000000000000000000000000000000000000815260040160405180910390fd5b6040517f7ba03aad000000000000000000000000000000000000000000000000000000008152600481018390525f9081906001600160a01b037f00000000000000000000000000000000000000000000000000000000000000001690637ba03aad9060240160c060405180830381865afa158015611e62573d5f803e3d5ffd5b505050506040513d601f19601f82011682018060405250810190611e869190619ae6565b608082015191935091506001600160a01b03163014611ed1576040517f82b4290000000000000000000000000000000000000000000000000000000000815260040160405180910390fd5b6060820151611ee66040850160208601619b77565b611ef09190619b92565b60020b15611f2a576040517f35be3ac800000000000000000000000000000000000000000000000000000000815260040160405180910390fd5b60608083015190611f4090850160408601619b77565b611f4a9190619b92565b60020b15611f84576040517f35be3ac800000000000000000000000000000000000000000000000000000000815260040160405180910390fd5b6060820151611f9960c0850160a08601619b77565b611fa39190619b92565b60020b15611fdd576040517f35be3ac800000000000000000000000000000000000000000000000000000000815260040160405180910390fd5b6060820151611ff260e0850160c08601619b77565b611ffc9190619b92565b60020b15612036576040517f35be3ac800000000000000000000000000000000000000000000000000000000815260040160405180910390fd5b606082015161204c610100850160e08601619b77565b6120569190619b92565b60020b15612090576040517f35be3ac800000000000000000000000000000000000000000000000000000000815260040160405180910390fd5b60608201516120a761012085016101008601619b77565b6120b19190619b92565b60020b156120eb576040517f35be3ac800000000000000000000000000000000000000000000000000000000815260040160405180910390fd5b61211e846120fc8360081c60020b90565b6121098460201c60020b90565b8561211936899003890189619bca565b613d01565b5f848152600b6020526040902083906121378282619d5c565b905050837fbc731b4fa32a0d1af934c5b6c71d2c5c7a66448b2143443e0e5f61e3453151b48460405161216a919061a0e8565b60405180910390a250505050565b5f612182826134ef565b9050336001600160a01b038216146121c6576040517f82b4290000000000000000000000000000000000000000000000000000000000815260040160405180910390fd5b5f828152600c6020908152604080832054600d909252909120546001600160a01b03168115611d92576040517f7ba03aad000000000000000000000000000000000000000000000000000000008152600481018590525f907f00000000000000000000000000000000000000000000000000000000000000006001600160a01b031690637ba03aad9060240160c060405180830381865afa15801561226d573d5f803e3d5ffd5b505050506040513d601f19601f820116820180604052508101906122919190619ae6565b506001600160a01b038381165f908152600860205260408082205490517fba0876520000000000000000000000000000000000000000000000000000000081526004810188905230602482018190526044820152939450909291169063ba087652906064016020604051808303815f875af1158015612312573d5f803e3d5ffd5b505050506040513d601f19601f820116820180604052508101906123369190619a3b565b5f878152600c60209081526040808320839055600d825290912080547fffffffffffffffffffffffff000000000000000000000000000000000000000016905583519084015191925061238c9188919088613591565b604080516001600160a01b03851681526020810183905290810185905286907fe9b9ff8ea5eba9b30bcccafaa71601de5f152f1941bd27e7bea351be66c37e9e906060015b60405180910390a2505050505050565b5f336001600160a01b037f00000000000000000000000000000000000000000000000000000000000000001614612444576040517fae18210a00000000000000000000000000000000000000000000000000000000815260040160405180910390fd5b61244f848484612a1a565b90505b9392505050565b6124616145a2565b6001600160a01b039182165f90815260086020526040902080547fffffffffffffffffffffffff00000000000000000000000000000000000000001691909216179055565b336001600160a01b037f00000000000000000000000000000000000000000000000000000000000000001614612508576040517f82b4290000000000000000000000000000000000000000000000000000000000815260040160405180910390fd5b5f828152600c6020908152604080832054600d909252909120546001600160a01b03168115612834576001600160a01b038181165f90815260086020526040908190205490517fba087652000000000000000000000000000000000000000000000000000000008152600481018590523060248201819052604482015291169063ba087652906064016020604051808303815f875af19250505080156125cb575060408051601f3d908101601f191682019092526125c891810190619a3b565b60015b61263b573d8080156125f8576040519150601f19603f3d011682016040523d82523d5f602084013e6125fd565b606091505b507f462ad9b5184105cc4f3f1f6042303b2eda55d731ac3e74c155239593b9cdb1808160405161262d91906195ed565b60405180910390a150612834565b5f858152600c60209081526040808320839055600d90915280822080547fffffffffffffffffffffffff0000000000000000000000000000000000000000169055517f7ba03aad000000000000000000000000000000000000000000000000000000008152600481018790526001600160a01b037f00000000000000000000000000000000000000000000000000000000000000001690637ba03aad9060240160c060405180830381865afa1580156126f6573d5f803e3d5ffd5b505050506040513d601f19601f8201168201806040525081019061271a9190619ae6565b600a54909250612710915061273b90640100000000900461ffff168461997d565b61274591906199c1565b61274f90836199d4565b88519092506001600160a01b038481169116145f80612788898c8686612775575f612777565b885b876127825789614d93565b5f614d93565b8c5160208e0151600a549395509193506127cc928c929086908690640100000000810461ffff16906a010000000000000000000090046001600160a01b031661341d565b5f6127d68a6134ef565b90506127eb8a8d5f01518e6020015184613591565b604080516001600160a01b0389168152602081018890529081018990528a907fec98394e5abeb0696c63acd0b28bb4f3515e251db60eea39a575433936a7747290606001611312565b505050505050565b6006602052825f5260405f20602052815f5260405f2081815481106109e5575f80fd5b6128676145a2565b600180546001600160a01b0383167fffffffffffffffffffffffff000000000000000000000000000000000000000090911681179091556128af5f546001600160a01b031690565b6001600160a01b03167f38d16b8cac22d99fc7c124b9cd0de2d3fa1faef420bfe791d8c362d765e2270060405160405180910390a350565b335f9081526002602052604090205460ff1661292f576040517f82b4290000000000000000000000000000000000000000000000000000000000815260040160405180910390fd5b6129597f000000000000000000000000000000000000000000000000000000000000000083612afb565b7f00000000000000000000000000000000000000000000000000000000000000006001600160a01b03166348c8949183836040516020016129ad9291909182526001600160a01b0316602082015260400190565b6040516020818303038152906040526040518263ffffffff1660e01b81526004016129d891906195ed565b5f604051808303815f875af11580156129f3573d5f803e3d5ffd5b505050506040513d5f823e601f3d908101601f191682016040526115699190810190619a52565b5f6040517f0a85dc2900000000000000000000000000000000000000000000000000000000815260040160405180910390fd5b5f7f00000000000000000000000000000000000000000000000000000000000000006001600160a01b0316866001600160a01b031614158015612a9957506001600160a01b0386163014155b15612ad0576040517f82b4290000000000000000000000000000000000000000000000000000000000815260040160405180910390fd5b507f259982e50000000000000000000000000000000000000000000000000000000095945050505050565b335f9081526002602052604090205460ff1615612bae575f336001600160a01b031663ae41abab6040518163ffffffff1660e01b8152600401602060405180830381865afa158015612b4f573d5f803e3d5ffd5b505050506040513d601f19601f82011682018060405250810190612b739190619a3b565b9050808214611569576040517f82b4290000000000000000000000000000000000000000000000000000000000815260040160405180910390fd5b6040517f6352211e000000000000000000000000000000000000000000000000000000008152600481018290525f906001600160a01b03841690636352211e90602401602060405180830381865afa158015612c0c573d5f803e3d5ffd5b505050506040513d601f19601f82011682018060405250810190612c30919061a227565b90506001600160a01b0381163314801590612c5457506001600160a01b0381163014155b15611569576040517f82b4290000000000000000000000000000000000000000000000000000000000815260040160405180910390fd5b5050565b5f805f805f7f00000000000000000000000000000000000000000000000000000000000000006001600160a01b0316637ba03aad886040518263ffffffff1660e01b8152600401612ce291815260200190565b60c060405180830381865afa158015612cfd573d5f803e3d5ffd5b505050506040513d601f19601f82011682018060405250810190612d219190619ae6565b5090505f86612dcf576040517f1efeed33000000000000000000000000000000000000000000000000000000008152600481018990527f00000000000000000000000000000000000000000000000000000000000000006001600160a01b031690631efeed3390602401602060405180830381865afa158015612da6573d5f803e3d5ffd5b505050506040513d601f19601f82011682018060405250810190612dca919061a242565b612dd1565b5f5b825160208401519097509550905086158015612dfd57506fffffffffffffffffffffffffffffffff8116155b15612e1057505f92508291506130759050565b6040517f010000000000000000000000000000000000000000000000000000000000000060208201527f110000000000000000000000000000000000000000000000000000000000000060218201525f9060220160408051808303601f1901815260028084526060840190925292505f9190816020015b6060815260200190600190039081612e8757505060408051602080820183525f8083529251939450612ec1938e938893909283920161a271565b604051602081830303815290604052815f81518110612ee257612ee26199e7565b602090810291909101810191909152604080516001600160a01b03808c16938201939093529189169082015230606082015260800160405160208183030381529060405281600181518110612f3957612f396199e7565b60209081029190910101526040517f4afe393c0000000000000000000000000000000000000000000000000000000081526001600160a01b037f00000000000000000000000000000000000000000000000000000000000000001690634afe393c90612fab908590859060040161a30d565b5f604051808303815f87803b158015612fc2575f80fd5b505af1925050508015612fd3575060015b613047573d808015613000576040519150601f19603f3d011682016040523d82523d5f602084013e613005565b606091505b507fbb28a73d836c24b9aa0fd49efd729d2749c5a3cc2149c32bbd069018db6b20d68383836040516130399392919061a331565b60405180910390a150613070565b613059886001600160a01b03166150cb565b955061306d876001600160a01b03166150cb565b94505b505050505b92959194509250565b6040805160a0810182525f808252602082018190529181018290526060810182905260808101919091525f838152600b602052604090208054600190910154608084015162ffffff7501000000000000000000000000000000000000000000840416927801000000000000000000000000000000000000000000000000900460020b916001600160a01b039081169116811480156131295750846040015162ffffff168362ffffff16145b801561313e5750846060015160020b8260020b145b1561314e578493505050506118bf565b50506040805160a08101825284516001600160a01b0390811682526020958601518116868301525f878152600b80885284822080547501000000000000000000000000000000000000000000810462ffffff1696860196909652780100000000000000000000000000000000000000000000000090950460020b60608501529790529590945260010154909316608083015250919050565b5f80836132115761320c600173fffd8963efd1fc6a506488495d951d5263988d2661a369565b613221565b6132216401000276a3600161a388565b90505f60405180606001604052808615158152602001856132419061a3a7565b8152602001836001600160a01b031681525090507f00000000000000000000000000000000000000000000000000000000000000006001600160a01b031663f3cd914c87836040518363ffffffff1660e01b81526004016132a392919061a3dd565b6020604051808303815f875af19250505080156132dd575060408051601f3d908101601f191682019092526132da91810190619a3b565b60015b613351573d80801561330a576040519150601f19603f3d011682016040523d82523d5f602084013e61330f565b606091505b507ffd918fb944f7a3fb23e1506087b70098f4be12c471e0fb45d6dda9d339706c398783836040516133439392919061a475565b60405180910390a150613360565b80935061335e8785615165565b505b50509392505050565b5f805f6133768660801d90565b600f0b12156133a6576133898560801d90565b6133929061a50b565b61339f90600f0b856199d4565b91506133c0565b6133b08560801d90565b6133bd90600f0b8561a547565b91505b5f6133cb86600f0b90565b600f0b12156133fb576133de85600f0b90565b6133e79061a50b565b6133f490600f0b846199d4565b9050613415565b61340585600f0b90565b61341290600f0b8461a547565b90505b935093915050565b8315613453576134538161271061343861ffff86168861997d565b61344291906199c1565b6001600160a01b03891691906156d1565b8215613489576134898161271061346e61ffff86168761997d565b61347891906199c1565b6001600160a01b03881691906156d1565b604080516001600160a01b038089168252808816602083015291810186905260608101859052908216608082015287907fa69f55c67ce98a05490275ae3d2e7b0ed184a90bf0a35c37fa85f1c7aa7ee5d19060a00160405180910390a250505050505050565b6040517f6352211e000000000000000000000000000000000000000000000000000000008152600481018290525f907f00000000000000000000000000000000000000000000000000000000000000006001600160a01b031690636352211e90602401602060405180830381865afa15801561356d573d5f803e3d5ffd5b505050506040513d601f19601f820116820180604052508101906118bf919061a227565b5f6135a4846001600160a01b03166150cb565b90505f6135b9846001600160a01b03166150cb565b905081156135d5576135d56001600160a01b03861684846156d1565b80156135ef576135ef6001600160a01b03851684836156d1565b604080516001600160a01b038088168252861660208201529081018390526060810182905286907f6f0fdd74d7895cd66b557c2208b25a85ab549c4dcd154b4d56c3640e74c71009906080016123d1565b5f805f60405180606001604052807f00000000000000000000000000000000000000000000000000000000000000006001600160a01b031681526020018981526020018a6060015160020b81525090505f61369b8b8b61307e565b90505f808b608001516001600160a01b031683608001516001600160a01b03161480156136d957508b6040015162ffffff16836040015162ffffff16145b80156136f257508b6060015160020b836060015160020b145b1561371257613704848b8b8b8b6157d4565b509193509091506137679050565b5f6137477f00000000000000000000000000000000000000000000000000000000000000006137428660a0902090565b615c90565b505050905061375e818c8c8c8c8960400151615d5b565b91945090925050505b811561378d575f6137798483856131e6565b9050613786818a8a613369565b9099509750505b50959b949a509398505050505050505050565b80158015906137b757506001600160a01b03821615155b15612c8b576001600160a01b0382165f90815260036020526040902054829060ff1661386957613828817f00000000000000000000000000000000000000000000000000000000000000007fffffffffffffffffffffffffffffffffffffffffffffffffffffffffffffffff614c84565b6001600160a01b0381165f90815260036020526040902080547fffffffffffffffffffffffffffffffffffffffffffffffffffffffffffffff001660011790555b6040517f87517c450000000000000000000000000000000000000000000000000000000081526001600160a01b0382811660048301527f000000000000000000000000000000000000000000000000000000000000000081166024830152838116604483015265ffffffffffff421660648301527f000000000000000000000000000000000000000000000000000000000000000016906387517c45906084015f604051808303815f87803b158015613920575f80fd5b505af1158015613932573d5f803e3d5ffd5b50505050505050565b5f805f80895f015190505f8a6020015190507f00000000000000000000000000000000000000000000000000000000000000006001600160a01b03166375794a3c6040518163ffffffff1660e01b8152600401602060405180830381865afa1580156139a9573d5f803e3d5ffd5b505050506040513d601f19601f820116820180604052508101906139cd9190619a3b565b94506139e1826001600160a01b03166150cb565b93506139f5816001600160a01b03166150cb565b92505f613a277f00000000000000000000000000000000000000000000000000000000000000006137428e60a0902090565b50505090505f613a6e82613a3a8e615eb8565b613a438e615eb8565b8d6fffffffffffffffffffffffffffffffff168d6fffffffffffffffffffffffffffffffff166161b5565b604080517f020000000000000000000000000000000000000000000000000000000000000060208201527f0d00000000000000000000000000000000000000000000000000000000000000602182015281516002818303810182526022830181815260828401909452939450925f92916042015b6060815260200190600190039081613ae25790505090508e8e8e858f8f8f60405180602001604052805f815250604051602001613b2698979695949392919061a55a565b604051602081830303815290604052815f81518110613b4757613b476199e7565b602090810291909101810191909152604080516001600160a01b03808a16938201939093529187169082015230606082015260800160405160208183030381529060405281600181518110613b9e57613b9e6199e7565b60209081029190910101526040517f4afe393c0000000000000000000000000000000000000000000000000000000081526001600160a01b037f00000000000000000000000000000000000000000000000000000000000000001690634afe393c90613c10908590859060040161a30d565b5f604051808303815f87803b158015613c27575f80fd5b505af1925050508015613c38575060015b613cb2573d808015613c65576040519150601f19603f3d011682016040523d82523d5f602084013e613c6a565b606091505b507fbb28a73d836c24b9aa0fd49efd729d2749c5a3cc2149c32bbd069018db6b20d6838383604051613c9e9392919061a331565b60405180910390a15f98505f975050613cef565b613cc4866001600160a01b03166150cb565b613cce908961a644565b9750613ce2856001600160a01b03166150cb565b613cec908861a644565b96505b50505050505096509650969350505050565b60a082205f906040517f1efeed33000000000000000000000000000000000000000000000000000000008152600481018890529091505f906001600160a01b037f00000000000000000000000000000000000000000000000000000000000000001690631efeed3390602401602060405180830381865afa158015613d88573d5f803e3d5ffd5b505050506040513d601f19601f82011682018060405250810190613dac919061a242565b5f888152600b60205260408082208151610180810190925280549394509192909190829060ff166004811115613de457613de4619475565b6004811115613df557613df5619475565b81528154610100808204600290810b60208501526401000000008304810b604085015260ff6701000000000000008404811615156060860152680100000000000000008404161515608085015269010000000000000000008304810b60a08501526c010000000000000000000000008304810b60c08501526f010000000000000000000000000000008304810b60e085015272010000000000000000000000000000000000008304810b9184019190915262ffffff75010000000000000000000000000000000000000000008304166101208401527801000000000000000000000000000000000000000000000000909104900b6101408201526001909101546001600160a01b03166101609091015290506fffffffffffffffffffffffffffffffff8216156140e257600281516004811115613f3457613f34619475565b03613f94575f83815260066020526040812060a0830151613f739290613f5a908b61a66c565b60020b60020b81526020019081526020015f208961627c565b5f83815260076020526040812060c0830151613f949290613f5a908a61993c565b600284516004811115613fa957613fa9619475565b03614009575f83815260066020526040812060a0860151613fe89290613fcf908b61a66c565b60020b60020b81526020019081526020015f208961631f565b5f83815260076020526040812060c08601516140099290613fcf908a61993c565b60038151600481111561401e5761401e619475565b03614073575f8381526006602090815260408083208483015160020b8452909152902061404b908961627c565b5f8381526007602090815260408083208482015160020b84529091529020614073908961627c565b60038451600481111561408857614088619475565b036140dd575f8381526006602090815260408083208783015160020b845290915290206140b5908961631f565b5f8381526007602090815260408083208782015160020b845290915290206140dd908961631f565b6141a8565b6002815160048111156140f7576140f7619475565b0361413e575f83815260066020526040812060a083015161411d9290613f5a908b61a66c565b5f83815260076020526040812060c083015161413e9290613f5a908a61993c565b60038151600481111561415357614153619475565b036141a8575f8381526006602090815260408083208483015160020b84529091529020614180908961627c565b5f8381526007602090815260408083208482015160020b845290915290206141a8908961627c565b6004845160048111156141bd576141bd619475565b0361425c575f83815260046020526040812060608701516141ee92906141e490600261a6ad565b613fcf908b61a66c565b5f83815260046020908152604080832060028a900b84529091529020614214908961631f565b5f838152600560205260408120606087015161423692906141e490600161a6ad565b5f83815260056020526040812060608701516142579290613fcf908a61993c565b61432b565b60048151600481111561427157614271619475565b148015614291575060048451600481111561428e5761428e619475565b14155b1561432b575f83815260046020526040812060608701516142c292906142b890600261a6ad565b613f5a908b61a66c565b5f83815260046020908152604080832060028a900b845290915290206142e8908961627c565b5f838152600560205260408120606087015161430a92906142b890600161a6ad565b5f838152600560205260408120606087015161432b9290613f5a908a61993c565b5050505050505050565b5f80808061435f61434b368a90038a018a61a6cc565b61435a368a90038a018a61a6e6565b616370565b90505f60098161437e614377368d90038d018d61a6cc565b60a0902090565b81526020019081526020015f205f9054906101000a900460020b90506143dc6040518060400160405280600481526020017f7469636b000000000000000000000000000000000000000000000000000000008152508260020b616490565b61441e6040518060400160405280600781526020017f7469636b456e64000000000000000000000000000000000000000000000000008152508360020b616490565b8160020b8160020b1461456f575f8260020b8260020b126144755760045f61444e614377368e90038e018e61a6cc565b81526020019081526020015f205f8360020b60020b81526020019081526020015f206144ad565b60055f61448a614377368e90038e018e61a6cc565b81526020019081526020015f205f8360020b60020b81526020019081526020015f205b80549091505f5b8181101561451b575f8382815481106144cf576144cf6199e7565b905f5260205f20015490506145128d8036038101906144ee919061a6cc565b6145028f803603810190614377919061a6cc565b838960020b8960020b1289616503565b506001016144b4565b508360020b8360020b121561454b5761453a60808c0160608d01619b77565b614544908461993c565b9250614568565b61455b60808c0160608d01619b77565b614565908461a66c565b92505b505061441e565b507f575e24b400000000000000000000000000000000000000000000000000000000995f99508998509650505050505050565b5f546001600160a01b03163314611785576040517f118cdaa70000000000000000000000000000000000000000000000000000000081523360048201526024016117d4565b5f80306001600160a01b038a160361462357507f6c2bbe7e0000000000000000000000000000000000000000000000000000000090505f6116ee565b60608701356146898161463960208b018b619b77565b61464960408c0160208d01619b77565b614658368e90038e018e61a6cc565b5f868152600b602052604090819020815161018081019092528054829060ff16600481111561119657611196619475565b507f6c2bbe7e00000000000000000000000000000000000000000000000000000000995f9950975050505050505050565b5f806146d5836146d06080880160608901619b77565b616710565b90508060095f6146ed614377368a90038a018a61a6cc565b815260208101919091526040015f2080547fffffffffffffffffffffffffffffffffffffffffffffffffffffffffff0000001662ffffff92909216919091179055507f6fe7e6eb0000000000000000000000000000000000000000000000000000000095945050505050565b600180547fffffffffffffffffffffffff00000000000000000000000000000000000000001690556117e681616758565b6040517f7ba03aad000000000000000000000000000000000000000000000000000000008152600481018390525f9081906001600160a01b037f00000000000000000000000000000000000000000000000000000000000000001690637ba03aad9060240160c060405180830381865afa15801561480a573d5f803e3d5ffd5b505050506040513d601f19601f8201168201806040525081019061482e9190619ae6565b915091505f8061483f866001612c8f565b935093505050815f148015614852575080155b1561485f57505050505050565b614890868561486f8760a0902090565b61487c8760081c60020b90565b6148898860201c60020b90565b8787613640565b600a5491935091505f906127109084906148b69061ffff6201000082048116911661a74f565b61ffff166148c4919061997d565b6148ce91906199c1565b6148d890846199d4565b600a549091505f906127109084906148fc9061ffff6201000082048116911661a74f565b61ffff1661490a919061997d565b61491491906199c1565b61491e90846199d4565b905061492d865f0151836137a0565b61493b8660200151826137a0565b6149488887878585614d93565b87516020890151600a54939550919350614985928b92908690869061ffff8116906a010000000000000000000090046001600160a01b031661341d565b6149ab88875f015188602001518585600a60029054906101000a900461ffff168d61341d565b61432b88875f01518860200151610c348c6134ef565b5f80306001600160a01b038a16036149fd57507f9f063efc0000000000000000000000000000000000000000000000000000000090505f6116ee565b6060870135614a138161463960208b018b619b77565b507f9f063efc00000000000000000000000000000000000000000000000000000000995f9950975050505050505050565b5f80306001600160a01b03891603614a8057507fb47b2fb10000000000000000000000000000000000000000000000000000000090505f6119d2565b5f614a93614377368a90038a018a61a6cc565b90505f614ab2614aa2836167bf565b6146d060808c0160608d01619b77565b5f8381526009602052604090205490915060020b5b8160020b8160020b14614c15575f8260020b8260020b12614b03575f848152600660209081526040808320600286900b84529091529020614b20565b5f848152600760209081526040808320600286900b845290915290205b80549091508015614bc2575f82614b386001846199d4565b81548110614b4857614b486199e7565b905f5260205f200154905082805480614b6357614b6361a769565b600190038181905f5260205f20015f90559055614b9b8d803603810190614b8a919061a6cc565b87838860020b8860020b12886167f4565b614bba614ba7876167bf565b8e60600160208101906146d09190619b77565b945050614c0e565b8360020b8360020b1215614bf157614be060808d0160608e01619b77565b614bea908461993c565b9250614c0e565b614c0160808d0160608e01619b77565b614c0b908461a66c565b92505b5050614ac7565b505f91825260096020526040822080547fffffffffffffffffffffffffffffffffffffffffffffffffffffffffff0000001662ffffff929092169190911790557fb47b2fb100000000000000000000000000000000000000000000000000000000999098509650505050505050565b604080516001600160a01b038416602482015260448082018490528251808303909101815260649091019091526020810180517bffffffffffffffffffffffffffffffffffffffffffffffffffffffff167f095ea7b300000000000000000000000000000000000000000000000000000000179052614d038482616d7c565b611d9257604080516001600160a01b03851660248201525f6044808301919091528251808303909101815260649091019091526020810180517bffffffffffffffffffffffffffffffffffffffffffffffffffffffff167f095ea7b300000000000000000000000000000000000000000000000000000000179052614d89908590616e19565b611d928482616e19565b835160208501515f918291614db06001600160a01b0383166150cb565b9350614dc4816001600160a01b03166150cb565b92505f614df67f00000000000000000000000000000000000000000000000000000000000000006137428b60a0902090565b50505090505f614e098960081c60020b90565b90505f614e198a60201c60020b90565b90505f614e3284614e2985615eb8565b613a4385615eb8565b9050806fffffffffffffffffffffffffffffffff165f03614e5e575f80975097505050505050506150c1565b604080515f602082018190527f0d00000000000000000000000000000000000000000000000000000000000000602183015282516002818403810182526022840181815260828501909552909391926042015b6060815260200190600190039081614eb15790505090508e838d8d60405180602001604052805f815250604051602001614eef95949392919061a796565b604051602081830303815290604052815f81518110614f1057614f106199e7565b602090810291909101810191909152604080516001600160a01b03808c16938201939093529189169082015230606082015260800160405160208183030381529060405281600181518110614f6757614f676199e7565b60209081029190910101526040517f4afe393c0000000000000000000000000000000000000000000000000000000081526001600160a01b037f00000000000000000000000000000000000000000000000000000000000000001690634afe393c90614fd9908590859060040161a30d565b5f604051808303815f87803b158015614ff0575f80fd5b505af1925050508015615001575060015b61507b573d80801561502e576040519150601f19603f3d011682016040523d82523d5f602084013e615033565b606091505b507fbb28a73d836c24b9aa0fd49efd729d2749c5a3cc2149c32bbd069018db6b20d68383836040516150679392919061a331565b60405180910390a15f9a505f9950506150b8565b61508d886001600160a01b03166150cb565b615097908b6199d4565b99506150ab876001600160a01b03166150cb565b6150b5908a6199d4565b98505b50505050505050505b9550959350505050565b5f6001600160a01b0382166150e1575047919050565b6040517f70a082310000000000000000000000000000000000000000000000000000000081523060048201526001600160a01b038316906370a0823190602401602060405180830381865afa15801561513c573d5f803e3d5ffd5b505050506040513d601f19601f820116820180604052508101906118bf9190619a3b565b919050565b815160208301515f6151778460801d90565b600f0b90505f811215615376575f61518e8261a3a7565b6040517fa58411940000000000000000000000000000000000000000000000000000000081526001600160a01b0386811660048301529192507f00000000000000000000000000000000000000000000000000000000000000009091169063a5841194906024015f604051808303815f87803b15801561520c575f80fd5b505af115801561521e573d5f803e3d5ffd5b505050506001600160a01b0384166152b9577f00000000000000000000000000000000000000000000000000000000000000006001600160a01b03166311da60b4826040518263ffffffff1660e01b815260040160206040518083038185885af115801561528e573d5f803e3d5ffd5b50505050506040513d601f19601f820116820180604052508101906152b39190619a3b565b50615370565b6152ed6001600160a01b0385167f0000000000000000000000000000000000000000000000000000000000000000836156d1565b7f00000000000000000000000000000000000000000000000000000000000000006001600160a01b03166311da60b46040518163ffffffff1660e01b81526004016020604051808303815f875af115801561534a573d5f803e3d5ffd5b505050506040513d601f19601f8201168201806040525081019061536e9190619a3b565b505b5061541b565b5f81131561541b576040517f0b0d9c090000000000000000000000000000000000000000000000000000000081526001600160a01b038481166004830152306024830152604482018390527f00000000000000000000000000000000000000000000000000000000000000001690630b0d9c09906064015f604051808303815f87803b158015615404575f80fd5b505af1158015615416573d5f803e3d5ffd5b505050505b5f61542685600f0b90565b600f0b90505f811215615625575f61543d8261a3a7565b6040517fa58411940000000000000000000000000000000000000000000000000000000081526001600160a01b0386811660048301529192507f00000000000000000000000000000000000000000000000000000000000000009091169063a5841194906024015f604051808303815f87803b1580156154bb575f80fd5b505af11580156154cd573d5f803e3d5ffd5b505050506001600160a01b038416615568577f00000000000000000000000000000000000000000000000000000000000000006001600160a01b03166311da60b4826040518263ffffffff1660e01b815260040160206040518083038185885af115801561553d573d5f803e3d5ffd5b50505050506040513d601f19601f820116820180604052508101906155629190619a3b565b5061561f565b61559c6001600160a01b0385167f0000000000000000000000000000000000000000000000000000000000000000836156d1565b7f00000000000000000000000000000000000000000000000000000000000000006001600160a01b03166311da60b46040518163ffffffff1660e01b81526004016020604051808303815f875af11580156155f9573d5f803e3d5ffd5b505050506040513d601f19601f8201168201806040525081019061561d9190619a3b565b505b50612834565b5f811315612834576040517f0b0d9c090000000000000000000000000000000000000000000000000000000081526001600160a01b038481166004830152306024830152604482018390527f00000000000000000000000000000000000000000000000000000000000000001690630b0d9c09906064015f604051808303815f87803b1580156156b3575f80fd5b505af11580156156c5573d5f803e3d5ffd5b50505050505050505050565b5f6001600160a01b03841661571f575f805f8085875af190508061571a5761571a835f7ff4b3b1bc00000000000000000000000000000000000000000000000000000000616e93565b611d92565b6040517fa9059cbb0000000000000000000000000000000000000000000000000000000081526001600160a01b038416600482015282602482015260205f6044835f895af13d15601f3d1160015f511416171691505f81525f60208201525f60408201525080611d9257611d92847fa9059cbb000000000000000000000000000000000000000000000000000000007ff27f64e400000000000000000000000000000000000000000000000000000000616e93565b5f808080851580156157e4575084155b156157f957505f925082915081905080615c84565b8660020b8860020b12158061583157507ffffffffffffffffffffffffffffffffffffffffffffffffffffffffffff27618600289900b125b806158425750620d89e8600288900b135b15615879576040517f30673a1b00000000000000000000000000000000000000000000000000000000815260040160405180910390fd5b6158d76040518061012001604052805f6fffffffffffffffffffffffffffffffff1681526020015f81526020015f60020b81526020015f81526020015f81526020015f81526020015f81526020015f81526020015f60020b81525090565b5f805f6158fd8d602001518e5f01516001600160a01b0316615c9090919063ffffffff16565b929750909450925090506001600160a01b0385165f03615949576040517f01ac05a500000000000000000000000000000000000000000000000000000000815260040160405180910390fd5b60208d01518d515f91615965916001600160a01b031690616f54565b60408f01519091505f615978858561a7f6565b92875250602086018790526040860194909452606085018b9052608085018a905262ffffff1660e085015250506101008201525f6159b58a615eb8565b90505f6159c18a615eb8565b90508160a08401528060c08401526159f78989866001600160a01b0316856001600160a01b0316856001600160a01b0316616ff0565b9450615a2d60405180608001604052808e8152602001858152602001866001600160a01b0316815260200187151581525061701b565b825160208401516060850151608086015188615b6657856001600160a01b0316836001600160a01b03161015615b0657615a8a8385615a838a60e00151620f424003620f4240866172809092919063ffffffff16565b600161733b565b9750856001600160a01b0316886001600160a01b03161015615aae578b9a50615b06565b615ad3620f42408860e00151620f424003615acc868a89600161745c565b9190617280565b9003615ae18387865f6174ba565b6001600160a01b03871660208901529091016060870181905260808701829052859250905b856001600160a01b0316836001600160a01b031610615b4f57615b2887617584565b9750615b48620f42408860e00151620f424003615acc8b8789600161745c565b818d03019a505b615b5b8884865f6174ba565b8d8303019950615c7c565b846001600160a01b0316836001600160a01b03161115615c2057615bad8385615ba68a60e00151620f424003620f4240876172809092919063ffffffff16565b60016176bb565b9750846001600160a01b0316886001600160a01b031610615bd0578c9a50615c20565b615bee620f42408860e00151620f424003615acc88878960016174ba565b82039150615bfe8584865f61745c565b6001600160a01b03861660208901526060880183905201608087018190528492505b846001600160a01b0316836001600160a01b031611615c6957615c42876177af565b9750615c62620f42408860e00151620f424003615acc8b878960016174ba565b828e03019a505b615c758884865f61745c565b8c82030199505b505050505050505b95509550955095915050565b5f805f805f615c9e866178c7565b6040517f1e2eaeaf000000000000000000000000000000000000000000000000000000008152600481018290529091505f906001600160a01b03891690631e2eaeaf90602401602060405180830381865afa158015615cff573d5f803e3d5ffd5b505050506040513d601f19601f82011682018060405250810190615d239190619a3b565b90506001600160a01b03811695508060a01c60020b945062ffffff8160b81c16935062ffffff8160d01c169250505092959194509250565b5f808085158015615d6a575084155b15615d7c57505f915081905080615eac565b8660020b8860020b121580615db457507ffffffffffffffffffffffffffffffffffffffffffffffffffffffffffff27618600289900b125b80615dc55750620d89e8600288900b135b15615dfc576040517f30673a1b00000000000000000000000000000000000000000000000000000000815260040160405180910390fd5b5f615e0689615eb8565b90505f615e1289615eb8565b9050615e3c88888d6001600160a01b0316856001600160a01b0316856001600160a01b0316616ff0565b9250816001600160a01b03168b6001600160a01b031611615e6e57615e6488888d858a617903565b9095509350615ea9565b806001600160a01b03168b6001600160a01b031610615e9457615e6488888d848a617965565b615ea388888d85858b896179b0565b90955093505b50505b96509650969350505050565b60020b5f60ff82901d80830118620d89e8811115615efa57615efa7f8b86327a0000000000000000000000000000000000000000000000000000000084617a15565b7001fffcb933bd6fad37aa2d162d1a5940016001821602700100000000000000000000000000000000186002821615615f43576ffff97272373d413259a46990580e213a0260801c5b6004821615615f62576ffff2e50f5f656932ef12357cf3c7fdcc0260801c5b6008821615615f81576fffe5caca7e10e4e61c3624eaa0941cd00260801c5b6010821615615fa0576fffcb9843d60f6159c9db58835c9266440260801c5b6020821615615fbf576fff973b41fa98c081472e6896dfb254c00260801c5b6040821615615fde576fff2ea16466c96a3843ec78b326b528610260801c5b6080821615615ffd576ffe5dee046a99a2a811c461f1969c30530260801c5b61010082161561601d576ffcbe86c7900a88aedcffc83b479aa3a40260801c5b61020082161561603d576ff987a7253ac413176f2b074cf7815e540260801c5b61040082161561605d576ff3392b0822b70005940c7a398e4b70f30260801c5b61080082161561607d576fe7159475a2c29b7443b29c7fa6e889d90260801c5b61100082161561609d576fd097f3bdfd2022b8845ad8f792aa58250260801c5b6120008216156160bd576fa9f746462d870fdf8a65dc1f90e061e50260801c5b6140008216156160dd576f70d869a156d2a1b890bb3df62baf32f70260801c5b6180008216156160fd576f31be135f97d08fd981231505542fcfa60260801c5b6201000082161561611e576f09aa508b5b7a84e1c677de54f3e99bc90260801c5b6202000082161561613e576e5d6af8dedb81196699c329225ee6040260801c5b6204000082161561615d576d2216e584f5fa1ea926041bedfe980260801c5b6208000082161561617a576b048a170391f7dc42444e8fa20260801c5b5f8413156161a5577fffffffffffffffffffffffffffffffffffffffffffffffffffffffffffffffff045b63ffffffff0160201c9392505050565b5f836001600160a01b0316856001600160a01b031611156161d4579293925b846001600160a01b0316866001600160a01b0316116161ff576161f8858585617a24565b9050610a6b565b836001600160a01b0316866001600160a01b03161015616271575f616225878686617a24565b90505f616233878986617a95565b9050806fffffffffffffffffffffffffffffffff16826fffffffffffffffffffffffffffffffff16106162665780616268565b815b92505050610a6b565b610a68858584617a95565b5f5b8254811015611569578183828154811061629a5761629a6199e7565b905f5260205f2001540361631757825483906162b8906001906199d4565b815481106162c8576162c86199e7565b905f5260205f2001548382815481106162e3576162e36199e7565b905f5260205f200181905550828054806162ff576162ff61a769565b600190038181905f5260205f20015f90559055505050565b60010161627e565b5f5b8254811015616358578183828154811061633d5761633d6199e7565b905f5260205f2001540361635057505050565b600101616321565b5081546001810183555f928352602090922090910155565b5f8060405180606001604052807f00000000000000000000000000000000000000000000000000000000000000006001600160a01b031681526020016163b78660a0902090565b8152602001856060015160020b81525090505f835f01516163ef5760608501516163e081617ad3565b6163ea919061a66c565b6163fc565b6163fc8560600151617af3565b90505f845f0151616419576164148660600151617ad3565b616431565b606086015161642781617af3565b616431919061993c565b90505f616475848484895f0151616448575f616456565b89602001516164569061a3a7565b8a5161646f578a6020015161646a9061a3a7565b6157d4565b5f6157d4565b9350505050611a4e61648682617b28565b8860600151616710565b612c8b82826040516024016164a692919061a811565b60408051601f198184030181529190526020810180517bffffffffffffffffffffffffffffffffffffffffffffffffffffffff167f3ca6268e00000000000000000000000000000000000000000000000000000000179052617e25565b5f838152600b6020526040808220815161018081019092528054829060ff16600481111561653357616533619475565b600481111561654457616544619475565b81528154610100808204600290810b60208501526401000000008304810b604085015260ff6701000000000000008404811615156060860152680100000000000000008404161515608085015269010000000000000000008304810b60a08501526c010000000000000000000000008304810b60c08501526f010000000000000000000000000000008304810b60e085015272010000000000000000000000000000000000008304810b9184019190915262ffffff75010000000000000000000000000000000000000000008304166101208401527801000000000000000000000000000000000000000000000000909104900b6101408201526001909101546001600160a01b031661016090910152905060048151600481111561666b5761666b619475565b03612834576166af6040518060400160405280601181526020017f4155544f5f4c454e44207472696767657200000000000000000000000000000081525085617e2e565b5f60025f6166bc876134ef565b6001600160a01b0316815260208101919091526040015f205460ff16905080613932575f858152600c60205260408120549003616704576166ff87878787611a59565b613932565b613932878787876124a6565b5f8061671c838561a832565b90505f8460020b12801561673b57506167358385619b92565b60020b15155b1561674e578061674a8161a8a5565b9150505b61176c838261a6ad565b5f80546001600160a01b038381167fffffffffffffffffffffffff0000000000000000000000000000000000000000831681178455604051919092169283917f8be0079c531659141344cd1fd0a4f28419497f9722a3daafe3b4186f6b6457e09190a35050565b5f6167ea7f000000000000000000000000000000000000000000000000000000000000000083615c90565b5090949350505050565b5f838152600b6020526040808220815161018081019092528054829060ff16600481111561682457616824619475565b600481111561683557616835619475565b81528154610100808204600290810b60208501526401000000008304810b604085015260ff6701000000000000008404811615156060860152680100000000000000008404161515608085015269010000000000000000008304810b60a08501526c010000000000000000000000008304810b60c08501526f010000000000000000000000000000008304810b60e085015272010000000000000000000000000000000000008304810b9184019190915262ffffff75010000000000000000000000000000000000000000008304166101208401527801000000000000000000000000000000000000000000000000909104810b6101408301526001909201546001600160a01b0316610160909101529091505f9081616954876134ef565b6001600160a01b0316815260208101919091526040015f205460ff16905060038251600481111561698757616987619475565b148015616992575083155b80156169a75750816020015160020b8360020b145b15616abd578015616aac57336001600160a01b03166378cc76448630306001600160a01b03166333afbba78c8c8c8c8b606001516040516024016169ef95949392919061a901565b60408051808303601f1901815291815260208201805160e094851b7bffffffffffffffffffffffffffffffffffffffffffffffffffffffff909116179052519186901b7fffffffff00000000000000000000000000000000000000000000000000000000168252616a669493925090600401619a14565b6020604051808303815f875af1158015616a82573d5f803e3d5ffd5b505050506040513d601f19601f82011682018060405250810190616aa69190619a3b565b50613932565b6166ff878787878660600151610ae4565b600382516004811115616ad257616ad2619475565b148015616adc5750835b8015616af15750816040015160020b8360020b145b15616b4a578015616b3957336001600160a01b03166378cc76448630306001600160a01b03166333afbba78c8c8c8c8b608001516040516024016169ef95949392919061a901565b6166ff878787878660800151610ae4565b600282516004811115616b5f57616b5f619475565b03613932576040517f7ba03aad000000000000000000000000000000000000000000000000000000008152600481018690525f907f00000000000000000000000000000000000000000000000000000000000000006001600160a01b031690637ba03aad9060240160c060405180830381865afa158015616be2573d5f803e3d5ffd5b505050506040513d601f19601f82011682018060405250810190616c069190619ae6565b9150505f616c178260081c60020b90565b90505f616c278360201c60020b90565b90508460a0015182616c39919061a66c565b60020b8660020b148015616c4b575086155b80616c71575060c0850151616c60908261993c565b60020b8660020b148015616c715750865b156156c5578315616d7057336001600160a01b03166378cc76448930306001600160a01b0316634fe072218f8f8f8e604051602401616cb3949392919061a984565b60408051808303601f1901815291815260208201805160e094851b7bffffffffffffffffffffffffffffffffffffffffffffffffffffffff909116179052519186901b7fffffffff00000000000000000000000000000000000000000000000000000000168252616d2a9493925090600401619a14565b6020604051808303815f875af1158015616d46573d5f803e3d5ffd5b505050506040513d601f19601f82011682018060405250810190616d6a9190619a3b565b506156c5565b6156c58a8a8a89610c97565b5f805f846001600160a01b031684604051616d97919061a9ff565b5f604051808303815f865af19150503d805f8114616dd0576040519150601f19603f3d011682016040523d82523d5f602084013e616dd5565b606091505b5091509150818015616dff575080511580616dff575080806020019051810190616dff919061aa15565b8015610a6b5750505050506001600160a01b03163b151590565b5f616e2d6001600160a01b03841683617ea1565b905080515f14158015616e51575080806020019051810190616e4f919061aa15565b155b15611569576040517f5274afe70000000000000000000000000000000000000000000000000000000081526001600160a01b03841660048201526024016117d4565b6040517f90bfb865000000000000000000000000000000000000000000000000000000008082526001600160a01b03851660048301527fffffffff0000000000000000000000000000000000000000000000000000000084166024830152608060448301526020601f3d018190040260a0810160648401523d608484015290913d5f60a483013e60048260a4018201527fffffffff0000000000000000000000000000000000000000000000000000000084168260c4018201528160e40181fd5b5f80616f5f836178c7565b90505f616f6d60038361a547565b6040517f1e2eaeaf000000000000000000000000000000000000000000000000000000008152600481018290529091506001600160a01b03861690631e2eaeaf90602401602060405180830381865afa158015616fcc573d5f803e3d5ffd5b505050506040513d601f19601f82011682018060405250810190610a6b9190619a3b565b5f828411616fff57505f610a6b565b81841061700e57506001610a6b565b6161f88686868686617eae565b5f7fffffffffffffffffffffffffffffffffffffffffffffffffffffffffffff8000815b5f6170986040518060c00160405280875f0151815260200187602001516040015160020b81526020018760200151610100015160020b81526020018760600151151581526020018560010b815260200184815250617ef8565b8051602082015160408301519196509450925090505f6170b785615eb8565b90505f80876060015161712157602080890151908101518151608083015160e0909301515f9384936170ef93909289928603906182ad565b6001600160a01b0390931660408e015260208d015160608101516080909101519101965091019003925061717b915050565b602080890151908101518151606083015160e0909301515f93849361714c93909289928603906182ad565b6001600160a01b0390931660408e015260208d0151606081015160809091015192909301909203955001925050505b826001600160a01b031688604001516001600160a01b0316146171a15750505050611d92565b876060015115156171d283838b604001516001600160a01b03168c6020015160a001518d6020015160c00151616ff0565b1515146171e25750505050611d92565b8751602081015190515f91617201916001600160a01b0316908a618410565b9150505f896060015190505f8a6020015190505f8b60400151905083835f031883019350838251018252806020830152828b036040830152856060830152846080830152818c60200181905250808c604001906001600160a01b031690816001600160a01b0316815250505050505050505050600161703f5750505050565b5f838302817fffffffffffffffffffffffffffffffffffffffffffffffffffffffffffffffff858709828110838203039150508084116172be575f80fd5b805f036172d057508290049050612452565b5f848688095f868103871696879004966002600389028118808a02820302808a02820302808a02820302808a02820302808a02820302808a02909103029181900381900460010186841190950394909402919094039290920491909117919091029150509392505050565b5f81156173c6575f6001600160a01b038411156173815761737c846c01000000000000000000000000876fffffffffffffffffffffffffffffffff16617280565b6173a1565b6173a16fffffffffffffffffffffffffffffffff8616606086901b6199c1565b90506173be6173b9826001600160a01b03891661a547565b6184c7565b91505061176c565b5f6001600160a01b0384111561740557617400846c01000000000000000000000000876fffffffffffffffffffffffffffffffff16618501565b61742b565b61742b606085901b6fffffffffffffffffffffffffffffffff8716808204910615150190565b9050806001600160a01b0387161161744a57634323a5555f526004601cfd5b6001600160a01b03861603905061176c565b5f6001600160a01b038481169086160360ff81901d908101186c010000000000000000000000006fffffffffffffffffffffffffffffffff85166174a1818484617280565b9350845f83858409111684019350505050949350505050565b5f836001600160a01b0316856001600160a01b031611156174d9579293925b6001600160a01b0385166174f35762bfc9215f526004601cfd5b7bffffffffffffffffffffffffffffffff000000000000000000000000606084901b166001600160a01b03868603168361755857866001600160a01b03166175458383896001600160a01b0316617280565b8161755257617552619994565b04611a4e565b611a4e61756f8383896001600160a01b0316618501565b886001600160a01b0316808204910615150190565b5f805f805f805f805f8951935060208a0151945060c08a0151925060e08a0151915081620f42400390505f8460601b86810460608d015101915084830281620f4240020482039950506175e9818c60a001516c01000000000000000000000000617280565b9750818584020488039750505f617622858388620f4240028161760e5761760e619994565b046c01000000000000000000000000617280565b60808c015160a08d015191810192509061764b9087906c01000000000000000000000000617280565b820397508088116176635763202368085f526004601cfd5b61767b826c0100000000000000000000000087617280565b8903985050508760011b97508560011b9550505050505f836176a284870286870201618531565b0160601b94909405818118908210021895945050505050565b5f825f036176ca57508361176c565b7bffffffffffffffffffffffffffffffff000000000000000000000000606085901b16821561776e576001600160a01b0386168481029085828161771057617710619994565b04036177405781810182811061773e5761773483896001600160a01b031683618501565b935050505061176c565b505b506173be81856177596001600160a01b038a16836199c1565b617763919061a547565b808204910615150190565b6001600160a01b0386168481029085820414818311166177955763f5c787f15f526004601cfd5b8082036177346173b9846001600160a01b038b1684618501565b8051602082015160c083015160e08401516060808601515f959182901b848104620f42408581038089029190930204830190810396889687969195949093919290808a116178045763202368085f526004601cfd5b50617821818c60a001516c01000000000000000000000000617280565b8386028390040197505f905061784585876c01000000000000000000000000617280565b90508060808c015101905061786c85838d60a00151620f4240028161760e5761760e619994565b81039650617888816c0100000000000000000000000086617280565b88039750508760011b97508560011b9550505050505f836178ae84870286870201618531565b0160601b94909404818118908211021895945050505050565b6040515f906178e6908390600690602001918252602082015260400190565b604051602081830303815290604052805190602001209050919050565b5f80855f0361791657505f9050806150c1565b8591505f61792c62ffffff8516620f42406199d4565b905061795861794e88886001600160a01b0316886001600160a01b0316617280565b82620f4240617280565b9150509550959350505050565b5f80865f0361797857505f9050806150c1565b8691505f61798e62ffffff8516620f42406199d4565b905061795861794e89876001600160a01b0316896001600160a01b0316617280565b5f805f6179be888888618615565b90505f6179d362ffffff8716620f42406199d4565b905084156179f3576179e98b8b8b8a86866186a4565b9094509250617a07565b617a018b8b8b8b8686618793565b90945092505b505097509795505050505050565b815f528060020b60045260245ffd5b5f826001600160a01b0316846001600160a01b03161115617a43579192915b5f617a6e856001600160a01b0316856001600160a01b03166c01000000000000000000000000617280565b9050610a6b617a908483617a82898961a369565b6001600160a01b0316617280565b61888a565b5f826001600160a01b0316846001600160a01b03161115617ab4579192915b61244f617a90836c01000000000000000000000000617a82888861a369565b5f81600281900b620d89e881617aeb57617aeb619994565b050292915050565b5f81600281900b7ffffffffffffffffffffffffffffffffffffffffffffffffffffffffffff2761881617aeb57617aeb619994565b5f73fffd8963efd1fc6a506488495d951d51639616827ffffffffffffffffffffffffffffffffffffffffffffffffffffffffefffd895d83016001600160a01b03161115617b9a57617b9a7f614875240000000000000000000000000000000000000000000000000000000083618906565b77ffffffffffffffffffffffffffffffffffffffff00000000602083901b16805f617bc48261891b565b60ff16905060808110617bdf57607f810383901c9150617be9565b80607f0383901b91505b908002607f81811c60ff83811c9190911c800280831c81831c1c800280841c81841c1c800280851c81851c1c800280861c81861c1c800280871c81871c1c800280881c81881c1c800280891c81891c1c8002808a1c818a1c1c8002808b1c818b1c1c8002808c1c818c1c1c8002808d1c818d1c1c8002808e1c9c81901c9c909c1c80029c8d901c9e9d7fffffffffffffffffffffffffffffffffffffffffffffffffffffffffffffff808f0160401b60c09190911c678000000000000000161760c19b909b1c674000000000000000169a909a1760c29990991c672000000000000000169890981760c39790971c671000000000000000169690961760c49590951c670800000000000000169490941760c59390931c670400000000000000169290921760c69190911c670200000000000000161760c79190911c670100000000000000161760c89190911c6680000000000000161760c99190911c6640000000000000161760ca9190911c6620000000000000161760cb9190911c6610000000000000161760cc9190911c6608000000000000161760cd9190911c66040000000000001617693627a301d71055774c8581027ffffffffffffffffffffffffffffffffffd709b7e5480fba5a50fed5e62ffc5568101608090811d906fdb2df09e81959a81455e260799a0632f8301901d600281810b9083900b14617e1657886001600160a01b0316617dfb82615eb8565b6001600160a01b03161115617e105781617e18565b80617e18565b815b9998505050505050505050565b6117e6816189af565b612c8b8282604051602401617e4492919061a811565b60408051601f198184030181529190526020810180517bffffffffffffffffffffffffffffffffffffffffffffffffffffffff167fb60e72cc00000000000000000000000000000000000000000000000000000000179052617e25565b606061245283835f6189ce565b5f617ebc8585840384617280565b617eed617ed788876c01000000000000000000000000617280565b8587036c01000000000000000000000000617280565b119695505050505050565b604080516060810182525f80825260208201819052918101919091526060820151602083015160408401515f91600291820b910b81810783139190050390505f80600283900b60081d60ff8416915091508160010b866080015160010b148015617f65575060a086015115155b15617fad57617f7f8660a001518483896040015188618a76565b600290810b808752602088015190910b14617fad575060010b6020840152505060a090910151604082015290565b60808601515f9060010b7fffffffffffffffffffffffffffffffffffffffffffffffffffffffffffff800014617fe7578660800151617fe9565b825b60a08801519091505b85156181155761800360648561aa30565b60010b8260010b121561804857604088015161802060ff8761a66c565b61802a919061a6ad565b60020b87525060010b602086015250505f6040840152509092915050565b8360010b8260010b14801561805b575080155b156180865787516020810151905161807f916001600160a01b039091169084618b4e565b905061821d565b8360010b8260010b12156180c1578161809e8161aa70565b89516020810151905191945061807f92506001600160a01b039091169084618b4e565b816180cb8161aa70565b92506180da905060648561aa30565b60010b8260010b126181055787516020810151905161807f916001600160a01b039091169084618b4e565b604088015161802060ff8761a66c565b61812084606461aaa4565b60010b8260010b131561813d57604088015161802060ff8761993c565b8360010b8260010b148015618150575080155b156181915787516020015161817d9061816a84600161aaa4565b8a51516001600160a01b03169190618b4e565b9050816181898161aae4565b92505061821d565b8360010b8260010b136181c9576181a984600161aaa4565b88516020810151905191935061807f916001600160a01b03169084618b4e565b816181d38161aae4565b92506181e2905084606461aaa4565b60010b8260010b1361820d5787516020810151905161807f916001600160a01b039091169084618b4e565b604088015161802060ff8761993c565b80156182a8575f866182395761823486600161993c565b61823b565b855b90508460010b8360010b1461826f5761825a600184900b61010061a6ad565b90508661826f578061826b8161ab03565b9150505b5f8160ff1690506182878383838d604001518c618a76565b60020b8952505060019190910b602087015260408601525092949350505050565b617ff2565b5f80808062ffffff85166001600160a01b03808a16908b1610158288128015618383575f6182e68a5f0385620f424003620f4240617280565b9050826182ff576182fa8d8d8d600161745c565b61830c565b61830c8c8e8d60016174ba565b9650868110618340578b9750620f4240841461833757618332878586620f424003618501565b618339565b865b9450618359565b80965061834f8d8c8386618c1b565b9750868a5f030394505b8261836f5761836a8d898d5f6174ba565b61837b565b61837b888e8d5f61745c565b955050618401565b81618399576183948c8c8c5f6174ba565b6183a5565b6183a58b8d8c5f61745c565b94508489106183b6578a96506183c8565b8894506183c58c8b8785618c72565b96505b816183df576183da8c888c600161745c565b6183ec565b6183ec878d8c60016174ba565b95506183fe868485620f424003618501565b93505b50505095509550955095915050565b5f805f61841d8585618cc2565b6040517f1e2eaeaf000000000000000000000000000000000000000000000000000000008152600481018290529091505f906001600160a01b03881690631e2eaeaf90602401602060405180830381865afa15801561847e573d5f803e3d5ffd5b505050506040513d601f19601f820116820180604052508101906184a29190619a3b565b6fffffffffffffffffffffffffffffffff81169860809190911d975095505050505050565b806001600160a01b0381168114615160576151607f93dafdf100000000000000000000000000000000000000000000000000000000618d15565b5f61850d848484617280565b9050818061851d5761851d619994565b838509156124525760010180612452575f80fd5b5f815f0361854057505f919050565b5f600161854c84618d1d565b901c6001901b9050600181848161856557618565619994565b048201901c9050600181848161857d5761857d619994565b048201901c9050600181848161859557618595619994565b048201901c905060018184816185ad576185ad619994565b048201901c905060018184816185c5576185c5619994565b048201901c905060018184816185dd576185dd619994565b048201901c905060018184816185f5576185f5619994565b048201901c90506124528182858161860f5761860f619994565b04618db0565b5f80618621858461a369565b6001600160a01b031690505f61868061865a856001600160a01b0316886001600160a01b03166c01000000000000000000000000617280565b618664878961a369565b6001600160a01b03166c01000000000000000000000000617280565b905061869a826c0100000000000000000000000083617280565b9695505050505050565b5f805f6186bf85896c01000000000000000000000000617280565b90508089116186d4575f8092509250506119d2565b5f6186df828b6199d4565b90505f6187166186fd88886c01000000000000000000000000617280565b8a6001600160a01b03168a6001600160a01b0316617280565b90505f618730826c0100000000000000000000000061a547565b905061874a836c0100000000000000000000000083617280565b95508b861115618758578b95505b618782618778878c6001600160a01b03168c6001600160a01b0316617280565b88620f4240617280565b945050505050965096945050505050565b5f805f6187ae85896c01000000000000000000000000617280565b90508881116187c3575f8092509250506119d2565b5f6187ce8a836199d4565b90505f6188056187ec88886c01000000000000000000000000617280565b896001600160a01b03168b6001600160a01b0316617280565b90505f81618826888b6001600160a01b03168d6001600160a01b0316617280565b618830919061a547565b905061885c618852848c6001600160a01b03168c6001600160a01b0316617280565b620f424083617280565b95508a86111561886a578a95505b618782618778878b6001600160a01b03168d6001600160a01b0316617280565b806fffffffffffffffffffffffffffffffff81168114615160576040517f08c379a000000000000000000000000000000000000000000000000000000000815260206004820152601260248201527f6c6971756964697479206f766572666c6f77000000000000000000000000000060448201526064016117d4565b815f526001600160a01b03811660045260245ffd5b5f808211618927575f80fd5b507f0706060506020500060203020504000106050205030304010505030400000000601f6f8421084210842108cc6318c6db6d54be6fffffffffffffffffffffffffffffffff841160071b84811c67ffffffffffffffff1060061b1784811c63ffffffff1060051b1784811c61ffff1060041b1784811c60ff1060031b1793841c1c161a1790565b5f6a636f6e736f6c652e6c6f6790505f80835160208501845afa505050565b606081471015618a0c576040517fcd7860590000000000000000000000000000000000000000000000000000000081523060048201526024016117d4565b5f80856001600160a01b03168486604051618a27919061a9ff565b5f6040518083038185875af1925050503d805f8114618a61576040519150601f19603f3d011682016040523d82523d5f602084013e618a66565b606091505b509150915061869a868383618dc5565b5f8115618add577fffffffffffffffffffffffffffffffffffffffffffffffffffffffffffffffff60ff80861690031c8681168015618acb575f618ab98261891b565b870360ff16880386029350618ad69050565b848660ff1688030292505b5050610a6b565b60019485019460ff86169450841b7fffffffffffffffffffffffffffffffffffffffffffffffffffffffffffffffff01198681168015618b35575f618b2182618e3a565b90508587820360ff16890102935050618b43565b848660ff0360ff1688010292505b505095945050505050565b5f80618b59846178c7565b90505f618b6760058361a547565b60408051600187900b60208201529081018290529091505f9060600160408051808303601f190181529082905280516020909101207f1e2eaeaf0000000000000000000000000000000000000000000000000000000082526004820181905291506001600160a01b03881690631e2eaeaf90602401602060405180830381865afa158015618bf7573d5f803e3d5ffd5b505050506040513d601f19601f82011682018060405250810190611a4e9190619a3b565b5f6fffffffffffffffffffffffffffffffff8416156001600160a01b038616151715618c4e57634f2461b85f526004601cfd5b81618c6557618c60858585600161733b565b611769565b61176985858560016176bb565b5f6fffffffffffffffffffffffffffffffff8416156001600160a01b038616151715618ca557634f2461b85f526004601cfd5b81618cb657618c608585855f6176bb565b6117698585855f61733b565b5f80618ccd846178c7565b90505f618cdb60048361a547565b60408051600287900b6020820152908101829052909150606001604051602081830303815290604052805190602001209250505092915050565b805f5260045ffd5b5f80608083901c15618d3157608092831c92015b604083901c15618d4357604092831c92015b602083901c15618d5557602092831c92015b601083901c15618d6757601092831c92015b600883901c15618d7957600892831c92015b600483901c15618d8b57600492831c92015b600283901c15618d9d57600292831c92015b600183901c156118bf5760010192915050565b5f818310618dbe5781612452565b5090919050565b606082618dda57618dd582618ed4565b612452565b8151158015618df157506001600160a01b0384163b155b15618e33576040517f9996b3150000000000000000000000000000000000000000000000000000000081526001600160a01b03851660048201526024016117d4565b5080612452565b5f808211618e46575f80fd5b507e1f0d1e100c1d070f090b19131c1706010e11080a1a141802121b15031604055f8290039091166101e07f804040554300526644320000502061067405302602000010750620017611707760fc7fb6db6db6ddddddddd34d34d349249249210842108c6318c639ce739cffffffff840260f81c161b60f71c1690811c63d76453e004601f169190911a1790565b805115618ee45780518082602001fd5b6040517f1425ea4200000000000000000000000000000000000000000000000000000000815260040160405180910390fd5b8060020b81146117e6575f80fd5b803561516081618f16565b5f805f60608486031215618f41575f80fd5b833592506020840135618f5381618f16565b929592945050506040919091013590565b6001600160a01b03811681146117e6575f80fd5b5f60a08284031215618f88575f80fd5b50919050565b5f60808284031215618f88575f80fd5b5f8083601f840112618fae575f80fd5b50813567ffffffffffffffff811115618fc5575f80fd5b602083019150836020828501011115618fdc575f80fd5b9250929050565b5f805f805f6101608688031215618ff8575f80fd5b853561900381618f64565b94506190128760208801618f78565b93506190218760c08801618f8e565b925061014086013567ffffffffffffffff81111561903d575f80fd5b61904988828901618f9e565b969995985093965092949392505050565b5f6020828403121561906a575f80fd5b5035919050565b7f4e487b71000000000000000000000000000000000000000000000000000000005f52604160045260245ffd5b60405160a0810167ffffffffffffffff811182821017156190c1576190c1619071565b60405290565b604051610180810167ffffffffffffffff811182821017156190c1576190c1619071565b604051601f8201601f1916810167ffffffffffffffff8111828210171561911457619114619071565b604052919050565b62ffffff811681146117e6575f80fd5b80356151608161911c565b803561516081618f64565b5f60a08284031215619152575f80fd5b61915a61909e565b9050813561916781618f64565b8152602082013561917781618f64565b6020820152604082013561918a8161911c565b6040820152606082013561919d81618f16565b606082015260808201356191b081618f64565b608082015292915050565b80151581146117e6575f80fd5b8035615160816191bb565b5f805f805f61012086880312156191e8575f80fd5b6191f28787619142565b945060a0860135935060c0860135925060e0860135619210816191bb565b9150610100860135619221816191bb565b809150509295509295909350565b5f805f806101008587031215619243575f80fd5b61924d8686619142565b935060a0850135925060c0850135915060e085013561926b81618f16565b939692955090935050565b5f60208284031215619286575f80fd5b813567ffffffffffffffff81111561929c575f80fd5b8201601f810184136192ac575f80fd5b803567ffffffffffffffff8111156192c6576192c6619071565b8060051b6192d6602082016190eb565b918252602081840181019290810190878411156192f1575f80fd5b6020850194505b83851015611a4e578435808352602095860195909350909101906192f8565b5f60608284031215618f88575f80fd5b5f805f805f610140868803121561933c575f80fd5b853561934781618f64565b94506193568760208801618f78565b93506193658760c08801619317565b925061012086013567ffffffffffffffff81111561903d575f80fd5b5f60208284031215619391575f80fd5b813561245281618f64565b5f805f805f805f6101a0888a0312156193b3575f80fd5b87356193be81618f64565b96506193cd8960208a01618f78565b95506193dc8960c08a01618f8e565b94506101408801359350610160880135925061018088013567ffffffffffffffff811115619408575f80fd5b6194148a828b01618f9e565b989b979a50959850939692959293505050565b5f805f80610100858703121561943b575f80fd5b843561944681618f64565b93506194558660208701618f78565b925060c085013561946581618f64565b915060e085013561926b81618f16565b7f4e487b71000000000000000000000000000000000000000000000000000000005f52602160045260245ffd5b600581106194d7577f4e487b71000000000000000000000000000000000000000000000000000000005f52602160045260245ffd5b9052565b61018081016194ea828f6194a2565b8c60020b60208301528b60020b60408301528a1515606083015289151560808301528860020b60a083015261952460c083018960020b9052565b61953360e083018860020b9052565b61954361010083018760020b9052565b62ffffff851661012083015261955f61014083018560020b9052565b6001600160a01b0383166101608301529d9c50505050505050505050505050565b5f8060208385031215619591575f80fd5b823567ffffffffffffffff8111156195a7575f80fd5b6195b385828601618f9e565b90969095509350505050565b5f81518084528060208401602086015e5f602082860101526020601f19601f83011685010191505092915050565b602081525f61245260208301846195bf565b5f805f805f806101608789031215619615575f80fd5b863561962081618f64565b955061962f8860208901618f78565b945061963e8860c08901619317565b9350610120870135925061014087013567ffffffffffffffff811115619662575f80fd5b61966e89828a01618f9e565b979a9699509497509295939492505050565b5f805f805f806101208789031215619696575f80fd5b86356196a181618f64565b95506196b08860208901618f78565b945060c0870135935060e0870135925061010087013567ffffffffffffffff811115619662575f80fd5b5f805f8061010085870312156196ee575f80fd5b6196f88686619142565b935060a0850135925060c0850135915060e085013561926b816191bb565b5f808284036101a0811215619729575f80fd5b83359250610180601f198201121561973f575f80fd5b506020830190509250929050565b8151151581526101c08101602083015161976b602084018215159052565b50604083015161977f604084018215159052565b506060830151619793606084018215159052565b5060808301516197a7608084018215159052565b5060a08301516197bb60a084018215159052565b5060c08301516197cf60c084018215159052565b5060e08301516197e360e084018215159052565b506101008301516197f961010084018215159052565b5061012083015161980f61012084018215159052565b5061014083015161982561014084018215159052565b5061016083015161983b61016084018215159052565b5061018083015161985161018084018215159052565b506101a08301516198676101a084018215159052565b5092915050565b5f805f60e08486031215619880575f80fd5b833561988b81618f64565b925061989a8560208601618f78565b915060c08401356198aa81618f64565b809150509250925092565b5f80604083850312156198c6575f80fd5b82356198d181618f64565b915060208301356198e181618f64565b809150509250929050565b5f80604083850312156198fd575f80fd5b8235915060208301356198e181618f64565b7f4e487b71000000000000000000000000000000000000000000000000000000005f52601160045260245ffd5b600281810b9083900b01627fffff81137fffffffffffffffffffffffffffffffffffffffffffffffffffffffffff800000821217156118bf576118bf61990f565b80820281158282048414176118bf576118bf61990f565b7f4e487b71000000000000000000000000000000000000000000000000000000005f52601260045260245ffd5b5f826199cf576199cf619994565b500490565b818103818111156118bf576118bf61990f565b7f4e487b71000000000000000000000000000000000000000000000000000000005f52603260045260245ffd5b8381526001600160a01b0383166020820152606060408201525f61176960608301846195bf565b5f60208284031215619a4b575f80fd5b5051919050565b5f60208284031215619a62575f80fd5b815167ffffffffffffffff811115619a78575f80fd5b8201601f81018413619a88575f80fd5b805167ffffffffffffffff811115619aa257619aa2619071565b619ab56020601f19601f840116016190eb565b818152856020838501011115619ac9575f80fd5b8160208401602083015e5f91810160200191909152949350505050565b5f8082840360c0811215619af8575f80fd5b60a0811215619b05575f80fd5b50619b0e61909e565b8351619b1981618f64565b81526020840151619b2981618f64565b60208201526040840151619b3c8161911c565b60408201526060840151619b4f81618f16565b60608201526080840151619b6281618f64565b608082015260a0939093015192949293505050565b5f60208284031215619b87575f80fd5b813561245281618f16565b5f8260020b80619ba457619ba4619994565b808360020b0791505092915050565b600581106117e6575f80fd5b803561516081619bb3565b5f610180828403128015619bdc575f80fd5b50619be56190c7565b619bee83619bbf565b8152619bfc60208401618f24565b6020820152619c0d60408401618f24565b6040820152619c1e606084016191c8565b6060820152619c2f608084016191c8565b6080820152619c4060a08401618f24565b60a0820152619c5160c08401618f24565b60c0820152619c6260e08401618f24565b60e0820152619c746101008401618f24565b610100820152619c87610120840161912c565b610120820152619c9a6101408401618f24565b610140820152619cad6101608401619137565b6101608201529392505050565b5f81356118bf81619bb3565b60058210619cfb577f4e487b71000000000000000000000000000000000000000000000000000000005f52602160045260245ffd5b7fffffffffffffffffffffffffffffffffffffffffffffffffffffffffffffff0081541660ff831681178255505050565b5f81356118bf81618f16565b5f81356118bf816191bb565b5f81356118bf8161911c565b5f81356118bf81618f64565b619d6e619d6883619cba565b82619cc6565b619db5619d7d60208401619d2c565b8280548260081b63ffffff00167fffffffffffffffffffffffffffffffffffffffffffffffffffffffff000000ff8216178255505050565b619dff619dc460408401619d2c565b8280548260201b66ffffff00000000167fffffffffffffffffffffffffffffffffffffffffffffffffff000000ffffffff8216178255505050565b619e4b619e0e60608401619d38565b8280547fffffffffffffffffffffffffffffffffffffffffffffffff00ffffffffffffff1691151560381b67ff0000000000000016919091179055565b619e98619e5a60808401619d38565b8280547fffffffffffffffffffffffffffffffffffffffffffffff00ffffffffffffffff1691151560401b68ff000000000000000016919091179055565b619ee7619ea760a08401619d2c565b8280548260481b6bffffff000000000000000000167fffffffffffffffffffffffffffffffffffffffff000000ffffffffffffffffff8216178255505050565b619f39619ef660c08401619d2c565b8280548260601b6effffff000000000000000000000000167fffffffffffffffffffffffffffffffffff000000ffffffffffffffffffffffff8216178255505050565b619f8e619f4860e08401619d2c565b8280548260781b71ffffff000000000000000000000000000000167fffffffffffffffffffffffffffff000000ffffffffffffffffffffffffffffff8216178255505050565b619fe7619f9e6101008401619d2c565b8280548260901b74ffffff000000000000000000000000000000000000167fffffffffffffffffffffff000000ffffffffffffffffffffffffffffffffffff8216178255505050565b61a040619ff76101208401619d44565b82547fffffffffffffffff000000ffffffffffffffffffffffffffffffffffffffffff1660a89190911b77ffffff00000000000000000000000000000000000000000016178255565b61a09f61a0506101408401619d2c565b8280548260c01b7affffff000000000000000000000000000000000000000000000000167fffffffffff000000ffffffffffffffffffffffffffffffffffffffffffffffff8216178255505050565b612c8b61a0af6101608401619d50565b600183016001600160a01b0382167fffffffffffffffffffffffff00000000000000000000000000000000000000008254161781555050565b610180810161a0ff8261a0fa85619bbf565b6194a2565b61a10b60208401618f24565b61a11a602084018260020b9052565b5061a12760408401618f24565b61a136604084018260020b9052565b5061a143606084016191c8565b1515606083015261a156608084016191c8565b1515608083015261a16960a08401618f24565b61a17860a084018260020b9052565b5061a18560c08401618f24565b61a19460c084018260020b9052565b5061a1a160e08401618f24565b61a1b060e084018260020b9052565b5061a1be6101008401618f24565b61a1ce61010084018260020b9052565b5061a1dc610120840161912c565b62ffffff1661012083015261a1f46101408401618f24565b61a20461014084018260020b9052565b5061a2126101608401619137565b6001600160a01b038116610160840152619867565b5f6020828403121561a237575f80fd5b815161245281618f64565b5f6020828403121561a252575f80fd5b81516fffffffffffffffffffffffffffffffff81168114612452575f80fd5b8581526fffffffffffffffffffffffffffffffff8516602082015260ff8416604082015260ff8316606082015260a060808201525f611a4e60a08301846195bf565b5f82825180855260208501945060208160051b830101602085015f5b8381101561a30157601f1985840301885261a2eb8383516195bf565b602098890198909350919091019060010161a2cf565b50909695505050505050565b604081525f61a31f60408301856195bf565b8281036020840152610a6b818561a2b3565b606081525f61a34360608301866195bf565b828103602084015261a355818661a2b3565b9050828103604084015261869a81856195bf565b6001600160a01b0382811682821603908111156118bf576118bf61990f565b6001600160a01b0381811683821601908111156118bf576118bf61990f565b5f7f8000000000000000000000000000000000000000000000000000000000000000820361a3d75761a3d761990f565b505f0390565b61a43581846001600160a01b0381511682526001600160a01b03602082015116602083015262ffffff6040820151166040830152606081015160020b60608301526001600160a01b0360808201511660808301525050565b8151151560a0820152602082015160c082015260408201516001600160a01b031660e082015261012061010082018190525f908201526101400192915050565b61a4cd81856001600160a01b0381511682526001600160a01b03602082015116602083015262ffffff6040820151166040830152606081015160020b60608301526001600160a01b0360808201511660808301525050565b8251151560a0820152602083015160c082015260408301516001600160a01b031660e08201526101206101008201525f6117696101208301846195bf565b5f81600f0b7fffffffffffffffffffffffffffffffff80000000000000000000000000000000810361a53f5761a53f61990f565b5f0392915050565b808201808211156118bf576118bf61990f565b61a5b2818a6001600160a01b0381511682526001600160a01b03602082015116602083015262ffffff6040820151166040830152606081015160020b60608301526001600160a01b0360808201511660808301525050565b8760020b60a08201528660020b60c08201526fffffffffffffffffffffffffffffffff861660e08201526fffffffffffffffffffffffffffffffff85166101008201526fffffffffffffffffffffffffffffffff84166101208201526001600160a01b0383166101408201526101806101608201525f61a6366101808301846195bf565b9a9950505050505050505050565b6fffffffffffffffffffffffffffffffff82811682821603908111156118bf576118bf61990f565b600282810b9082900b037fffffffffffffffffffffffffffffffffffffffffffffffffffffffffff8000008112627fffff821317156118bf576118bf61990f565b5f8260020b8260020b028060020b91508082146198675761986761990f565b5f60a0828403121561a6dc575f80fd5b6124528383619142565b5f606082840312801561a6f7575f80fd5b506040516060810167ffffffffffffffff8111828210171561a71b5761a71b619071565b604052823561a729816191bb565b815260208381013590820152604083013561a74381618f64565b60408201529392505050565b61ffff81811683821601908111156118bf576118bf61990f565b7f4e487b71000000000000000000000000000000000000000000000000000000005f52603160045260245ffd5b8581526fffffffffffffffffffffffffffffffff851660208201526fffffffffffffffffffffffffffffffff841660408201526fffffffffffffffffffffffffffffffff8316606082015260a060808201525f611a4e60a08301846195bf565b62ffffff81811683821601908111156118bf576118bf61990f565b604081525f61a82360408301856195bf565b90508260208301529392505050565b5f8160020b8360020b8061a8485761a848619994565b7fffffffffffffffffffffffffffffffffffffffffffffffffffffffffffffffff81147fffffffffffffffffffffffffffffffffffffffffffffffffffffffffff8000008314161561a89c5761a89c61990f565b90059392505050565b5f8160020b7fffffffffffffffffffffffffffffffffffffffffffffffffffffffffff800000810361a8d95761a8d961990f565b7fffffffffffffffffffffffffffffffffffffffffffffffffffffffffffffffff0192915050565b610120810161a95e82886001600160a01b0381511682526001600160a01b03602082015116602083015262ffffff6040820151166040830152606081015160020b60608301526001600160a01b0360808201511660808301525050565b60a082019590955260c081019390935290151560e0830152151561010090910152919050565b610100810161a9e182876001600160a01b0381511682526001600160a01b03602082015116602083015262ffffff6040820151166040830152606081015160020b60608301526001600160a01b0360808201511660808301525050565b8460a08301528360c08301528260020b60e083015295945050505050565b5f82518060208501845e5f920191825250919050565b5f6020828403121561aa25575f80fd5b8151612452816191bb565b600182810b9082900b037fffffffffffffffffffffffffffffffffffffffffffffffffffffffffffff80008112617fff821317156118bf576118bf61990f565b5f8160010b7fffffffffffffffffffffffffffffffffffffffffffffffffffffffffffff8000810361a8d95761a8d961990f565b600181810b9083900b01617fff81137fffffffffffffffffffffffffffffffffffffffffffffffffffffffffffff8000821217156118bf576118bf61990f565b5f8160010b617fff810361aafa5761aafa61990f565b60010192915050565b5f8160020b627fffff810361aafa5761aafa61990f56fea2646970667358221220306d3607db456aaad685a7f9d6e6fea2bf21e2a00a0ba6a72ded2253fc35f05164736f6c634300081a0033
    ├─ [0] VM::etch(0x4444000000000000000000000000000000001Dc0, 0x610100604052600a80546001600160501b0319166864006400640064006417905534801561002b575f80fd5b5060405161b1d038038061b1d083398101604081905261004a9161046e565b806001600160a01b031663dc4c90d36040518163ffffffff1660e01b8152600401602060405180830381865afa158015610086573d5f803e3d5ffd5b505050506040513d601f19601f820116820180604052508101906100aa91906104b8565b33806100cf57604051631e4fbdf760e01b81525f600482015260240160405180910390fd5b6100d881610197565b506001600160a01b0381166080526100ef306101b3565b50806001600160a01b031663791b98bc6040518163ffffffff1660e01b8152600401602060405180830381865afa15801561012c573d5f803e3d5ffd5b505050506040513d601f19601f8201168201806040525081019061015091906104b8565b6001600160a01b0390811660c052600a80549482166a010000000000000000000002600160501b600160f01b03199095169490941790935590821660a0521660e0526104da565b600180546001600160a01b03191690556101b0816102a6565b50565b6101b0816102a1604080516101c0810182525f80825260208201819052918101829052606081018290526080810182905260a0810182905260c0810182905260e08101829052610100810182905261012081018290526101408101829052610160810182905261018081018290526101a081019190915250604080516101c0810182525f808252600160208301819052928201839052606082018390526080820181905260a0820183905260c0820183905260e0820192909252610100810182905261012081018290526101408101829052610160810182905261018081018290526101a081019190915290565b6102f5565b5f80546001600160a01b038381166001600160a01b0319831681178455604051919092169283917f8be0079c531659141344cd1fd0a4f28419497f9722a3daafe3b4186f6b6457e09190a35050565b80511515612000831615151415806103195750602081015115156110008316151514155b806103305750604081015115156108008316151514155b806103475750606081015115156104008316151514155b8061035e5750608081015115156102008316151514155b80610375575060a081015115156101008316151514155b8061038b575060c0810151151560808316151514155b806103a1575060e0810151151560408316151514155b806103b85750610100810151151560208316151514155b806103cf5750610120810151151560108316151514155b806103e65750610140810151151560088316151514155b806103fd5750610160810151151560048316151514155b806104145750610180810151151560028316151514155b8061042b57506101a0810151151560018316151514155b1561044157610441630732d7b560e51b83610445565b5050565b815f526001600160a01b03811660045260245ffd5b6001600160a01b03811681146101b0575f80fd5b5f805f60608486031215610480575f80fd5b835161048b8161045a565b602085015190935061049c8161045a565b60408501519092506104ad8161045a565b809150509250925092565b5f602082840312156104c8575f80fd5b81516104d38161045a565b9392505050565b60805160a05160c05160e05161ab506106805f395f61046001525f818161065b01528181610b3001528181610ce301528181611e1d01528181612220015281816126b10152818161293401528181612a5001528181612c9601528181612d5901528181612f7401528181613520015281816138a10152818161394f01528181613bd901528181613d43015281816147c501528181614fa20152616b9501525f81816102e1015281816137e301526138df01525f818161090001528181610a0401528181610a8001528181610aef01528181610ca20152818161149e0152818161157c0152818161168301528181611706015281816117f6015281816118d201528181611968015281816119e901528181611a64015281816123ed015281816124b10152818161295b015281816132570152818161365001528181613718015281816139fd01528181614dcc015281816151c901528181615232015281816152c8015281816152ef015281816153c301528181615478015281816154e1015281816155770152818161559e015281816156720152818161637f01526167c5015261ab505ff3fe608060405234801561000f575f80fd5b50600436106102d8575f3560e01c80638da5cb5b11610187578063cad2f878116100dd578063e30c397811610093578063f1df96191161006e578063f1df961914610989578063f2fde38b1461099c578063f72f1908146109af575f80fd5b8063e30c397814610952578063e86be67814610963578063ecd4b17c14610976575f80fd5b8063dc98354e116100c3578063dc98354e14610922578063e1b4af6914610783578063e276464414610935575f80fd5b8063cad2f878146108e8578063dc4c90d3146108fb575f80fd5b8063b47b2fb11161013d578063c46cf43d11610118578063c46cf43d146107a9578063c4e833ce146107bc578063c53b81aa146108b3575f80fd5b8063b47b2fb114610735578063b6a8b0fa14610783578063b7f48a4114610796575f80fd5b80639f063efc1161016d5780639f063efc146106dd578063a622ee7c146106f0578063a958b2e114610722575f80fd5b80638da5cb5b146106ad57806391dd7346146106bd575f80fd5b80635c4573ad1161023c578063715018a6116101f2578063791b98bc116101cd578063791b98bc1461065657806379ba50971461067d5780638c444b4714610685575f80fd5b8063715018a61461051457806372063fe01461051c5780637865da6214610544575f80fd5b80636817031b116102225780636817031b146104a35780636c2bbe7e146104b65780636fe7e6eb14610501575f80fd5b80635c4573ad1461045b57806364df049e14610482575f80fd5b806333afbba711610291578063521cbfdc11610277578063521cbfdc146103df57806356587939146103f2578063575e24b414610405575f80fd5b806333afbba7146103b75780634fe07221146103cc575f80fd5b806321d0ee70116102c157806321d0ee701461034157806322ee705c14610385578063259982e5146103a4575f80fd5b806312261ee7146102dc5780631822b1ef14610320575b5f80fd5b6103037f000000000000000000000000000000000000000000000000000000000000000081565b6040516001600160a01b0390911681526020015b60405180910390f35b61033361032e366004618f2f565b6109c2565b604051908152602001610317565b61035461034f366004618fe3565b6109f8565b6040517fffffffff000000000000000000000000000000000000000000000000000000009091168152602001610317565b61033361039336600461905a565b600c6020525f908152604090205481565b6103546103b2366004618fe3565b610a74565b6103ca6103c53660046191d3565b610ae4565b005b6103ca6103da36600461922f565b610c97565b6103336103ed366004618f2f565b611328565b6103ca610400366004619276565b61134b565b610418610413366004619327565b61156e565b604080517fffffffff000000000000000000000000000000000000000000000000000000009094168452602084019290925262ffffff1690820152606001610317565b6103037f000000000000000000000000000000000000000000000000000000000000000081565b600a54610303906a010000000000000000000090046001600160a01b031681565b6103ca6104b1366004619381565b6115f1565b6104c96104c436600461939c565b611676565b604080517fffffffff000000000000000000000000000000000000000000000000000000009093168352602083019190915201610317565b61035461050f366004619427565b6116fa565b6103ca611774565b61030361052a36600461905a565b600d6020525f90815260409020546001600160a01b031681565b61063e61055236600461905a565b600b6020525f90815260409020805460019091015460ff808316926101008104600290810b936401000000008304820b9367010000000000000084048116936801000000000000000081049091169269010000000000000000008204810b926c010000000000000000000000008304820b926f010000000000000000000000000000008104830b9272010000000000000000000000000000000000008204810b9262ffffff7501000000000000000000000000000000000000000000840416927801000000000000000000000000000000000000000000000000900490910b906001600160a01b03168c565b6040516103179c9b9a999897969594939291906194db565b6103037f000000000000000000000000000000000000000000000000000000000000000081565b6103ca611787565b610303610693366004619381565b60086020525f90815260409020546001600160a01b031681565b5f546001600160a01b0316610303565b6106d06106cb366004619580565b6117e9565b60405161031791906195ed565b6104c96106eb36600461939c565b6118c5565b6107126106fe366004619381565b60026020525f908152604090205460ff1681565b6040519015158152602001610317565b610333610730366004618f2f565b611938565b6107486107433660046195ff565b61195b565b604080517fffffffff000000000000000000000000000000000000000000000000000000009093168352600f9190910b602083015201610317565b610354610791366004619680565b6119dd565b6103ca6107a43660046196da565b611a59565b6103ca6107b7366004619716565b611d98565b6108a6604080516101c0810182525f80825260208201819052918101829052606081018290526080810182905260a0810182905260c0810182905260e08101829052610100810182905261012081018290526101408101829052610160810182905261018081018290526101a081019190915250604080516101c0810182525f808252600160208301819052928201839052606082018390526080820181905260a0820183905260c0820183905260e0820192909252610100810182905261012081018290526101408101829052610160810182905261018081018290526101a081019190915290565b604051610317919061974d565b6108d56108c136600461905a565b60096020525f908152604090205460020b81565b60405160029190910b8152602001610317565b6103ca6108f636600461905a565b612178565b6103037f000000000000000000000000000000000000000000000000000000000000000081565b61035461093036600461986e565b6123e1565b61093d606481565b60405163ffffffff9091168152602001610317565b6001546001600160a01b0316610303565b6103ca6109713660046198b5565b612459565b6103ca6109843660046196da565b6124a6565b610333610997366004618f2f565b61283c565b6103ca6109aa366004619381565b61285f565b6103ca6109bd3660046198ec565b6128e7565b6007602052825f5260405f20602052815f5260405f2081815481106109e5575f80fd5b905f5260205f20015f9250925050505481565b5f336001600160a01b037f00000000000000000000000000000000000000000000000000000000000000001614610a5b576040517fae18210a00000000000000000000000000000000000000000000000000000000815260040160405180910390fd5b610a688686868686612a1a565b90505b95945050505050565b5f336001600160a01b037f00000000000000000000000000000000000000000000000000000000000000001614610ad7576040517fae18210a00000000000000000000000000000000000000000000000000000000815260040160405180910390fd5b610a688686868686612a4d565b336001600160a01b037f00000000000000000000000000000000000000000000000000000000000000001614610b8c57335f9081526002602052604090205460ff1615610b5a57610b557f000000000000000000000000000000000000000000000000000000000000000084612afb565b610b8c565b6040517f82b4290000000000000000000000000000000000000000000000000000000000815260040160405180910390fd5b5f805f80610b9a875f612c8f565b93509350935093508415610be9575f8615610bb55781610bb7565b825b90505f610bc4898c61307e565b90505f610bd3828a15856131e6565b9050610be0818686613369565b90955093505050505b600a54610c2590889086908690869086906601000000000000810461ffff16906a010000000000000000000090046001600160a01b031661341d565b610c39878585610c348b6134ef565b613591565b604080516001600160a01b038087168252851660208201529081018390526060810182905287907e0c76c08669f4bbeb0902f33cdeabafb8d146b435f29b90959df2fe84ddc0d89060800160405180910390a2505050505050505050565b336001600160a01b037f00000000000000000000000000000000000000000000000000000000000000001614610d0857335f9081526002602052604090205460ff1615610b5a57610d087f000000000000000000000000000000000000000000000000000000000000000083612afb565b5f805f80610d16865f612c8f565b5f8a8152600b6020526040812054949850929650909450925090610d50906f01000000000000000000000000000000900460020b8761993c565b5f888152600b602052604081205491925090610d85907201000000000000000000000000000000000000900460020b8861993c565b9050610d96888b8b85858989613640565b600a54919550935061271090610dbd90869068010000000000000000900461ffff1661997d565b610dc791906199c1565b610dd190856199d4565b600a546fffffffffffffffffffffffffffffffff91909116945061271090610e0a90859068010000000000000000900461ffff1661997d565b610e1491906199c1565b610e1e90846199d4565b6fffffffffffffffffffffffffffffffff1692505f610e3c896134ef565b9050610e4887866137a0565b610e5286856137a0565b5f610e618c858589898761393b565b600a546fffffffffffffffffffffffffffffffff928316995091169650909150610ebc908b908a908a908a908a9068010000000000000000810461ffff16906a010000000000000000000090046001600160a01b031661341d565b610ec88a898985613591565b5f8a8152600b602052604080822083835291208154815460ff9091169082907fffffffffffffffffffffffffffffffffffffffffffffffffffffffffffffff00166001836004811115610f1d57610f1d619475565b02179055505f820160019054906101000a900460020b815f0160016101000a81548162ffffff021916908360020b62ffffff1602179055505f820160049054906101000a900460020b815f0160046101000a81548162ffffff021916908360020b62ffffff1602179055505f820160079054906101000a900460ff16815f0160076101000a81548160ff0219169083151502179055505f820160089054906101000a900460ff16815f0160086101000a81548160ff0219169083151502179055505f820160099054906101000a900460020b815f0160096101000a81548162ffffff021916908360020b62ffffff1602179055505f8201600c9054906101000a900460020b815f01600c6101000a81548162ffffff021916908360020b62ffffff1602179055505f8201600f9054906101000a900460020b815f01600f6101000a81548162ffffff021916908360020b62ffffff1602179055505f820160129054906101000a900460020b815f0160126101000a81548162ffffff021916908360020b62ffffff1602179055505f820160159054906101000a900462ffffff16815f0160156101000a81548162ffffff021916908362ffffff1602179055505f820160189054906101000a900460020b815f0160186101000a81548162ffffff021916908360020b62ffffff160217905550600182015f9054906101000a90046001600160a01b0316816001015f6101000a8154816001600160a01b0302191690836001600160a01b031602179055509050506112bc8185858f600b5f8781526020019081526020015f20604051806101800160405290815f82015f9054906101000a900460ff16600481111561119657611196619475565b60048111156111a7576111a7619475565b81528154610100808204600290810b60208501526401000000008304810b604085015260ff6701000000000000008404811615156060860152680100000000000000008404161515608085015269010000000000000000008304810b60a08501526c010000000000000000000000008304810b60c08501526f010000000000000000000000000000008304810b60e085015272010000000000000000000000000000000000008304810b9184019190915262ffffff75010000000000000000000000000000000000000000008304166101208401527801000000000000000000000000000000000000000000000000909104900b6101408201526001909101546001600160a01b031661016090910152613d01565b604080518281526001600160a01b03808b16602083015289169181019190915260608101879052608081018690528a907f5b7ca1743f2d310e99c71901d0b841063d5aa867c061fcccd6928196ecf59e9c9060a0015b60405180910390a2505050505050505050505050565b6004602052825f5260405f20602052815f5260405f2081815481106109e5575f80fd5b80515f5b81811015611569575f83828151811061136a5761136a6199e7565b602002602001015190505f61137e826134ef565b6001600160a01b0381165f9081526002602052604090205490915060ff161561149c5760408051602481018490523360448083019190915282518083039091018152606490910182526020810180517bffffffffffffffffffffffffffffffffffffffffffffffffffffffff167ff72f19080000000000000000000000000000000000000000000000000000000017905290517f78cc76440000000000000000000000000000000000000000000000000000000081526001600160a01b038316916378cc764491611456918691309190600401619a14565b6020604051808303815f875af1158015611472573d5f803e3d5ffd5b505050506040513d601f19601f820116820180604052508101906114969190619a3b565b5061155f565b7f00000000000000000000000000000000000000000000000000000000000000006001600160a01b03166348c8949183336040516020016114f09291909182526001600160a01b0316602082015260400190565b6040516020818303038152906040526040518263ffffffff1660e01b815260040161151b91906195ed565b5f604051808303815f875af1158015611536573d5f803e3d5ffd5b505050506040513d5f823e601f3d908101601f1916820160405261155d9190810190619a52565b505b505060010161134f565b505050565b5f8080336001600160a01b037f000000000000000000000000000000000000000000000000000000000000000016146115d3576040517fae18210a00000000000000000000000000000000000000000000000000000000815260040160405180910390fd5b6115e08888888888614335565b925092509250955095509592505050565b6115f96145a2565b6040516001600160a01b03821681527fe7ae49f883c825b05681b3e00e8be6fdea9ed2a8a45e4c6ecb9390fc44cce6159060200160405180910390a16001600160a01b03165f90815260026020526040902080547fffffffffffffffffffffffffffffffffffffffffffffffffffffffffffffff00166001179055565b5f80336001600160a01b037f000000000000000000000000000000000000000000000000000000000000000016146116da576040517fae18210a00000000000000000000000000000000000000000000000000000000815260040160405180910390fd5b6116e9898989898989896145e7565b915091505b97509795505050505050565b5f336001600160a01b037f0000000000000000000000000000000000000000000000000000000000000000161461175d576040517fae18210a00000000000000000000000000000000000000000000000000000000815260040160405180910390fd5b611769858585856146ba565b90505b949350505050565b61177c6145a2565b6117855f614759565b565b60015433906001600160a01b031681146117dd576040517f118cdaa70000000000000000000000000000000000000000000000000000000081526001600160a01b03821660048201526024015b60405180910390fd5b6117e681614759565b50565b6060336001600160a01b037f0000000000000000000000000000000000000000000000000000000000000000161461184d576040517f82b4290000000000000000000000000000000000000000000000000000000000815260040160405180910390fd5b5f8061185b848601866198ec565b909250905060015f838152600b602052604090205460ff16600481111561188457611884619475565b146118a15760405180602001604052805f815250925050506118bf565b6118ab828261478a565b60405180602001604052805f815250925050505b92915050565b5f80336001600160a01b037f00000000000000000000000000000000000000000000000000000000000000001614611929576040517fae18210a00000000000000000000000000000000000000000000000000000000815260040160405180910390fd5b6116e9898989898989896149c1565b6005602052825f5260405f20602052815f5260405f2081815481106109e5575f80fd5b5f80336001600160a01b037f000000000000000000000000000000000000000000000000000000000000000016146119bf576040517fae18210a00000000000000000000000000000000000000000000000000000000815260040160405180910390fd5b6119cd888888888888614a44565b915091505b965096945050505050565b5f336001600160a01b037f00000000000000000000000000000000000000000000000000000000000000001614611a40576040517fae18210a00000000000000000000000000000000000000000000000000000000815260040160405180910390fd5b611a4e878787878787612a1a565b979650505050505050565b336001600160a01b037f00000000000000000000000000000000000000000000000000000000000000001614611abb576040517f82b4290000000000000000000000000000000000000000000000000000000000815260040160405180910390fd5b5f828152600c60205260408120549003611d92575f805f80611add865f612c8f565b93509350935093505f85611af15784611af3565b835b9050805f87611b025784611b04565b835b600a5490915061271090611b2490640100000000900461ffff168361997d565b611b2e91906199c1565b611b3890826199d4565b6001600160a01b038084165f90815260086020526040902054919250611b619184911683614c84565b6001600160a01b038281165f90815260086020526040908190205490517f6e553f6500000000000000000000000000000000000000000000000000000000815260048101849052306024820152911690636e553f65906044016020604051808303815f875af1925050508015611bf4575060408051601f3d908101601f19168201909252611bf191810190619a3b565b60015b611c64573d808015611c21576040519150601f19603f3d011682016040523d82523d5f602084013e611c26565b606091505b507f462ad9b5184105cc4f3f1f6042303b2eda55d731ac3e74c155239593b9cdb18081604051611c5691906195ed565b60405180910390a150611d63565b5f8a8152600c60209081526040808320849055600d909152902080547fffffffffffffffffffffffff0000000000000000000000000000000000000000166001600160a01b038516179055611cfc8a89898c15611cc1575f611cc3565b855b8d611cce575f611cd0565b865b600a54640100000000810461ffff16906a010000000000000000000090046001600160a01b031661341d565b5f611d068b6134ef565b9050611d148b8a8a84613591565b604080516001600160a01b0387168152602081018590529081018390528b907f21299a7c5f0997b7be935980a90a8478af8e68b5f0dfed94f93cefbfd8744aca9060600160405180910390a250505b6001600160a01b038083165f90815260086020526040812054611d8a928592911690614c84565b505050505050505b50505050565b33611da2836134ef565b6001600160a01b031614611de2576040517f82b4290000000000000000000000000000000000000000000000000000000000815260040160405180910390fd5b6040517f7ba03aad000000000000000000000000000000000000000000000000000000008152600481018390525f9081906001600160a01b037f00000000000000000000000000000000000000000000000000000000000000001690637ba03aad9060240160c060405180830381865afa158015611e62573d5f803e3d5ffd5b505050506040513d601f19601f82011682018060405250810190611e869190619ae6565b608082015191935091506001600160a01b03163014611ed1576040517f82b4290000000000000000000000000000000000000000000000000000000000815260040160405180910390fd5b6060820151611ee66040850160208601619b77565b611ef09190619b92565b60020b15611f2a576040517f35be3ac800000000000000000000000000000000000000000000000000000000815260040160405180910390fd5b60608083015190611f4090850160408601619b77565b611f4a9190619b92565b60020b15611f84576040517f35be3ac800000000000000000000000000000000000000000000000000000000815260040160405180910390fd5b6060820151611f9960c0850160a08601619b77565b611fa39190619b92565b60020b15611fdd576040517f35be3ac800000000000000000000000000000000000000000000000000000000815260040160405180910390fd5b6060820151611ff260e0850160c08601619b77565b611ffc9190619b92565b60020b15612036576040517f35be3ac800000000000000000000000000000000000000000000000000000000815260040160405180910390fd5b606082015161204c610100850160e08601619b77565b6120569190619b92565b60020b15612090576040517f35be3ac800000000000000000000000000000000000000000000000000000000815260040160405180910390fd5b60608201516120a761012085016101008601619b77565b6120b19190619b92565b60020b156120eb576040517f35be3ac800000000000000000000000000000000000000000000000000000000815260040160405180910390fd5b61211e846120fc8360081c60020b90565b6121098460201c60020b90565b8561211936899003890189619bca565b613d01565b5f848152600b6020526040902083906121378282619d5c565b905050837fbc731b4fa32a0d1af934c5b6c71d2c5c7a66448b2143443e0e5f61e3453151b48460405161216a919061a0e8565b60405180910390a250505050565b5f612182826134ef565b9050336001600160a01b038216146121c6576040517f82b4290000000000000000000000000000000000000000000000000000000000815260040160405180910390fd5b5f828152600c6020908152604080832054600d909252909120546001600160a01b03168115611d92576040517f7ba03aad000000000000000000000000000000000000000000000000000000008152600481018590525f907f00000000000000000000000000000000000000000000000000000000000000006001600160a01b031690637ba03aad9060240160c060405180830381865afa15801561226d573d5f803e3d5ffd5b505050506040513d601f19601f820116820180604052508101906122919190619ae6565b506001600160a01b038381165f908152600860205260408082205490517fba0876520000000000000000000000000000000000000000000000000000000081526004810188905230602482018190526044820152939450909291169063ba087652906064016020604051808303815f875af1158015612312573d5f803e3d5ffd5b505050506040513d601f19601f820116820180604052508101906123369190619a3b565b5f878152600c60209081526040808320839055600d825290912080547fffffffffffffffffffffffff000000000000000000000000000000000000000016905583519084015191925061238c9188919088613591565b604080516001600160a01b03851681526020810183905290810185905286907fe9b9ff8ea5eba9b30bcccafaa71601de5f152f1941bd27e7bea351be66c37e9e906060015b60405180910390a2505050505050565b5f336001600160a01b037f00000000000000000000000000000000000000000000000000000000000000001614612444576040517fae18210a00000000000000000000000000000000000000000000000000000000815260040160405180910390fd5b61244f848484612a1a565b90505b9392505050565b6124616145a2565b6001600160a01b039182165f90815260086020526040902080547fffffffffffffffffffffffff00000000000000000000000000000000000000001691909216179055565b336001600160a01b037f00000000000000000000000000000000000000000000000000000000000000001614612508576040517f82b4290000000000000000000000000000000000000000000000000000000000815260040160405180910390fd5b5f828152600c6020908152604080832054600d909252909120546001600160a01b03168115612834576001600160a01b038181165f90815260086020526040908190205490517fba087652000000000000000000000000000000000000000000000000000000008152600481018590523060248201819052604482015291169063ba087652906064016020604051808303815f875af19250505080156125cb575060408051601f3d908101601f191682019092526125c891810190619a3b565b60015b61263b573d8080156125f8576040519150601f19603f3d011682016040523d82523d5f602084013e6125fd565b606091505b507f462ad9b5184105cc4f3f1f6042303b2eda55d731ac3e74c155239593b9cdb1808160405161262d91906195ed565b60405180910390a150612834565b5f858152600c60209081526040808320839055600d90915280822080547fffffffffffffffffffffffff0000000000000000000000000000000000000000169055517f7ba03aad000000000000000000000000000000000000000000000000000000008152600481018790526001600160a01b037f00000000000000000000000000000000000000000000000000000000000000001690637ba03aad9060240160c060405180830381865afa1580156126f6573d5f803e3d5ffd5b505050506040513d601f19601f8201168201806040525081019061271a9190619ae6565b600a54909250612710915061273b90640100000000900461ffff168461997d565b61274591906199c1565b61274f90836199d4565b88519092506001600160a01b038481169116145f80612788898c8686612775575f612777565b885b876127825789614d93565b5f614d93565b8c5160208e0151600a549395509193506127cc928c929086908690640100000000810461ffff16906a010000000000000000000090046001600160a01b031661341d565b5f6127d68a6134ef565b90506127eb8a8d5f01518e6020015184613591565b604080516001600160a01b0389168152602081018890529081018990528a907fec98394e5abeb0696c63acd0b28bb4f3515e251db60eea39a575433936a7747290606001611312565b505050505050565b6006602052825f5260405f20602052815f5260405f2081815481106109e5575f80fd5b6128676145a2565b600180546001600160a01b0383167fffffffffffffffffffffffff000000000000000000000000000000000000000090911681179091556128af5f546001600160a01b031690565b6001600160a01b03167f38d16b8cac22d99fc7c124b9cd0de2d3fa1faef420bfe791d8c362d765e2270060405160405180910390a350565b335f9081526002602052604090205460ff1661292f576040517f82b4290000000000000000000000000000000000000000000000000000000000815260040160405180910390fd5b6129597f000000000000000000000000000000000000000000000000000000000000000083612afb565b7f00000000000000000000000000000000000000000000000000000000000000006001600160a01b03166348c8949183836040516020016129ad9291909182526001600160a01b0316602082015260400190565b6040516020818303038152906040526040518263ffffffff1660e01b81526004016129d891906195ed565b5f604051808303815f875af11580156129f3573d5f803e3d5ffd5b505050506040513d5f823e601f3d908101601f191682016040526115699190810190619a52565b5f6040517f0a85dc2900000000000000000000000000000000000000000000000000000000815260040160405180910390fd5b5f7f00000000000000000000000000000000000000000000000000000000000000006001600160a01b0316866001600160a01b031614158015612a9957506001600160a01b0386163014155b15612ad0576040517f82b4290000000000000000000000000000000000000000000000000000000000815260040160405180910390fd5b507f259982e50000000000000000000000000000000000000000000000000000000095945050505050565b335f9081526002602052604090205460ff1615612bae575f336001600160a01b031663ae41abab6040518163ffffffff1660e01b8152600401602060405180830381865afa158015612b4f573d5f803e3d5ffd5b505050506040513d601f19601f82011682018060405250810190612b739190619a3b565b9050808214611569576040517f82b4290000000000000000000000000000000000000000000000000000000000815260040160405180910390fd5b6040517f6352211e000000000000000000000000000000000000000000000000000000008152600481018290525f906001600160a01b03841690636352211e90602401602060405180830381865afa158015612c0c573d5f803e3d5ffd5b505050506040513d601f19601f82011682018060405250810190612c30919061a227565b90506001600160a01b0381163314801590612c5457506001600160a01b0381163014155b15611569576040517f82b4290000000000000000000000000000000000000000000000000000000000815260040160405180910390fd5b5050565b5f805f805f7f00000000000000000000000000000000000000000000000000000000000000006001600160a01b0316637ba03aad886040518263ffffffff1660e01b8152600401612ce291815260200190565b60c060405180830381865afa158015612cfd573d5f803e3d5ffd5b505050506040513d601f19601f82011682018060405250810190612d219190619ae6565b5090505f86612dcf576040517f1efeed33000000000000000000000000000000000000000000000000000000008152600481018990527f00000000000000000000000000000000000000000000000000000000000000006001600160a01b031690631efeed3390602401602060405180830381865afa158015612da6573d5f803e3d5ffd5b505050506040513d601f19601f82011682018060405250810190612dca919061a242565b612dd1565b5f5b825160208401519097509550905086158015612dfd57506fffffffffffffffffffffffffffffffff8116155b15612e1057505f92508291506130759050565b6040517f010000000000000000000000000000000000000000000000000000000000000060208201527f110000000000000000000000000000000000000000000000000000000000000060218201525f9060220160408051808303601f1901815260028084526060840190925292505f9190816020015b6060815260200190600190039081612e8757505060408051602080820183525f8083529251939450612ec1938e938893909283920161a271565b604051602081830303815290604052815f81518110612ee257612ee26199e7565b602090810291909101810191909152604080516001600160a01b03808c16938201939093529189169082015230606082015260800160405160208183030381529060405281600181518110612f3957612f396199e7565b60209081029190910101526040517f4afe393c0000000000000000000000000000000000000000000000000000000081526001600160a01b037f00000000000000000000000000000000000000000000000000000000000000001690634afe393c90612fab908590859060040161a30d565b5f604051808303815f87803b158015612fc2575f80fd5b505af1925050508015612fd3575060015b613047573d808015613000576040519150601f19603f3d011682016040523d82523d5f602084013e613005565b606091505b507fbb28a73d836c24b9aa0fd49efd729d2749c5a3cc2149c32bbd069018db6b20d68383836040516130399392919061a331565b60405180910390a150613070565b613059886001600160a01b03166150cb565b955061306d876001600160a01b03166150cb565b94505b505050505b92959194509250565b6040805160a0810182525f808252602082018190529181018290526060810182905260808101919091525f838152600b602052604090208054600190910154608084015162ffffff7501000000000000000000000000000000000000000000840416927801000000000000000000000000000000000000000000000000900460020b916001600160a01b039081169116811480156131295750846040015162ffffff168362ffffff16145b801561313e5750846060015160020b8260020b145b1561314e578493505050506118bf565b50506040805160a08101825284516001600160a01b0390811682526020958601518116868301525f878152600b80885284822080547501000000000000000000000000000000000000000000810462ffffff1696860196909652780100000000000000000000000000000000000000000000000090950460020b60608501529790529590945260010154909316608083015250919050565b5f80836132115761320c600173fffd8963efd1fc6a506488495d951d5263988d2661a369565b613221565b6132216401000276a3600161a388565b90505f60405180606001604052808615158152602001856132419061a3a7565b8152602001836001600160a01b031681525090507f00000000000000000000000000000000000000000000000000000000000000006001600160a01b031663f3cd914c87836040518363ffffffff1660e01b81526004016132a392919061a3dd565b6020604051808303815f875af19250505080156132dd575060408051601f3d908101601f191682019092526132da91810190619a3b565b60015b613351573d80801561330a576040519150601f19603f3d011682016040523d82523d5f602084013e61330f565b606091505b507ffd918fb944f7a3fb23e1506087b70098f4be12c471e0fb45d6dda9d339706c398783836040516133439392919061a475565b60405180910390a150613360565b80935061335e8785615165565b505b50509392505050565b5f805f6133768660801d90565b600f0b12156133a6576133898560801d90565b6133929061a50b565b61339f90600f0b856199d4565b91506133c0565b6133b08560801d90565b6133bd90600f0b8561a547565b91505b5f6133cb86600f0b90565b600f0b12156133fb576133de85600f0b90565b6133e79061a50b565b6133f490600f0b846199d4565b9050613415565b61340585600f0b90565b61341290600f0b8461a547565b90505b935093915050565b8315613453576134538161271061343861ffff86168861997d565b61344291906199c1565b6001600160a01b03891691906156d1565b8215613489576134898161271061346e61ffff86168761997d565b61347891906199c1565b6001600160a01b03881691906156d1565b604080516001600160a01b038089168252808816602083015291810186905260608101859052908216608082015287907fa69f55c67ce98a05490275ae3d2e7b0ed184a90bf0a35c37fa85f1c7aa7ee5d19060a00160405180910390a250505050505050565b6040517f6352211e000000000000000000000000000000000000000000000000000000008152600481018290525f907f00000000000000000000000000000000000000000000000000000000000000006001600160a01b031690636352211e90602401602060405180830381865afa15801561356d573d5f803e3d5ffd5b505050506040513d601f19601f820116820180604052508101906118bf919061a227565b5f6135a4846001600160a01b03166150cb565b90505f6135b9846001600160a01b03166150cb565b905081156135d5576135d56001600160a01b03861684846156d1565b80156135ef576135ef6001600160a01b03851684836156d1565b604080516001600160a01b038088168252861660208201529081018390526060810182905286907f6f0fdd74d7895cd66b557c2208b25a85ab549c4dcd154b4d56c3640e74c71009906080016123d1565b5f805f60405180606001604052807f00000000000000000000000000000000000000000000000000000000000000006001600160a01b031681526020018981526020018a6060015160020b81525090505f61369b8b8b61307e565b90505f808b608001516001600160a01b031683608001516001600160a01b03161480156136d957508b6040015162ffffff16836040015162ffffff16145b80156136f257508b6060015160020b836060015160020b145b1561371257613704848b8b8b8b6157d4565b509193509091506137679050565b5f6137477f00000000000000000000000000000000000000000000000000000000000000006137428660a0902090565b615c90565b505050905061375e818c8c8c8c8960400151615d5b565b91945090925050505b811561378d575f6137798483856131e6565b9050613786818a8a613369565b9099509750505b50959b949a509398505050505050505050565b80158015906137b757506001600160a01b03821615155b15612c8b576001600160a01b0382165f90815260036020526040902054829060ff1661386957613828817f00000000000000000000000000000000000000000000000000000000000000007fffffffffffffffffffffffffffffffffffffffffffffffffffffffffffffffff614c84565b6001600160a01b0381165f90815260036020526040902080547fffffffffffffffffffffffffffffffffffffffffffffffffffffffffffffff001660011790555b6040517f87517c450000000000000000000000000000000000000000000000000000000081526001600160a01b0382811660048301527f000000000000000000000000000000000000000000000000000000000000000081166024830152838116604483015265ffffffffffff421660648301527f000000000000000000000000000000000000000000000000000000000000000016906387517c45906084015f604051808303815f87803b158015613920575f80fd5b505af1158015613932573d5f803e3d5ffd5b50505050505050565b5f805f80895f015190505f8a6020015190507f00000000000000000000000000000000000000000000000000000000000000006001600160a01b03166375794a3c6040518163ffffffff1660e01b8152600401602060405180830381865afa1580156139a9573d5f803e3d5ffd5b505050506040513d601f19601f820116820180604052508101906139cd9190619a3b565b94506139e1826001600160a01b03166150cb565b93506139f5816001600160a01b03166150cb565b92505f613a277f00000000000000000000000000000000000000000000000000000000000000006137428e60a0902090565b50505090505f613a6e82613a3a8e615eb8565b613a438e615eb8565b8d6fffffffffffffffffffffffffffffffff168d6fffffffffffffffffffffffffffffffff166161b5565b604080517f020000000000000000000000000000000000000000000000000000000000000060208201527f0d00000000000000000000000000000000000000000000000000000000000000602182015281516002818303810182526022830181815260828401909452939450925f92916042015b6060815260200190600190039081613ae25790505090508e8e8e858f8f8f60405180602001604052805f815250604051602001613b2698979695949392919061a55a565b604051602081830303815290604052815f81518110613b4757613b476199e7565b602090810291909101810191909152604080516001600160a01b03808a16938201939093529187169082015230606082015260800160405160208183030381529060405281600181518110613b9e57613b9e6199e7565b60209081029190910101526040517f4afe393c0000000000000000000000000000000000000000000000000000000081526001600160a01b037f00000000000000000000000000000000000000000000000000000000000000001690634afe393c90613c10908590859060040161a30d565b5f604051808303815f87803b158015613c27575f80fd5b505af1925050508015613c38575060015b613cb2573d808015613c65576040519150601f19603f3d011682016040523d82523d5f602084013e613c6a565b606091505b507fbb28a73d836c24b9aa0fd49efd729d2749c5a3cc2149c32bbd069018db6b20d6838383604051613c9e9392919061a331565b60405180910390a15f98505f975050613cef565b613cc4866001600160a01b03166150cb565b613cce908961a644565b9750613ce2856001600160a01b03166150cb565b613cec908861a644565b96505b50505050505096509650969350505050565b60a082205f906040517f1efeed33000000000000000000000000000000000000000000000000000000008152600481018890529091505f906001600160a01b037f00000000000000000000000000000000000000000000000000000000000000001690631efeed3390602401602060405180830381865afa158015613d88573d5f803e3d5ffd5b505050506040513d601f19601f82011682018060405250810190613dac919061a242565b5f888152600b60205260408082208151610180810190925280549394509192909190829060ff166004811115613de457613de4619475565b6004811115613df557613df5619475565b81528154610100808204600290810b60208501526401000000008304810b604085015260ff6701000000000000008404811615156060860152680100000000000000008404161515608085015269010000000000000000008304810b60a08501526c010000000000000000000000008304810b60c08501526f010000000000000000000000000000008304810b60e085015272010000000000000000000000000000000000008304810b9184019190915262ffffff75010000000000000000000000000000000000000000008304166101208401527801000000000000000000000000000000000000000000000000909104900b6101408201526001909101546001600160a01b03166101609091015290506fffffffffffffffffffffffffffffffff8216156140e257600281516004811115613f3457613f34619475565b03613f94575f83815260066020526040812060a0830151613f739290613f5a908b61a66c565b60020b60020b81526020019081526020015f208961627c565b5f83815260076020526040812060c0830151613f949290613f5a908a61993c565b600284516004811115613fa957613fa9619475565b03614009575f83815260066020526040812060a0860151613fe89290613fcf908b61a66c565b60020b60020b81526020019081526020015f208961631f565b5f83815260076020526040812060c08601516140099290613fcf908a61993c565b60038151600481111561401e5761401e619475565b03614073575f8381526006602090815260408083208483015160020b8452909152902061404b908961627c565b5f8381526007602090815260408083208482015160020b84529091529020614073908961627c565b60038451600481111561408857614088619475565b036140dd575f8381526006602090815260408083208783015160020b845290915290206140b5908961631f565b5f8381526007602090815260408083208782015160020b845290915290206140dd908961631f565b6141a8565b6002815160048111156140f7576140f7619475565b0361413e575f83815260066020526040812060a083015161411d9290613f5a908b61a66c565b5f83815260076020526040812060c083015161413e9290613f5a908a61993c565b60038151600481111561415357614153619475565b036141a8575f8381526006602090815260408083208483015160020b84529091529020614180908961627c565b5f8381526007602090815260408083208482015160020b845290915290206141a8908961627c565b6004845160048111156141bd576141bd619475565b0361425c575f83815260046020526040812060608701516141ee92906141e490600261a6ad565b613fcf908b61a66c565b5f83815260046020908152604080832060028a900b84529091529020614214908961631f565b5f838152600560205260408120606087015161423692906141e490600161a6ad565b5f83815260056020526040812060608701516142579290613fcf908a61993c565b61432b565b60048151600481111561427157614271619475565b148015614291575060048451600481111561428e5761428e619475565b14155b1561432b575f83815260046020526040812060608701516142c292906142b890600261a6ad565b613f5a908b61a66c565b5f83815260046020908152604080832060028a900b845290915290206142e8908961627c565b5f838152600560205260408120606087015161430a92906142b890600161a6ad565b5f838152600560205260408120606087015161432b9290613f5a908a61993c565b5050505050505050565b5f80808061435f61434b368a90038a018a61a6cc565b61435a368a90038a018a61a6e6565b616370565b90505f60098161437e614377368d90038d018d61a6cc565b60a0902090565b81526020019081526020015f205f9054906101000a900460020b90506143dc6040518060400160405280600481526020017f7469636b000000000000000000000000000000000000000000000000000000008152508260020b616490565b61441e6040518060400160405280600781526020017f7469636b456e64000000000000000000000000000000000000000000000000008152508360020b616490565b8160020b8160020b1461456f575f8260020b8260020b126144755760045f61444e614377368e90038e018e61a6cc565b81526020019081526020015f205f8360020b60020b81526020019081526020015f206144ad565b60055f61448a614377368e90038e018e61a6cc565b81526020019081526020015f205f8360020b60020b81526020019081526020015f205b80549091505f5b8181101561451b575f8382815481106144cf576144cf6199e7565b905f5260205f20015490506145128d8036038101906144ee919061a6cc565b6145028f803603810190614377919061a6cc565b838960020b8960020b1289616503565b506001016144b4565b508360020b8360020b121561454b5761453a60808c0160608d01619b77565b614544908461993c565b9250614568565b61455b60808c0160608d01619b77565b614565908461a66c565b92505b505061441e565b507f575e24b400000000000000000000000000000000000000000000000000000000995f99508998509650505050505050565b5f546001600160a01b03163314611785576040517f118cdaa70000000000000000000000000000000000000000000000000000000081523360048201526024016117d4565b5f80306001600160a01b038a160361462357507f6c2bbe7e0000000000000000000000000000000000000000000000000000000090505f6116ee565b60608701356146898161463960208b018b619b77565b61464960408c0160208d01619b77565b614658368e90038e018e61a6cc565b5f868152600b602052604090819020815161018081019092528054829060ff16600481111561119657611196619475565b507f6c2bbe7e00000000000000000000000000000000000000000000000000000000995f9950975050505050505050565b5f806146d5836146d06080880160608901619b77565b616710565b90508060095f6146ed614377368a90038a018a61a6cc565b815260208101919091526040015f2080547fffffffffffffffffffffffffffffffffffffffffffffffffffffffffff0000001662ffffff92909216919091179055507f6fe7e6eb0000000000000000000000000000000000000000000000000000000095945050505050565b600180547fffffffffffffffffffffffff00000000000000000000000000000000000000001690556117e681616758565b6040517f7ba03aad000000000000000000000000000000000000000000000000000000008152600481018390525f9081906001600160a01b037f00000000000000000000000000000000000000000000000000000000000000001690637ba03aad9060240160c060405180830381865afa15801561480a573d5f803e3d5ffd5b505050506040513d601f19601f8201168201806040525081019061482e9190619ae6565b915091505f8061483f866001612c8f565b935093505050815f148015614852575080155b1561485f57505050505050565b614890868561486f8760a0902090565b61487c8760081c60020b90565b6148898860201c60020b90565b8787613640565b600a5491935091505f906127109084906148b69061ffff6201000082048116911661a74f565b61ffff166148c4919061997d565b6148ce91906199c1565b6148d890846199d4565b600a549091505f906127109084906148fc9061ffff6201000082048116911661a74f565b61ffff1661490a919061997d565b61491491906199c1565b61491e90846199d4565b905061492d865f0151836137a0565b61493b8660200151826137a0565b6149488887878585614d93565b87516020890151600a54939550919350614985928b92908690869061ffff8116906a010000000000000000000090046001600160a01b031661341d565b6149ab88875f015188602001518585600a60029054906101000a900461ffff168d61341d565b61432b88875f01518860200151610c348c6134ef565b5f80306001600160a01b038a16036149fd57507f9f063efc0000000000000000000000000000000000000000000000000000000090505f6116ee565b6060870135614a138161463960208b018b619b77565b507f9f063efc00000000000000000000000000000000000000000000000000000000995f9950975050505050505050565b5f80306001600160a01b03891603614a8057507fb47b2fb10000000000000000000000000000000000000000000000000000000090505f6119d2565b5f614a93614377368a90038a018a61a6cc565b90505f614ab2614aa2836167bf565b6146d060808c0160608d01619b77565b5f8381526009602052604090205490915060020b5b8160020b8160020b14614c15575f8260020b8260020b12614b03575f848152600660209081526040808320600286900b84529091529020614b20565b5f848152600760209081526040808320600286900b845290915290205b80549091508015614bc2575f82614b386001846199d4565b81548110614b4857614b486199e7565b905f5260205f200154905082805480614b6357614b6361a769565b600190038181905f5260205f20015f90559055614b9b8d803603810190614b8a919061a6cc565b87838860020b8860020b12886167f4565b614bba614ba7876167bf565b8e60600160208101906146d09190619b77565b945050614c0e565b8360020b8360020b1215614bf157614be060808d0160608e01619b77565b614bea908461993c565b9250614c0e565b614c0160808d0160608e01619b77565b614c0b908461a66c565b92505b5050614ac7565b505f91825260096020526040822080547fffffffffffffffffffffffffffffffffffffffffffffffffffffffffff0000001662ffffff929092169190911790557fb47b2fb100000000000000000000000000000000000000000000000000000000999098509650505050505050565b604080516001600160a01b038416602482015260448082018490528251808303909101815260649091019091526020810180517bffffffffffffffffffffffffffffffffffffffffffffffffffffffff167f095ea7b300000000000000000000000000000000000000000000000000000000179052614d038482616d7c565b611d9257604080516001600160a01b03851660248201525f6044808301919091528251808303909101815260649091019091526020810180517bffffffffffffffffffffffffffffffffffffffffffffffffffffffff167f095ea7b300000000000000000000000000000000000000000000000000000000179052614d89908590616e19565b611d928482616e19565b835160208501515f918291614db06001600160a01b0383166150cb565b9350614dc4816001600160a01b03166150cb565b92505f614df67f00000000000000000000000000000000000000000000000000000000000000006137428b60a0902090565b50505090505f614e098960081c60020b90565b90505f614e198a60201c60020b90565b90505f614e3284614e2985615eb8565b613a4385615eb8565b9050806fffffffffffffffffffffffffffffffff165f03614e5e575f80975097505050505050506150c1565b604080515f602082018190527f0d00000000000000000000000000000000000000000000000000000000000000602183015282516002818403810182526022840181815260828501909552909391926042015b6060815260200190600190039081614eb15790505090508e838d8d60405180602001604052805f815250604051602001614eef95949392919061a796565b604051602081830303815290604052815f81518110614f1057614f106199e7565b602090810291909101810191909152604080516001600160a01b03808c16938201939093529189169082015230606082015260800160405160208183030381529060405281600181518110614f6757614f676199e7565b60209081029190910101526040517f4afe393c0000000000000000000000000000000000000000000000000000000081526001600160a01b037f00000000000000000000000000000000000000000000000000000000000000001690634afe393c90614fd9908590859060040161a30d565b5f604051808303815f87803b158015614ff0575f80fd5b505af1925050508015615001575060015b61507b573d80801561502e576040519150601f19603f3d011682016040523d82523d5f602084013e615033565b606091505b507fbb28a73d836c24b9aa0fd49efd729d2749c5a3cc2149c32bbd069018db6b20d68383836040516150679392919061a331565b60405180910390a15f9a505f9950506150b8565b61508d886001600160a01b03166150cb565b615097908b6199d4565b99506150ab876001600160a01b03166150cb565b6150b5908a6199d4565b98505b50505050505050505b9550959350505050565b5f6001600160a01b0382166150e1575047919050565b6040517f70a082310000000000000000000000000000000000000000000000000000000081523060048201526001600160a01b038316906370a0823190602401602060405180830381865afa15801561513c573d5f803e3d5ffd5b505050506040513d601f19601f820116820180604052508101906118bf9190619a3b565b919050565b815160208301515f6151778460801d90565b600f0b90505f811215615376575f61518e8261a3a7565b6040517fa58411940000000000000000000000000000000000000000000000000000000081526001600160a01b0386811660048301529192507f00000000000000000000000000000000000000000000000000000000000000009091169063a5841194906024015f604051808303815f87803b15801561520c575f80fd5b505af115801561521e573d5f803e3d5ffd5b505050506001600160a01b0384166152b9577f00000000000000000000000000000000000000000000000000000000000000006001600160a01b03166311da60b4826040518263ffffffff1660e01b815260040160206040518083038185885af115801561528e573d5f803e3d5ffd5b50505050506040513d601f19601f820116820180604052508101906152b39190619a3b565b50615370565b6152ed6001600160a01b0385167f0000000000000000000000000000000000000000000000000000000000000000836156d1565b7f00000000000000000000000000000000000000000000000000000000000000006001600160a01b03166311da60b46040518163ffffffff1660e01b81526004016020604051808303815f875af115801561534a573d5f803e3d5ffd5b505050506040513d601f19601f8201168201806040525081019061536e9190619a3b565b505b5061541b565b5f81131561541b576040517f0b0d9c090000000000000000000000000000000000000000000000000000000081526001600160a01b038481166004830152306024830152604482018390527f00000000000000000000000000000000000000000000000000000000000000001690630b0d9c09906064015f604051808303815f87803b158015615404575f80fd5b505af1158015615416573d5f803e3d5ffd5b505050505b5f61542685600f0b90565b600f0b90505f811215615625575f61543d8261a3a7565b6040517fa58411940000000000000000000000000000000000000000000000000000000081526001600160a01b0386811660048301529192507f00000000000000000000000000000000000000000000000000000000000000009091169063a5841194906024015f604051808303815f87803b1580156154bb575f80fd5b505af11580156154cd573d5f803e3d5ffd5b505050506001600160a01b038416615568577f00000000000000000000000000000000000000000000000000000000000000006001600160a01b03166311da60b4826040518263ffffffff1660e01b815260040160206040518083038185885af115801561553d573d5f803e3d5ffd5b50505050506040513d601f19601f820116820180604052508101906155629190619a3b565b5061561f565b61559c6001600160a01b0385167f0000000000000000000000000000000000000000000000000000000000000000836156d1565b7f00000000000000000000000000000000000000000000000000000000000000006001600160a01b03166311da60b46040518163ffffffff1660e01b81526004016020604051808303815f875af11580156155f9573d5f803e3d5ffd5b505050506040513d601f19601f8201168201806040525081019061561d9190619a3b565b505b50612834565b5f811315612834576040517f0b0d9c090000000000000000000000000000000000000000000000000000000081526001600160a01b038481166004830152306024830152604482018390527f00000000000000000000000000000000000000000000000000000000000000001690630b0d9c09906064015f604051808303815f87803b1580156156b3575f80fd5b505af11580156156c5573d5f803e3d5ffd5b50505050505050505050565b5f6001600160a01b03841661571f575f805f8085875af190508061571a5761571a835f7ff4b3b1bc00000000000000000000000000000000000000000000000000000000616e93565b611d92565b6040517fa9059cbb0000000000000000000000000000000000000000000000000000000081526001600160a01b038416600482015282602482015260205f6044835f895af13d15601f3d1160015f511416171691505f81525f60208201525f60408201525080611d9257611d92847fa9059cbb000000000000000000000000000000000000000000000000000000007ff27f64e400000000000000000000000000000000000000000000000000000000616e93565b5f808080851580156157e4575084155b156157f957505f925082915081905080615c84565b8660020b8860020b12158061583157507ffffffffffffffffffffffffffffffffffffffffffffffffffffffffffff27618600289900b125b806158425750620d89e8600288900b135b15615879576040517f30673a1b00000000000000000000000000000000000000000000000000000000815260040160405180910390fd5b6158d76040518061012001604052805f6fffffffffffffffffffffffffffffffff1681526020015f81526020015f60020b81526020015f81526020015f81526020015f81526020015f81526020015f81526020015f60020b81525090565b5f805f6158fd8d602001518e5f01516001600160a01b0316615c9090919063ffffffff16565b929750909450925090506001600160a01b0385165f03615949576040517f01ac05a500000000000000000000000000000000000000000000000000000000815260040160405180910390fd5b60208d01518d515f91615965916001600160a01b031690616f54565b60408f01519091505f615978858561a7f6565b92875250602086018790526040860194909452606085018b9052608085018a905262ffffff1660e085015250506101008201525f6159b58a615eb8565b90505f6159c18a615eb8565b90508160a08401528060c08401526159f78989866001600160a01b0316856001600160a01b0316856001600160a01b0316616ff0565b9450615a2d60405180608001604052808e8152602001858152602001866001600160a01b0316815260200187151581525061701b565b825160208401516060850151608086015188615b6657856001600160a01b0316836001600160a01b03161015615b0657615a8a8385615a838a60e00151620f424003620f4240866172809092919063ffffffff16565b600161733b565b9750856001600160a01b0316886001600160a01b03161015615aae578b9a50615b06565b615ad3620f42408860e00151620f424003615acc868a89600161745c565b9190617280565b9003615ae18387865f6174ba565b6001600160a01b03871660208901529091016060870181905260808701829052859250905b856001600160a01b0316836001600160a01b031610615b4f57615b2887617584565b9750615b48620f42408860e00151620f424003615acc8b8789600161745c565b818d03019a505b615b5b8884865f6174ba565b8d8303019950615c7c565b846001600160a01b0316836001600160a01b03161115615c2057615bad8385615ba68a60e00151620f424003620f4240876172809092919063ffffffff16565b60016176bb565b9750846001600160a01b0316886001600160a01b031610615bd0578c9a50615c20565b615bee620f42408860e00151620f424003615acc88878960016174ba565b82039150615bfe8584865f61745c565b6001600160a01b03861660208901526060880183905201608087018190528492505b846001600160a01b0316836001600160a01b031611615c6957615c42876177af565b9750615c62620f42408860e00151620f424003615acc8b878960016174ba565b828e03019a505b615c758884865f61745c565b8c82030199505b505050505050505b95509550955095915050565b5f805f805f615c9e866178c7565b6040517f1e2eaeaf000000000000000000000000000000000000000000000000000000008152600481018290529091505f906001600160a01b03891690631e2eaeaf90602401602060405180830381865afa158015615cff573d5f803e3d5ffd5b505050506040513d601f19601f82011682018060405250810190615d239190619a3b565b90506001600160a01b03811695508060a01c60020b945062ffffff8160b81c16935062ffffff8160d01c169250505092959194509250565b5f808085158015615d6a575084155b15615d7c57505f915081905080615eac565b8660020b8860020b121580615db457507ffffffffffffffffffffffffffffffffffffffffffffffffffffffffffff27618600289900b125b80615dc55750620d89e8600288900b135b15615dfc576040517f30673a1b00000000000000000000000000000000000000000000000000000000815260040160405180910390fd5b5f615e0689615eb8565b90505f615e1289615eb8565b9050615e3c88888d6001600160a01b0316856001600160a01b0316856001600160a01b0316616ff0565b9250816001600160a01b03168b6001600160a01b031611615e6e57615e6488888d858a617903565b9095509350615ea9565b806001600160a01b03168b6001600160a01b031610615e9457615e6488888d848a617965565b615ea388888d85858b896179b0565b90955093505b50505b96509650969350505050565b60020b5f60ff82901d80830118620d89e8811115615efa57615efa7f8b86327a0000000000000000000000000000000000000000000000000000000084617a15565b7001fffcb933bd6fad37aa2d162d1a5940016001821602700100000000000000000000000000000000186002821615615f43576ffff97272373d413259a46990580e213a0260801c5b6004821615615f62576ffff2e50f5f656932ef12357cf3c7fdcc0260801c5b6008821615615f81576fffe5caca7e10e4e61c3624eaa0941cd00260801c5b6010821615615fa0576fffcb9843d60f6159c9db58835c9266440260801c5b6020821615615fbf576fff973b41fa98c081472e6896dfb254c00260801c5b6040821615615fde576fff2ea16466c96a3843ec78b326b528610260801c5b6080821615615ffd576ffe5dee046a99a2a811c461f1969c30530260801c5b61010082161561601d576ffcbe86c7900a88aedcffc83b479aa3a40260801c5b61020082161561603d576ff987a7253ac413176f2b074cf7815e540260801c5b61040082161561605d576ff3392b0822b70005940c7a398e4b70f30260801c5b61080082161561607d576fe7159475a2c29b7443b29c7fa6e889d90260801c5b61100082161561609d576fd097f3bdfd2022b8845ad8f792aa58250260801c5b6120008216156160bd576fa9f746462d870fdf8a65dc1f90e061e50260801c5b6140008216156160dd576f70d869a156d2a1b890bb3df62baf32f70260801c5b6180008216156160fd576f31be135f97d08fd981231505542fcfa60260801c5b6201000082161561611e576f09aa508b5b7a84e1c677de54f3e99bc90260801c5b6202000082161561613e576e5d6af8dedb81196699c329225ee6040260801c5b6204000082161561615d576d2216e584f5fa1ea926041bedfe980260801c5b6208000082161561617a576b048a170391f7dc42444e8fa20260801c5b5f8413156161a5577fffffffffffffffffffffffffffffffffffffffffffffffffffffffffffffffff045b63ffffffff0160201c9392505050565b5f836001600160a01b0316856001600160a01b031611156161d4579293925b846001600160a01b0316866001600160a01b0316116161ff576161f8858585617a24565b9050610a6b565b836001600160a01b0316866001600160a01b03161015616271575f616225878686617a24565b90505f616233878986617a95565b9050806fffffffffffffffffffffffffffffffff16826fffffffffffffffffffffffffffffffff16106162665780616268565b815b92505050610a6b565b610a68858584617a95565b5f5b8254811015611569578183828154811061629a5761629a6199e7565b905f5260205f2001540361631757825483906162b8906001906199d4565b815481106162c8576162c86199e7565b905f5260205f2001548382815481106162e3576162e36199e7565b905f5260205f200181905550828054806162ff576162ff61a769565b600190038181905f5260205f20015f90559055505050565b60010161627e565b5f5b8254811015616358578183828154811061633d5761633d6199e7565b905f5260205f2001540361635057505050565b600101616321565b5081546001810183555f928352602090922090910155565b5f8060405180606001604052807f00000000000000000000000000000000000000000000000000000000000000006001600160a01b031681526020016163b78660a0902090565b8152602001856060015160020b81525090505f835f01516163ef5760608501516163e081617ad3565b6163ea919061a66c565b6163fc565b6163fc8560600151617af3565b90505f845f0151616419576164148660600151617ad3565b616431565b606086015161642781617af3565b616431919061993c565b90505f616475848484895f0151616448575f616456565b89602001516164569061a3a7565b8a5161646f578a6020015161646a9061a3a7565b6157d4565b5f6157d4565b9350505050611a4e61648682617b28565b8860600151616710565b612c8b82826040516024016164a692919061a811565b60408051601f198184030181529190526020810180517bffffffffffffffffffffffffffffffffffffffffffffffffffffffff167f3ca6268e00000000000000000000000000000000000000000000000000000000179052617e25565b5f838152600b6020526040808220815161018081019092528054829060ff16600481111561653357616533619475565b600481111561654457616544619475565b81528154610100808204600290810b60208501526401000000008304810b604085015260ff6701000000000000008404811615156060860152680100000000000000008404161515608085015269010000000000000000008304810b60a08501526c010000000000000000000000008304810b60c08501526f010000000000000000000000000000008304810b60e085015272010000000000000000000000000000000000008304810b9184019190915262ffffff75010000000000000000000000000000000000000000008304166101208401527801000000000000000000000000000000000000000000000000909104900b6101408201526001909101546001600160a01b031661016090910152905060048151600481111561666b5761666b619475565b03612834576166af6040518060400160405280601181526020017f4155544f5f4c454e44207472696767657200000000000000000000000000000081525085617e2e565b5f60025f6166bc876134ef565b6001600160a01b0316815260208101919091526040015f205460ff16905080613932575f858152600c60205260408120549003616704576166ff87878787611a59565b613932565b613932878787876124a6565b5f8061671c838561a832565b90505f8460020b12801561673b57506167358385619b92565b60020b15155b1561674e578061674a8161a8a5565b9150505b61176c838261a6ad565b5f80546001600160a01b038381167fffffffffffffffffffffffff0000000000000000000000000000000000000000831681178455604051919092169283917f8be0079c531659141344cd1fd0a4f28419497f9722a3daafe3b4186f6b6457e09190a35050565b5f6167ea7f000000000000000000000000000000000000000000000000000000000000000083615c90565b5090949350505050565b5f838152600b6020526040808220815161018081019092528054829060ff16600481111561682457616824619475565b600481111561683557616835619475565b81528154610100808204600290810b60208501526401000000008304810b604085015260ff6701000000000000008404811615156060860152680100000000000000008404161515608085015269010000000000000000008304810b60a08501526c010000000000000000000000008304810b60c08501526f010000000000000000000000000000008304810b60e085015272010000000000000000000000000000000000008304810b9184019190915262ffffff75010000000000000000000000000000000000000000008304166101208401527801000000000000000000000000000000000000000000000000909104810b6101408301526001909201546001600160a01b0316610160909101529091505f9081616954876134ef565b6001600160a01b0316815260208101919091526040015f205460ff16905060038251600481111561698757616987619475565b148015616992575083155b80156169a75750816020015160020b8360020b145b15616abd578015616aac57336001600160a01b03166378cc76448630306001600160a01b03166333afbba78c8c8c8c8b606001516040516024016169ef95949392919061a901565b60408051808303601f1901815291815260208201805160e094851b7bffffffffffffffffffffffffffffffffffffffffffffffffffffffff909116179052519186901b7fffffffff00000000000000000000000000000000000000000000000000000000168252616a669493925090600401619a14565b6020604051808303815f875af1158015616a82573d5f803e3d5ffd5b505050506040513d601f19601f82011682018060405250810190616aa69190619a3b565b50613932565b6166ff878787878660600151610ae4565b600382516004811115616ad257616ad2619475565b148015616adc5750835b8015616af15750816040015160020b8360020b145b15616b4a578015616b3957336001600160a01b03166378cc76448630306001600160a01b03166333afbba78c8c8c8c8b608001516040516024016169ef95949392919061a901565b6166ff878787878660800151610ae4565b600282516004811115616b5f57616b5f619475565b03613932576040517f7ba03aad000000000000000000000000000000000000000000000000000000008152600481018690525f907f00000000000000000000000000000000000000000000000000000000000000006001600160a01b031690637ba03aad9060240160c060405180830381865afa158015616be2573d5f803e3d5ffd5b505050506040513d601f19601f82011682018060405250810190616c069190619ae6565b9150505f616c178260081c60020b90565b90505f616c278360201c60020b90565b90508460a0015182616c39919061a66c565b60020b8660020b148015616c4b575086155b80616c71575060c0850151616c60908261993c565b60020b8660020b148015616c715750865b156156c5578315616d7057336001600160a01b03166378cc76448930306001600160a01b0316634fe072218f8f8f8e604051602401616cb3949392919061a984565b60408051808303601f1901815291815260208201805160e094851b7bffffffffffffffffffffffffffffffffffffffffffffffffffffffff909116179052519186901b7fffffffff00000000000000000000000000000000000000000000000000000000168252616d2a9493925090600401619a14565b6020604051808303815f875af1158015616d46573d5f803e3d5ffd5b505050506040513d601f19601f82011682018060405250810190616d6a9190619a3b565b506156c5565b6156c58a8a8a89610c97565b5f805f846001600160a01b031684604051616d97919061a9ff565b5f604051808303815f865af19150503d805f8114616dd0576040519150601f19603f3d011682016040523d82523d5f602084013e616dd5565b606091505b5091509150818015616dff575080511580616dff575080806020019051810190616dff919061aa15565b8015610a6b5750505050506001600160a01b03163b151590565b5f616e2d6001600160a01b03841683617ea1565b905080515f14158015616e51575080806020019051810190616e4f919061aa15565b155b15611569576040517f5274afe70000000000000000000000000000000000000000000000000000000081526001600160a01b03841660048201526024016117d4565b6040517f90bfb865000000000000000000000000000000000000000000000000000000008082526001600160a01b03851660048301527fffffffff0000000000000000000000000000000000000000000000000000000084166024830152608060448301526020601f3d018190040260a0810160648401523d608484015290913d5f60a483013e60048260a4018201527fffffffff0000000000000000000000000000000000000000000000000000000084168260c4018201528160e40181fd5b5f80616f5f836178c7565b90505f616f6d60038361a547565b6040517f1e2eaeaf000000000000000000000000000000000000000000000000000000008152600481018290529091506001600160a01b03861690631e2eaeaf90602401602060405180830381865afa158015616fcc573d5f803e3d5ffd5b505050506040513d601f19601f82011682018060405250810190610a6b9190619a3b565b5f828411616fff57505f610a6b565b81841061700e57506001610a6b565b6161f88686868686617eae565b5f7fffffffffffffffffffffffffffffffffffffffffffffffffffffffffffff8000815b5f6170986040518060c00160405280875f0151815260200187602001516040015160020b81526020018760200151610100015160020b81526020018760600151151581526020018560010b815260200184815250617ef8565b8051602082015160408301519196509450925090505f6170b785615eb8565b90505f80876060015161712157602080890151908101518151608083015160e0909301515f9384936170ef93909289928603906182ad565b6001600160a01b0390931660408e015260208d015160608101516080909101519101965091019003925061717b915050565b602080890151908101518151606083015160e0909301515f93849361714c93909289928603906182ad565b6001600160a01b0390931660408e015260208d0151606081015160809091015192909301909203955001925050505b826001600160a01b031688604001516001600160a01b0316146171a15750505050611d92565b876060015115156171d283838b604001516001600160a01b03168c6020015160a001518d6020015160c00151616ff0565b1515146171e25750505050611d92565b8751602081015190515f91617201916001600160a01b0316908a618410565b9150505f896060015190505f8a6020015190505f8b60400151905083835f031883019350838251018252806020830152828b036040830152856060830152846080830152818c60200181905250808c604001906001600160a01b031690816001600160a01b0316815250505050505050505050600161703f5750505050565b5f838302817fffffffffffffffffffffffffffffffffffffffffffffffffffffffffffffffff858709828110838203039150508084116172be575f80fd5b805f036172d057508290049050612452565b5f848688095f868103871696879004966002600389028118808a02820302808a02820302808a02820302808a02820302808a02820302808a02909103029181900381900460010186841190950394909402919094039290920491909117919091029150509392505050565b5f81156173c6575f6001600160a01b038411156173815761737c846c01000000000000000000000000876fffffffffffffffffffffffffffffffff16617280565b6173a1565b6173a16fffffffffffffffffffffffffffffffff8616606086901b6199c1565b90506173be6173b9826001600160a01b03891661a547565b6184c7565b91505061176c565b5f6001600160a01b0384111561740557617400846c01000000000000000000000000876fffffffffffffffffffffffffffffffff16618501565b61742b565b61742b606085901b6fffffffffffffffffffffffffffffffff8716808204910615150190565b9050806001600160a01b0387161161744a57634323a5555f526004601cfd5b6001600160a01b03861603905061176c565b5f6001600160a01b038481169086160360ff81901d908101186c010000000000000000000000006fffffffffffffffffffffffffffffffff85166174a1818484617280565b9350845f83858409111684019350505050949350505050565b5f836001600160a01b0316856001600160a01b031611156174d9579293925b6001600160a01b0385166174f35762bfc9215f526004601cfd5b7bffffffffffffffffffffffffffffffff000000000000000000000000606084901b166001600160a01b03868603168361755857866001600160a01b03166175458383896001600160a01b0316617280565b8161755257617552619994565b04611a4e565b611a4e61756f8383896001600160a01b0316618501565b886001600160a01b0316808204910615150190565b5f805f805f805f805f8951935060208a0151945060c08a0151925060e08a0151915081620f42400390505f8460601b86810460608d015101915084830281620f4240020482039950506175e9818c60a001516c01000000000000000000000000617280565b9750818584020488039750505f617622858388620f4240028161760e5761760e619994565b046c01000000000000000000000000617280565b60808c015160a08d015191810192509061764b9087906c01000000000000000000000000617280565b820397508088116176635763202368085f526004601cfd5b61767b826c0100000000000000000000000087617280565b8903985050508760011b97508560011b9550505050505f836176a284870286870201618531565b0160601b94909405818118908210021895945050505050565b5f825f036176ca57508361176c565b7bffffffffffffffffffffffffffffffff000000000000000000000000606085901b16821561776e576001600160a01b0386168481029085828161771057617710619994565b04036177405781810182811061773e5761773483896001600160a01b031683618501565b935050505061176c565b505b506173be81856177596001600160a01b038a16836199c1565b617763919061a547565b808204910615150190565b6001600160a01b0386168481029085820414818311166177955763f5c787f15f526004601cfd5b8082036177346173b9846001600160a01b038b1684618501565b8051602082015160c083015160e08401516060808601515f959182901b848104620f42408581038089029190930204830190810396889687969195949093919290808a116178045763202368085f526004601cfd5b50617821818c60a001516c01000000000000000000000000617280565b8386028390040197505f905061784585876c01000000000000000000000000617280565b90508060808c015101905061786c85838d60a00151620f4240028161760e5761760e619994565b81039650617888816c0100000000000000000000000086617280565b88039750508760011b97508560011b9550505050505f836178ae84870286870201618531565b0160601b94909404818118908211021895945050505050565b6040515f906178e6908390600690602001918252602082015260400190565b604051602081830303815290604052805190602001209050919050565b5f80855f0361791657505f9050806150c1565b8591505f61792c62ffffff8516620f42406199d4565b905061795861794e88886001600160a01b0316886001600160a01b0316617280565b82620f4240617280565b9150509550959350505050565b5f80865f0361797857505f9050806150c1565b8691505f61798e62ffffff8516620f42406199d4565b905061795861794e89876001600160a01b0316896001600160a01b0316617280565b5f805f6179be888888618615565b90505f6179d362ffffff8716620f42406199d4565b905084156179f3576179e98b8b8b8a86866186a4565b9094509250617a07565b617a018b8b8b8b8686618793565b90945092505b505097509795505050505050565b815f528060020b60045260245ffd5b5f826001600160a01b0316846001600160a01b03161115617a43579192915b5f617a6e856001600160a01b0316856001600160a01b03166c01000000000000000000000000617280565b9050610a6b617a908483617a82898961a369565b6001600160a01b0316617280565b61888a565b5f826001600160a01b0316846001600160a01b03161115617ab4579192915b61244f617a90836c01000000000000000000000000617a82888861a369565b5f81600281900b620d89e881617aeb57617aeb619994565b050292915050565b5f81600281900b7ffffffffffffffffffffffffffffffffffffffffffffffffffffffffffff2761881617aeb57617aeb619994565b5f73fffd8963efd1fc6a506488495d951d51639616827ffffffffffffffffffffffffffffffffffffffffffffffffffffffffefffd895d83016001600160a01b03161115617b9a57617b9a7f614875240000000000000000000000000000000000000000000000000000000083618906565b77ffffffffffffffffffffffffffffffffffffffff00000000602083901b16805f617bc48261891b565b60ff16905060808110617bdf57607f810383901c9150617be9565b80607f0383901b91505b908002607f81811c60ff83811c9190911c800280831c81831c1c800280841c81841c1c800280851c81851c1c800280861c81861c1c800280871c81871c1c800280881c81881c1c800280891c81891c1c8002808a1c818a1c1c8002808b1c818b1c1c8002808c1c818c1c1c8002808d1c818d1c1c8002808e1c9c81901c9c909c1c80029c8d901c9e9d7fffffffffffffffffffffffffffffffffffffffffffffffffffffffffffffff808f0160401b60c09190911c678000000000000000161760c19b909b1c674000000000000000169a909a1760c29990991c672000000000000000169890981760c39790971c671000000000000000169690961760c49590951c670800000000000000169490941760c59390931c670400000000000000169290921760c69190911c670200000000000000161760c79190911c670100000000000000161760c89190911c6680000000000000161760c99190911c6640000000000000161760ca9190911c6620000000000000161760cb9190911c6610000000000000161760cc9190911c6608000000000000161760cd9190911c66040000000000001617693627a301d71055774c8581027ffffffffffffffffffffffffffffffffffd709b7e5480fba5a50fed5e62ffc5568101608090811d906fdb2df09e81959a81455e260799a0632f8301901d600281810b9083900b14617e1657886001600160a01b0316617dfb82615eb8565b6001600160a01b03161115617e105781617e18565b80617e18565b815b9998505050505050505050565b6117e6816189af565b612c8b8282604051602401617e4492919061a811565b60408051601f198184030181529190526020810180517bffffffffffffffffffffffffffffffffffffffffffffffffffffffff167fb60e72cc00000000000000000000000000000000000000000000000000000000179052617e25565b606061245283835f6189ce565b5f617ebc8585840384617280565b617eed617ed788876c01000000000000000000000000617280565b8587036c01000000000000000000000000617280565b119695505050505050565b604080516060810182525f80825260208201819052918101919091526060820151602083015160408401515f91600291820b910b81810783139190050390505f80600283900b60081d60ff8416915091508160010b866080015160010b148015617f65575060a086015115155b15617fad57617f7f8660a001518483896040015188618a76565b600290810b808752602088015190910b14617fad575060010b6020840152505060a090910151604082015290565b60808601515f9060010b7fffffffffffffffffffffffffffffffffffffffffffffffffffffffffffff800014617fe7578660800151617fe9565b825b60a08801519091505b85156181155761800360648561aa30565b60010b8260010b121561804857604088015161802060ff8761a66c565b61802a919061a6ad565b60020b87525060010b602086015250505f6040840152509092915050565b8360010b8260010b14801561805b575080155b156180865787516020810151905161807f916001600160a01b039091169084618b4e565b905061821d565b8360010b8260010b12156180c1578161809e8161aa70565b89516020810151905191945061807f92506001600160a01b039091169084618b4e565b816180cb8161aa70565b92506180da905060648561aa30565b60010b8260010b126181055787516020810151905161807f916001600160a01b039091169084618b4e565b604088015161802060ff8761a66c565b61812084606461aaa4565b60010b8260010b131561813d57604088015161802060ff8761993c565b8360010b8260010b148015618150575080155b156181915787516020015161817d9061816a84600161aaa4565b8a51516001600160a01b03169190618b4e565b9050816181898161aae4565b92505061821d565b8360010b8260010b136181c9576181a984600161aaa4565b88516020810151905191935061807f916001600160a01b03169084618b4e565b816181d38161aae4565b92506181e2905084606461aaa4565b60010b8260010b1361820d5787516020810151905161807f916001600160a01b039091169084618b4e565b604088015161802060ff8761993c565b80156182a8575f866182395761823486600161993c565b61823b565b855b90508460010b8360010b1461826f5761825a600184900b61010061a6ad565b90508661826f578061826b8161ab03565b9150505b5f8160ff1690506182878383838d604001518c618a76565b60020b8952505060019190910b602087015260408601525092949350505050565b617ff2565b5f80808062ffffff85166001600160a01b03808a16908b1610158288128015618383575f6182e68a5f0385620f424003620f4240617280565b9050826182ff576182fa8d8d8d600161745c565b61830c565b61830c8c8e8d60016174ba565b9650868110618340578b9750620f4240841461833757618332878586620f424003618501565b618339565b865b9450618359565b80965061834f8d8c8386618c1b565b9750868a5f030394505b8261836f5761836a8d898d5f6174ba565b61837b565b61837b888e8d5f61745c565b955050618401565b81618399576183948c8c8c5f6174ba565b6183a5565b6183a58b8d8c5f61745c565b94508489106183b6578a96506183c8565b8894506183c58c8b8785618c72565b96505b816183df576183da8c888c600161745c565b6183ec565b6183ec878d8c60016174ba565b95506183fe868485620f424003618501565b93505b50505095509550955095915050565b5f805f61841d8585618cc2565b6040517f1e2eaeaf000000000000000000000000000000000000000000000000000000008152600481018290529091505f906001600160a01b03881690631e2eaeaf90602401602060405180830381865afa15801561847e573d5f803e3d5ffd5b505050506040513d601f19601f820116820180604052508101906184a29190619a3b565b6fffffffffffffffffffffffffffffffff81169860809190911d975095505050505050565b806001600160a01b0381168114615160576151607f93dafdf100000000000000000000000000000000000000000000000000000000618d15565b5f61850d848484617280565b9050818061851d5761851d619994565b838509156124525760010180612452575f80fd5b5f815f0361854057505f919050565b5f600161854c84618d1d565b901c6001901b9050600181848161856557618565619994565b048201901c9050600181848161857d5761857d619994565b048201901c9050600181848161859557618595619994565b048201901c905060018184816185ad576185ad619994565b048201901c905060018184816185c5576185c5619994565b048201901c905060018184816185dd576185dd619994565b048201901c905060018184816185f5576185f5619994565b048201901c90506124528182858161860f5761860f619994565b04618db0565b5f80618621858461a369565b6001600160a01b031690505f61868061865a856001600160a01b0316886001600160a01b03166c01000000000000000000000000617280565b618664878961a369565b6001600160a01b03166c01000000000000000000000000617280565b905061869a826c0100000000000000000000000083617280565b9695505050505050565b5f805f6186bf85896c01000000000000000000000000617280565b90508089116186d4575f8092509250506119d2565b5f6186df828b6199d4565b90505f6187166186fd88886c01000000000000000000000000617280565b8a6001600160a01b03168a6001600160a01b0316617280565b90505f618730826c0100000000000000000000000061a547565b905061874a836c0100000000000000000000000083617280565b95508b861115618758578b95505b618782618778878c6001600160a01b03168c6001600160a01b0316617280565b88620f4240617280565b945050505050965096945050505050565b5f805f6187ae85896c01000000000000000000000000617280565b90508881116187c3575f8092509250506119d2565b5f6187ce8a836199d4565b90505f6188056187ec88886c01000000000000000000000000617280565b896001600160a01b03168b6001600160a01b0316617280565b90505f81618826888b6001600160a01b03168d6001600160a01b0316617280565b618830919061a547565b905061885c618852848c6001600160a01b03168c6001600160a01b0316617280565b620f424083617280565b95508a86111561886a578a95505b618782618778878b6001600160a01b03168d6001600160a01b0316617280565b806fffffffffffffffffffffffffffffffff81168114615160576040517f08c379a000000000000000000000000000000000000000000000000000000000815260206004820152601260248201527f6c6971756964697479206f766572666c6f77000000000000000000000000000060448201526064016117d4565b815f526001600160a01b03811660045260245ffd5b5f808211618927575f80fd5b507f0706060506020500060203020504000106050205030304010505030400000000601f6f8421084210842108cc6318c6db6d54be6fffffffffffffffffffffffffffffffff841160071b84811c67ffffffffffffffff1060061b1784811c63ffffffff1060051b1784811c61ffff1060041b1784811c60ff1060031b1793841c1c161a1790565b5f6a636f6e736f6c652e6c6f6790505f80835160208501845afa505050565b606081471015618a0c576040517fcd7860590000000000000000000000000000000000000000000000000000000081523060048201526024016117d4565b5f80856001600160a01b03168486604051618a27919061a9ff565b5f6040518083038185875af1925050503d805f8114618a61576040519150601f19603f3d011682016040523d82523d5f602084013e618a66565b606091505b509150915061869a868383618dc5565b5f8115618add577fffffffffffffffffffffffffffffffffffffffffffffffffffffffffffffffff60ff80861690031c8681168015618acb575f618ab98261891b565b870360ff16880386029350618ad69050565b848660ff1688030292505b5050610a6b565b60019485019460ff86169450841b7fffffffffffffffffffffffffffffffffffffffffffffffffffffffffffffffff01198681168015618b35575f618b2182618e3a565b90508587820360ff16890102935050618b43565b848660ff0360ff1688010292505b505095945050505050565b5f80618b59846178c7565b90505f618b6760058361a547565b60408051600187900b60208201529081018290529091505f9060600160408051808303601f190181529082905280516020909101207f1e2eaeaf0000000000000000000000000000000000000000000000000000000082526004820181905291506001600160a01b03881690631e2eaeaf90602401602060405180830381865afa158015618bf7573d5f803e3d5ffd5b505050506040513d601f19601f82011682018060405250810190611a4e9190619a3b565b5f6fffffffffffffffffffffffffffffffff8416156001600160a01b038616151715618c4e57634f2461b85f526004601cfd5b81618c6557618c60858585600161733b565b611769565b61176985858560016176bb565b5f6fffffffffffffffffffffffffffffffff8416156001600160a01b038616151715618ca557634f2461b85f526004601cfd5b81618cb657618c608585855f6176bb565b6117698585855f61733b565b5f80618ccd846178c7565b90505f618cdb60048361a547565b60408051600287900b6020820152908101829052909150606001604051602081830303815290604052805190602001209250505092915050565b805f5260045ffd5b5f80608083901c15618d3157608092831c92015b604083901c15618d4357604092831c92015b602083901c15618d5557602092831c92015b601083901c15618d6757601092831c92015b600883901c15618d7957600892831c92015b600483901c15618d8b57600492831c92015b600283901c15618d9d57600292831c92015b600183901c156118bf5760010192915050565b5f818310618dbe5781612452565b5090919050565b606082618dda57618dd582618ed4565b612452565b8151158015618df157506001600160a01b0384163b155b15618e33576040517f9996b3150000000000000000000000000000000000000000000000000000000081526001600160a01b03851660048201526024016117d4565b5080612452565b5f808211618e46575f80fd5b507e1f0d1e100c1d070f090b19131c1706010e11080a1a141802121b15031604055f8290039091166101e07f804040554300526644320000502061067405302602000010750620017611707760fc7fb6db6db6ddddddddd34d34d349249249210842108c6318c639ce739cffffffff840260f81c161b60f71c1690811c63d76453e004601f169190911a1790565b805115618ee45780518082602001fd5b6040517f1425ea4200000000000000000000000000000000000000000000000000000000815260040160405180910390fd5b8060020b81146117e6575f80fd5b803561516081618f16565b5f805f60608486031215618f41575f80fd5b833592506020840135618f5381618f16565b929592945050506040919091013590565b6001600160a01b03811681146117e6575f80fd5b5f60a08284031215618f88575f80fd5b50919050565b5f60808284031215618f88575f80fd5b5f8083601f840112618fae575f80fd5b50813567ffffffffffffffff811115618fc5575f80fd5b602083019150836020828501011115618fdc575f80fd5b9250929050565b5f805f805f6101608688031215618ff8575f80fd5b853561900381618f64565b94506190128760208801618f78565b93506190218760c08801618f8e565b925061014086013567ffffffffffffffff81111561903d575f80fd5b61904988828901618f9e565b969995985093965092949392505050565b5f6020828403121561906a575f80fd5b5035919050565b7f4e487b71000000000000000000000000000000000000000000000000000000005f52604160045260245ffd5b60405160a0810167ffffffffffffffff811182821017156190c1576190c1619071565b60405290565b604051610180810167ffffffffffffffff811182821017156190c1576190c1619071565b604051601f8201601f1916810167ffffffffffffffff8111828210171561911457619114619071565b604052919050565b62ffffff811681146117e6575f80fd5b80356151608161911c565b803561516081618f64565b5f60a08284031215619152575f80fd5b61915a61909e565b9050813561916781618f64565b8152602082013561917781618f64565b6020820152604082013561918a8161911c565b6040820152606082013561919d81618f16565b606082015260808201356191b081618f64565b608082015292915050565b80151581146117e6575f80fd5b8035615160816191bb565b5f805f805f61012086880312156191e8575f80fd5b6191f28787619142565b945060a0860135935060c0860135925060e0860135619210816191bb565b9150610100860135619221816191bb565b809150509295509295909350565b5f805f806101008587031215619243575f80fd5b61924d8686619142565b935060a0850135925060c0850135915060e085013561926b81618f16565b939692955090935050565b5f60208284031215619286575f80fd5b813567ffffffffffffffff81111561929c575f80fd5b8201601f810184136192ac575f80fd5b803567ffffffffffffffff8111156192c6576192c6619071565b8060051b6192d6602082016190eb565b918252602081840181019290810190878411156192f1575f80fd5b6020850194505b83851015611a4e578435808352602095860195909350909101906192f8565b5f60608284031215618f88575f80fd5b5f805f805f610140868803121561933c575f80fd5b853561934781618f64565b94506193568760208801618f78565b93506193658760c08801619317565b925061012086013567ffffffffffffffff81111561903d575f80fd5b5f60208284031215619391575f80fd5b813561245281618f64565b5f805f805f805f6101a0888a0312156193b3575f80fd5b87356193be81618f64565b96506193cd8960208a01618f78565b95506193dc8960c08a01618f8e565b94506101408801359350610160880135925061018088013567ffffffffffffffff811115619408575f80fd5b6194148a828b01618f9e565b989b979a50959850939692959293505050565b5f805f80610100858703121561943b575f80fd5b843561944681618f64565b93506194558660208701618f78565b925060c085013561946581618f64565b915060e085013561926b81618f16565b7f4e487b71000000000000000000000000000000000000000000000000000000005f52602160045260245ffd5b600581106194d7577f4e487b71000000000000000000000000000000000000000000000000000000005f52602160045260245ffd5b9052565b61018081016194ea828f6194a2565b8c60020b60208301528b60020b60408301528a1515606083015289151560808301528860020b60a083015261952460c083018960020b9052565b61953360e083018860020b9052565b61954361010083018760020b9052565b62ffffff851661012083015261955f61014083018560020b9052565b6001600160a01b0383166101608301529d9c50505050505050505050505050565b5f8060208385031215619591575f80fd5b823567ffffffffffffffff8111156195a7575f80fd5b6195b385828601618f9e565b90969095509350505050565b5f81518084528060208401602086015e5f602082860101526020601f19601f83011685010191505092915050565b602081525f61245260208301846195bf565b5f805f805f806101608789031215619615575f80fd5b863561962081618f64565b955061962f8860208901618f78565b945061963e8860c08901619317565b9350610120870135925061014087013567ffffffffffffffff811115619662575f80fd5b61966e89828a01618f9e565b979a9699509497509295939492505050565b5f805f805f806101208789031215619696575f80fd5b86356196a181618f64565b95506196b08860208901618f78565b945060c0870135935060e0870135925061010087013567ffffffffffffffff811115619662575f80fd5b5f805f8061010085870312156196ee575f80fd5b6196f88686619142565b935060a0850135925060c0850135915060e085013561926b816191bb565b5f808284036101a0811215619729575f80fd5b83359250610180601f198201121561973f575f80fd5b506020830190509250929050565b8151151581526101c08101602083015161976b602084018215159052565b50604083015161977f604084018215159052565b506060830151619793606084018215159052565b5060808301516197a7608084018215159052565b5060a08301516197bb60a084018215159052565b5060c08301516197cf60c084018215159052565b5060e08301516197e360e084018215159052565b506101008301516197f961010084018215159052565b5061012083015161980f61012084018215159052565b5061014083015161982561014084018215159052565b5061016083015161983b61016084018215159052565b5061018083015161985161018084018215159052565b506101a08301516198676101a084018215159052565b5092915050565b5f805f60e08486031215619880575f80fd5b833561988b81618f64565b925061989a8560208601618f78565b915060c08401356198aa81618f64565b809150509250925092565b5f80604083850312156198c6575f80fd5b82356198d181618f64565b915060208301356198e181618f64565b809150509250929050565b5f80604083850312156198fd575f80fd5b8235915060208301356198e181618f64565b7f4e487b71000000000000000000000000000000000000000000000000000000005f52601160045260245ffd5b600281810b9083900b01627fffff81137fffffffffffffffffffffffffffffffffffffffffffffffffffffffffff800000821217156118bf576118bf61990f565b80820281158282048414176118bf576118bf61990f565b7f4e487b71000000000000000000000000000000000000000000000000000000005f52601260045260245ffd5b5f826199cf576199cf619994565b500490565b818103818111156118bf576118bf61990f565b7f4e487b71000000000000000000000000000000000000000000000000000000005f52603260045260245ffd5b8381526001600160a01b0383166020820152606060408201525f61176960608301846195bf565b5f60208284031215619a4b575f80fd5b5051919050565b5f60208284031215619a62575f80fd5b815167ffffffffffffffff811115619a78575f80fd5b8201601f81018413619a88575f80fd5b805167ffffffffffffffff811115619aa257619aa2619071565b619ab56020601f19601f840116016190eb565b818152856020838501011115619ac9575f80fd5b8160208401602083015e5f91810160200191909152949350505050565b5f8082840360c0811215619af8575f80fd5b60a0811215619b05575f80fd5b50619b0e61909e565b8351619b1981618f64565b81526020840151619b2981618f64565b60208201526040840151619b3c8161911c565b60408201526060840151619b4f81618f16565b60608201526080840151619b6281618f64565b608082015260a0939093015192949293505050565b5f60208284031215619b87575f80fd5b813561245281618f16565b5f8260020b80619ba457619ba4619994565b808360020b0791505092915050565b600581106117e6575f80fd5b803561516081619bb3565b5f610180828403128015619bdc575f80fd5b50619be56190c7565b619bee83619bbf565b8152619bfc60208401618f24565b6020820152619c0d60408401618f24565b6040820152619c1e606084016191c8565b6060820152619c2f608084016191c8565b6080820152619c4060a08401618f24565b60a0820152619c5160c08401618f24565b60c0820152619c6260e08401618f24565b60e0820152619c746101008401618f24565b610100820152619c87610120840161912c565b610120820152619c9a6101408401618f24565b610140820152619cad6101608401619137565b6101608201529392505050565b5f81356118bf81619bb3565b60058210619cfb577f4e487b71000000000000000000000000000000000000000000000000000000005f52602160045260245ffd5b7fffffffffffffffffffffffffffffffffffffffffffffffffffffffffffffff0081541660ff831681178255505050565b5f81356118bf81618f16565b5f81356118bf816191bb565b5f81356118bf8161911c565b5f81356118bf81618f64565b619d6e619d6883619cba565b82619cc6565b619db5619d7d60208401619d2c565b8280548260081b63ffffff00167fffffffffffffffffffffffffffffffffffffffffffffffffffffffff000000ff8216178255505050565b619dff619dc460408401619d2c565b8280548260201b66ffffff00000000167fffffffffffffffffffffffffffffffffffffffffffffffffff000000ffffffff8216178255505050565b619e4b619e0e60608401619d38565b8280547fffffffffffffffffffffffffffffffffffffffffffffffff00ffffffffffffff1691151560381b67ff0000000000000016919091179055565b619e98619e5a60808401619d38565b8280547fffffffffffffffffffffffffffffffffffffffffffffff00ffffffffffffffff1691151560401b68ff000000000000000016919091179055565b619ee7619ea760a08401619d2c565b8280548260481b6bffffff000000000000000000167fffffffffffffffffffffffffffffffffffffffff000000ffffffffffffffffff8216178255505050565b619f39619ef660c08401619d2c565b8280548260601b6effffff000000000000000000000000167fffffffffffffffffffffffffffffffffff000000ffffffffffffffffffffffff8216178255505050565b619f8e619f4860e08401619d2c565b8280548260781b71ffffff000000000000000000000000000000167fffffffffffffffffffffffffffff000000ffffffffffffffffffffffffffffff8216178255505050565b619fe7619f9e6101008401619d2c565b8280548260901b74ffffff000000000000000000000000000000000000167fffffffffffffffffffffff000000ffffffffffffffffffffffffffffffffffff8216178255505050565b61a040619ff76101208401619d44565b82547fffffffffffffffff000000ffffffffffffffffffffffffffffffffffffffffff1660a89190911b77ffffff00000000000000000000000000000000000000000016178255565b61a09f61a0506101408401619d2c565b8280548260c01b7affffff000000000000000000000000000000000000000000000000167fffffffffff000000ffffffffffffffffffffffffffffffffffffffffffffffff8216178255505050565b612c8b61a0af6101608401619d50565b600183016001600160a01b0382167fffffffffffffffffffffffff00000000000000000000000000000000000000008254161781555050565b610180810161a0ff8261a0fa85619bbf565b6194a2565b61a10b60208401618f24565b61a11a602084018260020b9052565b5061a12760408401618f24565b61a136604084018260020b9052565b5061a143606084016191c8565b1515606083015261a156608084016191c8565b1515608083015261a16960a08401618f24565b61a17860a084018260020b9052565b5061a18560c08401618f24565b61a19460c084018260020b9052565b5061a1a160e08401618f24565b61a1b060e084018260020b9052565b5061a1be6101008401618f24565b61a1ce61010084018260020b9052565b5061a1dc610120840161912c565b62ffffff1661012083015261a1f46101408401618f24565b61a20461014084018260020b9052565b5061a2126101608401619137565b6001600160a01b038116610160840152619867565b5f6020828403121561a237575f80fd5b815161245281618f64565b5f6020828403121561a252575f80fd5b81516fffffffffffffffffffffffffffffffff81168114612452575f80fd5b8581526fffffffffffffffffffffffffffffffff8516602082015260ff8416604082015260ff8316606082015260a060808201525f611a4e60a08301846195bf565b5f82825180855260208501945060208160051b830101602085015f5b8381101561a30157601f1985840301885261a2eb8383516195bf565b602098890198909350919091019060010161a2cf565b50909695505050505050565b604081525f61a31f60408301856195bf565b8281036020840152610a6b818561a2b3565b606081525f61a34360608301866195bf565b828103602084015261a355818661a2b3565b9050828103604084015261869a81856195bf565b6001600160a01b0382811682821603908111156118bf576118bf61990f565b6001600160a01b0381811683821601908111156118bf576118bf61990f565b5f7f8000000000000000000000000000000000000000000000000000000000000000820361a3d75761a3d761990f565b505f0390565b61a43581846001600160a01b0381511682526001600160a01b03602082015116602083015262ffffff6040820151166040830152606081015160020b60608301526001600160a01b0360808201511660808301525050565b8151151560a0820152602082015160c082015260408201516001600160a01b031660e082015261012061010082018190525f908201526101400192915050565b61a4cd81856001600160a01b0381511682526001600160a01b03602082015116602083015262ffffff6040820151166040830152606081015160020b60608301526001600160a01b0360808201511660808301525050565b8251151560a0820152602083015160c082015260408301516001600160a01b031660e08201526101206101008201525f6117696101208301846195bf565b5f81600f0b7fffffffffffffffffffffffffffffffff80000000000000000000000000000000810361a53f5761a53f61990f565b5f0392915050565b808201808211156118bf576118bf61990f565b61a5b2818a6001600160a01b0381511682526001600160a01b03602082015116602083015262ffffff6040820151166040830152606081015160020b60608301526001600160a01b0360808201511660808301525050565b8760020b60a08201528660020b60c08201526fffffffffffffffffffffffffffffffff861660e08201526fffffffffffffffffffffffffffffffff85166101008201526fffffffffffffffffffffffffffffffff84166101208201526001600160a01b0383166101408201526101806101608201525f61a6366101808301846195bf565b9a9950505050505050505050565b6fffffffffffffffffffffffffffffffff82811682821603908111156118bf576118bf61990f565b600282810b9082900b037fffffffffffffffffffffffffffffffffffffffffffffffffffffffffff8000008112627fffff821317156118bf576118bf61990f565b5f8260020b8260020b028060020b91508082146198675761986761990f565b5f60a0828403121561a6dc575f80fd5b6124528383619142565b5f606082840312801561a6f7575f80fd5b506040516060810167ffffffffffffffff8111828210171561a71b5761a71b619071565b604052823561a729816191bb565b815260208381013590820152604083013561a74381618f64565b60408201529392505050565b61ffff81811683821601908111156118bf576118bf61990f565b7f4e487b71000000000000000000000000000000000000000000000000000000005f52603160045260245ffd5b8581526fffffffffffffffffffffffffffffffff851660208201526fffffffffffffffffffffffffffffffff841660408201526fffffffffffffffffffffffffffffffff8316606082015260a060808201525f611a4e60a08301846195bf565b62ffffff81811683821601908111156118bf576118bf61990f565b604081525f61a82360408301856195bf565b90508260208301529392505050565b5f8160020b8360020b8061a8485761a848619994565b7fffffffffffffffffffffffffffffffffffffffffffffffffffffffffffffffff81147fffffffffffffffffffffffffffffffffffffffffffffffffffffffffff8000008314161561a89c5761a89c61990f565b90059392505050565b5f8160020b7fffffffffffffffffffffffffffffffffffffffffffffffffffffffffff800000810361a8d95761a8d961990f565b7fffffffffffffffffffffffffffffffffffffffffffffffffffffffffffffffff0192915050565b610120810161a95e82886001600160a01b0381511682526001600160a01b03602082015116602083015262ffffff6040820151166040830152606081015160020b60608301526001600160a01b0360808201511660808301525050565b60a082019590955260c081019390935290151560e0830152151561010090910152919050565b610100810161a9e182876001600160a01b0381511682526001600160a01b03602082015116602083015262ffffff6040820151166040830152606081015160020b60608301526001600160a01b0360808201511660808301525050565b8460a08301528360c08301528260020b60e083015295945050505050565b5f82518060208501845e5f920191825250919050565b5f6020828403121561aa25575f80fd5b8151612452816191bb565b600182810b9082900b037fffffffffffffffffffffffffffffffffffffffffffffffffffffffffffff80008112617fff821317156118bf576118bf61990f565b5f8160010b7fffffffffffffffffffffffffffffffffffffffffffffffffffffffffffff8000810361a8d95761a8d961990f565b600181810b9083900b01617fff81137fffffffffffffffffffffffffffffffffffffffffffffffffffffffffffff8000821217156118bf576118bf61990f565b5f8160010b617fff810361aafa5761aafa61990f565b60010192915050565b5f8160020b627fffff810361aafa5761aafa61990f56fea2646970667358221220306d3607db456aaad685a7f9d6e6fea2bf21e2a00a0ba6a72ded2253fc35f05164736f6c634300081a00330000000000000000000000007fa9385be102ac3eac297483dd6233d62b3e1496000000000000000000000000000000000022d473030f116ddee9f6b43ac78ba30000000000000000000000001d1499e622d69689cdf9004d05ec547d650ff211)
    │   └─ ← [Return]
    ├─ [64528] 0x4444000000000000000000000000000000001Dc0::fallback()
    │   ├─ [292] V4Oracle::poolManager() [staticcall]
    │   │   └─ ← [Return] V4PoolManager: [0x526cE215C3ba0e07c7503f9E744B869E6eaE402D]
    │   ├─ emit OwnershipTransferred(previousOwner: 0x0000000000000000000000000000000000000000, newOwner: RevertHookTest: [0x7FA9385bE102ac3EAc297483Dd6233D62b3e1496])
    │   ├─ [249] V4Oracle::positionManager() [staticcall]
    │   │   └─ ← [Return] V4PositionManager: [0xBf7b2e60F266C6B17044D43C4b094611A6a95710]
    │   └─ ← [Return] 0x608060405234801561000f575f80fd5b50600436106102d8575f3560e01c80638da5cb5b11610187578063cad2f878116100dd578063e30c397811610093578063f1df96191161006e578063f1df961914610989578063f2fde38b1461099c578063f72f1908146109af575f80fd5b8063e30c397814610952578063e86be67814610963578063ecd4b17c14610976575f80fd5b8063dc98354e116100c3578063dc98354e14610922578063e1b4af6914610783578063e276464414610935575f80fd5b8063cad2f878146108e8578063dc4c90d3146108fb575f80fd5b8063b47b2fb11161013d578063c46cf43d11610118578063c46cf43d146107a9578063c4e833ce146107bc578063c53b81aa146108b3575f80fd5b8063b47b2fb114610735578063b6a8b0fa14610783578063b7f48a4114610796575f80fd5b80639f063efc1161016d5780639f063efc146106dd578063a622ee7c146106f0578063a958b2e114610722575f80fd5b80638da5cb5b146106ad57806391dd7346146106bd575f80fd5b80635c4573ad1161023c578063715018a6116101f2578063791b98bc116101cd578063791b98bc1461065657806379ba50971461067d5780638c444b4714610685575f80fd5b8063715018a61461051457806372063fe01461051c5780637865da6214610544575f80fd5b80636817031b116102225780636817031b146104a35780636c2bbe7e146104b65780636fe7e6eb14610501575f80fd5b80635c4573ad1461045b57806364df049e14610482575f80fd5b806333afbba711610291578063521cbfdc11610277578063521cbfdc146103df57806356587939146103f2578063575e24b414610405575f80fd5b806333afbba7146103b75780634fe07221146103cc575f80fd5b806321d0ee70116102c157806321d0ee701461034157806322ee705c14610385578063259982e5146103a4575f80fd5b806312261ee7146102dc5780631822b1ef14610320575b5f80fd5b6103037f000000000000000000000000000000000022d473030f116ddee9f6b43ac78ba381565b6040516001600160a01b0390911681526020015b60405180910390f35b61033361032e366004618f2f565b6109c2565b604051908152602001610317565b61035461034f366004618fe3565b6109f8565b6040517fffffffff000000000000000000000000000000000000000000000000000000009091168152602001610317565b61033361039336600461905a565b600c6020525f908152604090205481565b6103546103b2366004618fe3565b610a74565b6103ca6103c53660046191d3565b610ae4565b005b6103ca6103da36600461922f565b610c97565b6103336103ed366004618f2f565b611328565b6103ca610400366004619276565b61134b565b610418610413366004619327565b61156e565b604080517fffffffff000000000000000000000000000000000000000000000000000000009094168452602084019290925262ffffff1690820152606001610317565b6103037f0000000000000000000000001d1499e622d69689cdf9004d05ec547d650ff21181565b600a54610303906a010000000000000000000090046001600160a01b031681565b6103ca6104b1366004619381565b6115f1565b6104c96104c436600461939c565b611676565b604080517fffffffff000000000000000000000000000000000000000000000000000000009093168352602083019190915201610317565b61035461050f366004619427565b6116fa565b6103ca611774565b61030361052a36600461905a565b600d6020525f90815260409020546001600160a01b031681565b61063e61055236600461905a565b600b6020525f90815260409020805460019091015460ff808316926101008104600290810b936401000000008304820b9367010000000000000084048116936801000000000000000081049091169269010000000000000000008204810b926c010000000000000000000000008304820b926f010000000000000000000000000000008104830b9272010000000000000000000000000000000000008204810b9262ffffff7501000000000000000000000000000000000000000000840416927801000000000000000000000000000000000000000000000000900490910b906001600160a01b03168c565b6040516103179c9b9a999897969594939291906194db565b6103037f000000000000000000000000bf7b2e60f266c6b17044d43c4b094611a6a9571081565b6103ca611787565b610303610693366004619381565b60086020525f90815260409020546001600160a01b031681565b5f546001600160a01b0316610303565b6106d06106cb366004619580565b6117e9565b60405161031791906195ed565b6104c96106eb36600461939c565b6118c5565b6107126106fe366004619381565b60026020525f908152604090205460ff1681565b6040519015158152602001610317565b610333610730366004618f2f565b611938565b6107486107433660046195ff565b61195b565b604080517fffffffff000000000000000000000000000000000000000000000000000000009093168352600f9190910b602083015201610317565b610354610791366004619680565b6119dd565b6103ca6107a43660046196da565b611a59565b6103ca6107b7366004619716565b611d98565b6108a6604080516101c0810182525f80825260208201819052918101829052606081018290526080810182905260a0810182905260c0810182905260e08101829052610100810182905261012081018290526101408101829052610160810182905261018081018290526101a081019190915250604080516101c0810182525f808252600160208301819052928201839052606082018390526080820181905260a0820183905260c0820183905260e0820192909252610100810182905261012081018290526101408101829052610160810182905261018081018290526101a081019190915290565b604051610317919061974d565b6108d56108c136600461905a565b60096020525f908152604090205460020b81565b60405160029190910b8152602001610317565b6103ca6108f636600461905a565b612178565b6103037f000000000000000000000000526ce215c3ba0e07c7503f9e744b869e6eae402d81565b61035461093036600461986e565b6123e1565b61093d606481565b60405163ffffffff9091168152602001610317565b6001546001600160a01b0316610303565b6103ca6109713660046198b5565b612459565b6103ca6109843660046196da565b6124a6565b610333610997366004618f2f565b61283c565b6103ca6109aa366004619381565b61285f565b6103ca6109bd3660046198ec565b6128e7565b6007602052825f5260405f20602052815f5260405f2081815481106109e5575f80fd5b905f5260205f20015f9250925050505481565b5f336001600160a01b037f000000000000000000000000526ce215c3ba0e07c7503f9e744b869e6eae402d1614610a5b576040517fae18210a00000000000000000000000000000000000000000000000000000000815260040160405180910390fd5b610a688686868686612a1a565b90505b95945050505050565b5f336001600160a01b037f000000000000000000000000526ce215c3ba0e07c7503f9e744b869e6eae402d1614610ad7576040517fae18210a00000000000000000000000000000000000000000000000000000000815260040160405180910390fd5b610a688686868686612a4d565b336001600160a01b037f000000000000000000000000526ce215c3ba0e07c7503f9e744b869e6eae402d1614610b8c57335f9081526002602052604090205460ff1615610b5a57610b557f000000000000000000000000bf7b2e60f266c6b17044d43c4b094611a6a9571084612afb565b610b8c565b6040517f82b4290000000000000000000000000000000000000000000000000000000000815260040160405180910390fd5b5f805f80610b9a875f612c8f565b93509350935093508415610be9575f8615610bb55781610bb7565b825b90505f610bc4898c61307e565b90505f610bd3828a15856131e6565b9050610be0818686613369565b90955093505050505b600a54610c2590889086908690869086906601000000000000810461ffff16906a010000000000000000000090046001600160a01b031661341d565b610c39878585610c348b6134ef565b613591565b604080516001600160a01b038087168252851660208201529081018390526060810182905287907e0c76c08669f4bbeb0902f33cdeabafb8d146b435f29b90959df2fe84ddc0d89060800160405180910390a2505050505050505050565b336001600160a01b037f000000000000000000000000526ce215c3ba0e07c7503f9e744b869e6eae402d1614610d0857335f9081526002602052604090205460ff1615610b5a57610d087f000000000000000000000000bf7b2e60f266c6b17044d43c4b094611a6a9571083612afb565b5f805f80610d16865f612c8f565b5f8a8152600b6020526040812054949850929650909450925090610d50906f01000000000000000000000000000000900460020b8761993c565b5f888152600b602052604081205491925090610d85907201000000000000000000000000000000000000900460020b8861993c565b9050610d96888b8b85858989613640565b600a54919550935061271090610dbd90869068010000000000000000900461ffff1661997d565b610dc791906199c1565b610dd190856199d4565b600a546fffffffffffffffffffffffffffffffff91909116945061271090610e0a90859068010000000000000000900461ffff1661997d565b610e1491906199c1565b610e1e90846199d4565b6fffffffffffffffffffffffffffffffff1692505f610e3c896134ef565b9050610e4887866137a0565b610e5286856137a0565b5f610e618c858589898761393b565b600a546fffffffffffffffffffffffffffffffff928316995091169650909150610ebc908b908a908a908a908a9068010000000000000000810461ffff16906a010000000000000000000090046001600160a01b031661341d565b610ec88a898985613591565b5f8a8152600b602052604080822083835291208154815460ff9091169082907fffffffffffffffffffffffffffffffffffffffffffffffffffffffffffffff00166001836004811115610f1d57610f1d619475565b02179055505f820160019054906101000a900460020b815f0160016101000a81548162ffffff021916908360020b62ffffff1602179055505f820160049054906101000a900460020b815f0160046101000a81548162ffffff021916908360020b62ffffff1602179055505f820160079054906101000a900460ff16815f0160076101000a81548160ff0219169083151502179055505f820160089054906101000a900460ff16815f0160086101000a81548160ff0219169083151502179055505f820160099054906101000a900460020b815f0160096101000a81548162ffffff021916908360020b62ffffff1602179055505f8201600c9054906101000a900460020b815f01600c6101000a81548162ffffff021916908360020b62ffffff1602179055505f8201600f9054906101000a900460020b815f01600f6101000a81548162ffffff021916908360020b62ffffff1602179055505f820160129054906101000a900460020b815f0160126101000a81548162ffffff021916908360020b62ffffff1602179055505f820160159054906101000a900462ffffff16815f0160156101000a81548162ffffff021916908362ffffff1602179055505f820160189054906101000a900460020b815f0160186101000a81548162ffffff021916908360020b62ffffff160217905550600182015f9054906101000a90046001600160a01b0316816001015f6101000a8154816001600160a01b0302191690836001600160a01b031602179055509050506112bc8185858f600b5f8781526020019081526020015f20604051806101800160405290815f82015f9054906101000a900460ff16600481111561119657611196619475565b60048111156111a7576111a7619475565b81528154610100808204600290810b60208501526401000000008304810b604085015260ff6701000000000000008404811615156060860152680100000000000000008404161515608085015269010000000000000000008304810b60a08501526c010000000000000000000000008304810b60c08501526f010000000000000000000000000000008304810b60e085015272010000000000000000000000000000000000008304810b9184019190915262ffffff75010000000000000000000000000000000000000000008304166101208401527801000000000000000000000000000000000000000000000000909104900b6101408201526001909101546001600160a01b031661016090910152613d01565b604080518281526001600160a01b03808b16602083015289169181019190915260608101879052608081018690528a907f5b7ca1743f2d310e99c71901d0b841063d5aa867c061fcccd6928196ecf59e9c9060a0015b60405180910390a2505050505050505050505050565b6004602052825f5260405f20602052815f5260405f2081815481106109e5575f80fd5b80515f5b81811015611569575f83828151811061136a5761136a6199e7565b602002602001015190505f61137e826134ef565b6001600160a01b0381165f9081526002602052604090205490915060ff161561149c5760408051602481018490523360448083019190915282518083039091018152606490910182526020810180517bffffffffffffffffffffffffffffffffffffffffffffffffffffffff167ff72f19080000000000000000000000000000000000000000000000000000000017905290517f78cc76440000000000000000000000000000000000000000000000000000000081526001600160a01b038316916378cc764491611456918691309190600401619a14565b6020604051808303815f875af1158015611472573d5f803e3d5ffd5b505050506040513d601f19601f820116820180604052508101906114969190619a3b565b5061155f565b7f000000000000000000000000526ce215c3ba0e07c7503f9e744b869e6eae402d6001600160a01b03166348c8949183336040516020016114f09291909182526001600160a01b0316602082015260400190565b6040516020818303038152906040526040518263ffffffff1660e01b815260040161151b91906195ed565b5f604051808303815f875af1158015611536573d5f803e3d5ffd5b505050506040513d5f823e601f3d908101601f1916820160405261155d9190810190619a52565b505b505060010161134f565b505050565b5f8080336001600160a01b037f000000000000000000000000526ce215c3ba0e07c7503f9e744b869e6eae402d16146115d3576040517fae18210a00000000000000000000000000000000000000000000000000000000815260040160405180910390fd5b6115e08888888888614335565b925092509250955095509592505050565b6115f96145a2565b6040516001600160a01b03821681527fe7ae49f883c825b05681b3e00e8be6fdea9ed2a8a45e4c6ecb9390fc44cce6159060200160405180910390a16001600160a01b03165f90815260026020526040902080547fffffffffffffffffffffffffffffffffffffffffffffffffffffffffffffff00166001179055565b5f80336001600160a01b037f000000000000000000000000526ce215c3ba0e07c7503f9e744b869e6eae402d16146116da576040517fae18210a00000000000000000000000000000000000000000000000000000000815260040160405180910390fd5b6116e9898989898989896145e7565b915091505b97509795505050505050565b5f336001600160a01b037f000000000000000000000000526ce215c3ba0e07c7503f9e744b869e6eae402d161461175d576040517fae18210a00000000000000000000000000000000000000000000000000000000815260040160405180910390fd5b611769858585856146ba565b90505b949350505050565b61177c6145a2565b6117855f614759565b565b60015433906001600160a01b031681146117dd576040517f118cdaa70000000000000000000000000000000000000000000000000000000081526001600160a01b03821660048201526024015b60405180910390fd5b6117e681614759565b50565b6060336001600160a01b037f000000000000000000000000526ce215c3ba0e07c7503f9e744b869e6eae402d161461184d576040517f82b4290000000000000000000000000000000000000000000000000000000000815260040160405180910390fd5b5f8061185b848601866198ec565b909250905060015f838152600b602052604090205460ff16600481111561188457611884619475565b146118a15760405180602001604052805f815250925050506118bf565b6118ab828261478a565b60405180602001604052805f815250925050505b92915050565b5f80336001600160a01b037f000000000000000000000000526ce215c3ba0e07c7503f9e744b869e6eae402d1614611929576040517fae18210a00000000000000000000000000000000000000000000000000000000815260040160405180910390fd5b6116e9898989898989896149c1565b6005602052825f5260405f20602052815f5260405f2081815481106109e5575f80fd5b5f80336001600160a01b037f000000000000000000000000526ce215c3ba0e07c7503f9e744b869e6eae402d16146119bf576040517fae18210a00000000000000000000000000000000000000000000000000000000815260040160405180910390fd5b6119cd888888888888614a44565b915091505b965096945050505050565b5f336001600160a01b037f000000000000000000000000526ce215c3ba0e07c7503f9e744b869e6eae402d1614611a40576040517fae18210a00000000000000000000000000000000000000000000000000000000815260040160405180910390fd5b611a4e878787878787612a1a565b979650505050505050565b336001600160a01b037f000000000000000000000000526ce215c3ba0e07c7503f9e744b869e6eae402d1614611abb576040517f82b4290000000000000000000000000000000000000000000000000000000000815260040160405180910390fd5b5f828152600c60205260408120549003611d92575f805f80611add865f612c8f565b93509350935093505f85611af15784611af3565b835b9050805f87611b025784611b04565b835b600a5490915061271090611b2490640100000000900461ffff168361997d565b611b2e91906199c1565b611b3890826199d4565b6001600160a01b038084165f90815260086020526040902054919250611b619184911683614c84565b6001600160a01b038281165f90815260086020526040908190205490517f6e553f6500000000000000000000000000000000000000000000000000000000815260048101849052306024820152911690636e553f65906044016020604051808303815f875af1925050508015611bf4575060408051601f3d908101601f19168201909252611bf191810190619a3b565b60015b611c64573d808015611c21576040519150601f19603f3d011682016040523d82523d5f602084013e611c26565b606091505b507f462ad9b5184105cc4f3f1f6042303b2eda55d731ac3e74c155239593b9cdb18081604051611c5691906195ed565b60405180910390a150611d63565b5f8a8152600c60209081526040808320849055600d909152902080547fffffffffffffffffffffffff0000000000000000000000000000000000000000166001600160a01b038516179055611cfc8a89898c15611cc1575f611cc3565b855b8d611cce575f611cd0565b865b600a54640100000000810461ffff16906a010000000000000000000090046001600160a01b031661341d565b5f611d068b6134ef565b9050611d148b8a8a84613591565b604080516001600160a01b0387168152602081018590529081018390528b907f21299a7c5f0997b7be935980a90a8478af8e68b5f0dfed94f93cefbfd8744aca9060600160405180910390a250505b6001600160a01b038083165f90815260086020526040812054611d8a928592911690614c84565b505050505050505b50505050565b33611da2836134ef565b6001600160a01b031614611de2576040517f82b4290000000000000000000000000000000000000000000000000000000000815260040160405180910390fd5b6040517f7ba03aad000000000000000000000000000000000000000000000000000000008152600481018390525f9081906001600160a01b037f000000000000000000000000bf7b2e60f266c6b17044d43c4b094611a6a957101690637ba03aad9060240160c060405180830381865afa158015611e62573d5f803e3d5ffd5b505050506040513d601f19601f82011682018060405250810190611e869190619ae6565b608082015191935091506001600160a01b03163014611ed1576040517f82b4290000000000000000000000000000000000000000000000000000000000815260040160405180910390fd5b6060820151611ee66040850160208601619b77565b611ef09190619b92565b60020b15611f2a576040517f35be3ac800000000000000000000000000000000000000000000000000000000815260040160405180910390fd5b60608083015190611f4090850160408601619b77565b611f4a9190619b92565b60020b15611f84576040517f35be3ac800000000000000000000000000000000000000000000000000000000815260040160405180910390fd5b6060820151611f9960c0850160a08601619b77565b611fa39190619b92565b60020b15611fdd576040517f35be3ac800000000000000000000000000000000000000000000000000000000815260040160405180910390fd5b6060820151611ff260e0850160c08601619b77565b611ffc9190619b92565b60020b15612036576040517f35be3ac800000000000000000000000000000000000000000000000000000000815260040160405180910390fd5b606082015161204c610100850160e08601619b77565b6120569190619b92565b60020b15612090576040517f35be3ac800000000000000000000000000000000000000000000000000000000815260040160405180910390fd5b60608201516120a761012085016101008601619b77565b6120b19190619b92565b60020b156120eb576040517f35be3ac800000000000000000000000000000000000000000000000000000000815260040160405180910390fd5b61211e846120fc8360081c60020b90565b6121098460201c60020b90565b8561211936899003890189619bca565b613d01565b5f848152600b6020526040902083906121378282619d5c565b905050837fbc731b4fa32a0d1af934c5b6c71d2c5c7a66448b2143443e0e5f61e3453151b48460405161216a919061a0e8565b60405180910390a250505050565b5f612182826134ef565b9050336001600160a01b038216146121c6576040517f82b4290000000000000000000000000000000000000000000000000000000000815260040160405180910390fd5b5f828152600c6020908152604080832054600d909252909120546001600160a01b03168115611d92576040517f7ba03aad000000000000000000000000000000000000000000000000000000008152600481018590525f907f000000000000000000000000bf7b2e60f266c6b17044d43c4b094611a6a957106001600160a01b031690637ba03aad9060240160c060405180830381865afa15801561226d573d5f803e3d5ffd5b505050506040513d601f19601f820116820180604052508101906122919190619ae6565b506001600160a01b038381165f908152600860205260408082205490517fba0876520000000000000000000000000000000000000000000000000000000081526004810188905230602482018190526044820152939450909291169063ba087652906064016020604051808303815f875af1158015612312573d5f803e3d5ffd5b505050506040513d601f19601f820116820180604052508101906123369190619a3b565b5f878152600c60209081526040808320839055600d825290912080547fffffffffffffffffffffffff000000000000000000000000000000000000000016905583519084015191925061238c9188919088613591565b604080516001600160a01b03851681526020810183905290810185905286907fe9b9ff8ea5eba9b30bcccafaa71601de5f152f1941bd27e7bea351be66c37e9e906060015b60405180910390a2505050505050565b5f336001600160a01b037f000000000000000000000000526ce215c3ba0e07c7503f9e744b869e6eae402d1614612444576040517fae18210a00000000000000000000000000000000000000000000000000000000815260040160405180910390fd5b61244f848484612a1a565b90505b9392505050565b6124616145a2565b6001600160a01b039182165f90815260086020526040902080547fffffffffffffffffffffffff00000000000000000000000000000000000000001691909216179055565b336001600160a01b037f000000000000000000000000526ce215c3ba0e07c7503f9e744b869e6eae402d1614612508576040517f82b4290000000000000000000000000000000000000000000000000000000000815260040160405180910390fd5b5f828152600c6020908152604080832054600d909252909120546001600160a01b03168115612834576001600160a01b038181165f90815260086020526040908190205490517fba087652000000000000000000000000000000000000000000000000000000008152600481018590523060248201819052604482015291169063ba087652906064016020604051808303815f875af19250505080156125cb575060408051601f3d908101601f191682019092526125c891810190619a3b565b60015b61263b573d8080156125f8576040519150601f19603f3d011682016040523d82523d5f602084013e6125fd565b606091505b507f462ad9b5184105cc4f3f1f6042303b2eda55d731ac3e74c155239593b9cdb1808160405161262d91906195ed565b60405180910390a150612834565b5f858152600c60209081526040808320839055600d90915280822080547fffffffffffffffffffffffff0000000000000000000000000000000000000000169055517f7ba03aad000000000000000000000000000000000000000000000000000000008152600481018790526001600160a01b037f000000000000000000000000bf7b2e60f266c6b17044d43c4b094611a6a957101690637ba03aad9060240160c060405180830381865afa1580156126f6573d5f803e3d5ffd5b505050506040513d601f19601f8201168201806040525081019061271a9190619ae6565b600a54909250612710915061273b90640100000000900461ffff168461997d565b61274591906199c1565b61274f90836199d4565b88519092506001600160a01b038481169116145f80612788898c8686612775575f612777565b885b876127825789614d93565b5f614d93565b8c5160208e0151600a549395509193506127cc928c929086908690640100000000810461ffff16906a010000000000000000000090046001600160a01b031661341d565b5f6127d68a6134ef565b90506127eb8a8d5f01518e6020015184613591565b604080516001600160a01b0389168152602081018890529081018990528a907fec98394e5abeb0696c63acd0b28bb4f3515e251db60eea39a575433936a7747290606001611312565b505050505050565b6006602052825f5260405f20602052815f5260405f2081815481106109e5575f80fd5b6128676145a2565b600180546001600160a01b0383167fffffffffffffffffffffffff000000000000000000000000000000000000000090911681179091556128af5f546001600160a01b031690565b6001600160a01b03167f38d16b8cac22d99fc7c124b9cd0de2d3fa1faef420bfe791d8c362d765e2270060405160405180910390a350565b335f9081526002602052604090205460ff1661292f576040517f82b4290000000000000000000000000000000000000000000000000000000000815260040160405180910390fd5b6129597f000000000000000000000000bf7b2e60f266c6b17044d43c4b094611a6a9571083612afb565b7f000000000000000000000000526ce215c3ba0e07c7503f9e744b869e6eae402d6001600160a01b03166348c8949183836040516020016129ad9291909182526001600160a01b0316602082015260400190565b6040516020818303038152906040526040518263ffffffff1660e01b81526004016129d891906195ed565b5f604051808303815f875af11580156129f3573d5f803e3d5ffd5b505050506040513d5f823e601f3d908101601f191682016040526115699190810190619a52565b5f6040517f0a85dc2900000000000000000000000000000000000000000000000000000000815260040160405180910390fd5b5f7f000000000000000000000000bf7b2e60f266c6b17044d43c4b094611a6a957106001600160a01b0316866001600160a01b031614158015612a9957506001600160a01b0386163014155b15612ad0576040517f82b4290000000000000000000000000000000000000000000000000000000000815260040160405180910390fd5b507f259982e50000000000000000000000000000000000000000000000000000000095945050505050565b335f9081526002602052604090205460ff1615612bae575f336001600160a01b031663ae41abab6040518163ffffffff1660e01b8152600401602060405180830381865afa158015612b4f573d5f803e3d5ffd5b505050506040513d601f19601f82011682018060405250810190612b739190619a3b565b9050808214611569576040517f82b4290000000000000000000000000000000000000000000000000000000000815260040160405180910390fd5b6040517f6352211e000000000000000000000000000000000000000000000000000000008152600481018290525f906001600160a01b03841690636352211e90602401602060405180830381865afa158015612c0c573d5f803e3d5ffd5b505050506040513d601f19601f82011682018060405250810190612c30919061a227565b90506001600160a01b0381163314801590612c5457506001600160a01b0381163014155b15611569576040517f82b4290000000000000000000000000000000000000000000000000000000000815260040160405180910390fd5b5050565b5f805f805f7f000000000000000000000000bf7b2e60f266c6b17044d43c4b094611a6a957106001600160a01b0316637ba03aad886040518263ffffffff1660e01b8152600401612ce291815260200190565b60c060405180830381865afa158015612cfd573d5f803e3d5ffd5b505050506040513d601f19601f82011682018060405250810190612d219190619ae6565b5090505f86612dcf576040517f1efeed33000000000000000000000000000000000000000000000000000000008152600481018990527f000000000000000000000000bf7b2e60f266c6b17044d43c4b094611a6a957106001600160a01b031690631efeed3390602401602060405180830381865afa158015612da6573d5f803e3d5ffd5b505050506040513d601f19601f82011682018060405250810190612dca919061a242565b612dd1565b5f5b825160208401519097509550905086158015612dfd57506fffffffffffffffffffffffffffffffff8116155b15612e1057505f92508291506130759050565b6040517f010000000000000000000000000000000000000000000000000000000000000060208201527f110000000000000000000000000000000000000000000000000000000000000060218201525f9060220160408051808303601f1901815260028084526060840190925292505f9190816020015b6060815260200190600190039081612e8757505060408051602080820183525f8083529251939450612ec1938e938893909283920161a271565b604051602081830303815290604052815f81518110612ee257612ee26199e7565b602090810291909101810191909152604080516001600160a01b03808c16938201939093529189169082015230606082015260800160405160208183030381529060405281600181518110612f3957612f396199e7565b60209081029190910101526040517f4afe393c0000000000000000000000000000000000000000000000000000000081526001600160a01b037f000000000000000000000000bf7b2e60f266c6b17044d43c4b094611a6a957101690634afe393c90612fab908590859060040161a30d565b5f604051808303815f87803b158015612fc2575f80fd5b505af1925050508015612fd3575060015b613047573d808015613000576040519150601f19603f3d011682016040523d82523d5f602084013e613005565b606091505b507fbb28a73d836c24b9aa0fd49efd729d2749c5a3cc2149c32bbd069018db6b20d68383836040516130399392919061a331565b60405180910390a150613070565b613059886001600160a01b03166150cb565b955061306d876001600160a01b03166150cb565b94505b505050505b92959194509250565b6040805160a0810182525f808252602082018190529181018290526060810182905260808101919091525f838152600b602052604090208054600190910154608084015162ffffff7501000000000000000000000000000000000000000000840416927801000000000000000000000000000000000000000000000000900460020b916001600160a01b039081169116811480156131295750846040015162ffffff168362ffffff16145b801561313e5750846060015160020b8260020b145b1561314e578493505050506118bf565b50506040805160a08101825284516001600160a01b0390811682526020958601518116868301525f878152600b80885284822080547501000000000000000000000000000000000000000000810462ffffff1696860196909652780100000000000000000000000000000000000000000000000090950460020b60608501529790529590945260010154909316608083015250919050565b5f80836132115761320c600173fffd8963efd1fc6a506488495d951d5263988d2661a369565b613221565b6132216401000276a3600161a388565b90505f60405180606001604052808615158152602001856132419061a3a7565b8152602001836001600160a01b031681525090507f000000000000000000000000526ce215c3ba0e07c7503f9e744b869e6eae402d6001600160a01b031663f3cd914c87836040518363ffffffff1660e01b81526004016132a392919061a3dd565b6020604051808303815f875af19250505080156132dd575060408051601f3d908101601f191682019092526132da91810190619a3b565b60015b613351573d80801561330a576040519150601f19603f3d011682016040523d82523d5f602084013e61330f565b606091505b507ffd918fb944f7a3fb23e1506087b70098f4be12c471e0fb45d6dda9d339706c398783836040516133439392919061a475565b60405180910390a150613360565b80935061335e8785615165565b505b50509392505050565b5f805f6133768660801d90565b600f0b12156133a6576133898560801d90565b6133929061a50b565b61339f90600f0b856199d4565b91506133c0565b6133b08560801d90565b6133bd90600f0b8561a547565b91505b5f6133cb86600f0b90565b600f0b12156133fb576133de85600f0b90565b6133e79061a50b565b6133f490600f0b846199d4565b9050613415565b61340585600f0b90565b61341290600f0b8461a547565b90505b935093915050565b8315613453576134538161271061343861ffff86168861997d565b61344291906199c1565b6001600160a01b03891691906156d1565b8215613489576134898161271061346e61ffff86168761997d565b61347891906199c1565b6001600160a01b03881691906156d1565b604080516001600160a01b038089168252808816602083015291810186905260608101859052908216608082015287907fa69f55c67ce98a05490275ae3d2e7b0ed184a90bf0a35c37fa85f1c7aa7ee5d19060a00160405180910390a250505050505050565b6040517f6352211e000000000000000000000000000000000000000000000000000000008152600481018290525f907f000000000000000000000000bf7b2e60f266c6b17044d43c4b094611a6a957106001600160a01b031690636352211e90602401602060405180830381865afa15801561356d573d5f803e3d5ffd5b505050506040513d601f19601f820116820180604052508101906118bf919061a227565b5f6135a4846001600160a01b03166150cb565b90505f6135b9846001600160a01b03166150cb565b905081156135d5576135d56001600160a01b03861684846156d1565b80156135ef576135ef6001600160a01b03851684836156d1565b604080516001600160a01b038088168252861660208201529081018390526060810182905286907f6f0fdd74d7895cd66b557c2208b25a85ab549c4dcd154b4d56c3640e74c71009906080016123d1565b5f805f60405180606001604052807f000000000000000000000000526ce215c3ba0e07c7503f9e744b869e6eae402d6001600160a01b031681526020018981526020018a6060015160020b81525090505f61369b8b8b61307e565b90505f808b608001516001600160a01b031683608001516001600160a01b03161480156136d957508b6040015162ffffff16836040015162ffffff16145b80156136f257508b6060015160020b836060015160020b145b1561371257613704848b8b8b8b6157d4565b509193509091506137679050565b5f6137477f000000000000000000000000526ce215c3ba0e07c7503f9e744b869e6eae402d6137428660a0902090565b615c90565b505050905061375e818c8c8c8c8960400151615d5b565b91945090925050505b811561378d575f6137798483856131e6565b9050613786818a8a613369565b9099509750505b50959b949a509398505050505050505050565b80158015906137b757506001600160a01b03821615155b15612c8b576001600160a01b0382165f90815260036020526040902054829060ff1661386957613828817f000000000000000000000000000000000022d473030f116ddee9f6b43ac78ba37fffffffffffffffffffffffffffffffffffffffffffffffffffffffffffffffff614c84565b6001600160a01b0381165f90815260036020526040902080547fffffffffffffffffffffffffffffffffffffffffffffffffffffffffffffff001660011790555b6040517f87517c450000000000000000000000000000000000000000000000000000000081526001600160a01b0382811660048301527f000000000000000000000000bf7b2e60f266c6b17044d43c4b094611a6a9571081166024830152838116604483015265ffffffffffff421660648301527f000000000000000000000000000000000022d473030f116ddee9f6b43ac78ba316906387517c45906084015f604051808303815f87803b158015613920575f80fd5b505af1158015613932573d5f803e3d5ffd5b50505050505050565b5f805f80895f015190505f8a6020015190507f000000000000000000000000bf7b2e60f266c6b17044d43c4b094611a6a957106001600160a01b03166375794a3c6040518163ffffffff1660e01b8152600401602060405180830381865afa1580156139a9573d5f803e3d5ffd5b505050506040513d601f19601f820116820180604052508101906139cd9190619a3b565b94506139e1826001600160a01b03166150cb565b93506139f5816001600160a01b03166150cb565b92505f613a277f000000000000000000000000526ce215c3ba0e07c7503f9e744b869e6eae402d6137428e60a0902090565b50505090505f613a6e82613a3a8e615eb8565b613a438e615eb8565b8d6fffffffffffffffffffffffffffffffff168d6fffffffffffffffffffffffffffffffff166161b5565b604080517f020000000000000000000000000000000000000000000000000000000000000060208201527f0d00000000000000000000000000000000000000000000000000000000000000602182015281516002818303810182526022830181815260828401909452939450925f92916042015b6060815260200190600190039081613ae25790505090508e8e8e858f8f8f60405180602001604052805f815250604051602001613b2698979695949392919061a55a565b604051602081830303815290604052815f81518110613b4757613b476199e7565b602090810291909101810191909152604080516001600160a01b03808a16938201939093529187169082015230606082015260800160405160208183030381529060405281600181518110613b9e57613b9e6199e7565b60209081029190910101526040517f4afe393c0000000000000000000000000000000000000000000000000000000081526001600160a01b037f000000000000000000000000bf7b2e60f266c6b17044d43c4b094611a6a957101690634afe393c90613c10908590859060040161a30d565b5f604051808303815f87803b158015613c27575f80fd5b505af1925050508015613c38575060015b613cb2573d808015613c65576040519150601f19603f3d011682016040523d82523d5f602084013e613c6a565b606091505b507fbb28a73d836c24b9aa0fd49efd729d2749c5a3cc2149c32bbd069018db6b20d6838383604051613c9e9392919061a331565b60405180910390a15f98505f975050613cef565b613cc4866001600160a01b03166150cb565b613cce908961a644565b9750613ce2856001600160a01b03166150cb565b613cec908861a644565b96505b50505050505096509650969350505050565b60a082205f906040517f1efeed33000000000000000000000000000000000000000000000000000000008152600481018890529091505f906001600160a01b037f000000000000000000000000bf7b2e60f266c6b17044d43c4b094611a6a957101690631efeed3390602401602060405180830381865afa158015613d88573d5f803e3d5ffd5b505050506040513d601f19601f82011682018060405250810190613dac919061a242565b5f888152600b60205260408082208151610180810190925280549394509192909190829060ff166004811115613de457613de4619475565b6004811115613df557613df5619475565b81528154610100808204600290810b60208501526401000000008304810b604085015260ff6701000000000000008404811615156060860152680100000000000000008404161515608085015269010000000000000000008304810b60a08501526c010000000000000000000000008304810b60c08501526f010000000000000000000000000000008304810b60e085015272010000000000000000000000000000000000008304810b9184019190915262ffffff75010000000000000000000000000000000000000000008304166101208401527801000000000000000000000000000000000000000000000000909104900b6101408201526001909101546001600160a01b03166101609091015290506fffffffffffffffffffffffffffffffff8216156140e257600281516004811115613f3457613f34619475565b03613f94575f83815260066020526040812060a0830151613f739290613f5a908b61a66c565b60020b60020b81526020019081526020015f208961627c565b5f83815260076020526040812060c0830151613f949290613f5a908a61993c565b600284516004811115613fa957613fa9619475565b03614009575f83815260066020526040812060a0860151613fe89290613fcf908b61a66c565b60020b60020b81526020019081526020015f208961631f565b5f83815260076020526040812060c08601516140099290613fcf908a61993c565b60038151600481111561401e5761401e619475565b03614073575f8381526006602090815260408083208483015160020b8452909152902061404b908961627c565b5f8381526007602090815260408083208482015160020b84529091529020614073908961627c565b60038451600481111561408857614088619475565b036140dd575f8381526006602090815260408083208783015160020b845290915290206140b5908961631f565b5f8381526007602090815260408083208782015160020b845290915290206140dd908961631f565b6141a8565b6002815160048111156140f7576140f7619475565b0361413e575f83815260066020526040812060a083015161411d9290613f5a908b61a66c565b5f83815260076020526040812060c083015161413e9290613f5a908a61993c565b60038151600481111561415357614153619475565b036141a8575f8381526006602090815260408083208483015160020b84529091529020614180908961627c565b5f8381526007602090815260408083208482015160020b845290915290206141a8908961627c565b6004845160048111156141bd576141bd619475565b0361425c575f83815260046020526040812060608701516141ee92906141e490600261a6ad565b613fcf908b61a66c565b5f83815260046020908152604080832060028a900b84529091529020614214908961631f565b5f838152600560205260408120606087015161423692906141e490600161a6ad565b5f83815260056020526040812060608701516142579290613fcf908a61993c565b61432b565b60048151600481111561427157614271619475565b148015614291575060048451600481111561428e5761428e619475565b14155b1561432b575f83815260046020526040812060608701516142c292906142b890600261a6ad565b613f5a908b61a66c565b5f83815260046020908152604080832060028a900b845290915290206142e8908961627c565b5f838152600560205260408120606087015161430a92906142b890600161a6ad565b5f838152600560205260408120606087015161432b9290613f5a908a61993c565b5050505050505050565b5f80808061435f61434b368a90038a018a61a6cc565b61435a368a90038a018a61a6e6565b616370565b90505f60098161437e614377368d90038d018d61a6cc565b60a0902090565b81526020019081526020015f205f9054906101000a900460020b90506143dc6040518060400160405280600481526020017f7469636b000000000000000000000000000000000000000000000000000000008152508260020b616490565b61441e6040518060400160405280600781526020017f7469636b456e64000000000000000000000000000000000000000000000000008152508360020b616490565b8160020b8160020b1461456f575f8260020b8260020b126144755760045f61444e614377368e90038e018e61a6cc565b81526020019081526020015f205f8360020b60020b81526020019081526020015f206144ad565b60055f61448a614377368e90038e018e61a6cc565b81526020019081526020015f205f8360020b60020b81526020019081526020015f205b80549091505f5b8181101561451b575f8382815481106144cf576144cf6199e7565b905f5260205f20015490506145128d8036038101906144ee919061a6cc565b6145028f803603810190614377919061a6cc565b838960020b8960020b1289616503565b506001016144b4565b508360020b8360020b121561454b5761453a60808c0160608d01619b77565b614544908461993c565b9250614568565b61455b60808c0160608d01619b77565b614565908461a66c565b92505b505061441e565b507f575e24b400000000000000000000000000000000000000000000000000000000995f99508998509650505050505050565b5f546001600160a01b03163314611785576040517f118cdaa70000000000000000000000000000000000000000000000000000000081523360048201526024016117d4565b5f80306001600160a01b038a160361462357507f6c2bbe7e0000000000000000000000000000000000000000000000000000000090505f6116ee565b60608701356146898161463960208b018b619b77565b61464960408c0160208d01619b77565b614658368e90038e018e61a6cc565b5f868152600b602052604090819020815161018081019092528054829060ff16600481111561119657611196619475565b507f6c2bbe7e00000000000000000000000000000000000000000000000000000000995f9950975050505050505050565b5f806146d5836146d06080880160608901619b77565b616710565b90508060095f6146ed614377368a90038a018a61a6cc565b815260208101919091526040015f2080547fffffffffffffffffffffffffffffffffffffffffffffffffffffffffff0000001662ffffff92909216919091179055507f6fe7e6eb0000000000000000000000000000000000000000000000000000000095945050505050565b600180547fffffffffffffffffffffffff00000000000000000000000000000000000000001690556117e681616758565b6040517f7ba03aad000000000000000000000000000000000000000000000000000000008152600481018390525f9081906001600160a01b037f000000000000000000000000bf7b2e60f266c6b17044d43c4b094611a6a957101690637ba03aad9060240160c060405180830381865afa15801561480a573d5f803e3d5ffd5b505050506040513d601f19601f8201168201806040525081019061482e9190619ae6565b915091505f8061483f866001612c8f565b935093505050815f148015614852575080155b1561485f57505050505050565b614890868561486f8760a0902090565b61487c8760081c60020b90565b6148898860201c60020b90565b8787613640565b600a5491935091505f906127109084906148b69061ffff6201000082048116911661a74f565b61ffff166148c4919061997d565b6148ce91906199c1565b6148d890846199d4565b600a549091505f906127109084906148fc9061ffff6201000082048116911661a74f565b61ffff1661490a919061997d565b61491491906199c1565b61491e90846199d4565b905061492d865f0151836137a0565b61493b8660200151826137a0565b6149488887878585614d93565b87516020890151600a54939550919350614985928b92908690869061ffff8116906a010000000000000000000090046001600160a01b031661341d565b6149ab88875f015188602001518585600a60029054906101000a900461ffff168d61341d565b61432b88875f01518860200151610c348c6134ef565b5f80306001600160a01b038a16036149fd57507f9f063efc0000000000000000000000000000000000000000000000000000000090505f6116ee565b6060870135614a138161463960208b018b619b77565b507f9f063efc00000000000000000000000000000000000000000000000000000000995f9950975050505050505050565b5f80306001600160a01b03891603614a8057507fb47b2fb10000000000000000000000000000000000000000000000000000000090505f6119d2565b5f614a93614377368a90038a018a61a6cc565b90505f614ab2614aa2836167bf565b6146d060808c0160608d01619b77565b5f8381526009602052604090205490915060020b5b8160020b8160020b14614c15575f8260020b8260020b12614b03575f848152600660209081526040808320600286900b84529091529020614b20565b5f848152600760209081526040808320600286900b845290915290205b80549091508015614bc2575f82614b386001846199d4565b81548110614b4857614b486199e7565b905f5260205f200154905082805480614b6357614b6361a769565b600190038181905f5260205f20015f90559055614b9b8d803603810190614b8a919061a6cc565b87838860020b8860020b12886167f4565b614bba614ba7876167bf565b8e60600160208101906146d09190619b77565b945050614c0e565b8360020b8360020b1215614bf157614be060808d0160608e01619b77565b614bea908461993c565b9250614c0e565b614c0160808d0160608e01619b77565b614c0b908461a66c565b92505b5050614ac7565b505f91825260096020526040822080547fffffffffffffffffffffffffffffffffffffffffffffffffffffffffff0000001662ffffff929092169190911790557fb47b2fb100000000000000000000000000000000000000000000000000000000999098509650505050505050565b604080516001600160a01b038416602482015260448082018490528251808303909101815260649091019091526020810180517bffffffffffffffffffffffffffffffffffffffffffffffffffffffff167f095ea7b300000000000000000000000000000000000000000000000000000000179052614d038482616d7c565b611d9257604080516001600160a01b03851660248201525f6044808301919091528251808303909101815260649091019091526020810180517bffffffffffffffffffffffffffffffffffffffffffffffffffffffff167f095ea7b300000000000000000000000000000000000000000000000000000000179052614d89908590616e19565b611d928482616e19565b835160208501515f918291614db06001600160a01b0383166150cb565b9350614dc4816001600160a01b03166150cb565b92505f614df67f000000000000000000000000526ce215c3ba0e07c7503f9e744b869e6eae402d6137428b60a0902090565b50505090505f614e098960081c60020b90565b90505f614e198a60201c60020b90565b90505f614e3284614e2985615eb8565b613a4385615eb8565b9050806fffffffffffffffffffffffffffffffff165f03614e5e575f80975097505050505050506150c1565b604080515f602082018190527f0d00000000000000000000000000000000000000000000000000000000000000602183015282516002818403810182526022840181815260828501909552909391926042015b6060815260200190600190039081614eb15790505090508e838d8d60405180602001604052805f815250604051602001614eef95949392919061a796565b604051602081830303815290604052815f81518110614f1057614f106199e7565b602090810291909101810191909152604080516001600160a01b03808c16938201939093529189169082015230606082015260800160405160208183030381529060405281600181518110614f6757614f676199e7565b60209081029190910101526040517f4afe393c0000000000000000000000000000000000000000000000000000000081526001600160a01b037f000000000000000000000000bf7b2e60f266c6b17044d43c4b094611a6a957101690634afe393c90614fd9908590859060040161a30d565b5f604051808303815f87803b158015614ff0575f80fd5b505af1925050508015615001575060015b61507b573d80801561502e576040519150601f19603f3d011682016040523d82523d5f602084013e615033565b606091505b507fbb28a73d836c24b9aa0fd49efd729d2749c5a3cc2149c32bbd069018db6b20d68383836040516150679392919061a331565b60405180910390a15f9a505f9950506150b8565b61508d886001600160a01b03166150cb565b615097908b6199d4565b99506150ab876001600160a01b03166150cb565b6150b5908a6199d4565b98505b50505050505050505b9550959350505050565b5f6001600160a01b0382166150e1575047919050565b6040517f70a082310000000000000000000000000000000000000000000000000000000081523060048201526001600160a01b038316906370a0823190602401602060405180830381865afa15801561513c573d5f803e3d5ffd5b505050506040513d601f19601f820116820180604052508101906118bf9190619a3b565b919050565b815160208301515f6151778460801d90565b600f0b90505f811215615376575f61518e8261a3a7565b6040517fa58411940000000000000000000000000000000000000000000000000000000081526001600160a01b0386811660048301529192507f000000000000000000000000526ce215c3ba0e07c7503f9e744b869e6eae402d9091169063a5841194906024015f604051808303815f87803b15801561520c575f80fd5b505af115801561521e573d5f803e3d5ffd5b505050506001600160a01b0384166152b9577f000000000000000000000000526ce215c3ba0e07c7503f9e744b869e6eae402d6001600160a01b03166311da60b4826040518263ffffffff1660e01b815260040160206040518083038185885af115801561528e573d5f803e3d5ffd5b50505050506040513d601f19601f820116820180604052508101906152b39190619a3b565b50615370565b6152ed6001600160a01b0385167f000000000000000000000000526ce215c3ba0e07c7503f9e744b869e6eae402d836156d1565b7f000000000000000000000000526ce215c3ba0e07c7503f9e744b869e6eae402d6001600160a01b03166311da60b46040518163ffffffff1660e01b81526004016020604051808303815f875af115801561534a573d5f803e3d5ffd5b505050506040513d601f19601f8201168201806040525081019061536e9190619a3b565b505b5061541b565b5f81131561541b576040517f0b0d9c090000000000000000000000000000000000000000000000000000000081526001600160a01b038481166004830152306024830152604482018390527f000000000000000000000000526ce215c3ba0e07c7503f9e744b869e6eae402d1690630b0d9c09906064015f604051808303815f87803b158015615404575f80fd5b505af1158015615416573d5f803e3d5ffd5b505050505b5f61542685600f0b90565b600f0b90505f811215615625575f61543d8261a3a7565b6040517fa58411940000000000000000000000000000000000000000000000000000000081526001600160a01b0386811660048301529192507f000000000000000000000000526ce215c3ba0e07c7503f9e744b869e6eae402d9091169063a5841194906024015f604051808303815f87803b1580156154bb575f80fd5b505af11580156154cd573d5f803e3d5ffd5b505050506001600160a01b038416615568577f000000000000000000000000526ce215c3ba0e07c7503f9e744b869e6eae402d6001600160a01b03166311da60b4826040518263ffffffff1660e01b815260040160206040518083038185885af115801561553d573d5f803e3d5ffd5b50505050506040513d601f19601f820116820180604052508101906155629190619a3b565b5061561f565b61559c6001600160a01b0385167f000000000000000000000000526ce215c3ba0e07c7503f9e744b869e6eae402d836156d1565b7f000000000000000000000000526ce215c3ba0e07c7503f9e744b869e6eae402d6001600160a01b03166311da60b46040518163ffffffff1660e01b81526004016020604051808303815f875af11580156155f9573d5f803e3d5ffd5b505050506040513d601f19601f8201168201806040525081019061561d9190619a3b565b505b50612834565b5f811315612834576040517f0b0d9c090000000000000000000000000000000000000000000000000000000081526001600160a01b038481166004830152306024830152604482018390527f000000000000000000000000526ce215c3ba0e07c7503f9e744b869e6eae402d1690630b0d9c09906064015f604051808303815f87803b1580156156b3575f80fd5b505af11580156156c5573d5f803e3d5ffd5b50505050505050505050565b5f6001600160a01b03841661571f575f805f8085875af190508061571a5761571a835f7ff4b3b1bc00000000000000000000000000000000000000000000000000000000616e93565b611d92565b6040517fa9059cbb0000000000000000000000000000000000000000000000000000000081526001600160a01b038416600482015282602482015260205f6044835f895af13d15601f3d1160015f511416171691505f81525f60208201525f60408201525080611d9257611d92847fa9059cbb000000000000000000000000000000000000000000000000000000007ff27f64e400000000000000000000000000000000000000000000000000000000616e93565b5f808080851580156157e4575084155b156157f957505f925082915081905080615c84565b8660020b8860020b12158061583157507ffffffffffffffffffffffffffffffffffffffffffffffffffffffffffff27618600289900b125b806158425750620d89e8600288900b135b15615879576040517f30673a1b00000000000000000000000000000000000000000000000000000000815260040160405180910390fd5b6158d76040518061012001604052805f6fffffffffffffffffffffffffffffffff1681526020015f81526020015f60020b81526020015f81526020015f81526020015f81526020015f81526020015f81526020015f60020b81525090565b5f805f6158fd8d602001518e5f01516001600160a01b0316615c9090919063ffffffff16565b929750909450925090506001600160a01b0385165f03615949576040517f01ac05a500000000000000000000000000000000000000000000000000000000815260040160405180910390fd5b60208d01518d515f91615965916001600160a01b031690616f54565b60408f01519091505f615978858561a7f6565b92875250602086018790526040860194909452606085018b9052608085018a905262ffffff1660e085015250506101008201525f6159b58a615eb8565b90505f6159c18a615eb8565b90508160a08401528060c08401526159f78989866001600160a01b0316856001600160a01b0316856001600160a01b0316616ff0565b9450615a2d60405180608001604052808e8152602001858152602001866001600160a01b0316815260200187151581525061701b565b825160208401516060850151608086015188615b6657856001600160a01b0316836001600160a01b03161015615b0657615a8a8385615a838a60e00151620f424003620f4240866172809092919063ffffffff16565b600161733b565b9750856001600160a01b0316886001600160a01b03161015615aae578b9a50615b06565b615ad3620f42408860e00151620f424003615acc868a89600161745c565b9190617280565b9003615ae18387865f6174ba565b6001600160a01b03871660208901529091016060870181905260808701829052859250905b856001600160a01b0316836001600160a01b031610615b4f57615b2887617584565b9750615b48620f42408860e00151620f424003615acc8b8789600161745c565b818d03019a505b615b5b8884865f6174ba565b8d8303019950615c7c565b846001600160a01b0316836001600160a01b03161115615c2057615bad8385615ba68a60e00151620f424003620f4240876172809092919063ffffffff16565b60016176bb565b9750846001600160a01b0316886001600160a01b031610615bd0578c9a50615c20565b615bee620f42408860e00151620f424003615acc88878960016174ba565b82039150615bfe8584865f61745c565b6001600160a01b03861660208901526060880183905201608087018190528492505b846001600160a01b0316836001600160a01b031611615c6957615c42876177af565b9750615c62620f42408860e00151620f424003615acc8b878960016174ba565b828e03019a505b615c758884865f61745c565b8c82030199505b505050505050505b95509550955095915050565b5f805f805f615c9e866178c7565b6040517f1e2eaeaf000000000000000000000000000000000000000000000000000000008152600481018290529091505f906001600160a01b03891690631e2eaeaf90602401602060405180830381865afa158015615cff573d5f803e3d5ffd5b505050506040513d601f19601f82011682018060405250810190615d239190619a3b565b90506001600160a01b03811695508060a01c60020b945062ffffff8160b81c16935062ffffff8160d01c169250505092959194509250565b5f808085158015615d6a575084155b15615d7c57505f915081905080615eac565b8660020b8860020b121580615db457507ffffffffffffffffffffffffffffffffffffffffffffffffffffffffffff27618600289900b125b80615dc55750620d89e8600288900b135b15615dfc576040517f30673a1b00000000000000000000000000000000000000000000000000000000815260040160405180910390fd5b5f615e0689615eb8565b90505f615e1289615eb8565b9050615e3c88888d6001600160a01b0316856001600160a01b0316856001600160a01b0316616ff0565b9250816001600160a01b03168b6001600160a01b031611615e6e57615e6488888d858a617903565b9095509350615ea9565b806001600160a01b03168b6001600160a01b031610615e9457615e6488888d848a617965565b615ea388888d85858b896179b0565b90955093505b50505b96509650969350505050565b60020b5f60ff82901d80830118620d89e8811115615efa57615efa7f8b86327a0000000000000000000000000000000000000000000000000000000084617a15565b7001fffcb933bd6fad37aa2d162d1a5940016001821602700100000000000000000000000000000000186002821615615f43576ffff97272373d413259a46990580e213a0260801c5b6004821615615f62576ffff2e50f5f656932ef12357cf3c7fdcc0260801c5b6008821615615f81576fffe5caca7e10e4e61c3624eaa0941cd00260801c5b6010821615615fa0576fffcb9843d60f6159c9db58835c9266440260801c5b6020821615615fbf576fff973b41fa98c081472e6896dfb254c00260801c5b6040821615615fde576fff2ea16466c96a3843ec78b326b528610260801c5b6080821615615ffd576ffe5dee046a99a2a811c461f1969c30530260801c5b61010082161561601d576ffcbe86c7900a88aedcffc83b479aa3a40260801c5b61020082161561603d576ff987a7253ac413176f2b074cf7815e540260801c5b61040082161561605d576ff3392b0822b70005940c7a398e4b70f30260801c5b61080082161561607d576fe7159475a2c29b7443b29c7fa6e889d90260801c5b61100082161561609d576fd097f3bdfd2022b8845ad8f792aa58250260801c5b6120008216156160bd576fa9f746462d870fdf8a65dc1f90e061e50260801c5b6140008216156160dd576f70d869a156d2a1b890bb3df62baf32f70260801c5b6180008216156160fd576f31be135f97d08fd981231505542fcfa60260801c5b6201000082161561611e576f09aa508b5b7a84e1c677de54f3e99bc90260801c5b6202000082161561613e576e5d6af8dedb81196699c329225ee6040260801c5b6204000082161561615d576d2216e584f5fa1ea926041bedfe980260801c5b6208000082161561617a576b048a170391f7dc42444e8fa20260801c5b5f8413156161a5577fffffffffffffffffffffffffffffffffffffffffffffffffffffffffffffffff045b63ffffffff0160201c9392505050565b5f836001600160a01b0316856001600160a01b031611156161d4579293925b846001600160a01b0316866001600160a01b0316116161ff576161f8858585617a24565b9050610a6b565b836001600160a01b0316866001600160a01b03161015616271575f616225878686617a24565b90505f616233878986617a95565b9050806fffffffffffffffffffffffffffffffff16826fffffffffffffffffffffffffffffffff16106162665780616268565b815b92505050610a6b565b610a68858584617a95565b5f5b8254811015611569578183828154811061629a5761629a6199e7565b905f5260205f2001540361631757825483906162b8906001906199d4565b815481106162c8576162c86199e7565b905f5260205f2001548382815481106162e3576162e36199e7565b905f5260205f200181905550828054806162ff576162ff61a769565b600190038181905f5260205f20015f90559055505050565b60010161627e565b5f5b8254811015616358578183828154811061633d5761633d6199e7565b905f5260205f2001540361635057505050565b600101616321565b5081546001810183555f928352602090922090910155565b5f8060405180606001604052807f000000000000000000000000526ce215c3ba0e07c7503f9e744b869e6eae402d6001600160a01b031681526020016163b78660a0902090565b8152602001856060015160020b81525090505f835f01516163ef5760608501516163e081617ad3565b6163ea919061a66c565b6163fc565b6163fc8560600151617af3565b90505f845f0151616419576164148660600151617ad3565b616431565b606086015161642781617af3565b616431919061993c565b90505f616475848484895f0151616448575f616456565b89602001516164569061a3a7565b8a5161646f578a6020015161646a9061a3a7565b6157d4565b5f6157d4565b9350505050611a4e61648682617b28565b8860600151616710565b612c8b82826040516024016164a692919061a811565b60408051601f198184030181529190526020810180517bffffffffffffffffffffffffffffffffffffffffffffffffffffffff167f3ca6268e00000000000000000000000000000000000000000000000000000000179052617e25565b5f838152600b6020526040808220815161018081019092528054829060ff16600481111561653357616533619475565b600481111561654457616544619475565b81528154610100808204600290810b60208501526401000000008304810b604085015260ff6701000000000000008404811615156060860152680100000000000000008404161515608085015269010000000000000000008304810b60a08501526c010000000000000000000000008304810b60c08501526f010000000000000000000000000000008304810b60e085015272010000000000000000000000000000000000008304810b9184019190915262ffffff75010000000000000000000000000000000000000000008304166101208401527801000000000000000000000000000000000000000000000000909104900b6101408201526001909101546001600160a01b031661016090910152905060048151600481111561666b5761666b619475565b03612834576166af6040518060400160405280601181526020017f4155544f5f4c454e44207472696767657200000000000000000000000000000081525085617e2e565b5f60025f6166bc876134ef565b6001600160a01b0316815260208101919091526040015f205460ff16905080613932575f858152600c60205260408120549003616704576166ff87878787611a59565b613932565b613932878787876124a6565b5f8061671c838561a832565b90505f8460020b12801561673b57506167358385619b92565b60020b15155b1561674e578061674a8161a8a5565b9150505b61176c838261a6ad565b5f80546001600160a01b038381167fffffffffffffffffffffffff0000000000000000000000000000000000000000831681178455604051919092169283917f8be0079c531659141344cd1fd0a4f28419497f9722a3daafe3b4186f6b6457e09190a35050565b5f6167ea7f000000000000000000000000526ce215c3ba0e07c7503f9e744b869e6eae402d83615c90565b5090949350505050565b5f838152600b6020526040808220815161018081019092528054829060ff16600481111561682457616824619475565b600481111561683557616835619475565b81528154610100808204600290810b60208501526401000000008304810b604085015260ff6701000000000000008404811615156060860152680100000000000000008404161515608085015269010000000000000000008304810b60a08501526c010000000000000000000000008304810b60c08501526f010000000000000000000000000000008304810b60e085015272010000000000000000000000000000000000008304810b9184019190915262ffffff75010000000000000000000000000000000000000000008304166101208401527801000000000000000000000000000000000000000000000000909104810b6101408301526001909201546001600160a01b0316610160909101529091505f9081616954876134ef565b6001600160a01b0316815260208101919091526040015f205460ff16905060038251600481111561698757616987619475565b148015616992575083155b80156169a75750816020015160020b8360020b145b15616abd578015616aac57336001600160a01b03166378cc76448630306001600160a01b03166333afbba78c8c8c8c8b606001516040516024016169ef95949392919061a901565b60408051808303601f1901815291815260208201805160e094851b7bffffffffffffffffffffffffffffffffffffffffffffffffffffffff909116179052519186901b7fffffffff00000000000000000000000000000000000000000000000000000000168252616a669493925090600401619a14565b6020604051808303815f875af1158015616a82573d5f803e3d5ffd5b505050506040513d601f19601f82011682018060405250810190616aa69190619a3b565b50613932565b6166ff878787878660600151610ae4565b600382516004811115616ad257616ad2619475565b148015616adc5750835b8015616af15750816040015160020b8360020b145b15616b4a578015616b3957336001600160a01b03166378cc76448630306001600160a01b03166333afbba78c8c8c8c8b608001516040516024016169ef95949392919061a901565b6166ff878787878660800151610ae4565b600282516004811115616b5f57616b5f619475565b03613932576040517f7ba03aad000000000000000000000000000000000000000000000000000000008152600481018690525f907f000000000000000000000000bf7b2e60f266c6b17044d43c4b094611a6a957106001600160a01b031690637ba03aad9060240160c060405180830381865afa158015616be2573d5f803e3d5ffd5b505050506040513d601f19601f82011682018060405250810190616c069190619ae6565b9150505f616c178260081c60020b90565b90505f616c278360201c60020b90565b90508460a0015182616c39919061a66c565b60020b8660020b148015616c4b575086155b80616c71575060c0850151616c60908261993c565b60020b8660020b148015616c715750865b156156c5578315616d7057336001600160a01b03166378cc76448930306001600160a01b0316634fe072218f8f8f8e604051602401616cb3949392919061a984565b60408051808303601f1901815291815260208201805160e094851b7bffffffffffffffffffffffffffffffffffffffffffffffffffffffff909116179052519186901b7fffffffff00000000000000000000000000000000000000000000000000000000168252616d2a9493925090600401619a14565b6020604051808303815f875af1158015616d46573d5f803e3d5ffd5b505050506040513d601f19601f82011682018060405250810190616d6a9190619a3b565b506156c5565b6156c58a8a8a89610c97565b5f805f846001600160a01b031684604051616d97919061a9ff565b5f604051808303815f865af19150503d805f8114616dd0576040519150601f19603f3d011682016040523d82523d5f602084013e616dd5565b606091505b5091509150818015616dff575080511580616dff575080806020019051810190616dff919061aa15565b8015610a6b5750505050506001600160a01b03163b151590565b5f616e2d6001600160a01b03841683617ea1565b905080515f14158015616e51575080806020019051810190616e4f919061aa15565b155b15611569576040517f5274afe70000000000000000000000000000000000000000000000000000000081526001600160a01b03841660048201526024016117d4565b6040517f90bfb865000000000000000000000000000000000000000000000000000000008082526001600160a01b03851660048301527fffffffff0000000000000000000000000000000000000000000000000000000084166024830152608060448301526020601f3d018190040260a0810160648401523d608484015290913d5f60a483013e60048260a4018201527fffffffff0000000000000000000000000000000000000000000000000000000084168260c4018201528160e40181fd5b5f80616f5f836178c7565b90505f616f6d60038361a547565b6040517f1e2eaeaf000000000000000000000000000000000000000000000000000000008152600481018290529091506001600160a01b03861690631e2eaeaf90602401602060405180830381865afa158015616fcc573d5f803e3d5ffd5b505050506040513d601f19601f82011682018060405250810190610a6b9190619a3b565b5f828411616fff57505f610a6b565b81841061700e57506001610a6b565b6161f88686868686617eae565b5f7fffffffffffffffffffffffffffffffffffffffffffffffffffffffffffff8000815b5f6170986040518060c00160405280875f0151815260200187602001516040015160020b81526020018760200151610100015160020b81526020018760600151151581526020018560010b815260200184815250617ef8565b8051602082015160408301519196509450925090505f6170b785615eb8565b90505f80876060015161712157602080890151908101518151608083015160e0909301515f9384936170ef93909289928603906182ad565b6001600160a01b0390931660408e015260208d015160608101516080909101519101965091019003925061717b915050565b602080890151908101518151606083015160e0909301515f93849361714c93909289928603906182ad565b6001600160a01b0390931660408e015260208d0151606081015160809091015192909301909203955001925050505b826001600160a01b031688604001516001600160a01b0316146171a15750505050611d92565b876060015115156171d283838b604001516001600160a01b03168c6020015160a001518d6020015160c00151616ff0565b1515146171e25750505050611d92565b8751602081015190515f91617201916001600160a01b0316908a618410565b9150505f896060015190505f8a6020015190505f8b60400151905083835f031883019350838251018252806020830152828b036040830152856060830152846080830152818c60200181905250808c604001906001600160a01b031690816001600160a01b0316815250505050505050505050600161703f5750505050565b5f838302817fffffffffffffffffffffffffffffffffffffffffffffffffffffffffffffffff858709828110838203039150508084116172be575f80fd5b805f036172d057508290049050612452565b5f848688095f868103871696879004966002600389028118808a02820302808a02820302808a02820302808a02820302808a02820302808a02909103029181900381900460010186841190950394909402919094039290920491909117919091029150509392505050565b5f81156173c6575f6001600160a01b038411156173815761737c846c01000000000000000000000000876fffffffffffffffffffffffffffffffff16617280565b6173a1565b6173a16fffffffffffffffffffffffffffffffff8616606086901b6199c1565b90506173be6173b9826001600160a01b03891661a547565b6184c7565b91505061176c565b5f6001600160a01b0384111561740557617400846c01000000000000000000000000876fffffffffffffffffffffffffffffffff16618501565b61742b565b61742b606085901b6fffffffffffffffffffffffffffffffff8716808204910615150190565b9050806001600160a01b0387161161744a57634323a5555f526004601cfd5b6001600160a01b03861603905061176c565b5f6001600160a01b038481169086160360ff81901d908101186c010000000000000000000000006fffffffffffffffffffffffffffffffff85166174a1818484617280565b9350845f83858409111684019350505050949350505050565b5f836001600160a01b0316856001600160a01b031611156174d9579293925b6001600160a01b0385166174f35762bfc9215f526004601cfd5b7bffffffffffffffffffffffffffffffff000000000000000000000000606084901b166001600160a01b03868603168361755857866001600160a01b03166175458383896001600160a01b0316617280565b8161755257617552619994565b04611a4e565b611a4e61756f8383896001600160a01b0316618501565b886001600160a01b0316808204910615150190565b5f805f805f805f805f8951935060208a0151945060c08a0151925060e08a0151915081620f42400390505f8460601b86810460608d015101915084830281620f4240020482039950506175e9818c60a001516c01000000000000000000000000617280565b9750818584020488039750505f617622858388620f4240028161760e5761760e619994565b046c01000000000000000000000000617280565b60808c015160a08d015191810192509061764b9087906c01000000000000000000000000617280565b820397508088116176635763202368085f526004601cfd5b61767b826c0100000000000000000000000087617280565b8903985050508760011b97508560011b9550505050505f836176a284870286870201618531565b0160601b94909405818118908210021895945050505050565b5f825f036176ca57508361176c565b7bffffffffffffffffffffffffffffffff000000000000000000000000606085901b16821561776e576001600160a01b0386168481029085828161771057617710619994565b04036177405781810182811061773e5761773483896001600160a01b031683618501565b935050505061176c565b505b506173be81856177596001600160a01b038a16836199c1565b617763919061a547565b808204910615150190565b6001600160a01b0386168481029085820414818311166177955763f5c787f15f526004601cfd5b8082036177346173b9846001600160a01b038b1684618501565b8051602082015160c083015160e08401516060808601515f959182901b848104620f42408581038089029190930204830190810396889687969195949093919290808a116178045763202368085f526004601cfd5b50617821818c60a001516c01000000000000000000000000617280565b8386028390040197505f905061784585876c01000000000000000000000000617280565b90508060808c015101905061786c85838d60a00151620f4240028161760e5761760e619994565b81039650617888816c0100000000000000000000000086617280565b88039750508760011b97508560011b9550505050505f836178ae84870286870201618531565b0160601b94909404818118908211021895945050505050565b6040515f906178e6908390600690602001918252602082015260400190565b604051602081830303815290604052805190602001209050919050565b5f80855f0361791657505f9050806150c1565b8591505f61792c62ffffff8516620f42406199d4565b905061795861794e88886001600160a01b0316886001600160a01b0316617280565b82620f4240617280565b9150509550959350505050565b5f80865f0361797857505f9050806150c1565b8691505f61798e62ffffff8516620f42406199d4565b905061795861794e89876001600160a01b0316896001600160a01b0316617280565b5f805f6179be888888618615565b90505f6179d362ffffff8716620f42406199d4565b905084156179f3576179e98b8b8b8a86866186a4565b9094509250617a07565b617a018b8b8b8b8686618793565b90945092505b505097509795505050505050565b815f528060020b60045260245ffd5b5f826001600160a01b0316846001600160a01b03161115617a43579192915b5f617a6e856001600160a01b0316856001600160a01b03166c01000000000000000000000000617280565b9050610a6b617a908483617a82898961a369565b6001600160a01b0316617280565b61888a565b5f826001600160a01b0316846001600160a01b03161115617ab4579192915b61244f617a90836c01000000000000000000000000617a82888861a369565b5f81600281900b620d89e881617aeb57617aeb619994565b050292915050565b5f81600281900b7ffffffffffffffffffffffffffffffffffffffffffffffffffffffffffff2761881617aeb57617aeb619994565b5f73fffd8963efd1fc6a506488495d951d51639616827ffffffffffffffffffffffffffffffffffffffffffffffffffffffffefffd895d83016001600160a01b03161115617b9a57617b9a7f614875240000000000000000000000000000000000000000000000000000000083618906565b77ffffffffffffffffffffffffffffffffffffffff00000000602083901b16805f617bc48261891b565b60ff16905060808110617bdf57607f810383901c9150617be9565b80607f0383901b91505b908002607f81811c60ff83811c9190911c800280831c81831c1c800280841c81841c1c800280851c81851c1c800280861c81861c1c800280871c81871c1c800280881c81881c1c800280891c81891c1c8002808a1c818a1c1c8002808b1c818b1c1c8002808c1c818c1c1c8002808d1c818d1c1c8002808e1c9c81901c9c909c1c80029c8d901c9e9d7fffffffffffffffffffffffffffffffffffffffffffffffffffffffffffffff808f0160401b60c09190911c678000000000000000161760c19b909b1c674000000000000000169a909a1760c29990991c672000000000000000169890981760c39790971c671000000000000000169690961760c49590951c670800000000000000169490941760c59390931c670400000000000000169290921760c69190911c670200000000000000161760c79190911c670100000000000000161760c89190911c6680000000000000161760c99190911c6640000000000000161760ca9190911c6620000000000000161760cb9190911c6610000000000000161760cc9190911c6608000000000000161760cd9190911c66040000000000001617693627a301d71055774c8581027ffffffffffffffffffffffffffffffffffd709b7e5480fba5a50fed5e62ffc5568101608090811d906fdb2df09e81959a81455e260799a0632f8301901d600281810b9083900b14617e1657886001600160a01b0316617dfb82615eb8565b6001600160a01b03161115617e105781617e18565b80617e18565b815b9998505050505050505050565b6117e6816189af565b612c8b8282604051602401617e4492919061a811565b60408051601f198184030181529190526020810180517bffffffffffffffffffffffffffffffffffffffffffffffffffffffff167fb60e72cc00000000000000000000000000000000000000000000000000000000179052617e25565b606061245283835f6189ce565b5f617ebc8585840384617280565b617eed617ed788876c01000000000000000000000000617280565b8587036c01000000000000000000000000617280565b119695505050505050565b604080516060810182525f80825260208201819052918101919091526060820151602083015160408401515f91600291820b910b81810783139190050390505f80600283900b60081d60ff8416915091508160010b866080015160010b148015617f65575060a086015115155b15617fad57617f7f8660a001518483896040015188618a76565b600290810b808752602088015190910b14617fad575060010b6020840152505060a090910151604082015290565b60808601515f9060010b7fffffffffffffffffffffffffffffffffffffffffffffffffffffffffffff800014617fe7578660800151617fe9565b825b60a08801519091505b85156181155761800360648561aa30565b60010b8260010b121561804857604088015161802060ff8761a66c565b61802a919061a6ad565b60020b87525060010b602086015250505f6040840152509092915050565b8360010b8260010b14801561805b575080155b156180865787516020810151905161807f916001600160a01b039091169084618b4e565b905061821d565b8360010b8260010b12156180c1578161809e8161aa70565b89516020810151905191945061807f92506001600160a01b039091169084618b4e565b816180cb8161aa70565b92506180da905060648561aa30565b60010b8260010b126181055787516020810151905161807f916001600160a01b039091169084618b4e565b604088015161802060ff8761a66c565b61812084606461aaa4565b60010b8260010b131561813d57604088015161802060ff8761993c565b8360010b8260010b148015618150575080155b156181915787516020015161817d9061816a84600161aaa4565b8a51516001600160a01b03169190618b4e565b9050816181898161aae4565b92505061821d565b8360010b8260010b136181c9576181a984600161aaa4565b88516020810151905191935061807f916001600160a01b03169084618b4e565b816181d38161aae4565b92506181e2905084606461aaa4565b60010b8260010b1361820d5787516020810151905161807f916001600160a01b039091169084618b4e565b604088015161802060ff8761993c565b80156182a8575f866182395761823486600161993c565b61823b565b855b90508460010b8360010b1461826f5761825a600184900b61010061a6ad565b90508661826f578061826b8161ab03565b9150505b5f8160ff1690506182878383838d604001518c618a76565b60020b8952505060019190910b602087015260408601525092949350505050565b617ff2565b5f80808062ffffff85166001600160a01b03808a16908b1610158288128015618383575f6182e68a5f0385620f424003620f4240617280565b9050826182ff576182fa8d8d8d600161745c565b61830c565b61830c8c8e8d60016174ba565b9650868110618340578b9750620f4240841461833757618332878586620f424003618501565b618339565b865b9450618359565b80965061834f8d8c8386618c1b565b9750868a5f030394505b8261836f5761836a8d898d5f6174ba565b61837b565b61837b888e8d5f61745c565b955050618401565b81618399576183948c8c8c5f6174ba565b6183a5565b6183a58b8d8c5f61745c565b94508489106183b6578a96506183c8565b8894506183c58c8b8785618c72565b96505b816183df576183da8c888c600161745c565b6183ec565b6183ec878d8c60016174ba565b95506183fe868485620f424003618501565b93505b50505095509550955095915050565b5f805f61841d8585618cc2565b6040517f1e2eaeaf000000000000000000000000000000000000000000000000000000008152600481018290529091505f906001600160a01b03881690631e2eaeaf90602401602060405180830381865afa15801561847e573d5f803e3d5ffd5b505050506040513d601f19601f820116820180604052508101906184a29190619a3b565b6fffffffffffffffffffffffffffffffff81169860809190911d975095505050505050565b806001600160a01b0381168114615160576151607f93dafdf100000000000000000000000000000000000000000000000000000000618d15565b5f61850d848484617280565b9050818061851d5761851d619994565b838509156124525760010180612452575f80fd5b5f815f0361854057505f919050565b5f600161854c84618d1d565b901c6001901b9050600181848161856557618565619994565b048201901c9050600181848161857d5761857d619994565b048201901c9050600181848161859557618595619994565b048201901c905060018184816185ad576185ad619994565b048201901c905060018184816185c5576185c5619994565b048201901c905060018184816185dd576185dd619994565b048201901c905060018184816185f5576185f5619994565b048201901c90506124528182858161860f5761860f619994565b04618db0565b5f80618621858461a369565b6001600160a01b031690505f61868061865a856001600160a01b0316886001600160a01b03166c01000000000000000000000000617280565b618664878961a369565b6001600160a01b03166c01000000000000000000000000617280565b905061869a826c0100000000000000000000000083617280565b9695505050505050565b5f805f6186bf85896c01000000000000000000000000617280565b90508089116186d4575f8092509250506119d2565b5f6186df828b6199d4565b90505f6187166186fd88886c01000000000000000000000000617280565b8a6001600160a01b03168a6001600160a01b0316617280565b90505f618730826c0100000000000000000000000061a547565b905061874a836c0100000000000000000000000083617280565b95508b861115618758578b95505b618782618778878c6001600160a01b03168c6001600160a01b0316617280565b88620f4240617280565b945050505050965096945050505050565b5f805f6187ae85896c01000000000000000000000000617280565b90508881116187c3575f8092509250506119d2565b5f6187ce8a836199d4565b90505f6188056187ec88886c01000000000000000000000000617280565b896001600160a01b03168b6001600160a01b0316617280565b90505f81618826888b6001600160a01b03168d6001600160a01b0316617280565b618830919061a547565b905061885c618852848c6001600160a01b03168c6001600160a01b0316617280565b620f424083617280565b95508a86111561886a578a95505b618782618778878b6001600160a01b03168d6001600160a01b0316617280565b806fffffffffffffffffffffffffffffffff81168114615160576040517f08c379a000000000000000000000000000000000000000000000000000000000815260206004820152601260248201527f6c6971756964697479206f766572666c6f77000000000000000000000000000060448201526064016117d4565b815f526001600160a01b03811660045260245ffd5b5f808211618927575f80fd5b507f0706060506020500060203020504000106050205030304010505030400000000601f6f8421084210842108cc6318c6db6d54be6fffffffffffffffffffffffffffffffff841160071b84811c67ffffffffffffffff1060061b1784811c63ffffffff1060051b1784811c61ffff1060041b1784811c60ff1060031b1793841c1c161a1790565b5f6a636f6e736f6c652e6c6f6790505f80835160208501845afa505050565b606081471015618a0c576040517fcd7860590000000000000000000000000000000000000000000000000000000081523060048201526024016117d4565b5f80856001600160a01b03168486604051618a27919061a9ff565b5f6040518083038185875af1925050503d805f8114618a61576040519150601f19603f3d011682016040523d82523d5f602084013e618a66565b606091505b509150915061869a868383618dc5565b5f8115618add577fffffffffffffffffffffffffffffffffffffffffffffffffffffffffffffffff60ff80861690031c8681168015618acb575f618ab98261891b565b870360ff16880386029350618ad69050565b848660ff1688030292505b5050610a6b565b60019485019460ff86169450841b7fffffffffffffffffffffffffffffffffffffffffffffffffffffffffffffffff01198681168015618b35575f618b2182618e3a565b90508587820360ff16890102935050618b43565b848660ff0360ff1688010292505b505095945050505050565b5f80618b59846178c7565b90505f618b6760058361a547565b60408051600187900b60208201529081018290529091505f9060600160408051808303601f190181529082905280516020909101207f1e2eaeaf0000000000000000000000000000000000000000000000000000000082526004820181905291506001600160a01b03881690631e2eaeaf90602401602060405180830381865afa158015618bf7573d5f803e3d5ffd5b505050506040513d601f19601f82011682018060405250810190611a4e9190619a3b565b5f6fffffffffffffffffffffffffffffffff8416156001600160a01b038616151715618c4e57634f2461b85f526004601cfd5b81618c6557618c60858585600161733b565b611769565b61176985858560016176bb565b5f6fffffffffffffffffffffffffffffffff8416156001600160a01b038616151715618ca557634f2461b85f526004601cfd5b81618cb657618c608585855f6176bb565b6117698585855f61733b565b5f80618ccd846178c7565b90505f618cdb60048361a547565b60408051600287900b6020820152908101829052909150606001604051602081830303815290604052805190602001209250505092915050565b805f5260045ffd5b5f80608083901c15618d3157608092831c92015b604083901c15618d4357604092831c92015b602083901c15618d5557602092831c92015b601083901c15618d6757601092831c92015b600883901c15618d7957600892831c92015b600483901c15618d8b57600492831c92015b600283901c15618d9d57600292831c92015b600183901c156118bf5760010192915050565b5f818310618dbe5781612452565b5090919050565b606082618dda57618dd582618ed4565b612452565b8151158015618df157506001600160a01b0384163b155b15618e33576040517f9996b3150000000000000000000000000000000000000000000000000000000081526001600160a01b03851660048201526024016117d4565b5080612452565b5f808211618e46575f80fd5b507e1f0d1e100c1d070f090b19131c1706010e11080a1a141802121b15031604055f8290039091166101e07f804040554300526644320000502061067405302602000010750620017611707760fc7fb6db6db6ddddddddd34d34d349249249210842108c6318c639ce739cffffffff840260f81c161b60f71c1690811c63d76453e004601f169190911a1790565b805115618ee45780518082602001fd5b6040517f1425ea4200000000000000000000000000000000000000000000000000000000815260040160405180910390fd5b8060020b81146117e6575f80fd5b803561516081618f16565b5f805f60608486031215618f41575f80fd5b833592506020840135618f5381618f16565b929592945050506040919091013590565b6001600160a01b03811681146117e6575f80fd5b5f60a08284031215618f88575f80fd5b50919050565b5f60808284031215618f88575f80fd5b5f8083601f840112618fae575f80fd5b50813567ffffffffffffffff811115618fc5575f80fd5b602083019150836020828501011115618fdc575f80fd5b9250929050565b5f805f805f6101608688031215618ff8575f80fd5b853561900381618f64565b94506190128760208801618f78565b93506190218760c08801618f8e565b925061014086013567ffffffffffffffff81111561903d575f80fd5b61904988828901618f9e565b969995985093965092949392505050565b5f6020828403121561906a575f80fd5b5035919050565b7f4e487b71000000000000000000000000000000000000000000000000000000005f52604160045260245ffd5b60405160a0810167ffffffffffffffff811182821017156190c1576190c1619071565b60405290565b604051610180810167ffffffffffffffff811182821017156190c1576190c1619071565b604051601f8201601f1916810167ffffffffffffffff8111828210171561911457619114619071565b604052919050565b62ffffff811681146117e6575f80fd5b80356151608161911c565b803561516081618f64565b5f60a08284031215619152575f80fd5b61915a61909e565b9050813561916781618f64565b8152602082013561917781618f64565b6020820152604082013561918a8161911c565b6040820152606082013561919d81618f16565b606082015260808201356191b081618f64565b608082015292915050565b80151581146117e6575f80fd5b8035615160816191bb565b5f805f805f61012086880312156191e8575f80fd5b6191f28787619142565b945060a0860135935060c0860135925060e0860135619210816191bb565b9150610100860135619221816191bb565b809150509295509295909350565b5f805f806101008587031215619243575f80fd5b61924d8686619142565b935060a0850135925060c0850135915060e085013561926b81618f16565b939692955090935050565b5f60208284031215619286575f80fd5b813567ffffffffffffffff81111561929c575f80fd5b8201601f810184136192ac575f80fd5b803567ffffffffffffffff8111156192c6576192c6619071565b8060051b6192d6602082016190eb565b918252602081840181019290810190878411156192f1575f80fd5b6020850194505b83851015611a4e578435808352602095860195909350909101906192f8565b5f60608284031215618f88575f80fd5b5f805f805f610140868803121561933c575f80fd5b853561934781618f64565b94506193568760208801618f78565b93506193658760c08801619317565b925061012086013567ffffffffffffffff81111561903d575f80fd5b5f60208284031215619391575f80fd5b813561245281618f64565b5f805f805f805f6101a0888a0312156193b3575f80fd5b87356193be81618f64565b96506193cd8960208a01618f78565b95506193dc8960c08a01618f8e565b94506101408801359350610160880135925061018088013567ffffffffffffffff811115619408575f80fd5b6194148a828b01618f9e565b989b979a50959850939692959293505050565b5f805f80610100858703121561943b575f80fd5b843561944681618f64565b93506194558660208701618f78565b925060c085013561946581618f64565b915060e085013561926b81618f16565b7f4e487b71000000000000000000000000000000000000000000000000000000005f52602160045260245ffd5b600581106194d7577f4e487b71000000000000000000000000000000000000000000000000000000005f52602160045260245ffd5b9052565b61018081016194ea828f6194a2565b8c60020b60208301528b60020b60408301528a1515606083015289151560808301528860020b60a083015261952460c083018960020b9052565b61953360e083018860020b9052565b61954361010083018760020b9052565b62ffffff851661012083015261955f61014083018560020b9052565b6001600160a01b0383166101608301529d9c50505050505050505050505050565b5f8060208385031215619591575f80fd5b823567ffffffffffffffff8111156195a7575f80fd5b6195b385828601618f9e565b90969095509350505050565b5f81518084528060208401602086015e5f602082860101526020601f19601f83011685010191505092915050565b602081525f61245260208301846195bf565b5f805f805f806101608789031215619615575f80fd5b863561962081618f64565b955061962f8860208901618f78565b945061963e8860c08901619317565b9350610120870135925061014087013567ffffffffffffffff811115619662575f80fd5b61966e89828a01618f9e565b979a9699509497509295939492505050565b5f805f805f806101208789031215619696575f80fd5b86356196a181618f64565b95506196b08860208901618f78565b945060c0870135935060e0870135925061010087013567ffffffffffffffff811115619662575f80fd5b5f805f8061010085870312156196ee575f80fd5b6196f88686619142565b935060a0850135925060c0850135915060e085013561926b816191bb565b5f808284036101a0811215619729575f80fd5b83359250610180601f198201121561973f575f80fd5b506020830190509250929050565b8151151581526101c08101602083015161976b602084018215159052565b50604083015161977f604084018215159052565b506060830151619793606084018215159052565b5060808301516197a7608084018215159052565b5060a08301516197bb60a084018215159052565b5060c08301516197cf60c084018215159052565b5060e08301516197e360e084018215159052565b506101008301516197f961010084018215159052565b5061012083015161980f61012084018215159052565b5061014083015161982561014084018215159052565b5061016083015161983b61016084018215159052565b5061018083015161985161018084018215159052565b506101a08301516198676101a084018215159052565b5092915050565b5f805f60e08486031215619880575f80fd5b833561988b81618f64565b925061989a8560208601618f78565b915060c08401356198aa81618f64565b809150509250925092565b5f80604083850312156198c6575f80fd5b82356198d181618f64565b915060208301356198e181618f64565b809150509250929050565b5f80604083850312156198fd575f80fd5b8235915060208301356198e181618f64565b7f4e487b71000000000000000000000000000000000000000000000000000000005f52601160045260245ffd5b600281810b9083900b01627fffff81137fffffffffffffffffffffffffffffffffffffffffffffffffffffffffff800000821217156118bf576118bf61990f565b80820281158282048414176118bf576118bf61990f565b7f4e487b71000000000000000000000000000000000000000000000000000000005f52601260045260245ffd5b5f826199cf576199cf619994565b500490565b818103818111156118bf576118bf61990f565b7f4e487b71000000000000000000000000000000000000000000000000000000005f52603260045260245ffd5b8381526001600160a01b0383166020820152606060408201525f61176960608301846195bf565b5f60208284031215619a4b575f80fd5b5051919050565b5f60208284031215619a62575f80fd5b815167ffffffffffffffff811115619a78575f80fd5b8201601f81018413619a88575f80fd5b805167ffffffffffffffff811115619aa257619aa2619071565b619ab56020601f19601f840116016190eb565b818152856020838501011115619ac9575f80fd5b8160208401602083015e5f91810160200191909152949350505050565b5f8082840360c0811215619af8575f80fd5b60a0811215619b05575f80fd5b50619b0e61909e565b8351619b1981618f64565b81526020840151619b2981618f64565b60208201526040840151619b3c8161911c565b60408201526060840151619b4f81618f16565b60608201526080840151619b6281618f64565b608082015260a0939093015192949293505050565b5f60208284031215619b87575f80fd5b813561245281618f16565b5f8260020b80619ba457619ba4619994565b808360020b0791505092915050565b600581106117e6575f80fd5b803561516081619bb3565b5f610180828403128015619bdc575f80fd5b50619be56190c7565b619bee83619bbf565b8152619bfc60208401618f24565b6020820152619c0d60408401618f24565b6040820152619c1e606084016191c8565b6060820152619c2f608084016191c8565b6080820152619c4060a08401618f24565b60a0820152619c5160c08401618f24565b60c0820152619c6260e08401618f24565b60e0820152619c746101008401618f24565b610100820152619c87610120840161912c565b610120820152619c9a6101408401618f24565b610140820152619cad6101608401619137565b6101608201529392505050565b5f81356118bf81619bb3565b60058210619cfb577f4e487b71000000000000000000000000000000000000000000000000000000005f52602160045260245ffd5b7fffffffffffffffffffffffffffffffffffffffffffffffffffffffffffffff0081541660ff831681178255505050565b5f81356118bf81618f16565b5f81356118bf816191bb565b5f81356118bf8161911c565b5f81356118bf81618f64565b619d6e619d6883619cba565b82619cc6565b619db5619d7d60208401619d2c565b8280548260081b63ffffff00167fffffffffffffffffffffffffffffffffffffffffffffffffffffffff000000ff8216178255505050565b619dff619dc460408401619d2c565b8280548260201b66ffffff00000000167fffffffffffffffffffffffffffffffffffffffffffffffffff000000ffffffff8216178255505050565b619e4b619e0e60608401619d38565b8280547fffffffffffffffffffffffffffffffffffffffffffffffff00ffffffffffffff1691151560381b67ff0000000000000016919091179055565b619e98619e5a60808401619d38565b8280547fffffffffffffffffffffffffffffffffffffffffffffff00ffffffffffffffff1691151560401b68ff000000000000000016919091179055565b619ee7619ea760a08401619d2c565b8280548260481b6bffffff000000000000000000167fffffffffffffffffffffffffffffffffffffffff000000ffffffffffffffffff8216178255505050565b619f39619ef660c08401619d2c565b8280548260601b6effffff000000000000000000000000167fffffffffffffffffffffffffffffffffff000000ffffffffffffffffffffffff8216178255505050565b619f8e619f4860e08401619d2c565b8280548260781b71ffffff000000000000000000000000000000167fffffffffffffffffffffffffffff000000ffffffffffffffffffffffffffffff8216178255505050565b619fe7619f9e6101008401619d2c565b8280548260901b74ffffff000000000000000000000000000000000000167fffffffffffffffffffffff000000ffffffffffffffffffffffffffffffffffff8216178255505050565b61a040619ff76101208401619d44565b82547fffffffffffffffff000000ffffffffffffffffffffffffffffffffffffffffff1660a89190911b77ffffff00000000000000000000000000000000000000000016178255565b61a09f61a0506101408401619d2c565b8280548260c01b7affffff000000000000000000000000000000000000000000000000167fffffffffff000000ffffffffffffffffffffffffffffffffffffffffffffffff8216178255505050565b612c8b61a0af6101608401619d50565b600183016001600160a01b0382167fffffffffffffffffffffffff00000000000000000000000000000000000000008254161781555050565b610180810161a0ff8261a0fa85619bbf565b6194a2565b61a10b60208401618f24565b61a11a602084018260020b9052565b5061a12760408401618f24565b61a136604084018260020b9052565b5061a143606084016191c8565b1515606083015261a156608084016191c8565b1515608083015261a16960a08401618f24565b61a17860a084018260020b9052565b5061a18560c08401618f24565b61a19460c084018260020b9052565b5061a1a160e08401618f24565b61a1b060e084018260020b9052565b5061a1be6101008401618f24565b61a1ce61010084018260020b9052565b5061a1dc610120840161912c565b62ffffff1661012083015261a1f46101408401618f24565b61a20461014084018260020b9052565b5061a2126101608401619137565b6001600160a01b038116610160840152619867565b5f6020828403121561a237575f80fd5b815161245281618f64565b5f6020828403121561a252575f80fd5b81516fffffffffffffffffffffffffffffffff81168114612452575f80fd5b8581526fffffffffffffffffffffffffffffffff8516602082015260ff8416604082015260ff8316606082015260a060808201525f611a4e60a08301846195bf565b5f82825180855260208501945060208160051b830101602085015f5b8381101561a30157601f1985840301885261a2eb8383516195bf565b602098890198909350919091019060010161a2cf565b50909695505050505050565b604081525f61a31f60408301856195bf565b8281036020840152610a6b818561a2b3565b606081525f61a34360608301866195bf565b828103602084015261a355818661a2b3565b9050828103604084015261869a81856195bf565b6001600160a01b0382811682821603908111156118bf576118bf61990f565b6001600160a01b0381811683821601908111156118bf576118bf61990f565b5f7f8000000000000000000000000000000000000000000000000000000000000000820361a3d75761a3d761990f565b505f0390565b61a43581846001600160a01b0381511682526001600160a01b03602082015116602083015262ffffff6040820151166040830152606081015160020b60608301526001600160a01b0360808201511660808301525050565b8151151560a0820152602082015160c082015260408201516001600160a01b031660e082015261012061010082018190525f908201526101400192915050565b61a4cd81856001600160a01b0381511682526001600160a01b03602082015116602083015262ffffff6040820151166040830152606081015160020b60608301526001600160a01b0360808201511660808301525050565b8251151560a0820152602083015160c082015260408301516001600160a01b031660e08201526101206101008201525f6117696101208301846195bf565b5f81600f0b7fffffffffffffffffffffffffffffffff80000000000000000000000000000000810361a53f5761a53f61990f565b5f0392915050565b808201808211156118bf576118bf61990f565b61a5b2818a6001600160a01b0381511682526001600160a01b03602082015116602083015262ffffff6040820151166040830152606081015160020b60608301526001600160a01b0360808201511660808301525050565b8760020b60a08201528660020b60c08201526fffffffffffffffffffffffffffffffff861660e08201526fffffffffffffffffffffffffffffffff85166101008201526fffffffffffffffffffffffffffffffff84166101208201526001600160a01b0383166101408201526101806101608201525f61a6366101808301846195bf565b9a9950505050505050505050565b6fffffffffffffffffffffffffffffffff82811682821603908111156118bf576118bf61990f565b600282810b9082900b037fffffffffffffffffffffffffffffffffffffffffffffffffffffffffff8000008112627fffff821317156118bf576118bf61990f565b5f8260020b8260020b028060020b91508082146198675761986761990f565b5f60a0828403121561a6dc575f80fd5b6124528383619142565b5f606082840312801561a6f7575f80fd5b506040516060810167ffffffffffffffff8111828210171561a71b5761a71b619071565b604052823561a729816191bb565b815260208381013590820152604083013561a74381618f64565b60408201529392505050565b61ffff81811683821601908111156118bf576118bf61990f565b7f4e487b71000000000000000000000000000000000000000000000000000000005f52603160045260245ffd5b8581526fffffffffffffffffffffffffffffffff851660208201526fffffffffffffffffffffffffffffffff841660408201526fffffffffffffffffffffffffffffffff8316606082015260a060808201525f611a4e60a08301846195bf565b62ffffff81811683821601908111156118bf576118bf61990f565b604081525f61a82360408301856195bf565b90508260208301529392505050565b5f8160020b8360020b8061a8485761a848619994565b7fffffffffffffffffffffffffffffffffffffffffffffffffffffffffffffffff81147fffffffffffffffffffffffffffffffffffffffffffffffffffffffffff8000008314161561a89c5761a89c61990f565b90059392505050565b5f8160020b7fffffffffffffffffffffffffffffffffffffffffffffffffffffffffff800000810361a8d95761a8d961990f565b7fffffffffffffffffffffffffffffffffffffffffffffffffffffffffffffffff0192915050565b610120810161a95e82886001600160a01b0381511682526001600160a01b03602082015116602083015262ffffff6040820151166040830152606081015160020b60608301526001600160a01b0360808201511660808301525050565b60a082019590955260c081019390935290151560e0830152151561010090910152919050565b610100810161a9e182876001600160a01b0381511682526001600160a01b03602082015116602083015262ffffff6040820151166040830152606081015160020b60608301526001600160a01b0360808201511660808301525050565b8460a08301528360c08301528260020b60e083015295945050505050565b5f82518060208501845e5f920191825250919050565b5f6020828403121561aa25575f80fd5b8151612452816191bb565b600182810b9082900b037fffffffffffffffffffffffffffffffffffffffffffffffffffffffffffff80008112617fff821317156118bf576118bf61990f565b5f8160010b7fffffffffffffffffffffffffffffffffffffffffffffffffffffffffffff8000810361a8d95761a8d961990f565b600181810b9083900b01617fff81137fffffffffffffffffffffffffffffffffffffffffffffffffffffffffffff8000821217156118bf576118bf61990f565b5f8160010b617fff810361aafa5761aafa61990f565b60010192915050565b5f8160020b627fffff810361aafa5761aafa61990f56fea2646970667358221220306d3607db456aaad685a7f9d6e6fea2bf21e2a00a0ba6a72ded2253fc35f05164736f6c634300081a0033
    ├─ [0] VM::etch(0x4444000000000000000000000000000000001Dc0, 0x608060405234801561000f575f80fd5b50600436106102d8575f3560e01c80638da5cb5b11610187578063cad2f878116100dd578063e30c397811610093578063f1df96191161006e578063f1df961914610989578063f2fde38b1461099c578063f72f1908146109af575f80fd5b8063e30c397814610952578063e86be67814610963578063ecd4b17c14610976575f80fd5b8063dc98354e116100c3578063dc98354e14610922578063e1b4af6914610783578063e276464414610935575f80fd5b8063cad2f878146108e8578063dc4c90d3146108fb575f80fd5b8063b47b2fb11161013d578063c46cf43d11610118578063c46cf43d146107a9578063c4e833ce146107bc578063c53b81aa146108b3575f80fd5b8063b47b2fb114610735578063b6a8b0fa14610783578063b7f48a4114610796575f80fd5b80639f063efc1161016d5780639f063efc146106dd578063a622ee7c146106f0578063a958b2e114610722575f80fd5b80638da5cb5b146106ad57806391dd7346146106bd575f80fd5b80635c4573ad1161023c578063715018a6116101f2578063791b98bc116101cd578063791b98bc1461065657806379ba50971461067d5780638c444b4714610685575f80fd5b8063715018a61461051457806372063fe01461051c5780637865da6214610544575f80fd5b80636817031b116102225780636817031b146104a35780636c2bbe7e146104b65780636fe7e6eb14610501575f80fd5b80635c4573ad1461045b57806364df049e14610482575f80fd5b806333afbba711610291578063521cbfdc11610277578063521cbfdc146103df57806356587939146103f2578063575e24b414610405575f80fd5b806333afbba7146103b75780634fe07221146103cc575f80fd5b806321d0ee70116102c157806321d0ee701461034157806322ee705c14610385578063259982e5146103a4575f80fd5b806312261ee7146102dc5780631822b1ef14610320575b5f80fd5b6103037f000000000000000000000000000000000022d473030f116ddee9f6b43ac78ba381565b6040516001600160a01b0390911681526020015b60405180910390f35b61033361032e366004618f2f565b6109c2565b604051908152602001610317565b61035461034f366004618fe3565b6109f8565b6040517fffffffff000000000000000000000000000000000000000000000000000000009091168152602001610317565b61033361039336600461905a565b600c6020525f908152604090205481565b6103546103b2366004618fe3565b610a74565b6103ca6103c53660046191d3565b610ae4565b005b6103ca6103da36600461922f565b610c97565b6103336103ed366004618f2f565b611328565b6103ca610400366004619276565b61134b565b610418610413366004619327565b61156e565b604080517fffffffff000000000000000000000000000000000000000000000000000000009094168452602084019290925262ffffff1690820152606001610317565b6103037f0000000000000000000000001d1499e622d69689cdf9004d05ec547d650ff21181565b600a54610303906a010000000000000000000090046001600160a01b031681565b6103ca6104b1366004619381565b6115f1565b6104c96104c436600461939c565b611676565b604080517fffffffff000000000000000000000000000000000000000000000000000000009093168352602083019190915201610317565b61035461050f366004619427565b6116fa565b6103ca611774565b61030361052a36600461905a565b600d6020525f90815260409020546001600160a01b031681565b61063e61055236600461905a565b600b6020525f90815260409020805460019091015460ff808316926101008104600290810b936401000000008304820b9367010000000000000084048116936801000000000000000081049091169269010000000000000000008204810b926c010000000000000000000000008304820b926f010000000000000000000000000000008104830b9272010000000000000000000000000000000000008204810b9262ffffff7501000000000000000000000000000000000000000000840416927801000000000000000000000000000000000000000000000000900490910b906001600160a01b03168c565b6040516103179c9b9a999897969594939291906194db565b6103037f000000000000000000000000bf7b2e60f266c6b17044d43c4b094611a6a9571081565b6103ca611787565b610303610693366004619381565b60086020525f90815260409020546001600160a01b031681565b5f546001600160a01b0316610303565b6106d06106cb366004619580565b6117e9565b60405161031791906195ed565b6104c96106eb36600461939c565b6118c5565b6107126106fe366004619381565b60026020525f908152604090205460ff1681565b6040519015158152602001610317565b610333610730366004618f2f565b611938565b6107486107433660046195ff565b61195b565b604080517fffffffff000000000000000000000000000000000000000000000000000000009093168352600f9190910b602083015201610317565b610354610791366004619680565b6119dd565b6103ca6107a43660046196da565b611a59565b6103ca6107b7366004619716565b611d98565b6108a6604080516101c0810182525f80825260208201819052918101829052606081018290526080810182905260a0810182905260c0810182905260e08101829052610100810182905261012081018290526101408101829052610160810182905261018081018290526101a081019190915250604080516101c0810182525f808252600160208301819052928201839052606082018390526080820181905260a0820183905260c0820183905260e0820192909252610100810182905261012081018290526101408101829052610160810182905261018081018290526101a081019190915290565b604051610317919061974d565b6108d56108c136600461905a565b60096020525f908152604090205460020b81565b60405160029190910b8152602001610317565b6103ca6108f636600461905a565b612178565b6103037f000000000000000000000000526ce215c3ba0e07c7503f9e744b869e6eae402d81565b61035461093036600461986e565b6123e1565b61093d606481565b60405163ffffffff9091168152602001610317565b6001546001600160a01b0316610303565b6103ca6109713660046198b5565b612459565b6103ca6109843660046196da565b6124a6565b610333610997366004618f2f565b61283c565b6103ca6109aa366004619381565b61285f565b6103ca6109bd3660046198ec565b6128e7565b6007602052825f5260405f20602052815f5260405f2081815481106109e5575f80fd5b905f5260205f20015f9250925050505481565b5f336001600160a01b037f000000000000000000000000526ce215c3ba0e07c7503f9e744b869e6eae402d1614610a5b576040517fae18210a00000000000000000000000000000000000000000000000000000000815260040160405180910390fd5b610a688686868686612a1a565b90505b95945050505050565b5f336001600160a01b037f000000000000000000000000526ce215c3ba0e07c7503f9e744b869e6eae402d1614610ad7576040517fae18210a00000000000000000000000000000000000000000000000000000000815260040160405180910390fd5b610a688686868686612a4d565b336001600160a01b037f000000000000000000000000526ce215c3ba0e07c7503f9e744b869e6eae402d1614610b8c57335f9081526002602052604090205460ff1615610b5a57610b557f000000000000000000000000bf7b2e60f266c6b17044d43c4b094611a6a9571084612afb565b610b8c565b6040517f82b4290000000000000000000000000000000000000000000000000000000000815260040160405180910390fd5b5f805f80610b9a875f612c8f565b93509350935093508415610be9575f8615610bb55781610bb7565b825b90505f610bc4898c61307e565b90505f610bd3828a15856131e6565b9050610be0818686613369565b90955093505050505b600a54610c2590889086908690869086906601000000000000810461ffff16906a010000000000000000000090046001600160a01b031661341d565b610c39878585610c348b6134ef565b613591565b604080516001600160a01b038087168252851660208201529081018390526060810182905287907e0c76c08669f4bbeb0902f33cdeabafb8d146b435f29b90959df2fe84ddc0d89060800160405180910390a2505050505050505050565b336001600160a01b037f000000000000000000000000526ce215c3ba0e07c7503f9e744b869e6eae402d1614610d0857335f9081526002602052604090205460ff1615610b5a57610d087f000000000000000000000000bf7b2e60f266c6b17044d43c4b094611a6a9571083612afb565b5f805f80610d16865f612c8f565b5f8a8152600b6020526040812054949850929650909450925090610d50906f01000000000000000000000000000000900460020b8761993c565b5f888152600b602052604081205491925090610d85907201000000000000000000000000000000000000900460020b8861993c565b9050610d96888b8b85858989613640565b600a54919550935061271090610dbd90869068010000000000000000900461ffff1661997d565b610dc791906199c1565b610dd190856199d4565b600a546fffffffffffffffffffffffffffffffff91909116945061271090610e0a90859068010000000000000000900461ffff1661997d565b610e1491906199c1565b610e1e90846199d4565b6fffffffffffffffffffffffffffffffff1692505f610e3c896134ef565b9050610e4887866137a0565b610e5286856137a0565b5f610e618c858589898761393b565b600a546fffffffffffffffffffffffffffffffff928316995091169650909150610ebc908b908a908a908a908a9068010000000000000000810461ffff16906a010000000000000000000090046001600160a01b031661341d565b610ec88a898985613591565b5f8a8152600b602052604080822083835291208154815460ff9091169082907fffffffffffffffffffffffffffffffffffffffffffffffffffffffffffffff00166001836004811115610f1d57610f1d619475565b02179055505f820160019054906101000a900460020b815f0160016101000a81548162ffffff021916908360020b62ffffff1602179055505f820160049054906101000a900460020b815f0160046101000a81548162ffffff021916908360020b62ffffff1602179055505f820160079054906101000a900460ff16815f0160076101000a81548160ff0219169083151502179055505f820160089054906101000a900460ff16815f0160086101000a81548160ff0219169083151502179055505f820160099054906101000a900460020b815f0160096101000a81548162ffffff021916908360020b62ffffff1602179055505f8201600c9054906101000a900460020b815f01600c6101000a81548162ffffff021916908360020b62ffffff1602179055505f8201600f9054906101000a900460020b815f01600f6101000a81548162ffffff021916908360020b62ffffff1602179055505f820160129054906101000a900460020b815f0160126101000a81548162ffffff021916908360020b62ffffff1602179055505f820160159054906101000a900462ffffff16815f0160156101000a81548162ffffff021916908362ffffff1602179055505f820160189054906101000a900460020b815f0160186101000a81548162ffffff021916908360020b62ffffff160217905550600182015f9054906101000a90046001600160a01b0316816001015f6101000a8154816001600160a01b0302191690836001600160a01b031602179055509050506112bc8185858f600b5f8781526020019081526020015f20604051806101800160405290815f82015f9054906101000a900460ff16600481111561119657611196619475565b60048111156111a7576111a7619475565b81528154610100808204600290810b60208501526401000000008304810b604085015260ff6701000000000000008404811615156060860152680100000000000000008404161515608085015269010000000000000000008304810b60a08501526c010000000000000000000000008304810b60c08501526f010000000000000000000000000000008304810b60e085015272010000000000000000000000000000000000008304810b9184019190915262ffffff75010000000000000000000000000000000000000000008304166101208401527801000000000000000000000000000000000000000000000000909104900b6101408201526001909101546001600160a01b031661016090910152613d01565b604080518281526001600160a01b03808b16602083015289169181019190915260608101879052608081018690528a907f5b7ca1743f2d310e99c71901d0b841063d5aa867c061fcccd6928196ecf59e9c9060a0015b60405180910390a2505050505050505050505050565b6004602052825f5260405f20602052815f5260405f2081815481106109e5575f80fd5b80515f5b81811015611569575f83828151811061136a5761136a6199e7565b602002602001015190505f61137e826134ef565b6001600160a01b0381165f9081526002602052604090205490915060ff161561149c5760408051602481018490523360448083019190915282518083039091018152606490910182526020810180517bffffffffffffffffffffffffffffffffffffffffffffffffffffffff167ff72f19080000000000000000000000000000000000000000000000000000000017905290517f78cc76440000000000000000000000000000000000000000000000000000000081526001600160a01b038316916378cc764491611456918691309190600401619a14565b6020604051808303815f875af1158015611472573d5f803e3d5ffd5b505050506040513d601f19601f820116820180604052508101906114969190619a3b565b5061155f565b7f000000000000000000000000526ce215c3ba0e07c7503f9e744b869e6eae402d6001600160a01b03166348c8949183336040516020016114f09291909182526001600160a01b0316602082015260400190565b6040516020818303038152906040526040518263ffffffff1660e01b815260040161151b91906195ed565b5f604051808303815f875af1158015611536573d5f803e3d5ffd5b505050506040513d5f823e601f3d908101601f1916820160405261155d9190810190619a52565b505b505060010161134f565b505050565b5f8080336001600160a01b037f000000000000000000000000526ce215c3ba0e07c7503f9e744b869e6eae402d16146115d3576040517fae18210a00000000000000000000000000000000000000000000000000000000815260040160405180910390fd5b6115e08888888888614335565b925092509250955095509592505050565b6115f96145a2565b6040516001600160a01b03821681527fe7ae49f883c825b05681b3e00e8be6fdea9ed2a8a45e4c6ecb9390fc44cce6159060200160405180910390a16001600160a01b03165f90815260026020526040902080547fffffffffffffffffffffffffffffffffffffffffffffffffffffffffffffff00166001179055565b5f80336001600160a01b037f000000000000000000000000526ce215c3ba0e07c7503f9e744b869e6eae402d16146116da576040517fae18210a00000000000000000000000000000000000000000000000000000000815260040160405180910390fd5b6116e9898989898989896145e7565b915091505b97509795505050505050565b5f336001600160a01b037f000000000000000000000000526ce215c3ba0e07c7503f9e744b869e6eae402d161461175d576040517fae18210a00000000000000000000000000000000000000000000000000000000815260040160405180910390fd5b611769858585856146ba565b90505b949350505050565b61177c6145a2565b6117855f614759565b565b60015433906001600160a01b031681146117dd576040517f118cdaa70000000000000000000000000000000000000000000000000000000081526001600160a01b03821660048201526024015b60405180910390fd5b6117e681614759565b50565b6060336001600160a01b037f000000000000000000000000526ce215c3ba0e07c7503f9e744b869e6eae402d161461184d576040517f82b4290000000000000000000000000000000000000000000000000000000000815260040160405180910390fd5b5f8061185b848601866198ec565b909250905060015f838152600b602052604090205460ff16600481111561188457611884619475565b146118a15760405180602001604052805f815250925050506118bf565b6118ab828261478a565b60405180602001604052805f815250925050505b92915050565b5f80336001600160a01b037f000000000000000000000000526ce215c3ba0e07c7503f9e744b869e6eae402d1614611929576040517fae18210a00000000000000000000000000000000000000000000000000000000815260040160405180910390fd5b6116e9898989898989896149c1565b6005602052825f5260405f20602052815f5260405f2081815481106109e5575f80fd5b5f80336001600160a01b037f000000000000000000000000526ce215c3ba0e07c7503f9e744b869e6eae402d16146119bf576040517fae18210a00000000000000000000000000000000000000000000000000000000815260040160405180910390fd5b6119cd888888888888614a44565b915091505b965096945050505050565b5f336001600160a01b037f000000000000000000000000526ce215c3ba0e07c7503f9e744b869e6eae402d1614611a40576040517fae18210a00000000000000000000000000000000000000000000000000000000815260040160405180910390fd5b611a4e878787878787612a1a565b979650505050505050565b336001600160a01b037f000000000000000000000000526ce215c3ba0e07c7503f9e744b869e6eae402d1614611abb576040517f82b4290000000000000000000000000000000000000000000000000000000000815260040160405180910390fd5b5f828152600c60205260408120549003611d92575f805f80611add865f612c8f565b93509350935093505f85611af15784611af3565b835b9050805f87611b025784611b04565b835b600a5490915061271090611b2490640100000000900461ffff168361997d565b611b2e91906199c1565b611b3890826199d4565b6001600160a01b038084165f90815260086020526040902054919250611b619184911683614c84565b6001600160a01b038281165f90815260086020526040908190205490517f6e553f6500000000000000000000000000000000000000000000000000000000815260048101849052306024820152911690636e553f65906044016020604051808303815f875af1925050508015611bf4575060408051601f3d908101601f19168201909252611bf191810190619a3b565b60015b611c64573d808015611c21576040519150601f19603f3d011682016040523d82523d5f602084013e611c26565b606091505b507f462ad9b5184105cc4f3f1f6042303b2eda55d731ac3e74c155239593b9cdb18081604051611c5691906195ed565b60405180910390a150611d63565b5f8a8152600c60209081526040808320849055600d909152902080547fffffffffffffffffffffffff0000000000000000000000000000000000000000166001600160a01b038516179055611cfc8a89898c15611cc1575f611cc3565b855b8d611cce575f611cd0565b865b600a54640100000000810461ffff16906a010000000000000000000090046001600160a01b031661341d565b5f611d068b6134ef565b9050611d148b8a8a84613591565b604080516001600160a01b0387168152602081018590529081018390528b907f21299a7c5f0997b7be935980a90a8478af8e68b5f0dfed94f93cefbfd8744aca9060600160405180910390a250505b6001600160a01b038083165f90815260086020526040812054611d8a928592911690614c84565b505050505050505b50505050565b33611da2836134ef565b6001600160a01b031614611de2576040517f82b4290000000000000000000000000000000000000000000000000000000000815260040160405180910390fd5b6040517f7ba03aad000000000000000000000000000000000000000000000000000000008152600481018390525f9081906001600160a01b037f000000000000000000000000bf7b2e60f266c6b17044d43c4b094611a6a957101690637ba03aad9060240160c060405180830381865afa158015611e62573d5f803e3d5ffd5b505050506040513d601f19601f82011682018060405250810190611e869190619ae6565b608082015191935091506001600160a01b03163014611ed1576040517f82b4290000000000000000000000000000000000000000000000000000000000815260040160405180910390fd5b6060820151611ee66040850160208601619b77565b611ef09190619b92565b60020b15611f2a576040517f35be3ac800000000000000000000000000000000000000000000000000000000815260040160405180910390fd5b60608083015190611f4090850160408601619b77565b611f4a9190619b92565b60020b15611f84576040517f35be3ac800000000000000000000000000000000000000000000000000000000815260040160405180910390fd5b6060820151611f9960c0850160a08601619b77565b611fa39190619b92565b60020b15611fdd576040517f35be3ac800000000000000000000000000000000000000000000000000000000815260040160405180910390fd5b6060820151611ff260e0850160c08601619b77565b611ffc9190619b92565b60020b15612036576040517f35be3ac800000000000000000000000000000000000000000000000000000000815260040160405180910390fd5b606082015161204c610100850160e08601619b77565b6120569190619b92565b60020b15612090576040517f35be3ac800000000000000000000000000000000000000000000000000000000815260040160405180910390fd5b60608201516120a761012085016101008601619b77565b6120b19190619b92565b60020b156120eb576040517f35be3ac800000000000000000000000000000000000000000000000000000000815260040160405180910390fd5b61211e846120fc8360081c60020b90565b6121098460201c60020b90565b8561211936899003890189619bca565b613d01565b5f848152600b6020526040902083906121378282619d5c565b905050837fbc731b4fa32a0d1af934c5b6c71d2c5c7a66448b2143443e0e5f61e3453151b48460405161216a919061a0e8565b60405180910390a250505050565b5f612182826134ef565b9050336001600160a01b038216146121c6576040517f82b4290000000000000000000000000000000000000000000000000000000000815260040160405180910390fd5b5f828152600c6020908152604080832054600d909252909120546001600160a01b03168115611d92576040517f7ba03aad000000000000000000000000000000000000000000000000000000008152600481018590525f907f000000000000000000000000bf7b2e60f266c6b17044d43c4b094611a6a957106001600160a01b031690637ba03aad9060240160c060405180830381865afa15801561226d573d5f803e3d5ffd5b505050506040513d601f19601f820116820180604052508101906122919190619ae6565b506001600160a01b038381165f908152600860205260408082205490517fba0876520000000000000000000000000000000000000000000000000000000081526004810188905230602482018190526044820152939450909291169063ba087652906064016020604051808303815f875af1158015612312573d5f803e3d5ffd5b505050506040513d601f19601f820116820180604052508101906123369190619a3b565b5f878152600c60209081526040808320839055600d825290912080547fffffffffffffffffffffffff000000000000000000000000000000000000000016905583519084015191925061238c9188919088613591565b604080516001600160a01b03851681526020810183905290810185905286907fe9b9ff8ea5eba9b30bcccafaa71601de5f152f1941bd27e7bea351be66c37e9e906060015b60405180910390a2505050505050565b5f336001600160a01b037f000000000000000000000000526ce215c3ba0e07c7503f9e744b869e6eae402d1614612444576040517fae18210a00000000000000000000000000000000000000000000000000000000815260040160405180910390fd5b61244f848484612a1a565b90505b9392505050565b6124616145a2565b6001600160a01b039182165f90815260086020526040902080547fffffffffffffffffffffffff00000000000000000000000000000000000000001691909216179055565b336001600160a01b037f000000000000000000000000526ce215c3ba0e07c7503f9e744b869e6eae402d1614612508576040517f82b4290000000000000000000000000000000000000000000000000000000000815260040160405180910390fd5b5f828152600c6020908152604080832054600d909252909120546001600160a01b03168115612834576001600160a01b038181165f90815260086020526040908190205490517fba087652000000000000000000000000000000000000000000000000000000008152600481018590523060248201819052604482015291169063ba087652906064016020604051808303815f875af19250505080156125cb575060408051601f3d908101601f191682019092526125c891810190619a3b565b60015b61263b573d8080156125f8576040519150601f19603f3d011682016040523d82523d5f602084013e6125fd565b606091505b507f462ad9b5184105cc4f3f1f6042303b2eda55d731ac3e74c155239593b9cdb1808160405161262d91906195ed565b60405180910390a150612834565b5f858152600c60209081526040808320839055600d90915280822080547fffffffffffffffffffffffff0000000000000000000000000000000000000000169055517f7ba03aad000000000000000000000000000000000000000000000000000000008152600481018790526001600160a01b037f000000000000000000000000bf7b2e60f266c6b17044d43c4b094611a6a957101690637ba03aad9060240160c060405180830381865afa1580156126f6573d5f803e3d5ffd5b505050506040513d601f19601f8201168201806040525081019061271a9190619ae6565b600a54909250612710915061273b90640100000000900461ffff168461997d565b61274591906199c1565b61274f90836199d4565b88519092506001600160a01b038481169116145f80612788898c8686612775575f612777565b885b876127825789614d93565b5f614d93565b8c5160208e0151600a549395509193506127cc928c929086908690640100000000810461ffff16906a010000000000000000000090046001600160a01b031661341d565b5f6127d68a6134ef565b90506127eb8a8d5f01518e6020015184613591565b604080516001600160a01b0389168152602081018890529081018990528a907fec98394e5abeb0696c63acd0b28bb4f3515e251db60eea39a575433936a7747290606001611312565b505050505050565b6006602052825f5260405f20602052815f5260405f2081815481106109e5575f80fd5b6128676145a2565b600180546001600160a01b0383167fffffffffffffffffffffffff000000000000000000000000000000000000000090911681179091556128af5f546001600160a01b031690565b6001600160a01b03167f38d16b8cac22d99fc7c124b9cd0de2d3fa1faef420bfe791d8c362d765e2270060405160405180910390a350565b335f9081526002602052604090205460ff1661292f576040517f82b4290000000000000000000000000000000000000000000000000000000000815260040160405180910390fd5b6129597f000000000000000000000000bf7b2e60f266c6b17044d43c4b094611a6a9571083612afb565b7f000000000000000000000000526ce215c3ba0e07c7503f9e744b869e6eae402d6001600160a01b03166348c8949183836040516020016129ad9291909182526001600160a01b0316602082015260400190565b6040516020818303038152906040526040518263ffffffff1660e01b81526004016129d891906195ed565b5f604051808303815f875af11580156129f3573d5f803e3d5ffd5b505050506040513d5f823e601f3d908101601f191682016040526115699190810190619a52565b5f6040517f0a85dc2900000000000000000000000000000000000000000000000000000000815260040160405180910390fd5b5f7f000000000000000000000000bf7b2e60f266c6b17044d43c4b094611a6a957106001600160a01b0316866001600160a01b031614158015612a9957506001600160a01b0386163014155b15612ad0576040517f82b4290000000000000000000000000000000000000000000000000000000000815260040160405180910390fd5b507f259982e50000000000000000000000000000000000000000000000000000000095945050505050565b335f9081526002602052604090205460ff1615612bae575f336001600160a01b031663ae41abab6040518163ffffffff1660e01b8152600401602060405180830381865afa158015612b4f573d5f803e3d5ffd5b505050506040513d601f19601f82011682018060405250810190612b739190619a3b565b9050808214611569576040517f82b4290000000000000000000000000000000000000000000000000000000000815260040160405180910390fd5b6040517f6352211e000000000000000000000000000000000000000000000000000000008152600481018290525f906001600160a01b03841690636352211e90602401602060405180830381865afa158015612c0c573d5f803e3d5ffd5b505050506040513d601f19601f82011682018060405250810190612c30919061a227565b90506001600160a01b0381163314801590612c5457506001600160a01b0381163014155b15611569576040517f82b4290000000000000000000000000000000000000000000000000000000000815260040160405180910390fd5b5050565b5f805f805f7f000000000000000000000000bf7b2e60f266c6b17044d43c4b094611a6a957106001600160a01b0316637ba03aad886040518263ffffffff1660e01b8152600401612ce291815260200190565b60c060405180830381865afa158015612cfd573d5f803e3d5ffd5b505050506040513d601f19601f82011682018060405250810190612d219190619ae6565b5090505f86612dcf576040517f1efeed33000000000000000000000000000000000000000000000000000000008152600481018990527f000000000000000000000000bf7b2e60f266c6b17044d43c4b094611a6a957106001600160a01b031690631efeed3390602401602060405180830381865afa158015612da6573d5f803e3d5ffd5b505050506040513d601f19601f82011682018060405250810190612dca919061a242565b612dd1565b5f5b825160208401519097509550905086158015612dfd57506fffffffffffffffffffffffffffffffff8116155b15612e1057505f92508291506130759050565b6040517f010000000000000000000000000000000000000000000000000000000000000060208201527f110000000000000000000000000000000000000000000000000000000000000060218201525f9060220160408051808303601f1901815260028084526060840190925292505f9190816020015b6060815260200190600190039081612e8757505060408051602080820183525f8083529251939450612ec1938e938893909283920161a271565b604051602081830303815290604052815f81518110612ee257612ee26199e7565b602090810291909101810191909152604080516001600160a01b03808c16938201939093529189169082015230606082015260800160405160208183030381529060405281600181518110612f3957612f396199e7565b60209081029190910101526040517f4afe393c0000000000000000000000000000000000000000000000000000000081526001600160a01b037f000000000000000000000000bf7b2e60f266c6b17044d43c4b094611a6a957101690634afe393c90612fab908590859060040161a30d565b5f604051808303815f87803b158015612fc2575f80fd5b505af1925050508015612fd3575060015b613047573d808015613000576040519150601f19603f3d011682016040523d82523d5f602084013e613005565b606091505b507fbb28a73d836c24b9aa0fd49efd729d2749c5a3cc2149c32bbd069018db6b20d68383836040516130399392919061a331565b60405180910390a150613070565b613059886001600160a01b03166150cb565b955061306d876001600160a01b03166150cb565b94505b505050505b92959194509250565b6040805160a0810182525f808252602082018190529181018290526060810182905260808101919091525f838152600b602052604090208054600190910154608084015162ffffff7501000000000000000000000000000000000000000000840416927801000000000000000000000000000000000000000000000000900460020b916001600160a01b039081169116811480156131295750846040015162ffffff168362ffffff16145b801561313e5750846060015160020b8260020b145b1561314e578493505050506118bf565b50506040805160a08101825284516001600160a01b0390811682526020958601518116868301525f878152600b80885284822080547501000000000000000000000000000000000000000000810462ffffff1696860196909652780100000000000000000000000000000000000000000000000090950460020b60608501529790529590945260010154909316608083015250919050565b5f80836132115761320c600173fffd8963efd1fc6a506488495d951d5263988d2661a369565b613221565b6132216401000276a3600161a388565b90505f60405180606001604052808615158152602001856132419061a3a7565b8152602001836001600160a01b031681525090507f000000000000000000000000526ce215c3ba0e07c7503f9e744b869e6eae402d6001600160a01b031663f3cd914c87836040518363ffffffff1660e01b81526004016132a392919061a3dd565b6020604051808303815f875af19250505080156132dd575060408051601f3d908101601f191682019092526132da91810190619a3b565b60015b613351573d80801561330a576040519150601f19603f3d011682016040523d82523d5f602084013e61330f565b606091505b507ffd918fb944f7a3fb23e1506087b70098f4be12c471e0fb45d6dda9d339706c398783836040516133439392919061a475565b60405180910390a150613360565b80935061335e8785615165565b505b50509392505050565b5f805f6133768660801d90565b600f0b12156133a6576133898560801d90565b6133929061a50b565b61339f90600f0b856199d4565b91506133c0565b6133b08560801d90565b6133bd90600f0b8561a547565b91505b5f6133cb86600f0b90565b600f0b12156133fb576133de85600f0b90565b6133e79061a50b565b6133f490600f0b846199d4565b9050613415565b61340585600f0b90565b61341290600f0b8461a547565b90505b935093915050565b8315613453576134538161271061343861ffff86168861997d565b61344291906199c1565b6001600160a01b03891691906156d1565b8215613489576134898161271061346e61ffff86168761997d565b61347891906199c1565b6001600160a01b03881691906156d1565b604080516001600160a01b038089168252808816602083015291810186905260608101859052908216608082015287907fa69f55c67ce98a05490275ae3d2e7b0ed184a90bf0a35c37fa85f1c7aa7ee5d19060a00160405180910390a250505050505050565b6040517f6352211e000000000000000000000000000000000000000000000000000000008152600481018290525f907f000000000000000000000000bf7b2e60f266c6b17044d43c4b094611a6a957106001600160a01b031690636352211e90602401602060405180830381865afa15801561356d573d5f803e3d5ffd5b505050506040513d601f19601f820116820180604052508101906118bf919061a227565b5f6135a4846001600160a01b03166150cb565b90505f6135b9846001600160a01b03166150cb565b905081156135d5576135d56001600160a01b03861684846156d1565b80156135ef576135ef6001600160a01b03851684836156d1565b604080516001600160a01b038088168252861660208201529081018390526060810182905286907f6f0fdd74d7895cd66b557c2208b25a85ab549c4dcd154b4d56c3640e74c71009906080016123d1565b5f805f60405180606001604052807f000000000000000000000000526ce215c3ba0e07c7503f9e744b869e6eae402d6001600160a01b031681526020018981526020018a6060015160020b81525090505f61369b8b8b61307e565b90505f808b608001516001600160a01b031683608001516001600160a01b03161480156136d957508b6040015162ffffff16836040015162ffffff16145b80156136f257508b6060015160020b836060015160020b145b1561371257613704848b8b8b8b6157d4565b509193509091506137679050565b5f6137477f000000000000000000000000526ce215c3ba0e07c7503f9e744b869e6eae402d6137428660a0902090565b615c90565b505050905061375e818c8c8c8c8960400151615d5b565b91945090925050505b811561378d575f6137798483856131e6565b9050613786818a8a613369565b9099509750505b50959b949a509398505050505050505050565b80158015906137b757506001600160a01b03821615155b15612c8b576001600160a01b0382165f90815260036020526040902054829060ff1661386957613828817f000000000000000000000000000000000022d473030f116ddee9f6b43ac78ba37fffffffffffffffffffffffffffffffffffffffffffffffffffffffffffffffff614c84565b6001600160a01b0381165f90815260036020526040902080547fffffffffffffffffffffffffffffffffffffffffffffffffffffffffffffff001660011790555b6040517f87517c450000000000000000000000000000000000000000000000000000000081526001600160a01b0382811660048301527f000000000000000000000000bf7b2e60f266c6b17044d43c4b094611a6a9571081166024830152838116604483015265ffffffffffff421660648301527f000000000000000000000000000000000022d473030f116ddee9f6b43ac78ba316906387517c45906084015f604051808303815f87803b158015613920575f80fd5b505af1158015613932573d5f803e3d5ffd5b50505050505050565b5f805f80895f015190505f8a6020015190507f000000000000000000000000bf7b2e60f266c6b17044d43c4b094611a6a957106001600160a01b03166375794a3c6040518163ffffffff1660e01b8152600401602060405180830381865afa1580156139a9573d5f803e3d5ffd5b505050506040513d601f19601f820116820180604052508101906139cd9190619a3b565b94506139e1826001600160a01b03166150cb565b93506139f5816001600160a01b03166150cb565b92505f613a277f000000000000000000000000526ce215c3ba0e07c7503f9e744b869e6eae402d6137428e60a0902090565b50505090505f613a6e82613a3a8e615eb8565b613a438e615eb8565b8d6fffffffffffffffffffffffffffffffff168d6fffffffffffffffffffffffffffffffff166161b5565b604080517f020000000000000000000000000000000000000000000000000000000000000060208201527f0d00000000000000000000000000000000000000000000000000000000000000602182015281516002818303810182526022830181815260828401909452939450925f92916042015b6060815260200190600190039081613ae25790505090508e8e8e858f8f8f60405180602001604052805f815250604051602001613b2698979695949392919061a55a565b604051602081830303815290604052815f81518110613b4757613b476199e7565b602090810291909101810191909152604080516001600160a01b03808a16938201939093529187169082015230606082015260800160405160208183030381529060405281600181518110613b9e57613b9e6199e7565b60209081029190910101526040517f4afe393c0000000000000000000000000000000000000000000000000000000081526001600160a01b037f000000000000000000000000bf7b2e60f266c6b17044d43c4b094611a6a957101690634afe393c90613c10908590859060040161a30d565b5f604051808303815f87803b158015613c27575f80fd5b505af1925050508015613c38575060015b613cb2573d808015613c65576040519150601f19603f3d011682016040523d82523d5f602084013e613c6a565b606091505b507fbb28a73d836c24b9aa0fd49efd729d2749c5a3cc2149c32bbd069018db6b20d6838383604051613c9e9392919061a331565b60405180910390a15f98505f975050613cef565b613cc4866001600160a01b03166150cb565b613cce908961a644565b9750613ce2856001600160a01b03166150cb565b613cec908861a644565b96505b50505050505096509650969350505050565b60a082205f906040517f1efeed33000000000000000000000000000000000000000000000000000000008152600481018890529091505f906001600160a01b037f000000000000000000000000bf7b2e60f266c6b17044d43c4b094611a6a957101690631efeed3390602401602060405180830381865afa158015613d88573d5f803e3d5ffd5b505050506040513d601f19601f82011682018060405250810190613dac919061a242565b5f888152600b60205260408082208151610180810190925280549394509192909190829060ff166004811115613de457613de4619475565b6004811115613df557613df5619475565b81528154610100808204600290810b60208501526401000000008304810b604085015260ff6701000000000000008404811615156060860152680100000000000000008404161515608085015269010000000000000000008304810b60a08501526c010000000000000000000000008304810b60c08501526f010000000000000000000000000000008304810b60e085015272010000000000000000000000000000000000008304810b9184019190915262ffffff75010000000000000000000000000000000000000000008304166101208401527801000000000000000000000000000000000000000000000000909104900b6101408201526001909101546001600160a01b03166101609091015290506fffffffffffffffffffffffffffffffff8216156140e257600281516004811115613f3457613f34619475565b03613f94575f83815260066020526040812060a0830151613f739290613f5a908b61a66c565b60020b60020b81526020019081526020015f208961627c565b5f83815260076020526040812060c0830151613f949290613f5a908a61993c565b600284516004811115613fa957613fa9619475565b03614009575f83815260066020526040812060a0860151613fe89290613fcf908b61a66c565b60020b60020b81526020019081526020015f208961631f565b5f83815260076020526040812060c08601516140099290613fcf908a61993c565b60038151600481111561401e5761401e619475565b03614073575f8381526006602090815260408083208483015160020b8452909152902061404b908961627c565b5f8381526007602090815260408083208482015160020b84529091529020614073908961627c565b60038451600481111561408857614088619475565b036140dd575f8381526006602090815260408083208783015160020b845290915290206140b5908961631f565b5f8381526007602090815260408083208782015160020b845290915290206140dd908961631f565b6141a8565b6002815160048111156140f7576140f7619475565b0361413e575f83815260066020526040812060a083015161411d9290613f5a908b61a66c565b5f83815260076020526040812060c083015161413e9290613f5a908a61993c565b60038151600481111561415357614153619475565b036141a8575f8381526006602090815260408083208483015160020b84529091529020614180908961627c565b5f8381526007602090815260408083208482015160020b845290915290206141a8908961627c565b6004845160048111156141bd576141bd619475565b0361425c575f83815260046020526040812060608701516141ee92906141e490600261a6ad565b613fcf908b61a66c565b5f83815260046020908152604080832060028a900b84529091529020614214908961631f565b5f838152600560205260408120606087015161423692906141e490600161a6ad565b5f83815260056020526040812060608701516142579290613fcf908a61993c565b61432b565b60048151600481111561427157614271619475565b148015614291575060048451600481111561428e5761428e619475565b14155b1561432b575f83815260046020526040812060608701516142c292906142b890600261a6ad565b613f5a908b61a66c565b5f83815260046020908152604080832060028a900b845290915290206142e8908961627c565b5f838152600560205260408120606087015161430a92906142b890600161a6ad565b5f838152600560205260408120606087015161432b9290613f5a908a61993c565b5050505050505050565b5f80808061435f61434b368a90038a018a61a6cc565b61435a368a90038a018a61a6e6565b616370565b90505f60098161437e614377368d90038d018d61a6cc565b60a0902090565b81526020019081526020015f205f9054906101000a900460020b90506143dc6040518060400160405280600481526020017f7469636b000000000000000000000000000000000000000000000000000000008152508260020b616490565b61441e6040518060400160405280600781526020017f7469636b456e64000000000000000000000000000000000000000000000000008152508360020b616490565b8160020b8160020b1461456f575f8260020b8260020b126144755760045f61444e614377368e90038e018e61a6cc565b81526020019081526020015f205f8360020b60020b81526020019081526020015f206144ad565b60055f61448a614377368e90038e018e61a6cc565b81526020019081526020015f205f8360020b60020b81526020019081526020015f205b80549091505f5b8181101561451b575f8382815481106144cf576144cf6199e7565b905f5260205f20015490506145128d8036038101906144ee919061a6cc565b6145028f803603810190614377919061a6cc565b838960020b8960020b1289616503565b506001016144b4565b508360020b8360020b121561454b5761453a60808c0160608d01619b77565b614544908461993c565b9250614568565b61455b60808c0160608d01619b77565b614565908461a66c565b92505b505061441e565b507f575e24b400000000000000000000000000000000000000000000000000000000995f99508998509650505050505050565b5f546001600160a01b03163314611785576040517f118cdaa70000000000000000000000000000000000000000000000000000000081523360048201526024016117d4565b5f80306001600160a01b038a160361462357507f6c2bbe7e0000000000000000000000000000000000000000000000000000000090505f6116ee565b60608701356146898161463960208b018b619b77565b61464960408c0160208d01619b77565b614658368e90038e018e61a6cc565b5f868152600b602052604090819020815161018081019092528054829060ff16600481111561119657611196619475565b507f6c2bbe7e00000000000000000000000000000000000000000000000000000000995f9950975050505050505050565b5f806146d5836146d06080880160608901619b77565b616710565b90508060095f6146ed614377368a90038a018a61a6cc565b815260208101919091526040015f2080547fffffffffffffffffffffffffffffffffffffffffffffffffffffffffff0000001662ffffff92909216919091179055507f6fe7e6eb0000000000000000000000000000000000000000000000000000000095945050505050565b600180547fffffffffffffffffffffffff00000000000000000000000000000000000000001690556117e681616758565b6040517f7ba03aad000000000000000000000000000000000000000000000000000000008152600481018390525f9081906001600160a01b037f000000000000000000000000bf7b2e60f266c6b17044d43c4b094611a6a957101690637ba03aad9060240160c060405180830381865afa15801561480a573d5f803e3d5ffd5b505050506040513d601f19601f8201168201806040525081019061482e9190619ae6565b915091505f8061483f866001612c8f565b935093505050815f148015614852575080155b1561485f57505050505050565b614890868561486f8760a0902090565b61487c8760081c60020b90565b6148898860201c60020b90565b8787613640565b600a5491935091505f906127109084906148b69061ffff6201000082048116911661a74f565b61ffff166148c4919061997d565b6148ce91906199c1565b6148d890846199d4565b600a549091505f906127109084906148fc9061ffff6201000082048116911661a74f565b61ffff1661490a919061997d565b61491491906199c1565b61491e90846199d4565b905061492d865f0151836137a0565b61493b8660200151826137a0565b6149488887878585614d93565b87516020890151600a54939550919350614985928b92908690869061ffff8116906a010000000000000000000090046001600160a01b031661341d565b6149ab88875f015188602001518585600a60029054906101000a900461ffff168d61341d565b61432b88875f01518860200151610c348c6134ef565b5f80306001600160a01b038a16036149fd57507f9f063efc0000000000000000000000000000000000000000000000000000000090505f6116ee565b6060870135614a138161463960208b018b619b77565b507f9f063efc00000000000000000000000000000000000000000000000000000000995f9950975050505050505050565b5f80306001600160a01b03891603614a8057507fb47b2fb10000000000000000000000000000000000000000000000000000000090505f6119d2565b5f614a93614377368a90038a018a61a6cc565b90505f614ab2614aa2836167bf565b6146d060808c0160608d01619b77565b5f8381526009602052604090205490915060020b5b8160020b8160020b14614c15575f8260020b8260020b12614b03575f848152600660209081526040808320600286900b84529091529020614b20565b5f848152600760209081526040808320600286900b845290915290205b80549091508015614bc2575f82614b386001846199d4565b81548110614b4857614b486199e7565b905f5260205f200154905082805480614b6357614b6361a769565b600190038181905f5260205f20015f90559055614b9b8d803603810190614b8a919061a6cc565b87838860020b8860020b12886167f4565b614bba614ba7876167bf565b8e60600160208101906146d09190619b77565b945050614c0e565b8360020b8360020b1215614bf157614be060808d0160608e01619b77565b614bea908461993c565b9250614c0e565b614c0160808d0160608e01619b77565b614c0b908461a66c565b92505b5050614ac7565b505f91825260096020526040822080547fffffffffffffffffffffffffffffffffffffffffffffffffffffffffff0000001662ffffff929092169190911790557fb47b2fb100000000000000000000000000000000000000000000000000000000999098509650505050505050565b604080516001600160a01b038416602482015260448082018490528251808303909101815260649091019091526020810180517bffffffffffffffffffffffffffffffffffffffffffffffffffffffff167f095ea7b300000000000000000000000000000000000000000000000000000000179052614d038482616d7c565b611d9257604080516001600160a01b03851660248201525f6044808301919091528251808303909101815260649091019091526020810180517bffffffffffffffffffffffffffffffffffffffffffffffffffffffff167f095ea7b300000000000000000000000000000000000000000000000000000000179052614d89908590616e19565b611d928482616e19565b835160208501515f918291614db06001600160a01b0383166150cb565b9350614dc4816001600160a01b03166150cb565b92505f614df67f000000000000000000000000526ce215c3ba0e07c7503f9e744b869e6eae402d6137428b60a0902090565b50505090505f614e098960081c60020b90565b90505f614e198a60201c60020b90565b90505f614e3284614e2985615eb8565b613a4385615eb8565b9050806fffffffffffffffffffffffffffffffff165f03614e5e575f80975097505050505050506150c1565b604080515f602082018190527f0d00000000000000000000000000000000000000000000000000000000000000602183015282516002818403810182526022840181815260828501909552909391926042015b6060815260200190600190039081614eb15790505090508e838d8d60405180602001604052805f815250604051602001614eef95949392919061a796565b604051602081830303815290604052815f81518110614f1057614f106199e7565b602090810291909101810191909152604080516001600160a01b03808c16938201939093529189169082015230606082015260800160405160208183030381529060405281600181518110614f6757614f676199e7565b60209081029190910101526040517f4afe393c0000000000000000000000000000000000000000000000000000000081526001600160a01b037f000000000000000000000000bf7b2e60f266c6b17044d43c4b094611a6a957101690634afe393c90614fd9908590859060040161a30d565b5f604051808303815f87803b158015614ff0575f80fd5b505af1925050508015615001575060015b61507b573d80801561502e576040519150601f19603f3d011682016040523d82523d5f602084013e615033565b606091505b507fbb28a73d836c24b9aa0fd49efd729d2749c5a3cc2149c32bbd069018db6b20d68383836040516150679392919061a331565b60405180910390a15f9a505f9950506150b8565b61508d886001600160a01b03166150cb565b615097908b6199d4565b99506150ab876001600160a01b03166150cb565b6150b5908a6199d4565b98505b50505050505050505b9550959350505050565b5f6001600160a01b0382166150e1575047919050565b6040517f70a082310000000000000000000000000000000000000000000000000000000081523060048201526001600160a01b038316906370a0823190602401602060405180830381865afa15801561513c573d5f803e3d5ffd5b505050506040513d601f19601f820116820180604052508101906118bf9190619a3b565b919050565b815160208301515f6151778460801d90565b600f0b90505f811215615376575f61518e8261a3a7565b6040517fa58411940000000000000000000000000000000000000000000000000000000081526001600160a01b0386811660048301529192507f000000000000000000000000526ce215c3ba0e07c7503f9e744b869e6eae402d9091169063a5841194906024015f604051808303815f87803b15801561520c575f80fd5b505af115801561521e573d5f803e3d5ffd5b505050506001600160a01b0384166152b9577f000000000000000000000000526ce215c3ba0e07c7503f9e744b869e6eae402d6001600160a01b03166311da60b4826040518263ffffffff1660e01b815260040160206040518083038185885af115801561528e573d5f803e3d5ffd5b50505050506040513d601f19601f820116820180604052508101906152b39190619a3b565b50615370565b6152ed6001600160a01b0385167f000000000000000000000000526ce215c3ba0e07c7503f9e744b869e6eae402d836156d1565b7f000000000000000000000000526ce215c3ba0e07c7503f9e744b869e6eae402d6001600160a01b03166311da60b46040518163ffffffff1660e01b81526004016020604051808303815f875af115801561534a573d5f803e3d5ffd5b505050506040513d601f19601f8201168201806040525081019061536e9190619a3b565b505b5061541b565b5f81131561541b576040517f0b0d9c090000000000000000000000000000000000000000000000000000000081526001600160a01b038481166004830152306024830152604482018390527f000000000000000000000000526ce215c3ba0e07c7503f9e744b869e6eae402d1690630b0d9c09906064015f604051808303815f87803b158015615404575f80fd5b505af1158015615416573d5f803e3d5ffd5b505050505b5f61542685600f0b90565b600f0b90505f811215615625575f61543d8261a3a7565b6040517fa58411940000000000000000000000000000000000000000000000000000000081526001600160a01b0386811660048301529192507f000000000000000000000000526ce215c3ba0e07c7503f9e744b869e6eae402d9091169063a5841194906024015f604051808303815f87803b1580156154bb575f80fd5b505af11580156154cd573d5f803e3d5ffd5b505050506001600160a01b038416615568577f000000000000000000000000526ce215c3ba0e07c7503f9e744b869e6eae402d6001600160a01b03166311da60b4826040518263ffffffff1660e01b815260040160206040518083038185885af115801561553d573d5f803e3d5ffd5b50505050506040513d601f19601f820116820180604052508101906155629190619a3b565b5061561f565b61559c6001600160a01b0385167f000000000000000000000000526ce215c3ba0e07c7503f9e744b869e6eae402d836156d1565b7f000000000000000000000000526ce215c3ba0e07c7503f9e744b869e6eae402d6001600160a01b03166311da60b46040518163ffffffff1660e01b81526004016020604051808303815f875af11580156155f9573d5f803e3d5ffd5b505050506040513d601f19601f8201168201806040525081019061561d9190619a3b565b505b50612834565b5f811315612834576040517f0b0d9c090000000000000000000000000000000000000000000000000000000081526001600160a01b038481166004830152306024830152604482018390527f000000000000000000000000526ce215c3ba0e07c7503f9e744b869e6eae402d1690630b0d9c09906064015f604051808303815f87803b1580156156b3575f80fd5b505af11580156156c5573d5f803e3d5ffd5b50505050505050505050565b5f6001600160a01b03841661571f575f805f8085875af190508061571a5761571a835f7ff4b3b1bc00000000000000000000000000000000000000000000000000000000616e93565b611d92565b6040517fa9059cbb0000000000000000000000000000000000000000000000000000000081526001600160a01b038416600482015282602482015260205f6044835f895af13d15601f3d1160015f511416171691505f81525f60208201525f60408201525080611d9257611d92847fa9059cbb000000000000000000000000000000000000000000000000000000007ff27f64e400000000000000000000000000000000000000000000000000000000616e93565b5f808080851580156157e4575084155b156157f957505f925082915081905080615c84565b8660020b8860020b12158061583157507ffffffffffffffffffffffffffffffffffffffffffffffffffffffffffff27618600289900b125b806158425750620d89e8600288900b135b15615879576040517f30673a1b00000000000000000000000000000000000000000000000000000000815260040160405180910390fd5b6158d76040518061012001604052805f6fffffffffffffffffffffffffffffffff1681526020015f81526020015f60020b81526020015f81526020015f81526020015f81526020015f81526020015f81526020015f60020b81525090565b5f805f6158fd8d602001518e5f01516001600160a01b0316615c9090919063ffffffff16565b929750909450925090506001600160a01b0385165f03615949576040517f01ac05a500000000000000000000000000000000000000000000000000000000815260040160405180910390fd5b60208d01518d515f91615965916001600160a01b031690616f54565b60408f01519091505f615978858561a7f6565b92875250602086018790526040860194909452606085018b9052608085018a905262ffffff1660e085015250506101008201525f6159b58a615eb8565b90505f6159c18a615eb8565b90508160a08401528060c08401526159f78989866001600160a01b0316856001600160a01b0316856001600160a01b0316616ff0565b9450615a2d60405180608001604052808e8152602001858152602001866001600160a01b0316815260200187151581525061701b565b825160208401516060850151608086015188615b6657856001600160a01b0316836001600160a01b03161015615b0657615a8a8385615a838a60e00151620f424003620f4240866172809092919063ffffffff16565b600161733b565b9750856001600160a01b0316886001600160a01b03161015615aae578b9a50615b06565b615ad3620f42408860e00151620f424003615acc868a89600161745c565b9190617280565b9003615ae18387865f6174ba565b6001600160a01b03871660208901529091016060870181905260808701829052859250905b856001600160a01b0316836001600160a01b031610615b4f57615b2887617584565b9750615b48620f42408860e00151620f424003615acc8b8789600161745c565b818d03019a505b615b5b8884865f6174ba565b8d8303019950615c7c565b846001600160a01b0316836001600160a01b03161115615c2057615bad8385615ba68a60e00151620f424003620f4240876172809092919063ffffffff16565b60016176bb565b9750846001600160a01b0316886001600160a01b031610615bd0578c9a50615c20565b615bee620f42408860e00151620f424003615acc88878960016174ba565b82039150615bfe8584865f61745c565b6001600160a01b03861660208901526060880183905201608087018190528492505b846001600160a01b0316836001600160a01b031611615c6957615c42876177af565b9750615c62620f42408860e00151620f424003615acc8b878960016174ba565b828e03019a505b615c758884865f61745c565b8c82030199505b505050505050505b95509550955095915050565b5f805f805f615c9e866178c7565b6040517f1e2eaeaf000000000000000000000000000000000000000000000000000000008152600481018290529091505f906001600160a01b03891690631e2eaeaf90602401602060405180830381865afa158015615cff573d5f803e3d5ffd5b505050506040513d601f19601f82011682018060405250810190615d239190619a3b565b90506001600160a01b03811695508060a01c60020b945062ffffff8160b81c16935062ffffff8160d01c169250505092959194509250565b5f808085158015615d6a575084155b15615d7c57505f915081905080615eac565b8660020b8860020b121580615db457507ffffffffffffffffffffffffffffffffffffffffffffffffffffffffffff27618600289900b125b80615dc55750620d89e8600288900b135b15615dfc576040517f30673a1b00000000000000000000000000000000000000000000000000000000815260040160405180910390fd5b5f615e0689615eb8565b90505f615e1289615eb8565b9050615e3c88888d6001600160a01b0316856001600160a01b0316856001600160a01b0316616ff0565b9250816001600160a01b03168b6001600160a01b031611615e6e57615e6488888d858a617903565b9095509350615ea9565b806001600160a01b03168b6001600160a01b031610615e9457615e6488888d848a617965565b615ea388888d85858b896179b0565b90955093505b50505b96509650969350505050565b60020b5f60ff82901d80830118620d89e8811115615efa57615efa7f8b86327a0000000000000000000000000000000000000000000000000000000084617a15565b7001fffcb933bd6fad37aa2d162d1a5940016001821602700100000000000000000000000000000000186002821615615f43576ffff97272373d413259a46990580e213a0260801c5b6004821615615f62576ffff2e50f5f656932ef12357cf3c7fdcc0260801c5b6008821615615f81576fffe5caca7e10e4e61c3624eaa0941cd00260801c5b6010821615615fa0576fffcb9843d60f6159c9db58835c9266440260801c5b6020821615615fbf576fff973b41fa98c081472e6896dfb254c00260801c5b6040821615615fde576fff2ea16466c96a3843ec78b326b528610260801c5b6080821615615ffd576ffe5dee046a99a2a811c461f1969c30530260801c5b61010082161561601d576ffcbe86c7900a88aedcffc83b479aa3a40260801c5b61020082161561603d576ff987a7253ac413176f2b074cf7815e540260801c5b61040082161561605d576ff3392b0822b70005940c7a398e4b70f30260801c5b61080082161561607d576fe7159475a2c29b7443b29c7fa6e889d90260801c5b61100082161561609d576fd097f3bdfd2022b8845ad8f792aa58250260801c5b6120008216156160bd576fa9f746462d870fdf8a65dc1f90e061e50260801c5b6140008216156160dd576f70d869a156d2a1b890bb3df62baf32f70260801c5b6180008216156160fd576f31be135f97d08fd981231505542fcfa60260801c5b6201000082161561611e576f09aa508b5b7a84e1c677de54f3e99bc90260801c5b6202000082161561613e576e5d6af8dedb81196699c329225ee6040260801c5b6204000082161561615d576d2216e584f5fa1ea926041bedfe980260801c5b6208000082161561617a576b048a170391f7dc42444e8fa20260801c5b5f8413156161a5577fffffffffffffffffffffffffffffffffffffffffffffffffffffffffffffffff045b63ffffffff0160201c9392505050565b5f836001600160a01b0316856001600160a01b031611156161d4579293925b846001600160a01b0316866001600160a01b0316116161ff576161f8858585617a24565b9050610a6b565b836001600160a01b0316866001600160a01b03161015616271575f616225878686617a24565b90505f616233878986617a95565b9050806fffffffffffffffffffffffffffffffff16826fffffffffffffffffffffffffffffffff16106162665780616268565b815b92505050610a6b565b610a68858584617a95565b5f5b8254811015611569578183828154811061629a5761629a6199e7565b905f5260205f2001540361631757825483906162b8906001906199d4565b815481106162c8576162c86199e7565b905f5260205f2001548382815481106162e3576162e36199e7565b905f5260205f200181905550828054806162ff576162ff61a769565b600190038181905f5260205f20015f90559055505050565b60010161627e565b5f5b8254811015616358578183828154811061633d5761633d6199e7565b905f5260205f2001540361635057505050565b600101616321565b5081546001810183555f928352602090922090910155565b5f8060405180606001604052807f000000000000000000000000526ce215c3ba0e07c7503f9e744b869e6eae402d6001600160a01b031681526020016163b78660a0902090565b8152602001856060015160020b81525090505f835f01516163ef5760608501516163e081617ad3565b6163ea919061a66c565b6163fc565b6163fc8560600151617af3565b90505f845f0151616419576164148660600151617ad3565b616431565b606086015161642781617af3565b616431919061993c565b90505f616475848484895f0151616448575f616456565b89602001516164569061a3a7565b8a5161646f578a6020015161646a9061a3a7565b6157d4565b5f6157d4565b9350505050611a4e61648682617b28565b8860600151616710565b612c8b82826040516024016164a692919061a811565b60408051601f198184030181529190526020810180517bffffffffffffffffffffffffffffffffffffffffffffffffffffffff167f3ca6268e00000000000000000000000000000000000000000000000000000000179052617e25565b5f838152600b6020526040808220815161018081019092528054829060ff16600481111561653357616533619475565b600481111561654457616544619475565b81528154610100808204600290810b60208501526401000000008304810b604085015260ff6701000000000000008404811615156060860152680100000000000000008404161515608085015269010000000000000000008304810b60a08501526c010000000000000000000000008304810b60c08501526f010000000000000000000000000000008304810b60e085015272010000000000000000000000000000000000008304810b9184019190915262ffffff75010000000000000000000000000000000000000000008304166101208401527801000000000000000000000000000000000000000000000000909104900b6101408201526001909101546001600160a01b031661016090910152905060048151600481111561666b5761666b619475565b03612834576166af6040518060400160405280601181526020017f4155544f5f4c454e44207472696767657200000000000000000000000000000081525085617e2e565b5f60025f6166bc876134ef565b6001600160a01b0316815260208101919091526040015f205460ff16905080613932575f858152600c60205260408120549003616704576166ff87878787611a59565b613932565b613932878787876124a6565b5f8061671c838561a832565b90505f8460020b12801561673b57506167358385619b92565b60020b15155b1561674e578061674a8161a8a5565b9150505b61176c838261a6ad565b5f80546001600160a01b038381167fffffffffffffffffffffffff0000000000000000000000000000000000000000831681178455604051919092169283917f8be0079c531659141344cd1fd0a4f28419497f9722a3daafe3b4186f6b6457e09190a35050565b5f6167ea7f000000000000000000000000526ce215c3ba0e07c7503f9e744b869e6eae402d83615c90565b5090949350505050565b5f838152600b6020526040808220815161018081019092528054829060ff16600481111561682457616824619475565b600481111561683557616835619475565b81528154610100808204600290810b60208501526401000000008304810b604085015260ff6701000000000000008404811615156060860152680100000000000000008404161515608085015269010000000000000000008304810b60a08501526c010000000000000000000000008304810b60c08501526f010000000000000000000000000000008304810b60e085015272010000000000000000000000000000000000008304810b9184019190915262ffffff75010000000000000000000000000000000000000000008304166101208401527801000000000000000000000000000000000000000000000000909104810b6101408301526001909201546001600160a01b0316610160909101529091505f9081616954876134ef565b6001600160a01b0316815260208101919091526040015f205460ff16905060038251600481111561698757616987619475565b148015616992575083155b80156169a75750816020015160020b8360020b145b15616abd578015616aac57336001600160a01b03166378cc76448630306001600160a01b03166333afbba78c8c8c8c8b606001516040516024016169ef95949392919061a901565b60408051808303601f1901815291815260208201805160e094851b7bffffffffffffffffffffffffffffffffffffffffffffffffffffffff909116179052519186901b7fffffffff00000000000000000000000000000000000000000000000000000000168252616a669493925090600401619a14565b6020604051808303815f875af1158015616a82573d5f803e3d5ffd5b505050506040513d601f19601f82011682018060405250810190616aa69190619a3b565b50613932565b6166ff878787878660600151610ae4565b600382516004811115616ad257616ad2619475565b148015616adc5750835b8015616af15750816040015160020b8360020b145b15616b4a578015616b3957336001600160a01b03166378cc76448630306001600160a01b03166333afbba78c8c8c8c8b608001516040516024016169ef95949392919061a901565b6166ff878787878660800151610ae4565b600282516004811115616b5f57616b5f619475565b03613932576040517f7ba03aad000000000000000000000000000000000000000000000000000000008152600481018690525f907f000000000000000000000000bf7b2e60f266c6b17044d43c4b094611a6a957106001600160a01b031690637ba03aad9060240160c060405180830381865afa158015616be2573d5f803e3d5ffd5b505050506040513d601f19601f82011682018060405250810190616c069190619ae6565b9150505f616c178260081c60020b90565b90505f616c278360201c60020b90565b90508460a0015182616c39919061a66c565b60020b8660020b148015616c4b575086155b80616c71575060c0850151616c60908261993c565b60020b8660020b148015616c715750865b156156c5578315616d7057336001600160a01b03166378cc76448930306001600160a01b0316634fe072218f8f8f8e604051602401616cb3949392919061a984565b60408051808303601f1901815291815260208201805160e094851b7bffffffffffffffffffffffffffffffffffffffffffffffffffffffff909116179052519186901b7fffffffff00000000000000000000000000000000000000000000000000000000168252616d2a9493925090600401619a14565b6020604051808303815f875af1158015616d46573d5f803e3d5ffd5b505050506040513d601f19601f82011682018060405250810190616d6a9190619a3b565b506156c5565b6156c58a8a8a89610c97565b5f805f846001600160a01b031684604051616d97919061a9ff565b5f604051808303815f865af19150503d805f8114616dd0576040519150601f19603f3d011682016040523d82523d5f602084013e616dd5565b606091505b5091509150818015616dff575080511580616dff575080806020019051810190616dff919061aa15565b8015610a6b5750505050506001600160a01b03163b151590565b5f616e2d6001600160a01b03841683617ea1565b905080515f14158015616e51575080806020019051810190616e4f919061aa15565b155b15611569576040517f5274afe70000000000000000000000000000000000000000000000000000000081526001600160a01b03841660048201526024016117d4565b6040517f90bfb865000000000000000000000000000000000000000000000000000000008082526001600160a01b03851660048301527fffffffff0000000000000000000000000000000000000000000000000000000084166024830152608060448301526020601f3d018190040260a0810160648401523d608484015290913d5f60a483013e60048260a4018201527fffffffff0000000000000000000000000000000000000000000000000000000084168260c4018201528160e40181fd5b5f80616f5f836178c7565b90505f616f6d60038361a547565b6040517f1e2eaeaf000000000000000000000000000000000000000000000000000000008152600481018290529091506001600160a01b03861690631e2eaeaf90602401602060405180830381865afa158015616fcc573d5f803e3d5ffd5b505050506040513d601f19601f82011682018060405250810190610a6b9190619a3b565b5f828411616fff57505f610a6b565b81841061700e57506001610a6b565b6161f88686868686617eae565b5f7fffffffffffffffffffffffffffffffffffffffffffffffffffffffffffff8000815b5f6170986040518060c00160405280875f0151815260200187602001516040015160020b81526020018760200151610100015160020b81526020018760600151151581526020018560010b815260200184815250617ef8565b8051602082015160408301519196509450925090505f6170b785615eb8565b90505f80876060015161712157602080890151908101518151608083015160e0909301515f9384936170ef93909289928603906182ad565b6001600160a01b0390931660408e015260208d015160608101516080909101519101965091019003925061717b915050565b602080890151908101518151606083015160e0909301515f93849361714c93909289928603906182ad565b6001600160a01b0390931660408e015260208d0151606081015160809091015192909301909203955001925050505b826001600160a01b031688604001516001600160a01b0316146171a15750505050611d92565b876060015115156171d283838b604001516001600160a01b03168c6020015160a001518d6020015160c00151616ff0565b1515146171e25750505050611d92565b8751602081015190515f91617201916001600160a01b0316908a618410565b9150505f896060015190505f8a6020015190505f8b60400151905083835f031883019350838251018252806020830152828b036040830152856060830152846080830152818c60200181905250808c604001906001600160a01b031690816001600160a01b0316815250505050505050505050600161703f5750505050565b5f838302817fffffffffffffffffffffffffffffffffffffffffffffffffffffffffffffffff858709828110838203039150508084116172be575f80fd5b805f036172d057508290049050612452565b5f848688095f868103871696879004966002600389028118808a02820302808a02820302808a02820302808a02820302808a02820302808a02909103029181900381900460010186841190950394909402919094039290920491909117919091029150509392505050565b5f81156173c6575f6001600160a01b038411156173815761737c846c01000000000000000000000000876fffffffffffffffffffffffffffffffff16617280565b6173a1565b6173a16fffffffffffffffffffffffffffffffff8616606086901b6199c1565b90506173be6173b9826001600160a01b03891661a547565b6184c7565b91505061176c565b5f6001600160a01b0384111561740557617400846c01000000000000000000000000876fffffffffffffffffffffffffffffffff16618501565b61742b565b61742b606085901b6fffffffffffffffffffffffffffffffff8716808204910615150190565b9050806001600160a01b0387161161744a57634323a5555f526004601cfd5b6001600160a01b03861603905061176c565b5f6001600160a01b038481169086160360ff81901d908101186c010000000000000000000000006fffffffffffffffffffffffffffffffff85166174a1818484617280565b9350845f83858409111684019350505050949350505050565b5f836001600160a01b0316856001600160a01b031611156174d9579293925b6001600160a01b0385166174f35762bfc9215f526004601cfd5b7bffffffffffffffffffffffffffffffff000000000000000000000000606084901b166001600160a01b03868603168361755857866001600160a01b03166175458383896001600160a01b0316617280565b8161755257617552619994565b04611a4e565b611a4e61756f8383896001600160a01b0316618501565b886001600160a01b0316808204910615150190565b5f805f805f805f805f8951935060208a0151945060c08a0151925060e08a0151915081620f42400390505f8460601b86810460608d015101915084830281620f4240020482039950506175e9818c60a001516c01000000000000000000000000617280565b9750818584020488039750505f617622858388620f4240028161760e5761760e619994565b046c01000000000000000000000000617280565b60808c015160a08d015191810192509061764b9087906c01000000000000000000000000617280565b820397508088116176635763202368085f526004601cfd5b61767b826c0100000000000000000000000087617280565b8903985050508760011b97508560011b9550505050505f836176a284870286870201618531565b0160601b94909405818118908210021895945050505050565b5f825f036176ca57508361176c565b7bffffffffffffffffffffffffffffffff000000000000000000000000606085901b16821561776e576001600160a01b0386168481029085828161771057617710619994565b04036177405781810182811061773e5761773483896001600160a01b031683618501565b935050505061176c565b505b506173be81856177596001600160a01b038a16836199c1565b617763919061a547565b808204910615150190565b6001600160a01b0386168481029085820414818311166177955763f5c787f15f526004601cfd5b8082036177346173b9846001600160a01b038b1684618501565b8051602082015160c083015160e08401516060808601515f959182901b848104620f42408581038089029190930204830190810396889687969195949093919290808a116178045763202368085f526004601cfd5b50617821818c60a001516c01000000000000000000000000617280565b8386028390040197505f905061784585876c01000000000000000000000000617280565b90508060808c015101905061786c85838d60a00151620f4240028161760e5761760e619994565b81039650617888816c0100000000000000000000000086617280565b88039750508760011b97508560011b9550505050505f836178ae84870286870201618531565b0160601b94909404818118908211021895945050505050565b6040515f906178e6908390600690602001918252602082015260400190565b604051602081830303815290604052805190602001209050919050565b5f80855f0361791657505f9050806150c1565b8591505f61792c62ffffff8516620f42406199d4565b905061795861794e88886001600160a01b0316886001600160a01b0316617280565b82620f4240617280565b9150509550959350505050565b5f80865f0361797857505f9050806150c1565b8691505f61798e62ffffff8516620f42406199d4565b905061795861794e89876001600160a01b0316896001600160a01b0316617280565b5f805f6179be888888618615565b90505f6179d362ffffff8716620f42406199d4565b905084156179f3576179e98b8b8b8a86866186a4565b9094509250617a07565b617a018b8b8b8b8686618793565b90945092505b505097509795505050505050565b815f528060020b60045260245ffd5b5f826001600160a01b0316846001600160a01b03161115617a43579192915b5f617a6e856001600160a01b0316856001600160a01b03166c01000000000000000000000000617280565b9050610a6b617a908483617a82898961a369565b6001600160a01b0316617280565b61888a565b5f826001600160a01b0316846001600160a01b03161115617ab4579192915b61244f617a90836c01000000000000000000000000617a82888861a369565b5f81600281900b620d89e881617aeb57617aeb619994565b050292915050565b5f81600281900b7ffffffffffffffffffffffffffffffffffffffffffffffffffffffffffff2761881617aeb57617aeb619994565b5f73fffd8963efd1fc6a506488495d951d51639616827ffffffffffffffffffffffffffffffffffffffffffffffffffffffffefffd895d83016001600160a01b03161115617b9a57617b9a7f614875240000000000000000000000000000000000000000000000000000000083618906565b77ffffffffffffffffffffffffffffffffffffffff00000000602083901b16805f617bc48261891b565b60ff16905060808110617bdf57607f810383901c9150617be9565b80607f0383901b91505b908002607f81811c60ff83811c9190911c800280831c81831c1c800280841c81841c1c800280851c81851c1c800280861c81861c1c800280871c81871c1c800280881c81881c1c800280891c81891c1c8002808a1c818a1c1c8002808b1c818b1c1c8002808c1c818c1c1c8002808d1c818d1c1c8002808e1c9c81901c9c909c1c80029c8d901c9e9d7fffffffffffffffffffffffffffffffffffffffffffffffffffffffffffffff808f0160401b60c09190911c678000000000000000161760c19b909b1c674000000000000000169a909a1760c29990991c672000000000000000169890981760c39790971c671000000000000000169690961760c49590951c670800000000000000169490941760c59390931c670400000000000000169290921760c69190911c670200000000000000161760c79190911c670100000000000000161760c89190911c6680000000000000161760c99190911c6640000000000000161760ca9190911c6620000000000000161760cb9190911c6610000000000000161760cc9190911c6608000000000000161760cd9190911c66040000000000001617693627a301d71055774c8581027ffffffffffffffffffffffffffffffffffd709b7e5480fba5a50fed5e62ffc5568101608090811d906fdb2df09e81959a81455e260799a0632f8301901d600281810b9083900b14617e1657886001600160a01b0316617dfb82615eb8565b6001600160a01b03161115617e105781617e18565b80617e18565b815b9998505050505050505050565b6117e6816189af565b612c8b8282604051602401617e4492919061a811565b60408051601f198184030181529190526020810180517bffffffffffffffffffffffffffffffffffffffffffffffffffffffff167fb60e72cc00000000000000000000000000000000000000000000000000000000179052617e25565b606061245283835f6189ce565b5f617ebc8585840384617280565b617eed617ed788876c01000000000000000000000000617280565b8587036c01000000000000000000000000617280565b119695505050505050565b604080516060810182525f80825260208201819052918101919091526060820151602083015160408401515f91600291820b910b81810783139190050390505f80600283900b60081d60ff8416915091508160010b866080015160010b148015617f65575060a086015115155b15617fad57617f7f8660a001518483896040015188618a76565b600290810b808752602088015190910b14617fad575060010b6020840152505060a090910151604082015290565b60808601515f9060010b7fffffffffffffffffffffffffffffffffffffffffffffffffffffffffffff800014617fe7578660800151617fe9565b825b60a08801519091505b85156181155761800360648561aa30565b60010b8260010b121561804857604088015161802060ff8761a66c565b61802a919061a6ad565b60020b87525060010b602086015250505f6040840152509092915050565b8360010b8260010b14801561805b575080155b156180865787516020810151905161807f916001600160a01b039091169084618b4e565b905061821d565b8360010b8260010b12156180c1578161809e8161aa70565b89516020810151905191945061807f92506001600160a01b039091169084618b4e565b816180cb8161aa70565b92506180da905060648561aa30565b60010b8260010b126181055787516020810151905161807f916001600160a01b039091169084618b4e565b604088015161802060ff8761a66c565b61812084606461aaa4565b60010b8260010b131561813d57604088015161802060ff8761993c565b8360010b8260010b148015618150575080155b156181915787516020015161817d9061816a84600161aaa4565b8a51516001600160a01b03169190618b4e565b9050816181898161aae4565b92505061821d565b8360010b8260010b136181c9576181a984600161aaa4565b88516020810151905191935061807f916001600160a01b03169084618b4e565b816181d38161aae4565b92506181e2905084606461aaa4565b60010b8260010b1361820d5787516020810151905161807f916001600160a01b039091169084618b4e565b604088015161802060ff8761993c565b80156182a8575f866182395761823486600161993c565b61823b565b855b90508460010b8360010b1461826f5761825a600184900b61010061a6ad565b90508661826f578061826b8161ab03565b9150505b5f8160ff1690506182878383838d604001518c618a76565b60020b8952505060019190910b602087015260408601525092949350505050565b617ff2565b5f80808062ffffff85166001600160a01b03808a16908b1610158288128015618383575f6182e68a5f0385620f424003620f4240617280565b9050826182ff576182fa8d8d8d600161745c565b61830c565b61830c8c8e8d60016174ba565b9650868110618340578b9750620f4240841461833757618332878586620f424003618501565b618339565b865b9450618359565b80965061834f8d8c8386618c1b565b9750868a5f030394505b8261836f5761836a8d898d5f6174ba565b61837b565b61837b888e8d5f61745c565b955050618401565b81618399576183948c8c8c5f6174ba565b6183a5565b6183a58b8d8c5f61745c565b94508489106183b6578a96506183c8565b8894506183c58c8b8785618c72565b96505b816183df576183da8c888c600161745c565b6183ec565b6183ec878d8c60016174ba565b95506183fe868485620f424003618501565b93505b50505095509550955095915050565b5f805f61841d8585618cc2565b6040517f1e2eaeaf000000000000000000000000000000000000000000000000000000008152600481018290529091505f906001600160a01b03881690631e2eaeaf90602401602060405180830381865afa15801561847e573d5f803e3d5ffd5b505050506040513d601f19601f820116820180604052508101906184a29190619a3b565b6fffffffffffffffffffffffffffffffff81169860809190911d975095505050505050565b806001600160a01b0381168114615160576151607f93dafdf100000000000000000000000000000000000000000000000000000000618d15565b5f61850d848484617280565b9050818061851d5761851d619994565b838509156124525760010180612452575f80fd5b5f815f0361854057505f919050565b5f600161854c84618d1d565b901c6001901b9050600181848161856557618565619994565b048201901c9050600181848161857d5761857d619994565b048201901c9050600181848161859557618595619994565b048201901c905060018184816185ad576185ad619994565b048201901c905060018184816185c5576185c5619994565b048201901c905060018184816185dd576185dd619994565b048201901c905060018184816185f5576185f5619994565b048201901c90506124528182858161860f5761860f619994565b04618db0565b5f80618621858461a369565b6001600160a01b031690505f61868061865a856001600160a01b0316886001600160a01b03166c01000000000000000000000000617280565b618664878961a369565b6001600160a01b03166c01000000000000000000000000617280565b905061869a826c0100000000000000000000000083617280565b9695505050505050565b5f805f6186bf85896c01000000000000000000000000617280565b90508089116186d4575f8092509250506119d2565b5f6186df828b6199d4565b90505f6187166186fd88886c01000000000000000000000000617280565b8a6001600160a01b03168a6001600160a01b0316617280565b90505f618730826c0100000000000000000000000061a547565b905061874a836c0100000000000000000000000083617280565b95508b861115618758578b95505b618782618778878c6001600160a01b03168c6001600160a01b0316617280565b88620f4240617280565b945050505050965096945050505050565b5f805f6187ae85896c01000000000000000000000000617280565b90508881116187c3575f8092509250506119d2565b5f6187ce8a836199d4565b90505f6188056187ec88886c01000000000000000000000000617280565b896001600160a01b03168b6001600160a01b0316617280565b90505f81618826888b6001600160a01b03168d6001600160a01b0316617280565b618830919061a547565b905061885c618852848c6001600160a01b03168c6001600160a01b0316617280565b620f424083617280565b95508a86111561886a578a95505b618782618778878b6001600160a01b03168d6001600160a01b0316617280565b806fffffffffffffffffffffffffffffffff81168114615160576040517f08c379a000000000000000000000000000000000000000000000000000000000815260206004820152601260248201527f6c6971756964697479206f766572666c6f77000000000000000000000000000060448201526064016117d4565b815f526001600160a01b03811660045260245ffd5b5f808211618927575f80fd5b507f0706060506020500060203020504000106050205030304010505030400000000601f6f8421084210842108cc6318c6db6d54be6fffffffffffffffffffffffffffffffff841160071b84811c67ffffffffffffffff1060061b1784811c63ffffffff1060051b1784811c61ffff1060041b1784811c60ff1060031b1793841c1c161a1790565b5f6a636f6e736f6c652e6c6f6790505f80835160208501845afa505050565b606081471015618a0c576040517fcd7860590000000000000000000000000000000000000000000000000000000081523060048201526024016117d4565b5f80856001600160a01b03168486604051618a27919061a9ff565b5f6040518083038185875af1925050503d805f8114618a61576040519150601f19603f3d011682016040523d82523d5f602084013e618a66565b606091505b509150915061869a868383618dc5565b5f8115618add577fffffffffffffffffffffffffffffffffffffffffffffffffffffffffffffffff60ff80861690031c8681168015618acb575f618ab98261891b565b870360ff16880386029350618ad69050565b848660ff1688030292505b5050610a6b565b60019485019460ff86169450841b7fffffffffffffffffffffffffffffffffffffffffffffffffffffffffffffffff01198681168015618b35575f618b2182618e3a565b90508587820360ff16890102935050618b43565b848660ff0360ff1688010292505b505095945050505050565b5f80618b59846178c7565b90505f618b6760058361a547565b60408051600187900b60208201529081018290529091505f9060600160408051808303601f190181529082905280516020909101207f1e2eaeaf0000000000000000000000000000000000000000000000000000000082526004820181905291506001600160a01b03881690631e2eaeaf90602401602060405180830381865afa158015618bf7573d5f803e3d5ffd5b505050506040513d601f19601f82011682018060405250810190611a4e9190619a3b565b5f6fffffffffffffffffffffffffffffffff8416156001600160a01b038616151715618c4e57634f2461b85f526004601cfd5b81618c6557618c60858585600161733b565b611769565b61176985858560016176bb565b5f6fffffffffffffffffffffffffffffffff8416156001600160a01b038616151715618ca557634f2461b85f526004601cfd5b81618cb657618c608585855f6176bb565b6117698585855f61733b565b5f80618ccd846178c7565b90505f618cdb60048361a547565b60408051600287900b6020820152908101829052909150606001604051602081830303815290604052805190602001209250505092915050565b805f5260045ffd5b5f80608083901c15618d3157608092831c92015b604083901c15618d4357604092831c92015b602083901c15618d5557602092831c92015b601083901c15618d6757601092831c92015b600883901c15618d7957600892831c92015b600483901c15618d8b57600492831c92015b600283901c15618d9d57600292831c92015b600183901c156118bf5760010192915050565b5f818310618dbe5781612452565b5090919050565b606082618dda57618dd582618ed4565b612452565b8151158015618df157506001600160a01b0384163b155b15618e33576040517f9996b3150000000000000000000000000000000000000000000000000000000081526001600160a01b03851660048201526024016117d4565b5080612452565b5f808211618e46575f80fd5b507e1f0d1e100c1d070f090b19131c1706010e11080a1a141802121b15031604055f8290039091166101e07f804040554300526644320000502061067405302602000010750620017611707760fc7fb6db6db6ddddddddd34d34d349249249210842108c6318c639ce739cffffffff840260f81c161b60f71c1690811c63d76453e004601f169190911a1790565b805115618ee45780518082602001fd5b6040517f1425ea4200000000000000000000000000000000000000000000000000000000815260040160405180910390fd5b8060020b81146117e6575f80fd5b803561516081618f16565b5f805f60608486031215618f41575f80fd5b833592506020840135618f5381618f16565b929592945050506040919091013590565b6001600160a01b03811681146117e6575f80fd5b5f60a08284031215618f88575f80fd5b50919050565b5f60808284031215618f88575f80fd5b5f8083601f840112618fae575f80fd5b50813567ffffffffffffffff811115618fc5575f80fd5b602083019150836020828501011115618fdc575f80fd5b9250929050565b5f805f805f6101608688031215618ff8575f80fd5b853561900381618f64565b94506190128760208801618f78565b93506190218760c08801618f8e565b925061014086013567ffffffffffffffff81111561903d575f80fd5b61904988828901618f9e565b969995985093965092949392505050565b5f6020828403121561906a575f80fd5b5035919050565b7f4e487b71000000000000000000000000000000000000000000000000000000005f52604160045260245ffd5b60405160a0810167ffffffffffffffff811182821017156190c1576190c1619071565b60405290565b604051610180810167ffffffffffffffff811182821017156190c1576190c1619071565b604051601f8201601f1916810167ffffffffffffffff8111828210171561911457619114619071565b604052919050565b62ffffff811681146117e6575f80fd5b80356151608161911c565b803561516081618f64565b5f60a08284031215619152575f80fd5b61915a61909e565b9050813561916781618f64565b8152602082013561917781618f64565b6020820152604082013561918a8161911c565b6040820152606082013561919d81618f16565b606082015260808201356191b081618f64565b608082015292915050565b80151581146117e6575f80fd5b8035615160816191bb565b5f805f805f61012086880312156191e8575f80fd5b6191f28787619142565b945060a0860135935060c0860135925060e0860135619210816191bb565b9150610100860135619221816191bb565b809150509295509295909350565b5f805f806101008587031215619243575f80fd5b61924d8686619142565b935060a0850135925060c0850135915060e085013561926b81618f16565b939692955090935050565b5f60208284031215619286575f80fd5b813567ffffffffffffffff81111561929c575f80fd5b8201601f810184136192ac575f80fd5b803567ffffffffffffffff8111156192c6576192c6619071565b8060051b6192d6602082016190eb565b918252602081840181019290810190878411156192f1575f80fd5b6020850194505b83851015611a4e578435808352602095860195909350909101906192f8565b5f60608284031215618f88575f80fd5b5f805f805f610140868803121561933c575f80fd5b853561934781618f64565b94506193568760208801618f78565b93506193658760c08801619317565b925061012086013567ffffffffffffffff81111561903d575f80fd5b5f60208284031215619391575f80fd5b813561245281618f64565b5f805f805f805f6101a0888a0312156193b3575f80fd5b87356193be81618f64565b96506193cd8960208a01618f78565b95506193dc8960c08a01618f8e565b94506101408801359350610160880135925061018088013567ffffffffffffffff811115619408575f80fd5b6194148a828b01618f9e565b989b979a50959850939692959293505050565b5f805f80610100858703121561943b575f80fd5b843561944681618f64565b93506194558660208701618f78565b925060c085013561946581618f64565b915060e085013561926b81618f16565b7f4e487b71000000000000000000000000000000000000000000000000000000005f52602160045260245ffd5b600581106194d7577f4e487b71000000000000000000000000000000000000000000000000000000005f52602160045260245ffd5b9052565b61018081016194ea828f6194a2565b8c60020b60208301528b60020b60408301528a1515606083015289151560808301528860020b60a083015261952460c083018960020b9052565b61953360e083018860020b9052565b61954361010083018760020b9052565b62ffffff851661012083015261955f61014083018560020b9052565b6001600160a01b0383166101608301529d9c50505050505050505050505050565b5f8060208385031215619591575f80fd5b823567ffffffffffffffff8111156195a7575f80fd5b6195b385828601618f9e565b90969095509350505050565b5f81518084528060208401602086015e5f602082860101526020601f19601f83011685010191505092915050565b602081525f61245260208301846195bf565b5f805f805f806101608789031215619615575f80fd5b863561962081618f64565b955061962f8860208901618f78565b945061963e8860c08901619317565b9350610120870135925061014087013567ffffffffffffffff811115619662575f80fd5b61966e89828a01618f9e565b979a9699509497509295939492505050565b5f805f805f806101208789031215619696575f80fd5b86356196a181618f64565b95506196b08860208901618f78565b945060c0870135935060e0870135925061010087013567ffffffffffffffff811115619662575f80fd5b5f805f8061010085870312156196ee575f80fd5b6196f88686619142565b935060a0850135925060c0850135915060e085013561926b816191bb565b5f808284036101a0811215619729575f80fd5b83359250610180601f198201121561973f575f80fd5b506020830190509250929050565b8151151581526101c08101602083015161976b602084018215159052565b50604083015161977f604084018215159052565b506060830151619793606084018215159052565b5060808301516197a7608084018215159052565b5060a08301516197bb60a084018215159052565b5060c08301516197cf60c084018215159052565b5060e08301516197e360e084018215159052565b506101008301516197f961010084018215159052565b5061012083015161980f61012084018215159052565b5061014083015161982561014084018215159052565b5061016083015161983b61016084018215159052565b5061018083015161985161018084018215159052565b506101a08301516198676101a084018215159052565b5092915050565b5f805f60e08486031215619880575f80fd5b833561988b81618f64565b925061989a8560208601618f78565b915060c08401356198aa81618f64565b809150509250925092565b5f80604083850312156198c6575f80fd5b82356198d181618f64565b915060208301356198e181618f64565b809150509250929050565b5f80604083850312156198fd575f80fd5b8235915060208301356198e181618f64565b7f4e487b71000000000000000000000000000000000000000000000000000000005f52601160045260245ffd5b600281810b9083900b01627fffff81137fffffffffffffffffffffffffffffffffffffffffffffffffffffffffff800000821217156118bf576118bf61990f565b80820281158282048414176118bf576118bf61990f565b7f4e487b71000000000000000000000000000000000000000000000000000000005f52601260045260245ffd5b5f826199cf576199cf619994565b500490565b818103818111156118bf576118bf61990f565b7f4e487b71000000000000000000000000000000000000000000000000000000005f52603260045260245ffd5b8381526001600160a01b0383166020820152606060408201525f61176960608301846195bf565b5f60208284031215619a4b575f80fd5b5051919050565b5f60208284031215619a62575f80fd5b815167ffffffffffffffff811115619a78575f80fd5b8201601f81018413619a88575f80fd5b805167ffffffffffffffff811115619aa257619aa2619071565b619ab56020601f19601f840116016190eb565b818152856020838501011115619ac9575f80fd5b8160208401602083015e5f91810160200191909152949350505050565b5f8082840360c0811215619af8575f80fd5b60a0811215619b05575f80fd5b50619b0e61909e565b8351619b1981618f64565b81526020840151619b2981618f64565b60208201526040840151619b3c8161911c565b60408201526060840151619b4f81618f16565b60608201526080840151619b6281618f64565b608082015260a0939093015192949293505050565b5f60208284031215619b87575f80fd5b813561245281618f16565b5f8260020b80619ba457619ba4619994565b808360020b0791505092915050565b600581106117e6575f80fd5b803561516081619bb3565b5f610180828403128015619bdc575f80fd5b50619be56190c7565b619bee83619bbf565b8152619bfc60208401618f24565b6020820152619c0d60408401618f24565b6040820152619c1e606084016191c8565b6060820152619c2f608084016191c8565b6080820152619c4060a08401618f24565b60a0820152619c5160c08401618f24565b60c0820152619c6260e08401618f24565b60e0820152619c746101008401618f24565b610100820152619c87610120840161912c565b610120820152619c9a6101408401618f24565b610140820152619cad6101608401619137565b6101608201529392505050565b5f81356118bf81619bb3565b60058210619cfb577f4e487b71000000000000000000000000000000000000000000000000000000005f52602160045260245ffd5b7fffffffffffffffffffffffffffffffffffffffffffffffffffffffffffffff0081541660ff831681178255505050565b5f81356118bf81618f16565b5f81356118bf816191bb565b5f81356118bf8161911c565b5f81356118bf81618f64565b619d6e619d6883619cba565b82619cc6565b619db5619d7d60208401619d2c565b8280548260081b63ffffff00167fffffffffffffffffffffffffffffffffffffffffffffffffffffffff000000ff8216178255505050565b619dff619dc460408401619d2c565b8280548260201b66ffffff00000000167fffffffffffffffffffffffffffffffffffffffffffffffffff000000ffffffff8216178255505050565b619e4b619e0e60608401619d38565b8280547fffffffffffffffffffffffffffffffffffffffffffffffff00ffffffffffffff1691151560381b67ff0000000000000016919091179055565b619e98619e5a60808401619d38565b8280547fffffffffffffffffffffffffffffffffffffffffffffff00ffffffffffffffff1691151560401b68ff000000000000000016919091179055565b619ee7619ea760a08401619d2c565b8280548260481b6bffffff000000000000000000167fffffffffffffffffffffffffffffffffffffffff000000ffffffffffffffffff8216178255505050565b619f39619ef660c08401619d2c565b8280548260601b6effffff000000000000000000000000167fffffffffffffffffffffffffffffffffff000000ffffffffffffffffffffffff8216178255505050565b619f8e619f4860e08401619d2c565b8280548260781b71ffffff000000000000000000000000000000167fffffffffffffffffffffffffffff000000ffffffffffffffffffffffffffffff8216178255505050565b619fe7619f9e6101008401619d2c565b8280548260901b74ffffff000000000000000000000000000000000000167fffffffffffffffffffffff000000ffffffffffffffffffffffffffffffffffff8216178255505050565b61a040619ff76101208401619d44565b82547fffffffffffffffff000000ffffffffffffffffffffffffffffffffffffffffff1660a89190911b77ffffff00000000000000000000000000000000000000000016178255565b61a09f61a0506101408401619d2c565b8280548260c01b7affffff000000000000000000000000000000000000000000000000167fffffffffff000000ffffffffffffffffffffffffffffffffffffffffffffffff8216178255505050565b612c8b61a0af6101608401619d50565b600183016001600160a01b0382167fffffffffffffffffffffffff00000000000000000000000000000000000000008254161781555050565b610180810161a0ff8261a0fa85619bbf565b6194a2565b61a10b60208401618f24565b61a11a602084018260020b9052565b5061a12760408401618f24565b61a136604084018260020b9052565b5061a143606084016191c8565b1515606083015261a156608084016191c8565b1515608083015261a16960a08401618f24565b61a17860a084018260020b9052565b5061a18560c08401618f24565b61a19460c084018260020b9052565b5061a1a160e08401618f24565b61a1b060e084018260020b9052565b5061a1be6101008401618f24565b61a1ce61010084018260020b9052565b5061a1dc610120840161912c565b62ffffff1661012083015261a1f46101408401618f24565b61a20461014084018260020b9052565b5061a2126101608401619137565b6001600160a01b038116610160840152619867565b5f6020828403121561a237575f80fd5b815161245281618f64565b5f6020828403121561a252575f80fd5b81516fffffffffffffffffffffffffffffffff81168114612452575f80fd5b8581526fffffffffffffffffffffffffffffffff8516602082015260ff8416604082015260ff8316606082015260a060808201525f611a4e60a08301846195bf565b5f82825180855260208501945060208160051b830101602085015f5b8381101561a30157601f1985840301885261a2eb8383516195bf565b602098890198909350919091019060010161a2cf565b50909695505050505050565b604081525f61a31f60408301856195bf565b8281036020840152610a6b818561a2b3565b606081525f61a34360608301866195bf565b828103602084015261a355818661a2b3565b9050828103604084015261869a81856195bf565b6001600160a01b0382811682821603908111156118bf576118bf61990f565b6001600160a01b0381811683821601908111156118bf576118bf61990f565b5f7f8000000000000000000000000000000000000000000000000000000000000000820361a3d75761a3d761990f565b505f0390565b61a43581846001600160a01b0381511682526001600160a01b03602082015116602083015262ffffff6040820151166040830152606081015160020b60608301526001600160a01b0360808201511660808301525050565b8151151560a0820152602082015160c082015260408201516001600160a01b031660e082015261012061010082018190525f908201526101400192915050565b61a4cd81856001600160a01b0381511682526001600160a01b03602082015116602083015262ffffff6040820151166040830152606081015160020b60608301526001600160a01b0360808201511660808301525050565b8251151560a0820152602083015160c082015260408301516001600160a01b031660e08201526101206101008201525f6117696101208301846195bf565b5f81600f0b7fffffffffffffffffffffffffffffffff80000000000000000000000000000000810361a53f5761a53f61990f565b5f0392915050565b808201808211156118bf576118bf61990f565b61a5b2818a6001600160a01b0381511682526001600160a01b03602082015116602083015262ffffff6040820151166040830152606081015160020b60608301526001600160a01b0360808201511660808301525050565b8760020b60a08201528660020b60c08201526fffffffffffffffffffffffffffffffff861660e08201526fffffffffffffffffffffffffffffffff85166101008201526fffffffffffffffffffffffffffffffff84166101208201526001600160a01b0383166101408201526101806101608201525f61a6366101808301846195bf565b9a9950505050505050505050565b6fffffffffffffffffffffffffffffffff82811682821603908111156118bf576118bf61990f565b600282810b9082900b037fffffffffffffffffffffffffffffffffffffffffffffffffffffffffff8000008112627fffff821317156118bf576118bf61990f565b5f8260020b8260020b028060020b91508082146198675761986761990f565b5f60a0828403121561a6dc575f80fd5b6124528383619142565b5f606082840312801561a6f7575f80fd5b506040516060810167ffffffffffffffff8111828210171561a71b5761a71b619071565b604052823561a729816191bb565b815260208381013590820152604083013561a74381618f64565b60408201529392505050565b61ffff81811683821601908111156118bf576118bf61990f565b7f4e487b71000000000000000000000000000000000000000000000000000000005f52603160045260245ffd5b8581526fffffffffffffffffffffffffffffffff851660208201526fffffffffffffffffffffffffffffffff841660408201526fffffffffffffffffffffffffffffffff8316606082015260a060808201525f611a4e60a08301846195bf565b62ffffff81811683821601908111156118bf576118bf61990f565b604081525f61a82360408301856195bf565b90508260208301529392505050565b5f8160020b8360020b8061a8485761a848619994565b7fffffffffffffffffffffffffffffffffffffffffffffffffffffffffffffffff81147fffffffffffffffffffffffffffffffffffffffffffffffffffffffffff8000008314161561a89c5761a89c61990f565b90059392505050565b5f8160020b7fffffffffffffffffffffffffffffffffffffffffffffffffffffffffff800000810361a8d95761a8d961990f565b7fffffffffffffffffffffffffffffffffffffffffffffffffffffffffffffffff0192915050565b610120810161a95e82886001600160a01b0381511682526001600160a01b03602082015116602083015262ffffff6040820151166040830152606081015160020b60608301526001600160a01b0360808201511660808301525050565b60a082019590955260c081019390935290151560e0830152151561010090910152919050565b610100810161a9e182876001600160a01b0381511682526001600160a01b03602082015116602083015262ffffff6040820151166040830152606081015160020b60608301526001600160a01b0360808201511660808301525050565b8460a08301528360c08301528260020b60e083015295945050505050565b5f82518060208501845e5f920191825250919050565b5f6020828403121561aa25575f80fd5b8151612452816191bb565b600182810b9082900b037fffffffffffffffffffffffffffffffffffffffffffffffffffffffffffff80008112617fff821317156118bf576118bf61990f565b5f8160010b7fffffffffffffffffffffffffffffffffffffffffffffffffffffffffffff8000810361a8d95761a8d961990f565b600181810b9083900b01617fff81137fffffffffffffffffffffffffffffffffffffffffffffffffffffffffffff8000821217156118bf576118bf61990f565b5f8160010b617fff810361aafa5761aafa61990f565b60010192915050565b5f8160020b627fffff810361aafa5761aafa61990f56fea2646970667358221220306d3607db456aaad685a7f9d6e6fea2bf21e2a00a0ba6a72ded2253fc35f05164736f6c634300081a0033)
    │   └─ ← [Return]
    ├─ [1272900] → new MockERC4626Vault@0xA4AD4f68d0b91CFD19687c881e50f3A00242828c
    │   ├─ [248] Currency0::decimals() [staticcall]
    │   │   └─ ← [Return] 18
    │   └─ ← [Return] 6014 bytes of code
    ├─ [1272900] → new MockERC4626Vault@0x03A6a84cD762D9707A21605b548aaaB891562aAb
    │   ├─ [248] Currency1::decimals() [staticcall]
    │   │   └─ ← [Return] 18
    │   └─ ← [Return] 6014 bytes of code
    ├─ [22866] 0x4444000000000000000000000000000000001Dc0::setAutoLendVault(Currency0: [0xa0Cb889707d426A7A386870A03bc70d1b0697598], MockERC4626Vault: [0xA4AD4f68d0b91CFD19687c881e50f3A00242828c])
    │   └─ ← [Stop]
    ├─ [22866] 0x4444000000000000000000000000000000001Dc0::setAutoLendVault(Currency1: [0xc7183455a4C133Ae270771860664b6B7ec320bB1], MockERC4626Vault: [0x03A6a84cD762D9707A21605b548aaaB891562aAb])
    │   └─ ← [Stop]
    ├─ [649] 0x4444000000000000000000000000000000001Dc0::autoLendVaults(Currency0: [0xa0Cb889707d426A7A386870A03bc70d1b0697598]) [staticcall]
    │   └─ ← [Return] MockERC4626Vault: [0xA4AD4f68d0b91CFD19687c881e50f3A00242828c]
    ├─ [649] 0x4444000000000000000000000000000000001Dc0::autoLendVaults(Currency1: [0xc7183455a4C133Ae270771860664b6B7ec320bB1]) [staticcall]
    │   └─ ← [Return] MockERC4626Vault: [0x03A6a84cD762D9707A21605b548aaaB891562aAb]
    ├─ [34305] V4PoolManager::initialize(PoolKey({ currency0: 0xa0Cb889707d426A7A386870A03bc70d1b0697598, currency1: 0xc7183455a4C133Ae270771860664b6B7ec320bB1, fee: 3000, tickSpacing: 60, hooks: 0x4444000000000000000000000000000000001Dc0 }), 79228162514264337593543950336 [7.922e28])
    │   ├─ emit Initialize(id: 0x5950e06449977908989e6e8635f99f0318b032387aa6c0de05404b3120d6b67e, currency0: Currency0: [0xa0Cb889707d426A7A386870A03bc70d1b0697598], currency1: Currency1: [0xc7183455a4C133Ae270771860664b6B7ec320bB1], fee: 3000, tickSpacing: 60, hooks: 0x4444000000000000000000000000000000001Dc0, sqrtPriceX96: 79228162514264337593543950336 [7.922e28], tick: 0)
    │   ├─ [4478] 0x4444000000000000000000000000000000001Dc0::afterInitialize(RevertHookTest: [0x7FA9385bE102ac3EAc297483Dd6233D62b3e1496], PoolKey({ currency0: 0xa0Cb889707d426A7A386870A03bc70d1b0697598, currency1: 0xc7183455a4C133Ae270771860664b6B7ec320bB1, fee: 3000, tickSpacing: 60, hooks: 0x4444000000000000000000000000000000001Dc0 }), 79228162514264337593543950336 [7.922e28], 0)
    │   │   └─ ← [Return] 0x6fe7e6eb
    │   └─ ← [Return] 0
    ├─ [29172] V4PoolManager::initialize(PoolKey({ currency0: 0xa0Cb889707d426A7A386870A03bc70d1b0697598, currency1: 0xc7183455a4C133Ae270771860664b6B7ec320bB1, fee: 3000, tickSpacing: 60, hooks: 0x0000000000000000000000000000000000000000 }), 79228162514264337593543950336 [7.922e28])
    │   ├─ emit Initialize(id: 0x76951cd0bc188f2dc1d94b74ec6aa0d40e4a1e5fef463c8d0efb239085c9df07, currency0: Currency0: [0xa0Cb889707d426A7A386870A03bc70d1b0697598], currency1: Currency1: [0xc7183455a4C133Ae270771860664b6B7ec320bB1], fee: 3000, tickSpacing: 60, hooks: 0x0000000000000000000000000000000000000000, sqrtPriceX96: 79228162514264337593543950336 [7.922e28], tick: 0)
    │   └─ ← [Return] 0
    ├─ [0] console::log("tickStart", 0) [staticcall]
    │   └─ ← [Stop]
    ├─ [527] Currency0::balanceOf(RevertHookTest: [0x7FA9385bE102ac3EAc297483Dd6233D62b3e1496]) [staticcall]
    │   └─ ← [Return] 10000000000000000000000000 [1e25]
    ├─ [527] Currency1::balanceOf(RevertHookTest: [0x7FA9385bE102ac3EAc297483Dd6233D62b3e1496]) [staticcall]
    │   └─ ← [Return] 10000000000000000000000000 [1e25]
    ├─ [766] V4PositionManager::nextTokenId() [staticcall]
    │   └─ ← [Return] 1
    ├─ [367089] V4PositionManager::modifyLiquidities(0x000000000000000000000000000000000000000000000000000000000000004000000000000000000000000000000000000000000000000000000000000000800000000000000000000000000000000000000000000000000000000000000004020d14140000000000000000000000000000000000000000000000000000000000000000000000000000000000000000000000000000000000000000000000040000000000000000000000000000000000000000000000000000000000000080000000000000000000000000000000000000000000000000000000000000024000000000000000000000000000000000000000000000000000000000000002a0000000000000000000000000000000000000000000000000000000000000030000000000000000000000000000000000000000000000000000000000000001a0000000000000000000000000a0cb889707d426a7a386870a03bc70d1b0697598000000000000000000000000c7183455a4c133ae270771860664b6b7ec320bb10000000000000000000000000000000000000000000000000000000000000bb8000000000000000000000000000000000000000000000000000000000000003c0000000000000000000000000000000000000000000000000000000000000000fffffffffffffffffffffffffffffffffffffffffffffffffffffffffff2764c00000000000000000000000000000000000000000000000000000000000d89b40000000000000000000000000000000000000000000000056bc75e2d63100000ffffffffffffffffffffffffffffffffffffffffffffffffffffffffffffffffffffffffffffffffffffffffffffffffffffffffffffffffffffffffffffffff0000000000000000000000007fa9385be102ac3eac297483dd6233d62b3e1496000000000000000000000000000000000000000000000000000000000000018000000000000000000000000000000000000000000000000000000000000000000000000000000000000000000000000000000000000000000000000000000040000000000000000000000000a0cb889707d426a7a386870a03bc70d1b0697598000000000000000000000000c7183455a4c133ae270771860664b6b7ec320bb10000000000000000000000000000000000000000000000000000000000000040000000000000000000000000a0cb889707d426a7a386870a03bc70d1b06975980000000000000000000000007fa9385be102ac3eac297483dd6233d62b3e14960000000000000000000000000000000000000000000000000000000000000040000000000000000000000000c7183455a4c133ae270771860664b6b7ec320bb10000000000000000000000007fa9385be102ac3eac297483dd6233d62b3e1496, 1)
    │   ├─ [364552] V4PoolManager::unlock(0x000000000000000000000000000000000000000000000000000000000000004000000000000000000000000000000000000000000000000000000000000000800000000000000000000000000000000000000000000000000000000000000004020d14140000000000000000000000000000000000000000000000000000000000000000000000000000000000000000000000000000000000000000000000040000000000000000000000000000000000000000000000000000000000000080000000000000000000000000000000000000000000000000000000000000024000000000000000000000000000000000000000000000000000000000000002a0000000000000000000000000000000000000000000000000000000000000030000000000000000000000000000000000000000000000000000000000000001a0000000000000000000000000a0cb889707d426a7a386870a03bc70d1b0697598000000000000000000000000c7183455a4c133ae270771860664b6b7ec320bb10000000000000000000000000000000000000000000000000000000000000bb8000000000000000000000000000000000000000000000000000000000000003c0000000000000000000000000000000000000000000000000000000000000000fffffffffffffffffffffffffffffffffffffffffffffffffffffffffff2764c00000000000000000000000000000000000000000000000000000000000d89b40000000000000000000000000000000000000000000000056bc75e2d63100000ffffffffffffffffffffffffffffffffffffffffffffffffffffffffffffffffffffffffffffffffffffffffffffffffffffffffffffffffffffffffffffffff0000000000000000000000007fa9385be102ac3eac297483dd6233d62b3e1496000000000000000000000000000000000000000000000000000000000000018000000000000000000000000000000000000000000000000000000000000000000000000000000000000000000000000000000000000000000000000000000040000000000000000000000000a0cb889707d426a7a386870a03bc70d1b0697598000000000000000000000000c7183455a4c133ae270771860664b6b7ec320bb10000000000000000000000000000000000000000000000000000000000000040000000000000000000000000a0cb889707d426a7a386870a03bc70d1b06975980000000000000000000000007fa9385be102ac3eac297483dd6233d62b3e14960000000000000000000000000000000000000000000000000000000000000040000000000000000000000000c7183455a4c133ae270771860664b6b7ec320bb10000000000000000000000007fa9385be102ac3eac297483dd6233d62b3e1496)
    │   │   ├─ [362416] V4PositionManager::unlockCallback(0x000000000000000000000000000000000000000000000000000000000000004000000000000000000000000000000000000000000000000000000000000000800000000000000000000000000000000000000000000000000000000000000004020d14140000000000000000000000000000000000000000000000000000000000000000000000000000000000000000000000000000000000000000000000040000000000000000000000000000000000000000000000000000000000000080000000000000000000000000000000000000000000000000000000000000024000000000000000000000000000000000000000000000000000000000000002a0000000000000000000000000000000000000000000000000000000000000030000000000000000000000000000000000000000000000000000000000000001a0000000000000000000000000a0cb889707d426a7a386870a03bc70d1b0697598000000000000000000000000c7183455a4c133ae270771860664b6b7ec320bb10000000000000000000000000000000000000000000000000000000000000bb8000000000000000000000000000000000000000000000000000000000000003c0000000000000000000000000000000000000000000000000000000000000000fffffffffffffffffffffffffffffffffffffffffffffffffffffffffff2764c00000000000000000000000000000000000000000000000000000000000d89b40000000000000000000000000000000000000000000000056bc75e2d63100000ffffffffffffffffffffffffffffffffffffffffffffffffffffffffffffffffffffffffffffffffffffffffffffffffffffffffffffffffffffffffffffffff0000000000000000000000007fa9385be102ac3eac297483dd6233d62b3e1496000000000000000000000000000000000000000000000000000000000000018000000000000000000000000000000000000000000000000000000000000000000000000000000000000000000000000000000000000000000000000000000040000000000000000000000000a0cb889707d426a7a386870a03bc70d1b0697598000000000000000000000000c7183455a4c133ae270771860664b6b7ec320bb10000000000000000000000000000000000000000000000000000000000000040000000000000000000000000a0cb889707d426a7a386870a03bc70d1b06975980000000000000000000000007fa9385be102ac3eac297483dd6233d62b3e14960000000000000000000000000000000000000000000000000000000000000040000000000000000000000000c7183455a4c133ae270771860664b6b7ec320bb10000000000000000000000007fa9385be102ac3eac297483dd6233d62b3e1496)
    │   │   │   ├─ emit Transfer(from: 0x0000000000000000000000000000000000000000, to: RevertHookTest: [0x7FA9385bE102ac3EAc297483Dd6233D62b3e1496], tokenId: 1)
    │   │   │   ├─ [164250] V4PoolManager::modifyLiquidity(PoolKey({ currency0: 0xa0Cb889707d426A7A386870A03bc70d1b0697598, currency1: 0xc7183455a4C133Ae270771860664b6B7ec320bB1, fee: 3000, tickSpacing: 60, hooks: 0x0000000000000000000000000000000000000000 }), ModifyLiquidityParams({ tickLower: -887220 [-8.872e5], tickUpper: 887220 [8.872e5], liquidityDelta: 100000000000000000000 [1e20], salt: 0x0000000000000000000000000000000000000000000000000000000000000001 }), 0x)
    │   │   │   │   ├─ emit ModifyLiquidity(id: 0x76951cd0bc188f2dc1d94b74ec6aa0d40e4a1e5fef463c8d0efb239085c9df07, sender: V4PositionManager: [0xBf7b2e60F266C6B17044D43C4b094611A6a95710], tickLower: -887220 [-8.872e5], tickUpper: 887220 [8.872e5], liquidityDelta: 100000000000000000000 [1e20], salt: 0x0000000000000000000000000000000000000000000000000000000000000001)
    │   │   │   │   └─ ← [Return] -34028236692093846344295766541651190364919752355409390731259 [-3.402e58], 0
    │   │   │   ├─ [859] V4PoolManager::exttload(0xd27c15c2f361d6be7ab0c8fe8df1e17c14c0382c853cb85dbae0f6aef6434ec0) [staticcall]
    │   │   │   │   └─ ← [Return] 0xfffffffffffffffffffffffffffffffffffffffffffffffa9438a1d29cf00005
    │   │   │   ├─ [3900] V4PoolManager::sync(Currency0: [0xa0Cb889707d426A7A386870A03bc70d1b0697598])
    │   │   │   │   ├─ [2527] Currency0::balanceOf(V4PoolManager: [0x526cE215C3ba0e07c7503f9E744B869E6eaE402D]) [staticcall]
    │   │   │   │   │   └─ ← [Return] 0
    │   │   │   │   └─ ← [Stop]
    │   │   │   ├─ [24390] Permit2::transferFrom(RevertHookTest: [0x7FA9385bE102ac3EAc297483Dd6233D62b3e1496], V4PoolManager: [0x526cE215C3ba0e07c7503f9E744B869E6eaE402D], 99999999999999999995 [9.999e19], Currency0: [0xa0Cb889707d426A7A386870A03bc70d1b0697598])
    │   │   │   │   ├─ [23183] Currency0::transferFrom(RevertHookTest: [0x7FA9385bE102ac3EAc297483Dd6233D62b3e1496], V4PoolManager: [0x526cE215C3ba0e07c7503f9E744B869E6eaE402D], 99999999999999999995 [9.999e19])
    │   │   │   │   │   ├─ emit Transfer(from: RevertHookTest: [0x7FA9385bE102ac3EAc297483Dd6233D62b3e1496], to: V4PoolManager: [0x526cE215C3ba0e07c7503f9E744B869E6eaE402D], value: 99999999999999999995 [9.999e19])
    │   │   │   │   │   └─ ← [Return] true
    │   │   │   │   └─ ← [Return]
    │   │   │   ├─ [2501] V4PoolManager::settle()
    │   │   │   │   ├─ [527] Currency0::balanceOf(V4PoolManager: [0x526cE215C3ba0e07c7503f9E744B869E6eaE402D]) [staticcall]
    │   │   │   │   │   └─ ← [Return] 99999999999999999995 [9.999e19]
    │   │   │   │   └─ ← [Return] 99999999999999999995 [9.999e19]
    │   │   │   ├─ [859] V4PoolManager::exttload(0x8ce86d013d3d1037dc8d977754e0e42ccb0463896219901d103ff95904d46b9e) [staticcall]
    │   │   │   │   └─ ← [Return] 0xfffffffffffffffffffffffffffffffffffffffffffffffa9438a1d29cf00005
    │   │   │   ├─ [3900] V4PoolManager::sync(Currency1: [0xc7183455a4C133Ae270771860664b6B7ec320bB1])
    │   │   │   │   ├─ [2527] Currency1::balanceOf(V4PoolManager: [0x526cE215C3ba0e07c7503f9E744B869E6eaE402D]) [staticcall]
    │   │   │   │   │   └─ ← [Return] 0
    │   │   │   │   └─ ← [Stop]
    │   │   │   ├─ [24390] Permit2::transferFrom(RevertHookTest: [0x7FA9385bE102ac3EAc297483Dd6233D62b3e1496], V4PoolManager: [0x526cE215C3ba0e07c7503f9E744B869E6eaE402D], 99999999999999999995 [9.999e19], Currency1: [0xc7183455a4C133Ae270771860664b6B7ec320bB1])
    │   │   │   │   ├─ [23183] Currency1::transferFrom(RevertHookTest: [0x7FA9385bE102ac3EAc297483Dd6233D62b3e1496], V4PoolManager: [0x526cE215C3ba0e07c7503f9E744B869E6eaE402D], 99999999999999999995 [9.999e19])
    │   │   │   │   │   ├─ emit Transfer(from: RevertHookTest: [0x7FA9385bE102ac3EAc297483Dd6233D62b3e1496], to: V4PoolManager: [0x526cE215C3ba0e07c7503f9E744B869E6eaE402D], value: 99999999999999999995 [9.999e19])
    │   │   │   │   │   └─ ← [Return] true
    │   │   │   │   └─ ← [Return]
    │   │   │   ├─ [2501] V4PoolManager::settle()
    │   │   │   │   ├─ [527] Currency1::balanceOf(V4PoolManager: [0x526cE215C3ba0e07c7503f9E744B869E6eaE402D]) [staticcall]
    │   │   │   │   │   └─ ← [Return] 99999999999999999995 [9.999e19]
    │   │   │   │   └─ ← [Return] 99999999999999999995 [9.999e19]
    │   │   │   ├─ [2527] Currency0::balanceOf(V4PositionManager: [0xBf7b2e60F266C6B17044D43C4b094611A6a95710]) [staticcall]
    │   │   │   │   └─ ← [Return] 0
    │   │   │   ├─ [2527] Currency1::balanceOf(V4PositionManager: [0xBf7b2e60F266C6B17044D43C4b094611A6a95710]) [staticcall]
    │   │   │   │   └─ ← [Return] 0
    │   │   │   └─ ← [Return] 0x
    │   │   └─ ← [Return] 0x
    │   └─ ← [Stop]
    ├─ [527] Currency0::balanceOf(RevertHookTest: [0x7FA9385bE102ac3EAc297483Dd6233D62b3e1496]) [staticcall]
    │   └─ ← [Return] 9999900000000000000000005 [9.999e24]
    ├─ [527] Currency1::balanceOf(RevertHookTest: [0x7FA9385bE102ac3EAc297483Dd6233D62b3e1496]) [staticcall]
    │   └─ ← [Return] 9999900000000000000000005 [9.999e24]
    ├─ [527] Currency0::balanceOf(RevertHookTest: [0x7FA9385bE102ac3EAc297483Dd6233D62b3e1496]) [staticcall]
    │   └─ ← [Return] 9999900000000000000000005 [9.999e24]
    ├─ [527] Currency1::balanceOf(RevertHookTest: [0x7FA9385bE102ac3EAc297483Dd6233D62b3e1496]) [staticcall]
    │   └─ ← [Return] 9999900000000000000000005 [9.999e24]
    ├─ [766] V4PositionManager::nextTokenId() [staticcall]
    │   └─ ← [Return] 2
    ├─ [332704] V4PositionManager::modifyLiquidities(0x000000000000000000000000000000000000000000000000000000000000004000000000000000000000000000000000000000000000000000000000000000800000000000000000000000000000000000000000000000000000000000000004020d14140000000000000000000000000000000000000000000000000000000000000000000000000000000000000000000000000000000000000000000000040000000000000000000000000000000000000000000000000000000000000080000000000000000000000000000000000000000000000000000000000000024000000000000000000000000000000000000000000000000000000000000002a0000000000000000000000000000000000000000000000000000000000000030000000000000000000000000000000000000000000000000000000000000001a0000000000000000000000000a0cb889707d426a7a386870a03bc70d1b0697598000000000000000000000000c7183455a4c133ae270771860664b6b7ec320bb10000000000000000000000000000000000000000000000000000000000000bb8000000000000000000000000000000000000000000000000000000000000003c0000000000000000000000004444000000000000000000000000000000001dc0fffffffffffffffffffffffffffffffffffffffffffffffffffffffffff2764c00000000000000000000000000000000000000000000000000000000000d89b40000000000000000000000000000000000000000000000056bc75e2d63100000ffffffffffffffffffffffffffffffffffffffffffffffffffffffffffffffffffffffffffffffffffffffffffffffffffffffffffffffffffffffffffffffff0000000000000000000000007fa9385be102ac3eac297483dd6233d62b3e1496000000000000000000000000000000000000000000000000000000000000018000000000000000000000000000000000000000000000000000000000000000000000000000000000000000000000000000000000000000000000000000000040000000000000000000000000a0cb889707d426a7a386870a03bc70d1b0697598000000000000000000000000c7183455a4c133ae270771860664b6b7ec320bb10000000000000000000000000000000000000000000000000000000000000040000000000000000000000000a0cb889707d426a7a386870a03bc70d1b06975980000000000000000000000007fa9385be102ac3eac297483dd6233d62b3e14960000000000000000000000000000000000000000000000000000000000000040000000000000000000000000c7183455a4c133ae270771860664b6b7ec320bb10000000000000000000000007fa9385be102ac3eac297483dd6233d62b3e1496, 1)
    │   ├─ [330167] V4PoolManager::unlock(0x000000000000000000000000000000000000000000000000000000000000004000000000000000000000000000000000000000000000000000000000000000800000000000000000000000000000000000000000000000000000000000000004020d14140000000000000000000000000000000000000000000000000000000000000000000000000000000000000000000000000000000000000000000000040000000000000000000000000000000000000000000000000000000000000080000000000000000000000000000000000000000000000000000000000000024000000000000000000000000000000000000000000000000000000000000002a0000000000000000000000000000000000000000000000000000000000000030000000000000000000000000000000000000000000000000000000000000001a0000000000000000000000000a0cb889707d426a7a386870a03bc70d1b0697598000000000000000000000000c7183455a4c133ae270771860664b6b7ec320bb10000000000000000000000000000000000000000000000000000000000000bb8000000000000000000000000000000000000000000000000000000000000003c0000000000000000000000004444000000000000000000000000000000001dc0fffffffffffffffffffffffffffffffffffffffffffffffffffffffffff2764c00000000000000000000000000000000000000000000000000000000000d89b40000000000000000000000000000000000000000000000056bc75e2d63100000ffffffffffffffffffffffffffffffffffffffffffffffffffffffffffffffffffffffffffffffffffffffffffffffffffffffffffffffffffffffffffffffff0000000000000000000000007fa9385be102ac3eac297483dd6233d62b3e1496000000000000000000000000000000000000000000000000000000000000018000000000000000000000000000000000000000000000000000000000000000000000000000000000000000000000000000000000000000000000000000000040000000000000000000000000a0cb889707d426a7a386870a03bc70d1b0697598000000000000000000000000c7183455a4c133ae270771860664b6b7ec320bb10000000000000000000000000000000000000000000000000000000000000040000000000000000000000000a0cb889707d426a7a386870a03bc70d1b06975980000000000000000000000007fa9385be102ac3eac297483dd6233d62b3e14960000000000000000000000000000000000000000000000000000000000000040000000000000000000000000c7183455a4c133ae270771860664b6b7ec320bb10000000000000000000000007fa9385be102ac3eac297483dd6233d62b3e1496)
    │   │   ├─ [328031] V4PositionManager::unlockCallback(0x000000000000000000000000000000000000000000000000000000000000004000000000000000000000000000000000000000000000000000000000000000800000000000000000000000000000000000000000000000000000000000000004020d14140000000000000000000000000000000000000000000000000000000000000000000000000000000000000000000000000000000000000000000000040000000000000000000000000000000000000000000000000000000000000080000000000000000000000000000000000000000000000000000000000000024000000000000000000000000000000000000000000000000000000000000002a0000000000000000000000000000000000000000000000000000000000000030000000000000000000000000000000000000000000000000000000000000001a0000000000000000000000000a0cb889707d426a7a386870a03bc70d1b0697598000000000000000000000000c7183455a4c133ae270771860664b6b7ec320bb10000000000000000000000000000000000000000000000000000000000000bb8000000000000000000000000000000000000000000000000000000000000003c0000000000000000000000004444000000000000000000000000000000001dc0fffffffffffffffffffffffffffffffffffffffffffffffffffffffffff2764c00000000000000000000000000000000000000000000000000000000000d89b40000000000000000000000000000000000000000000000056bc75e2d63100000ffffffffffffffffffffffffffffffffffffffffffffffffffffffffffffffffffffffffffffffffffffffffffffffffffffffffffffffffffffffffffffffff0000000000000000000000007fa9385be102ac3eac297483dd6233d62b3e1496000000000000000000000000000000000000000000000000000000000000018000000000000000000000000000000000000000000000000000000000000000000000000000000000000000000000000000000000000000000000000000000040000000000000000000000000a0cb889707d426a7a386870a03bc70d1b0697598000000000000000000000000c7183455a4c133ae270771860664b6b7ec320bb10000000000000000000000000000000000000000000000000000000000000040000000000000000000000000a0cb889707d426a7a386870a03bc70d1b06975980000000000000000000000007fa9385be102ac3eac297483dd6233d62b3e14960000000000000000000000000000000000000000000000000000000000000040000000000000000000000000c7183455a4c133ae270771860664b6b7ec320bb10000000000000000000000007fa9385be102ac3eac297483dd6233d62b3e1496)
    │   │   │   ├─ emit Transfer(from: 0x0000000000000000000000000000000000000000, to: RevertHookTest: [0x7FA9385bE102ac3EAc297483Dd6233D62b3e1496], tokenId: 2)
    │   │   │   ├─ [179665] V4PoolManager::modifyLiquidity(PoolKey({ currency0: 0xa0Cb889707d426A7A386870A03bc70d1b0697598, currency1: 0xc7183455a4C133Ae270771860664b6B7ec320bB1, fee: 3000, tickSpacing: 60, hooks: 0x4444000000000000000000000000000000001Dc0 }), ModifyLiquidityParams({ tickLower: -887220 [-8.872e5], tickUpper: 887220 [8.872e5], liquidityDelta: 100000000000000000000 [1e20], salt: 0x0000000000000000000000000000000000000000000000000000000000000002 }), 0x)
    │   │   │   │   ├─ [1104] 0x4444000000000000000000000000000000001Dc0::beforeAddLiquidity(V4PositionManager: [0xBf7b2e60F266C6B17044D43C4b094611A6a95710], PoolKey({ currency0: 0xa0Cb889707d426A7A386870A03bc70d1b0697598, currency1: 0xc7183455a4C133Ae270771860664b6B7ec320bB1, fee: 3000, tickSpacing: 60, hooks: 0x4444000000000000000000000000000000001Dc0 }), ModifyLiquidityParams({ tickLower: -887220 [-8.872e5], tickUpper: 887220 [8.872e5], liquidityDelta: 100000000000000000000 [1e20], salt: 0x0000000000000000000000000000000000000000000000000000000000000002 }), 0x)
    │   │   │   │   │   └─ ← [Return] 0x259982e5
    │   │   │   │   ├─ emit ModifyLiquidity(id: 0x5950e06449977908989e6e8635f99f0318b032387aa6c0de05404b3120d6b67e, sender: V4PositionManager: [0xBf7b2e60F266C6B17044D43C4b094611A6a95710], tickLower: -887220 [-8.872e5], tickUpper: 887220 [8.872e5], liquidityDelta: 100000000000000000000 [1e20], salt: 0x0000000000000000000000000000000000000000000000000000000000000002)
    │   │   │   │   ├─ [11885] 0x4444000000000000000000000000000000001Dc0::afterAddLiquidity(V4PositionManager: [0xBf7b2e60F266C6B17044D43C4b094611A6a95710], PoolKey({ currency0: 0xa0Cb889707d426A7A386870A03bc70d1b0697598, currency1: 0xc7183455a4C133Ae270771860664b6B7ec320bB1, fee: 3000, tickSpacing: 60, hooks: 0x4444000000000000000000000000000000001Dc0 }), ModifyLiquidityParams({ tickLower: -887220 [-8.872e5], tickUpper: 887220 [8.872e5], liquidityDelta: 100000000000000000000 [1e20], salt: 0x0000000000000000000000000000000000000000000000000000000000000002 }), -34028236692093846344295766541651190364919752355409390731259 [-3.402e58], 0, 0x)
    │   │   │   │   │   ├─ [3043] V4PositionManager::getPositionLiquidity(2) [staticcall]
    │   │   │   │   │   │   ├─ [375] V4PoolManager::extsload(0x321a71fdc1d2720a3d8191684fddd15a04efc91b9ccd70097f26a7d509bcb7cb) [staticcall]
    │   │   │   │   │   │   │   └─ ← [Return] 0x0000000000000000000000000000000000000000000000056bc75e2d63100000
    │   │   │   │   │   │   └─ ← [Return] 100000000000000000000 [1e20]
    │   │   │   │   │   └─ ← [Return] 0x9f063efc, 0
    │   │   │   │   └─ ← [Return] -34028236692093846344295766541651190364919752355409390731259 [-3.402e58], 0
    │   │   │   ├─ [859] V4PoolManager::exttload(0xd27c15c2f361d6be7ab0c8fe8df1e17c14c0382c853cb85dbae0f6aef6434ec0) [staticcall]
    │   │   │   │   └─ ← [Return] 0xfffffffffffffffffffffffffffffffffffffffffffffffa9438a1d29cf00005
    │   │   │   ├─ [1900] V4PoolManager::sync(Currency0: [0xa0Cb889707d426A7A386870A03bc70d1b0697598])
    │   │   │   │   ├─ [527] Currency0::balanceOf(V4PoolManager: [0x526cE215C3ba0e07c7503f9E744B869E6eaE402D]) [staticcall]
    │   │   │   │   │   └─ ← [Return] 99999999999999999995 [9.999e19]
    │   │   │   │   └─ ← [Stop]
    │   │   │   ├─ [4490] Permit2::transferFrom(RevertHookTest: [0x7FA9385bE102ac3EAc297483Dd6233D62b3e1496], V4PoolManager: [0x526cE215C3ba0e07c7503f9E744B869E6eaE402D], 99999999999999999995 [9.999e19], Currency0: [0xa0Cb889707d426A7A386870A03bc70d1b0697598])
    │   │   │   │   ├─ [3283] Currency0::transferFrom(RevertHookTest: [0x7FA9385bE102ac3EAc297483Dd6233D62b3e1496], V4PoolManager: [0x526cE215C3ba0e07c7503f9E744B869E6eaE402D], 99999999999999999995 [9.999e19])
    │   │   │   │   │   ├─ emit Transfer(from: RevertHookTest: [0x7FA9385bE102ac3EAc297483Dd6233D62b3e1496], to: V4PoolManager: [0x526cE215C3ba0e07c7503f9E744B869E6eaE402D], value: 99999999999999999995 [9.999e19])
    │   │   │   │   │   └─ ← [Return] true
    │   │   │   │   └─ ← [Return]
    │   │   │   ├─ [2501] V4PoolManager::settle()
    │   │   │   │   ├─ [527] Currency0::balanceOf(V4PoolManager: [0x526cE215C3ba0e07c7503f9E744B869E6eaE402D]) [staticcall]
    │   │   │   │   │   └─ ← [Return] 199999999999999999990 [1.999e20]
    │   │   │   │   └─ ← [Return] 99999999999999999995 [9.999e19]
    │   │   │   ├─ [859] V4PoolManager::exttload(0x8ce86d013d3d1037dc8d977754e0e42ccb0463896219901d103ff95904d46b9e) [staticcall]
    │   │   │   │   └─ ← [Return] 0xfffffffffffffffffffffffffffffffffffffffffffffffa9438a1d29cf00005
    │   │   │   ├─ [1900] V4PoolManager::sync(Currency1: [0xc7183455a4C133Ae270771860664b6B7ec320bB1])
    │   │   │   │   ├─ [527] Currency1::balanceOf(V4PoolManager: [0x526cE215C3ba0e07c7503f9E744B869E6eaE402D]) [staticcall]
    │   │   │   │   │   └─ ← [Return] 99999999999999999995 [9.999e19]
    │   │   │   │   └─ ← [Stop]
    │   │   │   ├─ [4490] Permit2::transferFrom(RevertHookTest: [0x7FA9385bE102ac3EAc297483Dd6233D62b3e1496], V4PoolManager: [0x526cE215C3ba0e07c7503f9E744B869E6eaE402D], 99999999999999999995 [9.999e19], Currency1: [0xc7183455a4C133Ae270771860664b6B7ec320bB1])
    │   │   │   │   ├─ [3283] Currency1::transferFrom(RevertHookTest: [0x7FA9385bE102ac3EAc297483Dd6233D62b3e1496], V4PoolManager: [0x526cE215C3ba0e07c7503f9E744B869E6eaE402D], 99999999999999999995 [9.999e19])
    │   │   │   │   │   ├─ emit Transfer(from: RevertHookTest: [0x7FA9385bE102ac3EAc297483Dd6233D62b3e1496], to: V4PoolManager: [0x526cE215C3ba0e07c7503f9E744B869E6eaE402D], value: 99999999999999999995 [9.999e19])
    │   │   │   │   │   └─ ← [Return] true
    │   │   │   │   └─ ← [Return]
    │   │   │   ├─ [2501] V4PoolManager::settle()
    │   │   │   │   ├─ [527] Currency1::balanceOf(V4PoolManager: [0x526cE215C3ba0e07c7503f9E744B869E6eaE402D]) [staticcall]
    │   │   │   │   │   └─ ← [Return] 199999999999999999990 [1.999e20]
    │   │   │   │   └─ ← [Return] 99999999999999999995 [9.999e19]
    │   │   │   ├─ [527] Currency0::balanceOf(V4PositionManager: [0xBf7b2e60F266C6B17044D43C4b094611A6a95710]) [staticcall]
    │   │   │   │   └─ ← [Return] 0
    │   │   │   ├─ [527] Currency1::balanceOf(V4PositionManager: [0xBf7b2e60F266C6B17044D43C4b094611A6a95710]) [staticcall]
    │   │   │   │   └─ ← [Return] 0
    │   │   │   └─ ← [Return] 0x
    │   │   └─ ← [Return] 0x
    │   └─ ← [Stop]
    ├─ [527] Currency0::balanceOf(RevertHookTest: [0x7FA9385bE102ac3EAc297483Dd6233D62b3e1496]) [staticcall]
    │   └─ ← [Return] 9999800000000000000000010 [9.999e24]
    ├─ [527] Currency1::balanceOf(RevertHookTest: [0x7FA9385bE102ac3EAc297483Dd6233D62b3e1496]) [staticcall]
    │   └─ ← [Return] 9999800000000000000000010 [9.999e24]
    ├─ [3043] V4PositionManager::getPositionLiquidity(2) [staticcall]
    │   ├─ [375] V4PoolManager::extsload(0x321a71fdc1d2720a3d8191684fddd15a04efc91b9ccd70097f26a7d509bcb7cb) [staticcall]
    │   │   └─ ← [Return] 0x0000000000000000000000000000000000000000000000056bc75e2d63100000
    │   └─ ← [Return] 100000000000000000000 [1e20]
    ├─ [0] console::log("tokenId liquidity", 100000000000000000000 [1e20]) [staticcall]
    │   └─ ← [Stop]
    ├─ [527] Currency0::balanceOf(RevertHookTest: [0x7FA9385bE102ac3EAc297483Dd6233D62b3e1496]) [staticcall]
    │   └─ ← [Return] 9999800000000000000000010 [9.999e24]
    ├─ [527] Currency1::balanceOf(RevertHookTest: [0x7FA9385bE102ac3EAc297483Dd6233D62b3e1496]) [staticcall]
    │   └─ ← [Return] 9999800000000000000000010 [9.999e24]
    ├─ [766] V4PositionManager::nextTokenId() [staticcall]
    │   └─ ← [Return] 3
    ├─ [238971] V4PositionManager::modifyLiquidities(0x000000000000000000000000000000000000000000000000000000000000004000000000000000000000000000000000000000000000000000000000000000800000000000000000000000000000000000000000000000000000000000000004020d14140000000000000000000000000000000000000000000000000000000000000000000000000000000000000000000000000000000000000000000000040000000000000000000000000000000000000000000000000000000000000080000000000000000000000000000000000000000000000000000000000000024000000000000000000000000000000000000000000000000000000000000002a0000000000000000000000000000000000000000000000000000000000000030000000000000000000000000000000000000000000000000000000000000001a0000000000000000000000000a0cb889707d426a7a386870a03bc70d1b0697598000000000000000000000000c7183455a4c133ae270771860664b6b7ec320bb10000000000000000000000000000000000000000000000000000000000000bb8000000000000000000000000000000000000000000000000000000000000003c0000000000000000000000004444000000000000000000000000000000001dc0ffffffffffffffffffffffffffffffffffffffffffffffffffffffffffffffc4000000000000000000000000000000000000000000000000000000000000003c0000000000000000000000000000000000000000000000056bc75e2d63100000ffffffffffffffffffffffffffffffffffffffffffffffffffffffffffffffffffffffffffffffffffffffffffffffffffffffffffffffffffffffffffffffff0000000000000000000000007fa9385be102ac3eac297483dd6233d62b3e1496000000000000000000000000000000000000000000000000000000000000018000000000000000000000000000000000000000000000000000000000000000000000000000000000000000000000000000000000000000000000000000000040000000000000000000000000a0cb889707d426a7a386870a03bc70d1b0697598000000000000000000000000c7183455a4c133ae270771860664b6b7ec320bb10000000000000000000000000000000000000000000000000000000000000040000000000000000000000000a0cb889707d426a7a386870a03bc70d1b06975980000000000000000000000007fa9385be102ac3eac297483dd6233d62b3e14960000000000000000000000000000000000000000000000000000000000000040000000000000000000000000c7183455a4c133ae270771860664b6b7ec320bb10000000000000000000000007fa9385be102ac3eac297483dd6233d62b3e1496, 1)
    │   ├─ [236434] V4PoolManager::unlock(0x000000000000000000000000000000000000000000000000000000000000004000000000000000000000000000000000000000000000000000000000000000800000000000000000000000000000000000000000000000000000000000000004020d14140000000000000000000000000000000000000000000000000000000000000000000000000000000000000000000000000000000000000000000000040000000000000000000000000000000000000000000000000000000000000080000000000000000000000000000000000000000000000000000000000000024000000000000000000000000000000000000000000000000000000000000002a0000000000000000000000000000000000000000000000000000000000000030000000000000000000000000000000000000000000000000000000000000001a0000000000000000000000000a0cb889707d426a7a386870a03bc70d1b0697598000000000000000000000000c7183455a4c133ae270771860664b6b7ec320bb10000000000000000000000000000000000000000000000000000000000000bb8000000000000000000000000000000000000000000000000000000000000003c0000000000000000000000004444000000000000000000000000000000001dc0ffffffffffffffffffffffffffffffffffffffffffffffffffffffffffffffc4000000000000000000000000000000000000000000000000000000000000003c0000000000000000000000000000000000000000000000056bc75e2d63100000ffffffffffffffffffffffffffffffffffffffffffffffffffffffffffffffffffffffffffffffffffffffffffffffffffffffffffffffffffffffffffffffff0000000000000000000000007fa9385be102ac3eac297483dd6233d62b3e1496000000000000000000000000000000000000000000000000000000000000018000000000000000000000000000000000000000000000000000000000000000000000000000000000000000000000000000000000000000000000000000000040000000000000000000000000a0cb889707d426a7a386870a03bc70d1b0697598000000000000000000000000c7183455a4c133ae270771860664b6b7ec320bb10000000000000000000000000000000000000000000000000000000000000040000000000000000000000000a0cb889707d426a7a386870a03bc70d1b06975980000000000000000000000007fa9385be102ac3eac297483dd6233d62b3e14960000000000000000000000000000000000000000000000000000000000000040000000000000000000000000c7183455a4c133ae270771860664b6b7ec320bb10000000000000000000000007fa9385be102ac3eac297483dd6233d62b3e1496)
    │   │   ├─ [234298] V4PositionManager::unlockCallback(0x000000000000000000000000000000000000000000000000000000000000004000000000000000000000000000000000000000000000000000000000000000800000000000000000000000000000000000000000000000000000000000000004020d14140000000000000000000000000000000000000000000000000000000000000000000000000000000000000000000000000000000000000000000000040000000000000000000000000000000000000000000000000000000000000080000000000000000000000000000000000000000000000000000000000000024000000000000000000000000000000000000000000000000000000000000002a0000000000000000000000000000000000000000000000000000000000000030000000000000000000000000000000000000000000000000000000000000001a0000000000000000000000000a0cb889707d426a7a386870a03bc70d1b0697598000000000000000000000000c7183455a4c133ae270771860664b6b7ec320bb10000000000000000000000000000000000000000000000000000000000000bb8000000000000000000000000000000000000000000000000000000000000003c0000000000000000000000004444000000000000000000000000000000001dc0ffffffffffffffffffffffffffffffffffffffffffffffffffffffffffffffc4000000000000000000000000000000000000000000000000000000000000003c0000000000000000000000000000000000000000000000056bc75e2d63100000ffffffffffffffffffffffffffffffffffffffffffffffffffffffffffffffffffffffffffffffffffffffffffffffffffffffffffffffffffffffffffffffff0000000000000000000000007fa9385be102ac3eac297483dd6233d62b3e1496000000000000000000000000000000000000000000000000000000000000018000000000000000000000000000000000000000000000000000000000000000000000000000000000000000000000000000000000000000000000000000000040000000000000000000000000a0cb889707d426a7a386870a03bc70d1b0697598000000000000000000000000c7183455a4c133ae270771860664b6b7ec320bb10000000000000000000000000000000000000000000000000000000000000040000000000000000000000000a0cb889707d426a7a386870a03bc70d1b06975980000000000000000000000007fa9385be102ac3eac297483dd6233d62b3e14960000000000000000000000000000000000000000000000000000000000000040000000000000000000000000c7183455a4c133ae270771860664b6b7ec320bb10000000000000000000000007fa9385be102ac3eac297483dd6233d62b3e1496)
    │   │   │   ├─ emit Transfer(from: 0x0000000000000000000000000000000000000000, to: RevertHookTest: [0x7FA9385bE102ac3EAc297483Dd6233D62b3e1496], tokenId: 3)
    │   │   │   ├─ [153126] V4PoolManager::modifyLiquidity(PoolKey({ currency0: 0xa0Cb889707d426A7A386870A03bc70d1b0697598, currency1: 0xc7183455a4C133Ae270771860664b6B7ec320bB1, fee: 3000, tickSpacing: 60, hooks: 0x4444000000000000000000000000000000001Dc0 }), ModifyLiquidityParams({ tickLower: -60, tickUpper: 60, liquidityDelta: 100000000000000000000 [1e20], salt: 0x0000000000000000000000000000000000000000000000000000000000000003 }), 0x)
    │   │   │   │   ├─ [1104] 0x4444000000000000000000000000000000001Dc0::beforeAddLiquidity(V4PositionManager: [0xBf7b2e60F266C6B17044D43C4b094611A6a95710], PoolKey({ currency0: 0xa0Cb889707d426A7A386870A03bc70d1b0697598, currency1: 0xc7183455a4C133Ae270771860664b6B7ec320bB1, fee: 3000, tickSpacing: 60, hooks: 0x4444000000000000000000000000000000001Dc0 }), ModifyLiquidityParams({ tickLower: -60, tickUpper: 60, liquidityDelta: 100000000000000000000 [1e20], salt: 0x0000000000000000000000000000000000000000000000000000000000000003 }), 0x)
    │   │   │   │   │   └─ ← [Return] 0x259982e5
    │   │   │   │   ├─ emit ModifyLiquidity(id: 0x5950e06449977908989e6e8635f99f0318b032387aa6c0de05404b3120d6b67e, sender: V4PositionManager: [0xBf7b2e60F266C6B17044D43C4b094611A6a95710], tickLower: -60, tickUpper: 60, liquidityDelta: 100000000000000000000 [1e20], salt: 0x0000000000000000000000000000000000000000000000000000000000000003)
    │   │   │   │   ├─ [11885] 0x4444000000000000000000000000000000001Dc0::afterAddLiquidity(V4PositionManager: [0xBf7b2e60F266C6B17044D43C4b094611A6a95710], PoolKey({ currency0: 0xa0Cb889707d426A7A386870A03bc70d1b0697598, currency1: 0xc7183455a4C133Ae270771860664b6B7ec320bB1, fee: 3000, tickSpacing: 60, hooks: 0x4444000000000000000000000000000000001Dc0 }), ModifyLiquidityParams({ tickLower: -60, tickUpper: 60, liquidityDelta: 100000000000000000000 [1e20], salt: 0x0000000000000000000000000000000000000000000000000000000000000003 }), -101926647416568381039195916161787008249430348261024311502 [-1.019e56], 0, 0x)
    │   │   │   │   │   ├─ [3043] V4PositionManager::getPositionLiquidity(3) [staticcall]
    │   │   │   │   │   │   ├─ [375] V4PoolManager::extsload(0x7cb984fa1e93e695f9780da9f5fd538ad2034323131d9111db1fd0174e08cf1d) [staticcall]
    │   │   │   │   │   │   │   └─ ← [Return] 0x0000000000000000000000000000000000000000000000056bc75e2d63100000
    │   │   │   │   │   │   └─ ← [Return] 100000000000000000000 [1e20]
    │   │   │   │   │   └─ ← [Return] 0x9f063efc, 0
    │   │   │   │   └─ ← [Return] -101926647416568381039195916161787008249430348261024311502 [-1.019e56], 0
    │   │   │   ├─ [859] V4PoolManager::exttload(0xd27c15c2f361d6be7ab0c8fe8df1e17c14c0382c853cb85dbae0f6aef6434ec0) [staticcall]
    │   │   │   │   └─ ← [Return] 0xfffffffffffffffffffffffffffffffffffffffffffffffffbd7d60dc3ac5732
    │   │   │   ├─ [1900] V4PoolManager::sync(Currency0: [0xa0Cb889707d426A7A386870A03bc70d1b0697598])
    │   │   │   │   ├─ [527] Currency0::balanceOf(V4PoolManager: [0x526cE215C3ba0e07c7503f9E744B869E6eaE402D]) [staticcall]
    │   │   │   │   │   └─ ← [Return] 199999999999999999990 [1.999e20]
    │   │   │   │   └─ ← [Stop]
    │   │   │   ├─ [4490] Permit2::transferFrom(RevertHookTest: [0x7FA9385bE102ac3EAc297483Dd6233D62b3e1496], V4PoolManager: [0x526cE215C3ba0e07c7503f9E744B869E6eaE402D], 299535495591078094 [2.995e17], Currency0: [0xa0Cb889707d426A7A386870A03bc70d1b0697598])
    │   │   │   │   ├─ [3283] Currency0::transferFrom(RevertHookTest: [0x7FA9385bE102ac3EAc297483Dd6233D62b3e1496], V4PoolManager: [0x526cE215C3ba0e07c7503f9E744B869E6eaE402D], 299535495591078094 [2.995e17])
    │   │   │   │   │   ├─ emit Transfer(from: RevertHookTest: [0x7FA9385bE102ac3EAc297483Dd6233D62b3e1496], to: V4PoolManager: [0x526cE215C3ba0e07c7503f9E744B869E6eaE402D], value: 299535495591078094 [2.995e17])
    │   │   │   │   │   └─ ← [Return] true
    │   │   │   │   └─ ← [Return]
    │   │   │   ├─ [2501] V4PoolManager::settle()
    │   │   │   │   ├─ [527] Currency0::balanceOf(V4PoolManager: [0x526cE215C3ba0e07c7503f9E744B869E6eaE402D]) [staticcall]
    │   │   │   │   │   └─ ← [Return] 200299535495591078084 [2.002e20]
    │   │   │   │   └─ ← [Return] 299535495591078094 [2.995e17]
    │   │   │   ├─ [859] V4PoolManager::exttload(0x8ce86d013d3d1037dc8d977754e0e42ccb0463896219901d103ff95904d46b9e) [staticcall]
    │   │   │   │   └─ ← [Return] 0xfffffffffffffffffffffffffffffffffffffffffffffffffbd7d60dc3ac5732
    │   │   │   ├─ [1900] V4PoolManager::sync(Currency1: [0xc7183455a4C133Ae270771860664b6B7ec320bB1])
    │   │   │   │   ├─ [527] Currency1::balanceOf(V4PoolManager: [0x526cE215C3ba0e07c7503f9E744B869E6eaE402D]) [staticcall]
    │   │   │   │   │   └─ ← [Return] 199999999999999999990 [1.999e20]
    │   │   │   │   └─ ← [Stop]
    │   │   │   ├─ [4490] Permit2::transferFrom(RevertHookTest: [0x7FA9385bE102ac3EAc297483Dd6233D62b3e1496], V4PoolManager: [0x526cE215C3ba0e07c7503f9E744B869E6eaE402D], 299535495591078094 [2.995e17], Currency1: [0xc7183455a4C133Ae270771860664b6B7ec320bB1])
    │   │   │   │   ├─ [3283] Currency1::transferFrom(RevertHookTest: [0x7FA9385bE102ac3EAc297483Dd6233D62b3e1496], V4PoolManager: [0x526cE215C3ba0e07c7503f9E744B869E6eaE402D], 299535495591078094 [2.995e17])
    │   │   │   │   │   ├─ emit Transfer(from: RevertHookTest: [0x7FA9385bE102ac3EAc297483Dd6233D62b3e1496], to: V4PoolManager: [0x526cE215C3ba0e07c7503f9E744B869E6eaE402D], value: 299535495591078094 [2.995e17])
    │   │   │   │   │   └─ ← [Return] true
    │   │   │   │   └─ ← [Return]
    │   │   │   ├─ [2501] V4PoolManager::settle()
    │   │   │   │   ├─ [527] Currency1::balanceOf(V4PoolManager: [0x526cE215C3ba0e07c7503f9E744B869E6eaE402D]) [staticcall]
    │   │   │   │   │   └─ ← [Return] 200299535495591078084 [2.002e20]
    │   │   │   │   └─ ← [Return] 299535495591078094 [2.995e17]
    │   │   │   ├─ [527] Currency0::balanceOf(V4PositionManager: [0xBf7b2e60F266C6B17044D43C4b094611A6a95710]) [staticcall]
    │   │   │   │   └─ ← [Return] 0
    │   │   │   ├─ [527] Currency1::balanceOf(V4PositionManager: [0xBf7b2e60F266C6B17044D43C4b094611A6a95710]) [staticcall]
    │   │   │   │   └─ ← [Return] 0
    │   │   │   └─ ← [Return] 0x
    │   │   └─ ← [Return] 0x
    │   └─ ← [Stop]
    ├─ [527] Currency0::balanceOf(RevertHookTest: [0x7FA9385bE102ac3EAc297483Dd6233D62b3e1496]) [staticcall]
    │   └─ ← [Return] 9999799700464504408921916 [9.999e24]
    ├─ [527] Currency1::balanceOf(RevertHookTest: [0x7FA9385bE102ac3EAc297483Dd6233D62b3e1496]) [staticcall]
    │   └─ ← [Return] 9999799700464504408921916 [9.999e24]
    ├─ [527] Currency0::balanceOf(RevertHookTest: [0x7FA9385bE102ac3EAc297483Dd6233D62b3e1496]) [staticcall]
    │   └─ ← [Return] 9999799700464504408921916 [9.999e24]
    ├─ [527] Currency1::balanceOf(RevertHookTest: [0x7FA9385bE102ac3EAc297483Dd6233D62b3e1496]) [staticcall]
    │   └─ ← [Return] 9999799700464504408921916 [9.999e24]
    ├─ [766] V4PositionManager::nextTokenId() [staticcall]
    │   └─ ← [Return] 4
    ├─ [141579] V4PositionManager::modifyLiquidities(0x000000000000000000000000000000000000000000000000000000000000004000000000000000000000000000000000000000000000000000000000000000800000000000000000000000000000000000000000000000000000000000000004020d14140000000000000000000000000000000000000000000000000000000000000000000000000000000000000000000000000000000000000000000000040000000000000000000000000000000000000000000000000000000000000080000000000000000000000000000000000000000000000000000000000000024000000000000000000000000000000000000000000000000000000000000002a0000000000000000000000000000000000000000000000000000000000000030000000000000000000000000000000000000000000000000000000000000001a0000000000000000000000000a0cb889707d426a7a386870a03bc70d1b0697598000000000000000000000000c7183455a4c133ae270771860664b6b7ec320bb10000000000000000000000000000000000000000000000000000000000000bb8000000000000000000000000000000000000000000000000000000000000003c0000000000000000000000004444000000000000000000000000000000001dc0ffffffffffffffffffffffffffffffffffffffffffffffffffffffffffffffc4000000000000000000000000000000000000000000000000000000000000003c0000000000000000000000000000000000000000000000008ac7230489e80000ffffffffffffffffffffffffffffffffffffffffffffffffffffffffffffffffffffffffffffffffffffffffffffffffffffffffffffffffffffffffffffffff0000000000000000000000007fa9385be102ac3eac297483dd6233d62b3e1496000000000000000000000000000000000000000000000000000000000000018000000000000000000000000000000000000000000000000000000000000000000000000000000000000000000000000000000000000000000000000000000040000000000000000000000000a0cb889707d426a7a386870a03bc70d1b0697598000000000000000000000000c7183455a4c133ae270771860664b6b7ec320bb10000000000000000000000000000000000000000000000000000000000000040000000000000000000000000a0cb889707d426a7a386870a03bc70d1b06975980000000000000000000000007fa9385be102ac3eac297483dd6233d62b3e14960000000000000000000000000000000000000000000000000000000000000040000000000000000000000000c7183455a4c133ae270771860664b6b7ec320bb10000000000000000000000007fa9385be102ac3eac297483dd6233d62b3e1496, 1)
    │   ├─ [139042] V4PoolManager::unlock(0x000000000000000000000000000000000000000000000000000000000000004000000000000000000000000000000000000000000000000000000000000000800000000000000000000000000000000000000000000000000000000000000004020d14140000000000000000000000000000000000000000000000000000000000000000000000000000000000000000000000000000000000000000000000040000000000000000000000000000000000000000000000000000000000000080000000000000000000000000000000000000000000000000000000000000024000000000000000000000000000000000000000000000000000000000000002a0000000000000000000000000000000000000000000000000000000000000030000000000000000000000000000000000000000000000000000000000000001a0000000000000000000000000a0cb889707d426a7a386870a03bc70d1b0697598000000000000000000000000c7183455a4c133ae270771860664b6b7ec320bb10000000000000000000000000000000000000000000000000000000000000bb8000000000000000000000000000000000000000000000000000000000000003c0000000000000000000000004444000000000000000000000000000000001dc0ffffffffffffffffffffffffffffffffffffffffffffffffffffffffffffffc4000000000000000000000000000000000000000000000000000000000000003c0000000000000000000000000000000000000000000000008ac7230489e80000ffffffffffffffffffffffffffffffffffffffffffffffffffffffffffffffffffffffffffffffffffffffffffffffffffffffffffffffffffffffffffffffff0000000000000000000000007fa9385be102ac3eac297483dd6233d62b3e1496000000000000000000000000000000000000000000000000000000000000018000000000000000000000000000000000000000000000000000000000000000000000000000000000000000000000000000000000000000000000000000000040000000000000000000000000a0cb889707d426a7a386870a03bc70d1b0697598000000000000000000000000c7183455a4c133ae270771860664b6b7ec320bb10000000000000000000000000000000000000000000000000000000000000040000000000000000000000000a0cb889707d426a7a386870a03bc70d1b06975980000000000000000000000007fa9385be102ac3eac297483dd6233d62b3e14960000000000000000000000000000000000000000000000000000000000000040000000000000000000000000c7183455a4c133ae270771860664b6b7ec320bb10000000000000000000000007fa9385be102ac3eac297483dd6233d62b3e1496)
    │   │   ├─ [136906] V4PositionManager::unlockCallback(0x000000000000000000000000000000000000000000000000000000000000004000000000000000000000000000000000000000000000000000000000000000800000000000000000000000000000000000000000000000000000000000000004020d14140000000000000000000000000000000000000000000000000000000000000000000000000000000000000000000000000000000000000000000000040000000000000000000000000000000000000000000000000000000000000080000000000000000000000000000000000000000000000000000000000000024000000000000000000000000000000000000000000000000000000000000002a0000000000000000000000000000000000000000000000000000000000000030000000000000000000000000000000000000000000000000000000000000001a0000000000000000000000000a0cb889707d426a7a386870a03bc70d1b0697598000000000000000000000000c7183455a4c133ae270771860664b6b7ec320bb10000000000000000000000000000000000000000000000000000000000000bb8000000000000000000000000000000000000000000000000000000000000003c0000000000000000000000004444000000000000000000000000000000001dc0ffffffffffffffffffffffffffffffffffffffffffffffffffffffffffffffc4000000000000000000000000000000000000000000000000000000000000003c0000000000000000000000000000000000000000000000008ac7230489e80000ffffffffffffffffffffffffffffffffffffffffffffffffffffffffffffffffffffffffffffffffffffffffffffffffffffffffffffffffffffffffffffffff0000000000000000000000007fa9385be102ac3eac297483dd6233d62b3e1496000000000000000000000000000000000000000000000000000000000000018000000000000000000000000000000000000000000000000000000000000000000000000000000000000000000000000000000000000000000000000000000040000000000000000000000000a0cb889707d426a7a386870a03bc70d1b0697598000000000000000000000000c7183455a4c133ae270771860664b6b7ec320bb10000000000000000000000000000000000000000000000000000000000000040000000000000000000000000a0cb889707d426a7a386870a03bc70d1b06975980000000000000000000000007fa9385be102ac3eac297483dd6233d62b3e14960000000000000000000000000000000000000000000000000000000000000040000000000000000000000000c7183455a4c133ae270771860664b6b7ec320bb10000000000000000000000007fa9385be102ac3eac297483dd6233d62b3e1496)
    │   │   │   ├─ emit Transfer(from: 0x0000000000000000000000000000000000000000, to: RevertHookTest: [0x7FA9385bE102ac3EAc297483Dd6233D62b3e1496], tokenId: 4)
    │   │   │   ├─ [55734] V4PoolManager::modifyLiquidity(PoolKey({ currency0: 0xa0Cb889707d426A7A386870A03bc70d1b0697598, currency1: 0xc7183455a4C133Ae270771860664b6B7ec320bB1, fee: 3000, tickSpacing: 60, hooks: 0x4444000000000000000000000000000000001Dc0 }), ModifyLiquidityParams({ tickLower: -60, tickUpper: 60, liquidityDelta: 10000000000000000000 [1e19], salt: 0x0000000000000000000000000000000000000000000000000000000000000004 }), 0x)
    │   │   │   │   ├─ [1104] 0x4444000000000000000000000000000000001Dc0::beforeAddLiquidity(V4PositionManager: [0xBf7b2e60F266C6B17044D43C4b094611A6a95710], PoolKey({ currency0: 0xa0Cb889707d426A7A386870A03bc70d1b0697598, currency1: 0xc7183455a4C133Ae270771860664b6B7ec320bB1, fee: 3000, tickSpacing: 60, hooks: 0x4444000000000000000000000000000000001Dc0 }), ModifyLiquidityParams({ tickLower: -60, tickUpper: 60, liquidityDelta: 10000000000000000000 [1e19], salt: 0x0000000000000000000000000000000000000000000000000000000000000004 }), 0x)
    │   │   │   │   │   └─ ← [Return] 0x259982e5
    │   │   │   │   ├─ emit ModifyLiquidity(id: 0x5950e06449977908989e6e8635f99f0318b032387aa6c0de05404b3120d6b67e, sender: V4PositionManager: [0xBf7b2e60F266C6B17044D43C4b094611A6a95710], tickLower: -60, tickUpper: 60, liquidityDelta: 10000000000000000000 [1e19], salt: 0x0000000000000000000000000000000000000000000000000000000000000004)
    │   │   │   │   ├─ [11885] 0x4444000000000000000000000000000000001Dc0::afterAddLiquidity(V4PositionManager: [0xBf7b2e60F266C6B17044D43C4b094611A6a95710], PoolKey({ currency0: 0xa0Cb889707d426A7A386870A03bc70d1b0697598, currency1: 0xc7183455a4C133Ae270771860664b6B7ec320bB1, fee: 3000, tickSpacing: 60, hooks: 0x4444000000000000000000000000000000001Dc0 }), ModifyLiquidityParams({ tickLower: -60, tickUpper: 60, liquidityDelta: 10000000000000000000 [1e19], salt: 0x0000000000000000000000000000000000000000000000000000000000000004 }), -10192664741656838001834881539897161785930652596571967714 [-1.019e55], 0, 0x)
    │   │   │   │   │   ├─ [3043] V4PositionManager::getPositionLiquidity(4) [staticcall]
    │   │   │   │   │   │   ├─ [375] V4PoolManager::extsload(0x413520179bb6bdbaa5bf65309ccf941c7213470134591cf6a5a7bc65abe223f0) [staticcall]
    │   │   │   │   │   │   │   └─ ← [Return] 0x0000000000000000000000000000000000000000000000008ac7230489e80000
    │   │   │   │   │   │   └─ ← [Return] 10000000000000000000 [1e19]
    │   │   │   │   │   └─ ← [Return] 0x9f063efc, 0
    │   │   │   │   └─ ← [Return] -10192664741656838001834881539897161785930652596571967714 [-1.019e55], 0
    │   │   │   ├─ [859] V4PoolManager::exttload(0xd27c15c2f361d6be7ab0c8fe8df1e17c14c0382c853cb85dbae0f6aef6434ec0) [staticcall]
    │   │   │   │   └─ ← [Return] 0xffffffffffffffffffffffffffffffffffffffffffffffffff959567c6c46f1e
    │   │   │   ├─ [1900] V4PoolManager::sync(Currency0: [0xa0Cb889707d426A7A386870A03bc70d1b0697598])
    │   │   │   │   ├─ [527] Currency0::balanceOf(V4PoolManager: [0x526cE215C3ba0e07c7503f9E744B869E6eaE402D]) [staticcall]
    │   │   │   │   │   └─ ← [Return] 200299535495591078084 [2.002e20]
    │   │   │   │   └─ ← [Stop]
    │   │   │   ├─ [4490] Permit2::transferFrom(RevertHookTest: [0x7FA9385bE102ac3EAc297483Dd6233D62b3e1496], V4PoolManager: [0x526cE215C3ba0e07c7503f9E744B869E6eaE402D], 29953549559107810 [2.995e16], Currency0: [0xa0Cb889707d426A7A386870A03bc70d1b0697598])
    │   │   │   │   ├─ [3283] Currency0::transferFrom(RevertHookTest: [0x7FA9385bE102ac3EAc297483Dd6233D62b3e1496], V4PoolManager: [0x526cE215C3ba0e07c7503f9E744B869E6eaE402D], 29953549559107810 [2.995e16])
    │   │   │   │   │   ├─ emit Transfer(from: RevertHookTest: [0x7FA9385bE102ac3EAc297483Dd6233D62b3e1496], to: V4PoolManager: [0x526cE215C3ba0e07c7503f9E744B869E6eaE402D], value: 29953549559107810 [2.995e16])
    │   │   │   │   │   └─ ← [Return] true
    │   │   │   │   └─ ← [Return]
    │   │   │   ├─ [2501] V4PoolManager::settle()
    │   │   │   │   ├─ [527] Currency0::balanceOf(V4PoolManager: [0x526cE215C3ba0e07c7503f9E744B869E6eaE402D]) [staticcall]
    │   │   │   │   │   └─ ← [Return] 200329489045150185894 [2.003e20]
    │   │   │   │   └─ ← [Return] 29953549559107810 [2.995e16]
    │   │   │   ├─ [859] V4PoolManager::exttload(0x8ce86d013d3d1037dc8d977754e0e42ccb0463896219901d103ff95904d46b9e) [staticcall]
    │   │   │   │   └─ ← [Return] 0xffffffffffffffffffffffffffffffffffffffffffffffffff959567c6c46f1e
    │   │   │   ├─ [1900] V4PoolManager::sync(Currency1: [0xc7183455a4C133Ae270771860664b6B7ec320bB1])
    │   │   │   │   ├─ [527] Currency1::balanceOf(V4PoolManager: [0x526cE215C3ba0e07c7503f9E744B869E6eaE402D]) [staticcall]
    │   │   │   │   │   └─ ← [Return] 200299535495591078084 [2.002e20]
    │   │   │   │   └─ ← [Stop]
    │   │   │   ├─ [4490] Permit2::transferFrom(RevertHookTest: [0x7FA9385bE102ac3EAc297483Dd6233D62b3e1496], V4PoolManager: [0x526cE215C3ba0e07c7503f9E744B869E6eaE402D], 29953549559107810 [2.995e16], Currency1: [0xc7183455a4C133Ae270771860664b6B7ec320bB1])
    │   │   │   │   ├─ [3283] Currency1::transferFrom(RevertHookTest: [0x7FA9385bE102ac3EAc297483Dd6233D62b3e1496], V4PoolManager: [0x526cE215C3ba0e07c7503f9E744B869E6eaE402D], 29953549559107810 [2.995e16])
    │   │   │   │   │   ├─ emit Transfer(from: RevertHookTest: [0x7FA9385bE102ac3EAc297483Dd6233D62b3e1496], to: V4PoolManager: [0x526cE215C3ba0e07c7503f9E744B869E6eaE402D], value: 29953549559107810 [2.995e16])
    │   │   │   │   │   └─ ← [Return] true
    │   │   │   │   └─ ← [Return]
    │   │   │   ├─ [2501] V4PoolManager::settle()
    │   │   │   │   ├─ [527] Currency1::balanceOf(V4PoolManager: [0x526cE215C3ba0e07c7503f9E744B869E6eaE402D]) [staticcall]
    │   │   │   │   │   └─ ← [Return] 200329489045150185894 [2.003e20]
    │   │   │   │   └─ ← [Return] 29953549559107810 [2.995e16]
    │   │   │   ├─ [527] Currency0::balanceOf(V4PositionManager: [0xBf7b2e60F266C6B17044D43C4b094611A6a95710]) [staticcall]
    │   │   │   │   └─ ← [Return] 0
    │   │   │   ├─ [527] Currency1::balanceOf(V4PositionManager: [0xBf7b2e60F266C6B17044D43C4b094611A6a95710]) [staticcall]
    │   │   │   │   └─ ← [Return] 0
    │   │   │   └─ ← [Return] 0x
    │   │   └─ ← [Return] 0x
    │   └─ ← [Stop]
    ├─ [527] Currency0::balanceOf(RevertHookTest: [0x7FA9385bE102ac3EAc297483Dd6233D62b3e1496]) [staticcall]
    │   └─ ← [Return] 9999799670510954849814106 [9.999e24]
    ├─ [527] Currency1::balanceOf(RevertHookTest: [0x7FA9385bE102ac3EAc297483Dd6233D62b3e1496]) [staticcall]
    │   └─ ← [Return] 9999799670510954849814106 [9.999e24]
    └─ ← [Stop]

  [1336755] RevertHookTest::testBasicAutoLend()
    ├─ [2527] Currency0::balanceOf(RevertHookTest: [0x7FA9385bE102ac3EAc297483Dd6233D62b3e1496]) [staticcall]
    │   └─ ← [Return] 9999799670510954849814106 [9.999e24]
    ├─ [2527] Currency1::balanceOf(RevertHookTest: [0x7FA9385bE102ac3EAc297483Dd6233D62b3e1496]) [staticcall]
    │   └─ ← [Return] 9999799670510954849814106 [9.999e24]
    ├─ [2766] V4PositionManager::nextTokenId() [staticcall]
    │   └─ ← [Return] 5
    ├─ [218279] V4PositionManager::modifyLiquidities(0x000000000000000000000000000000000000000000000000000000000000004000000000000000000000000000000000000000000000000000000000000000800000000000000000000000000000000000000000000000000000000000000004020d14140000000000000000000000000000000000000000000000000000000000000000000000000000000000000000000000000000000000000000000000040000000000000000000000000000000000000000000000000000000000000080000000000000000000000000000000000000000000000000000000000000024000000000000000000000000000000000000000000000000000000000000002a0000000000000000000000000000000000000000000000000000000000000030000000000000000000000000000000000000000000000000000000000000001a0000000000000000000000000a0cb889707d426a7a386870a03bc70d1b0697598000000000000000000000000c7183455a4c133ae270771860664b6b7ec320bb10000000000000000000000000000000000000000000000000000000000000bb8000000000000000000000000000000000000000000000000000000000000003c0000000000000000000000004444000000000000000000000000000000001dc0ffffffffffffffffffffffffffffffffffffffffffffffffffffffffffffffc4000000000000000000000000000000000000000000000000000000000000003c000000000000000000000000000000000000000000000002b5e3af16b1880000000000000000000000000000000000000000000000000000021414f91e29d467000000000000000000000000000000000000000000000000021414f91e29d4670000000000000000000000007fa9385be102ac3eac297483dd6233d62b3e1496000000000000000000000000000000000000000000000000000000000000018000000000000000000000000000000000000000000000000000000000000000000000000000000000000000000000000000000000000000000000000000000040000000000000000000000000a0cb889707d426a7a386870a03bc70d1b0697598000000000000000000000000c7183455a4c133ae270771860664b6b7ec320bb10000000000000000000000000000000000000000000000000000000000000040000000000000000000000000a0cb889707d426a7a386870a03bc70d1b06975980000000000000000000000007fa9385be102ac3eac297483dd6233d62b3e14960000000000000000000000000000000000000000000000000000000000000040000000000000000000000000c7183455a4c133ae270771860664b6b7ec320bb10000000000000000000000007fa9385be102ac3eac297483dd6233d62b3e1496, 1)
    │   ├─ [213242] V4PoolManager::unlock(0x000000000000000000000000000000000000000000000000000000000000004000000000000000000000000000000000000000000000000000000000000000800000000000000000000000000000000000000000000000000000000000000004020d14140000000000000000000000000000000000000000000000000000000000000000000000000000000000000000000000000000000000000000000000040000000000000000000000000000000000000000000000000000000000000080000000000000000000000000000000000000000000000000000000000000024000000000000000000000000000000000000000000000000000000000000002a0000000000000000000000000000000000000000000000000000000000000030000000000000000000000000000000000000000000000000000000000000001a0000000000000000000000000a0cb889707d426a7a386870a03bc70d1b0697598000000000000000000000000c7183455a4c133ae270771860664b6b7ec320bb10000000000000000000000000000000000000000000000000000000000000bb8000000000000000000000000000000000000000000000000000000000000003c0000000000000000000000004444000000000000000000000000000000001dc0ffffffffffffffffffffffffffffffffffffffffffffffffffffffffffffffc4000000000000000000000000000000000000000000000000000000000000003c000000000000000000000000000000000000000000000002b5e3af16b1880000000000000000000000000000000000000000000000000000021414f91e29d467000000000000000000000000000000000000000000000000021414f91e29d4670000000000000000000000007fa9385be102ac3eac297483dd6233d62b3e1496000000000000000000000000000000000000000000000000000000000000018000000000000000000000000000000000000000000000000000000000000000000000000000000000000000000000000000000000000000000000000000000040000000000000000000000000a0cb889707d426a7a386870a03bc70d1b0697598000000000000000000000000c7183455a4c133ae270771860664b6b7ec320bb10000000000000000000000000000000000000000000000000000000000000040000000000000000000000000a0cb889707d426a7a386870a03bc70d1b06975980000000000000000000000007fa9385be102ac3eac297483dd6233d62b3e14960000000000000000000000000000000000000000000000000000000000000040000000000000000000000000c7183455a4c133ae270771860664b6b7ec320bb10000000000000000000000007fa9385be102ac3eac297483dd6233d62b3e1496)
    │   │   ├─ [211106] V4PositionManager::unlockCallback(0x000000000000000000000000000000000000000000000000000000000000004000000000000000000000000000000000000000000000000000000000000000800000000000000000000000000000000000000000000000000000000000000004020d14140000000000000000000000000000000000000000000000000000000000000000000000000000000000000000000000000000000000000000000000040000000000000000000000000000000000000000000000000000000000000080000000000000000000000000000000000000000000000000000000000000024000000000000000000000000000000000000000000000000000000000000002a0000000000000000000000000000000000000000000000000000000000000030000000000000000000000000000000000000000000000000000000000000001a0000000000000000000000000a0cb889707d426a7a386870a03bc70d1b0697598000000000000000000000000c7183455a4c133ae270771860664b6b7ec320bb10000000000000000000000000000000000000000000000000000000000000bb8000000000000000000000000000000000000000000000000000000000000003c0000000000000000000000004444000000000000000000000000000000001dc0ffffffffffffffffffffffffffffffffffffffffffffffffffffffffffffffc4000000000000000000000000000000000000000000000000000000000000003c000000000000000000000000000000000000000000000002b5e3af16b1880000000000000000000000000000000000000000000000000000021414f91e29d467000000000000000000000000000000000000000000000000021414f91e29d4670000000000000000000000007fa9385be102ac3eac297483dd6233d62b3e1496000000000000000000000000000000000000000000000000000000000000018000000000000000000000000000000000000000000000000000000000000000000000000000000000000000000000000000000000000000000000000000000040000000000000000000000000a0cb889707d426a7a386870a03bc70d1b0697598000000000000000000000000c7183455a4c133ae270771860664b6b7ec320bb10000000000000000000000000000000000000000000000000000000000000040000000000000000000000000a0cb889707d426a7a386870a03bc70d1b06975980000000000000000000000007fa9385be102ac3eac297483dd6233d62b3e14960000000000000000000000000000000000000000000000000000000000000040000000000000000000000000c7183455a4c133ae270771860664b6b7ec320bb10000000000000000000000007fa9385be102ac3eac297483dd6233d62b3e1496)
    │   │   │   ├─ emit Transfer(from: 0x0000000000000000000000000000000000000000, to: RevertHookTest: [0x7FA9385bE102ac3EAc297483Dd6233D62b3e1496], tokenId: 5)
    │   │   │   ├─ [90634] V4PoolManager::modifyLiquidity(PoolKey({ currency0: 0xa0Cb889707d426A7A386870A03bc70d1b0697598, currency1: 0xc7183455a4C133Ae270771860664b6B7ec320bB1, fee: 3000, tickSpacing: 60, hooks: 0x4444000000000000000000000000000000001Dc0 }), ModifyLiquidityParams({ tickLower: -60, tickUpper: 60, liquidityDelta: 50000000000000000000 [5e19], salt: 0x0000000000000000000000000000000000000000000000000000000000000005 }), 0x)
    │   │   │   │   ├─ [1104] 0x4444000000000000000000000000000000001Dc0::beforeAddLiquidity(V4PositionManager: [0xBf7b2e60F266C6B17044D43C4b094611A6a95710], PoolKey({ currency0: 0xa0Cb889707d426A7A386870A03bc70d1b0697598, currency1: 0xc7183455a4C133Ae270771860664b6B7ec320bB1, fee: 3000, tickSpacing: 60, hooks: 0x4444000000000000000000000000000000001Dc0 }), ModifyLiquidityParams({ tickLower: -60, tickUpper: 60, liquidityDelta: 50000000000000000000 [5e19], salt: 0x0000000000000000000000000000000000000000000000000000000000000005 }), 0x)
    │   │   │   │   │   └─ ← [Return] 0x259982e5
    │   │   │   │   ├─ emit ModifyLiquidity(id: 0x5950e06449977908989e6e8635f99f0318b032387aa6c0de05404b3120d6b67e, sender: V4PositionManager: [0xBf7b2e60F266C6B17044D43C4b094611A6a95710], tickLower: -60, tickUpper: 60, liquidityDelta: 50000000000000000000 [5e19], salt: 0x0000000000000000000000000000000000000000000000000000000000000005)
    │   │   │   │   ├─ [15885] 0x4444000000000000000000000000000000001Dc0::afterAddLiquidity(V4PositionManager: [0xBf7b2e60F266C6B17044D43C4b094611A6a95710], PoolKey({ currency0: 0xa0Cb889707d426A7A386870A03bc70d1b0697598, currency1: 0xc7183455a4C133Ae270771860664b6B7ec320bB1, fee: 3000, tickSpacing: 60, hooks: 0x4444000000000000000000000000000000001Dc0 }), ModifyLiquidityParams({ tickLower: -60, tickUpper: 60, liquidityDelta: 50000000000000000000 [5e19], salt: 0x0000000000000000000000000000000000000000000000000000000000000005 }), -50963323708284190349456774620424272393027870414628050023 [-5.096e55], 0, 0x)
    │   │   │   │   │   ├─ [7043] V4PositionManager::getPositionLiquidity(5) [staticcall]
    │   │   │   │   │   │   ├─ [375] V4PoolManager::extsload(0xef2293ffb68f3124664f15f86ebb815185630451568d23b7036aa2b665e19b6c) [staticcall]
    │   │   │   │   │   │   │   └─ ← [Return] 0x000000000000000000000000000000000000000000000002b5e3af16b1880000
    │   │   │   │   │   │   └─ ← [Return] 50000000000000000000 [5e19]
    │   │   │   │   │   └─ ← [Return] 0x9f063efc, 0
    │   │   │   │   └─ ← [Return] -50963323708284190349456774620424272393027870414628050023 [-5.096e55], 0
    │   │   │   ├─ [859] V4PoolManager::exttload(0xd27c15c2f361d6be7ab0c8fe8df1e17c14c0382c853cb85dbae0f6aef6434ec0) [staticcall]
    │   │   │   │   └─ ← [Return] 0xfffffffffffffffffffffffffffffffffffffffffffffffffdebeb06e1d62b99
    │   │   │   ├─ [3900] V4PoolManager::sync(Currency0: [0xa0Cb889707d426A7A386870A03bc70d1b0697598])
    │   │   │   │   ├─ [2527] Currency0::balanceOf(V4PoolManager: [0x526cE215C3ba0e07c7503f9E744B869E6eaE402D]) [staticcall]
    │   │   │   │   │   └─ ← [Return] 200329489045150185894 [2.003e20]
    │   │   │   │   └─ ← [Stop]
    │   │   │   ├─ [14090] Permit2::transferFrom(RevertHookTest: [0x7FA9385bE102ac3EAc297483Dd6233D62b3e1496], V4PoolManager: [0x526cE215C3ba0e07c7503f9E744B869E6eaE402D], 149767747795539047 [1.497e17], Currency0: [0xa0Cb889707d426A7A386870A03bc70d1b0697598])
    │   │   │   │   ├─ [10883] Currency0::transferFrom(RevertHookTest: [0x7FA9385bE102ac3EAc297483Dd6233D62b3e1496], V4PoolManager: [0x526cE215C3ba0e07c7503f9E744B869E6eaE402D], 149767747795539047 [1.497e17])
    │   │   │   │   │   ├─ emit Transfer(from: RevertHookTest: [0x7FA9385bE102ac3EAc297483Dd6233D62b3e1496], to: V4PoolManager: [0x526cE215C3ba0e07c7503f9E744B869E6eaE402D], value: 149767747795539047 [1.497e17])
    │   │   │   │   │   └─ ← [Return] true
    │   │   │   │   └─ ← [Return]
    │   │   │   ├─ [2501] V4PoolManager::settle()
    │   │   │   │   ├─ [527] Currency0::balanceOf(V4PoolManager: [0x526cE215C3ba0e07c7503f9E744B869E6eaE402D]) [staticcall]
    │   │   │   │   │   └─ ← [Return] 200479256792945724941 [2.004e20]
    │   │   │   │   └─ ← [Return] 149767747795539047 [1.497e17]
    │   │   │   ├─ [859] V4PoolManager::exttload(0x8ce86d013d3d1037dc8d977754e0e42ccb0463896219901d103ff95904d46b9e) [staticcall]
    │   │   │   │   └─ ← [Return] 0xfffffffffffffffffffffffffffffffffffffffffffffffffdebeb06e1d62b99
    │   │   │   ├─ [3900] V4PoolManager::sync(Currency1: [0xc7183455a4C133Ae270771860664b6B7ec320bB1])
    │   │   │   │   ├─ [2527] Currency1::balanceOf(V4PoolManager: [0x526cE215C3ba0e07c7503f9E744B869E6eaE402D]) [staticcall]
    │   │   │   │   │   └─ ← [Return] 200329489045150185894 [2.003e20]
    │   │   │   │   └─ ← [Stop]
    │   │   │   ├─ [14090] Permit2::transferFrom(RevertHookTest: [0x7FA9385bE102ac3EAc297483Dd6233D62b3e1496], V4PoolManager: [0x526cE215C3ba0e07c7503f9E744B869E6eaE402D], 149767747795539047 [1.497e17], Currency1: [0xc7183455a4C133Ae270771860664b6B7ec320bB1])
    │   │   │   │   ├─ [10883] Currency1::transferFrom(RevertHookTest: [0x7FA9385bE102ac3EAc297483Dd6233D62b3e1496], V4PoolManager: [0x526cE215C3ba0e07c7503f9E744B869E6eaE402D], 149767747795539047 [1.497e17])
    │   │   │   │   │   ├─ emit Transfer(from: RevertHookTest: [0x7FA9385bE102ac3EAc297483Dd6233D62b3e1496], to: V4PoolManager: [0x526cE215C3ba0e07c7503f9E744B869E6eaE402D], value: 149767747795539047 [1.497e17])
    │   │   │   │   │   └─ ← [Return] true
    │   │   │   │   └─ ← [Return]
    │   │   │   ├─ [2501] V4PoolManager::settle()
    │   │   │   │   ├─ [527] Currency1::balanceOf(V4PoolManager: [0x526cE215C3ba0e07c7503f9E744B869E6eaE402D]) [staticcall]
    │   │   │   │   │   └─ ← [Return] 200479256792945724941 [2.004e20]
    │   │   │   │   └─ ← [Return] 149767747795539047 [1.497e17]
    │   │   │   ├─ [2527] Currency0::balanceOf(V4PositionManager: [0xBf7b2e60F266C6B17044D43C4b094611A6a95710]) [staticcall]
    │   │   │   │   └─ ← [Return] 0
    │   │   │   ├─ [2527] Currency1::balanceOf(V4PositionManager: [0xBf7b2e60F266C6B17044D43C4b094611A6a95710]) [staticcall]
    │   │   │   │   └─ ← [Return] 0
    │   │   │   └─ ← [Return] 0x
    │   │   └─ ← [Return] 0x
    │   └─ ← [Stop]
    ├─ [527] Currency0::balanceOf(RevertHookTest: [0x7FA9385bE102ac3EAc297483Dd6233D62b3e1496]) [staticcall]
    │   └─ ← [Return] 9999799520743207054275059 [9.999e24]
    ├─ [527] Currency1::balanceOf(RevertHookTest: [0x7FA9385bE102ac3EAc297483Dd6233D62b3e1496]) [staticcall]
    │   └─ ← [Return] 9999799520743207054275059 [9.999e24]
    ├─ [222395] 0x4444000000000000000000000000000000001Dc0::setPositionConfig(5, PositionConfig({ mode: 4, autoExitTickLower: 0, autoExitTickUpper: 0, autoExitSwapLower: false, autoExitSwapUpper: false, autoRangeLowerLimit: 0, autoRangeUpperLimit: 0, autoRangeLowerDelta: 0, autoRangeUpperDelta: 0, swapPoolFee: 3000, swapPoolTickSpacing: 60, swapPoolHooks: 0x0000000000000000000000000000000000000000 }))
    │   ├─ [899] V4PositionManager::ownerOf(5) [staticcall]
    │   │   └─ ← [Return] RevertHookTest: [0x7FA9385bE102ac3EAc297483Dd6233D62b3e1496]
    │   ├─ [1938] V4PositionManager::getPoolAndPositionInfo(5) [staticcall]
    │   │   └─ ← [Return] PoolKey({ currency0: 0xa0Cb889707d426A7A386870A03bc70d1b0697598, currency1: 0xc7183455a4C133Ae270771860664b6B7ec320bB1, fee: 3000, tickSpacing: 60, hooks: 0x4444000000000000000000000000000000001Dc0 }), 40398739984019436695250802187844262742079158944778142530579745761843948274688 [4.039e76]
    │   ├─ [3043] V4PositionManager::getPositionLiquidity(5) [staticcall]
    │   │   ├─ [375] V4PoolManager::extsload(0xef2293ffb68f3124664f15f86ebb815185630451568d23b7036aa2b665e19b6c) [staticcall]
    │   │   │   └─ ← [Return] 0x000000000000000000000000000000000000000000000002b5e3af16b1880000
    │   │   └─ ← [Return] 50000000000000000000 [5e19]
    │   ├─ emit SetPositionConfig(tokenId: 5, positionConfig: PositionConfig({ mode: 4, autoExitTickLower: 0, autoExitTickUpper: 0, autoExitSwapLower: false, autoExitSwapUpper: false, autoRangeLowerLimit: 0, autoRangeUpperLimit: 0, autoRangeLowerDelta: 0, autoRangeUpperDelta: 0, swapPoolFee: 3000, swapPoolTickSpacing: 60, swapPoolHooks: 0x0000000000000000000000000000000000000000 }))
    │   └─ ← [Stop]
    ├─ [24704] V4PositionManager::approve(0x4444000000000000000000000000000000001Dc0, 5)
    │   ├─ emit Approval(owner: RevertHookTest: [0x7FA9385bE102ac3EAc297483Dd6233D62b3e1496], approved: 0x4444000000000000000000000000000000001Dc0, tokenId: 5)
    │   └─ ← [Stop]
    ├─ [3043] V4PositionManager::getPositionLiquidity(5) [staticcall]
    │   ├─ [375] V4PoolManager::extsload(0xef2293ffb68f3124664f15f86ebb815185630451568d23b7036aa2b665e19b6c) [staticcall]
    │   │   └─ ← [Return] 0x000000000000000000000000000000000000000000000002b5e3af16b1880000
    │   └─ ← [Return] 50000000000000000000 [5e19]
    ├─ [2526] 0x4444000000000000000000000000000000001Dc0::autoLendShares(5) [staticcall]
    │   └─ ← [Return] 0
    ├─ [3118] MockERC4626Vault::totalAssets() [staticcall]
    │   ├─ [2527] Currency0::balanceOf(MockERC4626Vault: [0xA4AD4f68d0b91CFD19687c881e50f3A00242828c]) [staticcall]
    │   │   └─ ← [Return] 0
    │   └─ ← [Return] 0
    ├─ [482212] V4SwapRouter::swapExactTokensForTokens(2000000000000000000 [2e18], 0, true, PoolKey({ currency0: 0xa0Cb889707d426A7A386870A03bc70d1b0697598, currency1: 0xc7183455a4C133Ae270771860664b6B7ec320bB1, fee: 3000, tickSpacing: 60, hooks: 0x4444000000000000000000000000000000001Dc0 }), 0x, RevertHookTest: [0x7FA9385bE102ac3EAc297483Dd6233D62b3e1496], 1)
    │   ├─ [479185] V4PoolManager::unlock(0x0000000000000000000000000000000000000000000000001bc16d674ec8000000000000000000000000000000000000000000000000000000000000000000000000000000000000000000007fa9385be102ac3eac297483dd6233d62b3e14960000000000000000000000007fa9385be102ac3eac297483dd6233d62b3e149600000000000000000000000000000000000000000000000000000000000000010000000000000000000000000000000000000000000000000000000000000001000000000000000000000000a0cb889707d426a7a386870a03bc70d1b0697598000000000000000000000000c7183455a4c133ae270771860664b6b7ec320bb10000000000000000000000000000000000000000000000000000000000000bb8000000000000000000000000000000000000000000000000000000000000003c0000000000000000000000004444000000000000000000000000000000001dc000000000000000000000000000000000000000000000000000000000000001800000000000000000000000000000000000000000000000000000000000000000)
    │   │   ├─ [477157] V4SwapRouter::unlockCallback(0x0000000000000000000000000000000000000000000000001bc16d674ec8000000000000000000000000000000000000000000000000000000000000000000000000000000000000000000007fa9385be102ac3eac297483dd6233d62b3e14960000000000000000000000007fa9385be102ac3eac297483dd6233d62b3e149600000000000000000000000000000000000000000000000000000000000000010000000000000000000000000000000000000000000000000000000000000001000000000000000000000000a0cb889707d426a7a386870a03bc70d1b0697598000000000000000000000000c7183455a4c133ae270771860664b6b7ec320bb10000000000000000000000000000000000000000000000000000000000000bb8000000000000000000000000000000000000000000000000000000000000003c0000000000000000000000004444000000000000000000000000000000001dc000000000000000000000000000000000000000000000000000000000000001800000000000000000000000000000000000000000000000000000000000000000)
    │   │   │   ├─ [456698] V4PoolManager::swap(PoolKey({ currency0: 0xa0Cb889707d426A7A386870A03bc70d1b0697598, currency1: 0xc7183455a4C133Ae270771860664b6B7ec320bB1, fee: 3000, tickSpacing: 60, hooks: 0x4444000000000000000000000000000000001Dc0 }), SwapParams({ zeroForOne: true, amountSpecified: -2000000000000000000 [-2e18], sqrtPriceLimitX96: 4295128740 [4.295e9] }), 0x)
    │   │   │   │   ├─ [345186] 0x4444000000000000000000000000000000001Dc0::beforeSwap(V4SwapRouter: [0xC28C4FBD423E74d4AD56cCD86371C8B98891000b], PoolKey({ currency0: 0xa0Cb889707d426A7A386870A03bc70d1b0697598, currency1: 0xc7183455a4C133Ae270771860664b6B7ec320bB1, fee: 3000, tickSpacing: 60, hooks: 0x4444000000000000000000000000000000001Dc0 }), SwapParams({ zeroForOne: true, amountSpecified: -2000000000000000000 [-2e18], sqrtPriceLimitX96: 4295128740 [4.295e9] }), 0x)
    │   │   │   │   │   ├─ [375] V4PoolManager::extsload(0xbea8be3094299a59586f0090584d87653faa1cdee0a0f29598e9b5f13cb3c1c9) [staticcall]
    │   │   │   │   │   │   └─ ← [Return] 0x000000000bb80000000000000000000000000001000000000000000000000000
    │   │   │   │   │   ├─ [375] V4PoolManager::extsload(0xbea8be3094299a59586f0090584d87653faa1cdee0a0f29598e9b5f13cb3c1cc) [staticcall]
    │   │   │   │   │   │   └─ ← [Return] 0x00000000000000000000000000000000000000000000000e18398e7601900000
    │   │   │   │   │   ├─ [2375] V4PoolManager::extsload(0xcfb548e4711a3b6e3f6641011c642fd29a795b79f3f58ad24eed7d8c59dcb447) [staticcall]
    │   │   │   │   │   │   └─ ← [Return] 0x0000000000000000000000000000000000000000000000000000000000000002
    │   │   │   │   │   ├─ [2375] V4PoolManager::extsload(0xd64946c05ae79fc33574295f93ff6543f4e762c9adb573522db35462fc5648f4) [staticcall]
    │   │   │   │   │   │   └─ ← [Return] 0x0000000000000000000000000000000000000000000000000000000000000000
    │   │   │   │   │   ├─ [2375] V4PoolManager::extsload(0xb5798489f32394d1a82991dc3119fb42b023138b1c21bf2c77e7e5b1fdf8bf40) [staticcall]
    │   │   │   │   │   │   └─ ← [Return] 0x8000000000000000000000000000000000000000000000000000000000000000
    │   │   │   │   │   ├─ [375] V4PoolManager::extsload(0x4ed7c96d92eb66743dd8f7e5231ca5e75c7f615abb6ea75a4e95a3b075bec36d) [staticcall]
    │   │   │   │   │   │   └─ ← [Return] 0x0000000000000008ac7230489e8000000000000000000008ac7230489e800000
    │   │   │   │   │   ├─ [0] console::log("tick", 0) [staticcall]
    │   │   │   │   │   │   └─ ← [Stop]
    │   │   │   │   │   ├─ [0] console::log("tickEnd", -360) [staticcall]
    │   │   │   │   │   │   └─ ← [Stop]
    │   │   │   │   │   ├─ [0] console::log("AUTO_LEND trigger", 5) [staticcall]
    │   │   │   │   │   │   └─ ← [Stop]
    │   │   │   │   │   ├─ [899] V4PositionManager::ownerOf(5) [staticcall]
    │   │   │   │   │   │   └─ ← [Return] RevertHookTest: [0x7FA9385bE102ac3EAc297483Dd6233D62b3e1496]
    │   │   │   │   │   ├─ [1938] V4PositionManager::getPoolAndPositionInfo(5) [staticcall]
    │   │   │   │   │   │   └─ ← [Return] PoolKey({ currency0: 0xa0Cb889707d426A7A386870A03bc70d1b0697598, currency1: 0xc7183455a4C133Ae270771860664b6B7ec320bB1, fee: 3000, tickSpacing: 60, hooks: 0x4444000000000000000000000000000000001Dc0 }), 40398739984019436695250802187844262742079158944778142530579745761843948274688 [4.039e76]
    │   │   │   │   │   ├─ [3043] V4PositionManager::getPositionLiquidity(5) [staticcall]
    │   │   │   │   │   │   ├─ [375] V4PoolManager::extsload(0xef2293ffb68f3124664f15f86ebb815185630451568d23b7036aa2b665e19b6c) [staticcall]
    │   │   │   │   │   │   │   └─ ← [Return] 0x000000000000000000000000000000000000000000000002b5e3af16b1880000
    │   │   │   │   │   │   └─ ← [Return] 50000000000000000000 [5e19]
    │   │   │   │   │   ├─ [89366] V4PositionManager::modifyLiquiditiesWithoutUnlock(0x0111, [0x0000000000000000000000000000000000000000000000000000000000000005000000000000000000000000000000000000000000000002b5e3af16b18800000000000000000000000000000000000000000000000000000000000000000000000000000000000000000000000000000000000000000000000000000000000000000000000000000000000000000000000000000000000000000000000000a00000000000000000000000000000000000000000000000000000000000000000, 0x000000000000000000000000a0cb889707d426a7a386870a03bc70d1b0697598000000000000000000000000c7183455a4c133ae270771860664b6b7ec320bb10000000000000000000000004444000000000000000000000000000000001dc0])
    │   │   │   │   │   │   ├─ [26424] V4PoolManager::modifyLiquidity(PoolKey({ currency0: 0xa0Cb889707d426A7A386870A03bc70d1b0697598, currency1: 0xc7183455a4C133Ae270771860664b6B7ec320bB1, fee: 3000, tickSpacing: 60, hooks: 0x4444000000000000000000000000000000001Dc0 }), ModifyLiquidityParams({ tickLower: -60, tickUpper: 60, liquidityDelta: -50000000000000000000 [-5e19], salt: 0x0000000000000000000000000000000000000000000000000000000000000005 }), 0x)
    │   │   │   │   │   │   │   ├─ emit ModifyLiquidity(id: 0x5950e06449977908989e6e8635f99f0318b032387aa6c0de05404b3120d6b67e, sender: V4PositionManager: [0xBf7b2e60F266C6B17044D43C4b094611A6a95710], tickLower: -60, tickUpper: 60, liquidityDelta: -50000000000000000000 [-5e19], salt: 0x0000000000000000000000000000000000000000000000000000000000000005)
    │   │   │   │   │   │   │   ├─ [10792] 0x4444000000000000000000000000000000001Dc0::afterRemoveLiquidity(V4PositionManager: [0xBf7b2e60F266C6B17044D43C4b094611A6a95710], PoolKey({ currency0: 0xa0Cb889707d426A7A386870A03bc70d1b0697598, currency1: 0xc7183455a4C133Ae270771860664b6B7ec320bB1, fee: 3000, tickSpacing: 60, hooks: 0x4444000000000000000000000000000000001Dc0 }), ModifyLiquidityParams({ tickLower: -60, tickUpper: 60, liquidityDelta: -50000000000000000000 [-5e19], salt: 0x0000000000000000000000000000000000000000000000000000000000000005 }), 50963323708284190349456774620424272393027870414628050022 [5.096e55], 0, 0x)
    │   │   │   │   │   │   │   │   ├─ [3043] V4PositionManager::getPositionLiquidity(5) [staticcall]
    │   │   │   │   │   │   │   │   │   ├─ [375] V4PoolManager::extsload(0xef2293ffb68f3124664f15f86ebb815185630451568d23b7036aa2b665e19b6c) [staticcall]
    │   │   │   │   │   │   │   │   │   │   └─ ← [Return] 0x0000000000000000000000000000000000000000000000000000000000000000
    │   │   │   │   │   │   │   │   │   └─ ← [Return] 0
    │   │   │   │   │   │   │   │   └─ ← [Return] 0x6c2bbe7e, 0
    │   │   │   │   │   │   │   └─ ← [Return] 50963323708284190349456774620424272393027870414628050022 [5.096e55], 0
    │   │   │   │   │   │   ├─ [859] V4PoolManager::exttload(0xd27c15c2f361d6be7ab0c8fe8df1e17c14c0382c853cb85dbae0f6aef6434ec0) [staticcall]
    │   │   │   │   │   │   │   └─ ← [Return] 0x000000000000000000000000000000000000000000000000021414f91e29d466
    │   │   │   │   │   │   ├─ [26397] V4PoolManager::take(Currency0: [0xa0Cb889707d426A7A386870A03bc70d1b0697598], 0x4444000000000000000000000000000000001Dc0, 149767747795539046 [1.497e17])
    │   │   │   │   │   │   │   ├─ [24824] Currency0::transfer(0x4444000000000000000000000000000000001Dc0, 149767747795539046 [1.497e17])
    │   │   │   │   │   │   │   │   ├─ emit Transfer(from: V4PoolManager: [0x526cE215C3ba0e07c7503f9E744B869E6eaE402D], to: 0x4444000000000000000000000000000000001Dc0, value: 149767747795539046 [1.497e17])
    │   │   │   │   │   │   │   │   └─ ← [Return] true
    │   │   │   │   │   │   │   └─ ← [Stop]
    │   │   │   │   │   │   ├─ [859] V4PoolManager::exttload(0x8ce86d013d3d1037dc8d977754e0e42ccb0463896219901d103ff95904d46b9e) [staticcall]
    │   │   │   │   │   │   │   └─ ← [Return] 0x000000000000000000000000000000000000000000000000021414f91e29d466
    │   │   │   │   │   │   ├─ [26397] V4PoolManager::take(Currency1: [0xc7183455a4C133Ae270771860664b6B7ec320bB1], 0x4444000000000000000000000000000000001Dc0, 149767747795539046 [1.497e17])
    │   │   │   │   │   │   │   ├─ [24824] Currency1::transfer(0x4444000000000000000000000000000000001Dc0, 149767747795539046 [1.497e17])
    │   │   │   │   │   │   │   │   ├─ emit Transfer(from: V4PoolManager: [0x526cE215C3ba0e07c7503f9E744B869E6eaE402D], to: 0x4444000000000000000000000000000000001Dc0, value: 149767747795539046 [1.497e17])
    │   │   │   │   │   │   │   │   └─ ← [Return] true
    │   │   │   │   │   │   │   └─ ← [Stop]
    │   │   │   │   │   │   └─ ← [Stop]
    │   │   │   │   │   ├─ [527] Currency0::balanceOf(0x4444000000000000000000000000000000001Dc0) [staticcall]
    │   │   │   │   │   │   └─ ← [Return] 149767747795539046 [1.497e17]
    │   │   │   │   │   ├─ [527] Currency1::balanceOf(0x4444000000000000000000000000000000001Dc0) [staticcall]
    │   │   │   │   │   │   └─ ← [Return] 149767747795539046 [1.497e17]
    │   │   │   │   │   ├─ [24519] Currency0::approve(MockERC4626Vault: [0xA4AD4f68d0b91CFD19687c881e50f3A00242828c], 148270070317583656 [1.482e17])
    │   │   │   │   │   │   ├─ emit Approval(owner: 0x4444000000000000000000000000000000001Dc0, spender: MockERC4626Vault: [0xA4AD4f68d0b91CFD19687c881e50f3A00242828c], value: 148270070317583656 [1.482e17])
    │   │   │   │   │   │   └─ ← [Return] true
    │   │   │   │   │   ├─ [76282] MockERC4626Vault::deposit(148270070317583656 [1.482e17], 0x4444000000000000000000000000000000001Dc0)
    │   │   │   │   │   │   ├─ [23506] Currency0::transferFrom(0x4444000000000000000000000000000000001Dc0, MockERC4626Vault: [0xA4AD4f68d0b91CFD19687c881e50f3A00242828c], 148270070317583656 [1.482e17])
    │   │   │   │   │   │   │   ├─ emit Transfer(from: 0x4444000000000000000000000000000000001Dc0, to: MockERC4626Vault: [0xA4AD4f68d0b91CFD19687c881e50f3A00242828c], value: 148270070317583656 [1.482e17])
    │   │   │   │   │   │   │   └─ ← [Return] true
    │   │   │   │   │   │   ├─ emit Transfer(from: 0x0000000000000000000000000000000000000000, to: 0x4444000000000000000000000000000000001Dc0, value: 148270070317583656 [1.482e17])
    │   │   │   │   │   │   ├─ emit Deposit(sender: 0x4444000000000000000000000000000000001Dc0, owner: 0x4444000000000000000000000000000000001Dc0, assets: 148270070317583656 [1.482e17], shares: 148270070317583656 [1.482e17])
    │   │   │   │   │   │   └─ ← [Return] 148270070317583656 [1.482e17]
    │   │   │   │   │   ├─ [2924] Currency0::transfer(RevertHookTest: [0x7FA9385bE102ac3EAc297483Dd6233D62b3e1496], 1482700703175836 [1.482e15])
    │   │   │   │   │   │   ├─ emit Transfer(from: 0x4444000000000000000000000000000000001Dc0, to: RevertHookTest: [0x7FA9385bE102ac3EAc297483Dd6233D62b3e1496], value: 1482700703175836 [1.482e15])
    │   │   │   │   │   │   └─ ← [Return] true
    │   │   │   │   │   ├─ emit SendFees(tokenId: 5, currency0: Currency0: [0xa0Cb889707d426A7A386870A03bc70d1b0697598], currency1: Currency1: [0xc7183455a4C133Ae270771860664b6B7ec320bB1], amount0: 148270070317583656 [1.482e17], amount1: 0, recipient: RevertHookTest: [0x7FA9385bE102ac3EAc297483Dd6233D62b3e1496])
    │   │   │   │   │   ├─ [899] V4PositionManager::ownerOf(5) [staticcall]
    │   │   │   │   │   │   └─ ← [Return] RevertHookTest: [0x7FA9385bE102ac3EAc297483Dd6233D62b3e1496]
    │   │   │   │   │   ├─ [527] Currency0::balanceOf(0x4444000000000000000000000000000000001Dc0) [staticcall]
    │   │   │   │   │   │   └─ ← [Return] 14976774779554 [1.497e13]
    │   │   │   │   │   ├─ [527] Currency1::balanceOf(0x4444000000000000000000000000000000001Dc0) [staticcall]
    │   │   │   │   │   │   └─ ← [Return] 149767747795539046 [1.497e17]
    │   │   │   │   │   ├─ [2924] Currency0::transfer(RevertHookTest: [0x7FA9385bE102ac3EAc297483Dd6233D62b3e1496], 14976774779554 [1.497e13])
    │   │   │   │   │   │   ├─ emit Transfer(from: 0x4444000000000000000000000000000000001Dc0, to: RevertHookTest: [0x7FA9385bE102ac3EAc297483Dd6233D62b3e1496], value: 14976774779554 [1.497e13])
    │   │   │   │   │   │   └─ ← [Return] true
    │   │   │   │   │   ├─ [2924] Currency1::transfer(RevertHookTest: [0x7FA9385bE102ac3EAc297483Dd6233D62b3e1496], 149767747795539046 [1.497e17])
    │   │   │   │   │   │   ├─ emit Transfer(from: 0x4444000000000000000000000000000000001Dc0, to: RevertHookTest: [0x7FA9385bE102ac3EAc297483Dd6233D62b3e1496], value: 149767747795539046 [1.497e17])
    │   │   │   │   │   │   └─ ← [Return] true
    │   │   │   │   │   ├─ emit SendLeftoverTokens(tokenId: 5, currency0: Currency0: [0xa0Cb889707d426A7A386870A03bc70d1b0697598], currency1: Currency1: [0xc7183455a4C133Ae270771860664b6B7ec320bB1], amount0: 14976774779554 [1.497e13], amount1: 149767747795539046 [1.497e17])
    │   │   │   │   │   ├─ emit AutoLendDeposit(tokenId: 5, currency: Currency0: [0xa0Cb889707d426A7A386870A03bc70d1b0697598], amount: 148270070317583656 [1.482e17], shares: 148270070317583656 [1.482e17])
    │   │   │   │   │   ├─ [2519] Currency0::approve(MockERC4626Vault: [0xA4AD4f68d0b91CFD19687c881e50f3A00242828c], 0)
    │   │   │   │   │   │   ├─ emit Approval(owner: 0x4444000000000000000000000000000000001Dc0, spender: MockERC4626Vault: [0xA4AD4f68d0b91CFD19687c881e50f3A00242828c], value: 0)
    │   │   │   │   │   │   └─ ← [Return] true
    │   │   │   │   │   └─ ← [Return] 0x575e24b4, 0, 0
    │   │   │   │   ├─ emit Swap(id: 0x5950e06449977908989e6e8635f99f0318b032387aa6c0de05404b3120d6b67e, sender: V4SwapRouter: [0xC28C4FBD423E74d4AD56cCD86371C8B98891000b], amount0: -2000000000000000000 [-2e18], amount1: 1965789889215520608 [1.965e18], sqrtPriceX96: 77931751422305975130118167304 [7.793e28], liquidity: 100000000000000000000 [1e20], tick: -330, fee: 3000)
    │   │   │   │   ├─ [40384] 0x4444000000000000000000000000000000001Dc0::afterSwap(V4SwapRouter: [0xC28C4FBD423E74d4AD56cCD86371C8B98891000b], PoolKey({ currency0: 0xa0Cb889707d426A7A386870A03bc70d1b0697598, currency1: 0xc7183455a4C133Ae270771860664b6B7ec320bB1, fee: 3000, tickSpacing: 60, hooks: 0x4444000000000000000000000000000000001Dc0 }), SwapParams({ zeroForOne: true, amountSpecified: -2000000000000000000 [-2e18], sqrtPriceLimitX96: 4295128740 [4.295e9] }), -680564733841876926926749214863536422910034210110784479392 [-6.805e56], 0x)
    │   │   │   │   │   ├─ [375] V4PoolManager::extsload(0xbea8be3094299a59586f0090584d87653faa1cdee0a0f29598e9b5f13cb3c1c9) [staticcall]
    │   │   │   │   │   │   └─ ← [Return] 0x000000000bb8000000fffeb60000000000000000fbcfa245e21ad4e2ce041b08
    │   │   │   │   │   └─ ← [Return] 0xb47b2fb1, 0
    │   │   │   │   └─ ← [Return] -680564733841876926926749214863536422910034210110784479392 [-6.805e56]
    │   │   │   ├─ [1900] V4PoolManager::sync(Currency0: [0xa0Cb889707d426A7A386870A03bc70d1b0697598])
    │   │   │   │   ├─ [527] Currency0::balanceOf(V4PoolManager: [0x526cE215C3ba0e07c7503f9E744B869E6eaE402D]) [staticcall]
    │   │   │   │   │   └─ ← [Return] 200329489045150185895 [2.003e20]
    │   │   │   │   └─ ← [Stop]
    │   │   │   ├─ [5283] Currency0::transferFrom(RevertHookTest: [0x7FA9385bE102ac3EAc297483Dd6233D62b3e1496], V4PoolManager: [0x526cE215C3ba0e07c7503f9E744B869E6eaE402D], 2000000000000000000 [2e18])
    │   │   │   │   ├─ emit Transfer(from: RevertHookTest: [0x7FA9385bE102ac3EAc297483Dd6233D62b3e1496], to: V4PoolManager: [0x526cE215C3ba0e07c7503f9E744B869E6eaE402D], value: 2000000000000000000 [2e18])
    │   │   │   │   └─ ← [Return] true
    │   │   │   ├─ [2501] V4PoolManager::settle()
    │   │   │   │   ├─ [527] Currency0::balanceOf(V4PoolManager: [0x526cE215C3ba0e07c7503f9E744B869E6eaE402D]) [staticcall]
    │   │   │   │   │   └─ ← [Return] 202329489045150185895 [2.023e20]
    │   │   │   │   └─ ← [Return] 2000000000000000000 [2e18]
    │   │   │   ├─ [4497] V4PoolManager::take(Currency1: [0xc7183455a4C133Ae270771860664b6B7ec320bB1], RevertHookTest: [0x7FA9385bE102ac3EAc297483Dd6233D62b3e1496], 1965789889215520608 [1.965e18])
    │   │   │   │   ├─ [2924] Currency1::transfer(RevertHookTest: [0x7FA9385bE102ac3EAc297483Dd6233D62b3e1496], 1965789889215520608 [1.965e18])
    │   │   │   │   │   ├─ emit Transfer(from: V4PoolManager: [0x526cE215C3ba0e07c7503f9E744B869E6eaE402D], to: RevertHookTest: [0x7FA9385bE102ac3EAc297483Dd6233D62b3e1496], value: 1965789889215520608 [1.965e18])
    │   │   │   │   │   └─ ← [Return] true
    │   │   │   │   └─ ← [Stop]
    │   │   │   └─ ← [Return] 0xffffffffffffffffe43e9298b138000000000000000000001b47e37d31bedf60
    │   │   └─ ← [Return] 0xffffffffffffffffe43e9298b138000000000000000000001b47e37d31bedf60
    │   └─ ← [Return] -680564733841876926926749214863536422910034210110784479392 [-6.805e56]
    ├─ [375] V4PoolManager::extsload(0xbea8be3094299a59586f0090584d87653faa1cdee0a0f29598e9b5f13cb3c1c9) [staticcall]
    │   └─ ← [Return] 0x000000000bb8000000fffeb60000000000000000fbcfa245e21ad4e2ce041b08
    ├─ [0] console::log("currentTick after swap", -330) [staticcall]
    │   └─ ← [Stop]
    ├─ [526] 0x4444000000000000000000000000000000001Dc0::autoLendShares(5) [staticcall]
    │   └─ ← [Return] 148270070317583656 [1.482e17]
    ├─ [1118] MockERC4626Vault::totalAssets() [staticcall]
    │   ├─ [527] Currency0::balanceOf(MockERC4626Vault: [0xA4AD4f68d0b91CFD19687c881e50f3A00242828c]) [staticcall]
    │   │   └─ ← [Return] 148270070317583656 [1.482e17]
    │   └─ ← [Return] 148270070317583656 [1.482e17]
    ├─ [3043] V4PositionManager::getPositionLiquidity(5) [staticcall]
    │   ├─ [375] V4PoolManager::extsload(0xef2293ffb68f3124664f15f86ebb815185630451568d23b7036aa2b665e19b6c) [staticcall]
    │   │   └─ ← [Return] 0x0000000000000000000000000000000000000000000000000000000000000000
    │   └─ ← [Return] 0
    ├─ [305255] V4SwapRouter::swapExactTokensForTokens(2000000000000000000 [2e18], 0, false, PoolKey({ currency0: 0xa0Cb889707d426A7A386870A03bc70d1b0697598, currency1: 0xc7183455a4C133Ae270771860664b6B7ec320bB1, fee: 3000, tickSpacing: 60, hooks: 0x4444000000000000000000000000000000001Dc0 }), 0x, RevertHookTest: [0x7FA9385bE102ac3EAc297483Dd6233D62b3e1496], 1)
    │   ├─ [302228] V4PoolManager::unlock(0x0000000000000000000000000000000000000000000000001bc16d674ec8000000000000000000000000000000000000000000000000000000000000000000000000000000000000000000007fa9385be102ac3eac297483dd6233d62b3e14960000000000000000000000007fa9385be102ac3eac297483dd6233d62b3e149600000000000000000000000000000000000000000000000000000000000000010000000000000000000000000000000000000000000000000000000000000000000000000000000000000000a0cb889707d426a7a386870a03bc70d1b0697598000000000000000000000000c7183455a4c133ae270771860664b6b7ec320bb10000000000000000000000000000000000000000000000000000000000000bb8000000000000000000000000000000000000000000000000000000000000003c0000000000000000000000004444000000000000000000000000000000001dc000000000000000000000000000000000000000000000000000000000000001800000000000000000000000000000000000000000000000000000000000000000)
    │   │   ├─ [300200] V4SwapRouter::unlockCallback(0x0000000000000000000000000000000000000000000000001bc16d674ec8000000000000000000000000000000000000000000000000000000000000000000000000000000000000000000007fa9385be102ac3eac297483dd6233d62b3e14960000000000000000000000007fa9385be102ac3eac297483dd6233d62b3e149600000000000000000000000000000000000000000000000000000000000000010000000000000000000000000000000000000000000000000000000000000000000000000000000000000000a0cb889707d426a7a386870a03bc70d1b0697598000000000000000000000000c7183455a4c133ae270771860664b6b7ec320bb10000000000000000000000000000000000000000000000000000000000000bb8000000000000000000000000000000000000000000000000000000000000003c0000000000000000000000004444000000000000000000000000000000001dc000000000000000000000000000000000000000000000000000000000000001800000000000000000000000000000000000000000000000000000000000000000)
    │   │   │   ├─ [279685] V4PoolManager::swap(PoolKey({ currency0: 0xa0Cb889707d426A7A386870A03bc70d1b0697598, currency1: 0xc7183455a4C133Ae270771860664b6B7ec320bB1, fee: 3000, tickSpacing: 60, hooks: 0x4444000000000000000000000000000000001Dc0 }), SwapParams({ zeroForOne: false, amountSpecified: -2000000000000000000 [-2e18], sqrtPriceLimitX96: 1461446703485210103287273052203988822378723970341 [1.461e48] }), 0x)
    │   │   │   │   ├─ [197755] 0x4444000000000000000000000000000000001Dc0::beforeSwap(V4SwapRouter: [0xC28C4FBD423E74d4AD56cCD86371C8B98891000b], PoolKey({ currency0: 0xa0Cb889707d426A7A386870A03bc70d1b0697598, currency1: 0xc7183455a4C133Ae270771860664b6B7ec320bB1, fee: 3000, tickSpacing: 60, hooks: 0x4444000000000000000000000000000000001Dc0 }), SwapParams({ zeroForOne: false, amountSpecified: -2000000000000000000 [-2e18], sqrtPriceLimitX96: 1461446703485210103287273052203988822378723970341 [1.461e48] }), 0x)
    │   │   │   │   │   ├─ [375] V4PoolManager::extsload(0xbea8be3094299a59586f0090584d87653faa1cdee0a0f29598e9b5f13cb3c1c9) [staticcall]
    │   │   │   │   │   │   └─ ← [Return] 0x000000000bb8000000fffeb60000000000000000fbcfa245e21ad4e2ce041b08
    │   │   │   │   │   ├─ [375] V4PoolManager::extsload(0xbea8be3094299a59586f0090584d87653faa1cdee0a0f29598e9b5f13cb3c1cc) [staticcall]
    │   │   │   │   │   │   └─ ← [Return] 0x0000000000000000000000000000000000000000000000056bc75e2d63100000
    │   │   │   │   │   ├─ [375] V4PoolManager::extsload(0xcfb548e4711a3b6e3f6641011c642fd29a795b79f3f58ad24eed7d8c59dcb447) [staticcall]
    │   │   │   │   │   │   └─ ← [Return] 0x0000000000000000000000000000000000000000000000000000000000000002
    │   │   │   │   │   ├─ [0] console::log("tick", -360) [staticcall]
    │   │   │   │   │   │   └─ ← [Stop]
    │   │   │   │   │   ├─ [0] console::log("tickEnd", 60) [staticcall]
    │   │   │   │   │   │   └─ ← [Stop]
    │   │   │   │   │   ├─ [0] console::log("AUTO_LEND trigger", 5) [staticcall]
    │   │   │   │   │   │   └─ ← [Stop]
    │   │   │   │   │   ├─ [899] V4PositionManager::ownerOf(5) [staticcall]
    │   │   │   │   │   │   └─ ← [Return] RevertHookTest: [0x7FA9385bE102ac3EAc297483Dd6233D62b3e1496]
    │   │   │   │   │   ├─ [30530] MockERC4626Vault::redeem(148270070317583656 [1.482e17], 0x4444000000000000000000000000000000001Dc0, 0x4444000000000000000000000000000000001Dc0)
    │   │   │   │   │   │   ├─ emit Transfer(from: 0x4444000000000000000000000000000000001Dc0, to: 0x0000000000000000000000000000000000000000, value: 148270070317583656 [1.482e17])
    │   │   │   │   │   │   ├─ [22824] Currency0::transfer(0x4444000000000000000000000000000000001Dc0, 148270070317583656 [1.482e17])
    │   │   │   │   │   │   │   ├─ emit Transfer(from: MockERC4626Vault: [0xA4AD4f68d0b91CFD19687c881e50f3A00242828c], to: 0x4444000000000000000000000000000000001Dc0, value: 148270070317583656 [1.482e17])
    │   │   │   │   │   │   │   └─ ← [Return] true
    │   │   │   │   │   │   ├─ emit Withdraw(sender: 0x4444000000000000000000000000000000001Dc0, receiver: 0x4444000000000000000000000000000000001Dc0, owner: 0x4444000000000000000000000000000000001Dc0, assets: 148270070317583656 [1.482e17], shares: 148270070317583656 [1.482e17])
    │   │   │   │   │   │   └─ ← [Return] 148270070317583656 [1.482e17]
    │   │   │   │   │   ├─ [1938] V4PositionManager::getPoolAndPositionInfo(5) [staticcall]
    │   │   │   │   │   │   └─ ← [Return] PoolKey({ currency0: 0xa0Cb889707d426A7A386870A03bc70d1b0697598, currency1: 0xc7183455a4C133Ae270771860664b6B7ec320bB1, fee: 3000, tickSpacing: 60, hooks: 0x4444000000000000000000000000000000001Dc0 }), 40398739984019436695250802187844262742079158944778142530579745761843948274688 [4.039e76]
    │   │   │   │   │   ├─ [527] Currency0::balanceOf(0x4444000000000000000000000000000000001Dc0) [staticcall]
    │   │   │   │   │   │   └─ ← [Return] 148270070317583656 [1.482e17]
    │   │   │   │   │   ├─ [527] Currency1::balanceOf(0x4444000000000000000000000000000000001Dc0) [staticcall]
    │   │   │   │   │   │   └─ ← [Return] 0
    │   │   │   │   │   ├─ [375] V4PoolManager::extsload(0xbea8be3094299a59586f0090584d87653faa1cdee0a0f29598e9b5f13cb3c1c9) [staticcall]
    │   │   │   │   │   │   └─ ← [Return] 0x000000000bb8000000fffeb60000000000000000fbcfa245e21ad4e2ce041b08
    │   │   │   │   │   ├─ [85610] V4PositionManager::modifyLiquiditiesWithoutUnlock(0x000d, [0x00000000000000000000000000000000000000000000000000000000000000050000000000000000000000000000000000000000000000015387cc491e46e3cf00000000000000000000000000000000000000000000000002097e55bf61788c000000000000000000000000000000000000000000000000000000000000000000000000000000000000000000000000000000000000000000000000000000a00000000000000000000000000000000000000000000000000000000000000000, 0x000000000000000000000000a0cb889707d426a7a386870a03bc70d1b0697598000000000000000000000000c7183455a4c133ae270771860664b6b7ec320bb10000000000000000000000004444000000000000000000000000000000001dc0])
    │   │   │   │   │   │   ├─ [72378] V4PoolManager::modifyLiquidity(PoolKey({ currency0: 0xa0Cb889707d426A7A386870A03bc70d1b0697598, currency1: 0xc7183455a4C133Ae270771860664b6B7ec320bB1, fee: 3000, tickSpacing: 60, hooks: 0x4444000000000000000000000000000000001Dc0 }), ModifyLiquidityParams({ tickLower: -60, tickUpper: 60, liquidityDelta: 24465748115126150095 [2.446e19], salt: 0x0000000000000000000000000000000000000000000000000000000000000005 }), 0x)
    │   │   │   │   │   │   │   ├─ [1104] 0x4444000000000000000000000000000000001Dc0::beforeAddLiquidity(V4PositionManager: [0xBf7b2e60F266C6B17044D43C4b094611A6a95710], PoolKey({ currency0: 0xa0Cb889707d426A7A386870A03bc70d1b0697598, currency1: 0xc7183455a4C133Ae270771860664b6B7ec320bB1, fee: 3000, tickSpacing: 60, hooks: 0x4444000000000000000000000000000000001Dc0 }), ModifyLiquidityParams({ tickLower: -60, tickUpper: 60, liquidityDelta: 24465748115126150095 [2.446e19], salt: 0x0000000000000000000000000000000000000000000000000000000000000005 }), 0x)
    │   │   │   │   │   │   │   │   └─ ← [Return] 0x259982e5
    │   │   │   │   │   │   │   ├─ emit ModifyLiquidity(id: 0x5950e06449977908989e6e8635f99f0318b032387aa6c0de05404b3120d6b67e, sender: V4PositionManager: [0xBf7b2e60F266C6B17044D43C4b094611A6a95710], tickLower: -60, tickUpper: 60, liquidityDelta: 24465748115126150095 [2.446e19], salt: 0x0000000000000000000000000000000000000000000000000000000000000005)
    │   │   │   │   │   │   │   ├─ [10885] 0x4444000000000000000000000000000000001Dc0::afterAddLiquidity(V4PositionManager: [0xBf7b2e60F266C6B17044D43C4b094611A6a95710], PoolKey({ currency0: 0xa0Cb889707d426A7A386870A03bc70d1b0697598, currency1: 0xc7183455a4C133Ae270771860664b6B7ec320bB1, fee: 3000, tickSpacing: 60, hooks: 0x4444000000000000000000000000000000001Dc0 }), ModifyLiquidityParams({ tickLower: -60, tickUpper: 60, liquidityDelta: 24465748115126150095 [2.446e19], salt: 0x0000000000000000000000000000000000000000000000000000000000000005 }), -49949153566489335307025300176998745172970404809979985920 [-4.994e55], 0, 0x)
    │   │   │   │   │   │   │   │   ├─ [3043] V4PositionManager::getPositionLiquidity(5) [staticcall]
    │   │   │   │   │   │   │   │   │   ├─ [375] V4PoolManager::extsload(0xef2293ffb68f3124664f15f86ebb815185630451568d23b7036aa2b665e19b6c) [staticcall]
    │   │   │   │   │   │   │   │   │   │   └─ ← [Return] 0x0000000000000000000000000000000000000000000000015387cc491e46e3cf
    │   │   │   │   │   │   │   │   │   └─ ← [Return] 24465748115126150095 [2.446e19]
    │   │   │   │   │   │   │   │   └─ ← [Return] 0x9f063efc, 0
    │   │   │   │   │   │   │   └─ ← [Return] -49949153566489335307025300176998745172970404809979985920 [-4.994e55], 0
    │   │   │   │   │   │   ├─ [859] V4PoolManager::exttload(0xd27c15c2f361d6be7ab0c8fe8df1e17c14c0382c853cb85dbae0f6aef6434ec0) [staticcall]
    │   │   │   │   │   │   │   └─ ← [Return] 0xfffffffffffffffffffffffffffffffffffffffffffffffffdf681aa409e8774
    │   │   │   │   │   │   ├─ [1900] V4PoolManager::sync(Currency0: [0xa0Cb889707d426A7A386870A03bc70d1b0697598])
    │   │   │   │   │   │   │   ├─ [527] Currency0::balanceOf(V4PoolManager: [0x526cE215C3ba0e07c7503f9E744B869E6eaE402D]) [staticcall]
    │   │   │   │   │   │   │   │   └─ ← [Return] 202329489045150185895 [2.023e20]
    │   │   │   │   │   │   │   └─ ← [Stop]
    │   │   │   │   │   │   ├─ [2920] Permit2::transferFrom(0x4444000000000000000000000000000000001Dc0, V4PoolManager: [0x526cE215C3ba0e07c7503f9E744B869E6eaE402D], 146787369614407820 [1.467e17], Currency0: [0xa0Cb889707d426A7A386870A03bc70d1b0697598])
    │   │   │   │   │   │   │   └─ ← [Revert] AllowanceExpired(0)
    │   │   │   │   │   │   └─ ← [Revert] AllowanceExpired(0)
    │   │   │   │   │   ├─ emit HookModifyLiquiditiesFailed(actions: 0x000d, params: [0x00000000000000000000000000000000000000000000000000000000000000050000000000000000000000000000000000000000000000015387cc491e46e3cf00000000000000000000000000000000000000000000000002097e55bf61788c000000000000000000000000000000000000000000000000000000000000000000000000000000000000000000000000000000000000000000000000000000a00000000000000000000000000000000000000000000000000000000000000000, 0x000000000000000000000000a0cb889707d426a7a386870a03bc70d1b0697598000000000000000000000000c7183455a4c133ae270771860664b6b7ec320bb10000000000000000000000004444000000000000000000000000000000001dc0], reason: 0xd81b2f2e0000000000000000000000000000000000000000000000000000000000000000)
    │   │   │   │   │   ├─ emit SendFees(tokenId: 5, currency0: Currency0: [0xa0Cb889707d426A7A386870A03bc70d1b0697598], currency1: Currency1: [0xc7183455a4C133Ae270771860664b6B7ec320bB1], amount0: 0, amount1: 0, recipient: RevertHookTest: [0x7FA9385bE102ac3EAc297483Dd6233D62b3e1496])
    │   │   │   │   │   ├─ [899] V4PositionManager::ownerOf(5) [staticcall]
    │   │   │   │   │   │   └─ ← [Return] RevertHookTest: [0x7FA9385bE102ac3EAc297483Dd6233D62b3e1496]
    │   │   │   │   │   ├─ [527] Currency0::balanceOf(0x4444000000000000000000000000000000001Dc0) [staticcall]
    │   │   │   │   │   │   └─ ← [Return] 148270070317583656 [1.482e17]
    │   │   │   │   │   ├─ [527] Currency1::balanceOf(0x4444000000000000000000000000000000001Dc0) [staticcall]
    │   │   │   │   │   │   └─ ← [Return] 0
    │   │   │   │   │   ├─ [2924] Currency0::transfer(RevertHookTest: [0x7FA9385bE102ac3EAc297483Dd6233D62b3e1496], 148270070317583656 [1.482e17])
    │   │   │   │   │   │   ├─ emit Transfer(from: 0x4444000000000000000000000000000000001Dc0, to: RevertHookTest: [0x7FA9385bE102ac3EAc297483Dd6233D62b3e1496], value: 148270070317583656 [1.482e17])
    │   │   │   │   │   │   └─ ← [Return] true
    │   │   │   │   │   ├─ emit SendLeftoverTokens(tokenId: 5, currency0: Currency0: [0xa0Cb889707d426A7A386870A03bc70d1b0697598], currency1: Currency1: [0xc7183455a4C133Ae270771860664b6B7ec320bB1], amount0: 148270070317583656 [1.482e17], amount1: 0)
    │   │   │   │   │   ├─ emit AutoLendWithdraw(tokenId: 5, currency: Currency0: [0xa0Cb889707d426A7A386870A03bc70d1b0697598], amount: 146787369614407820 [1.467e17], shares: 148270070317583656 [1.482e17])
    │   │   │   │   │   └─ ← [Return] 0x575e24b4, 0, 0
    │   │   │   │   ├─ emit Swap(id: 0x5950e06449977908989e6e8635f99f0318b032387aa6c0de05404b3120d6b67e, sender: V4SwapRouter: [0xC28C4FBD423E74d4AD56cCD86371C8B98891000b], amount0: 2022206321720381507 [2.022e18], amount1: -2000000000000000000 [-2e18], sqrtPriceX96: 79238805539225185850974312086 [7.923e28], liquidity: 210000000000000000000 [2.1e20], tick: 2, fee: 3000)
    │   │   │   │   ├─ [20283] 0x4444000000000000000000000000000000001Dc0::afterSwap(V4SwapRouter: [0xC28C4FBD423E74d4AD56cCD86371C8B98891000b], PoolKey({ currency0: 0xa0Cb889707d426A7A386870A03bc70d1b0697598, currency1: 0xc7183455a4C133Ae270771860664b6B7ec320bB1, fee: 3000, tickSpacing: 60, hooks: 0x4444000000000000000000000000000000001Dc0 }), SwapParams({ zeroForOne: false, amountSpecified: -2000000000000000000 [-2e18], sqrtPriceLimitX96: 1461446703485210103287273052203988822378723970341 [1.461e48] }), 688121153557496192695978650224363955881793004651136155648 [6.881e56], 0x)
    │   │   │   │   │   ├─ [375] V4PoolManager::extsload(0xbea8be3094299a59586f0090584d87653faa1cdee0a0f29598e9b5f13cb3c1c9) [staticcall]
    │   │   │   │   │   │   └─ ← [Return] 0x000000000bb800000000000200000000000000010008cdbf8a0a388462709696
    │   │   │   │   │   └─ ← [Return] 0xb47b2fb1, 0
    │   │   │   │   └─ ← [Return] 688121153557496192695978650224363955881793004651136155648 [6.881e56]
    │   │   │   ├─ [1900] V4PoolManager::sync(Currency1: [0xc7183455a4C133Ae270771860664b6B7ec320bB1])
    │   │   │   │   ├─ [527] Currency1::balanceOf(V4PoolManager: [0x526cE215C3ba0e07c7503f9E744B869E6eaE402D]) [staticcall]
    │   │   │   │   │   └─ ← [Return] 198363699155934665287 [1.983e20]
    │   │   │   │   └─ ← [Stop]
    │   │   │   ├─ [5283] Currency1::transferFrom(RevertHookTest: [0x7FA9385bE102ac3EAc297483Dd6233D62b3e1496], V4PoolManager: [0x526cE215C3ba0e07c7503f9E744B869E6eaE402D], 2000000000000000000 [2e18])
    │   │   │   │   ├─ emit Transfer(from: RevertHookTest: [0x7FA9385bE102ac3EAc297483Dd6233D62b3e1496], to: V4PoolManager: [0x526cE215C3ba0e07c7503f9E744B869E6eaE402D], value: 2000000000000000000 [2e18])
    │   │   │   │   └─ ← [Return] true
    │   │   │   ├─ [2501] V4PoolManager::settle()
    │   │   │   │   ├─ [527] Currency1::balanceOf(V4PoolManager: [0x526cE215C3ba0e07c7503f9E744B869E6eaE402D]) [staticcall]
    │   │   │   │   │   └─ ← [Return] 200363699155934665287 [2.003e20]
    │   │   │   │   └─ ← [Return] 2000000000000000000 [2e18]
    │   │   │   ├─ [4497] V4PoolManager::take(Currency0: [0xa0Cb889707d426A7A386870A03bc70d1b0697598], RevertHookTest: [0x7FA9385bE102ac3EAc297483Dd6233D62b3e1496], 2022206321720381507 [2.022e18])
    │   │   │   │   ├─ [2924] Currency0::transfer(RevertHookTest: [0x7FA9385bE102ac3EAc297483Dd6233D62b3e1496], 2022206321720381507 [2.022e18])
    │   │   │   │   │   ├─ emit Transfer(from: V4PoolManager: [0x526cE215C3ba0e07c7503f9E744B869E6eaE402D], to: RevertHookTest: [0x7FA9385bE102ac3EAc297483Dd6233D62b3e1496], value: 2022206321720381507 [2.022e18])
    │   │   │   │   │   └─ ← [Return] true
    │   │   │   │   └─ ← [Stop]
    │   │   │   └─ ← [Return] 0x00000000000000001c1051ef7cb15043ffffffffffffffffe43e9298b1380000
    │   │   └─ ← [Return] 0x00000000000000001c1051ef7cb15043ffffffffffffffffe43e9298b1380000
    │   └─ ← [Return] 688121153557496192695978650224363955881793004651136155648 [6.881e56]
    ├─ [3043] V4PositionManager::getPositionLiquidity(5) [staticcall]
    │   ├─ [375] V4PoolManager::extsload(0xef2293ffb68f3124664f15f86ebb815185630451568d23b7036aa2b665e19b6c) [staticcall]
    │   │   └─ ← [Return] 0x0000000000000000000000000000000000000000000000000000000000000000
    │   └─ ← [Return] 0
    ├─ [0] VM::assertGt(0, 0, "Position liquidity should increase after autolend withdraw") [staticcall]
    │   └─ ← [Revert] Position liquidity should increase after autolend withdraw: 0 <= 0
    └─ ← [Revert] Position liquidity should increase after autolend withdraw: 0 <= 0

Backtrace:
  at Permit2.transferFrom
  at V4PositionManager.modifyLiquiditiesWithoutUnlock
  at 0x4444000000000000000000000000000000001Dc0.beforeSwap
  at V4PoolManager.swap
  at V4SwapRouter.unlockCallback
  at V4PoolManager.unlock
  at V4SwapRouter.swapExactTokensForTokens
  at RevertHookTest.testBasicAutoLend

Suite result: FAILED. 0 passed; 1 failed; 0 skipped; finished in 7.58ms (1.69ms CPU time)

Ran 1 test suite in 99.55ms (7.58ms CPU time): 0 tests passed, 1 failed, 0 skipped (1 total tests)

Failing tests:
Encountered 1 failing test in test/RevertHook.t.sol:RevertHookTest
[FAIL: Position liquidity should increase after autolend withdraw: 0 <= 0] testBasicAutoLend() (gas: 1336755)

Encountered a total of 1 failing tests, 0 tests succeeded

Tip: Run `forge test --rerun` to retry only the 1 failed test
